   1              		.cpu arm7tdmi
   2              		.fpu softvfp
   3              		.eabi_attribute 20, 1
   4              		.eabi_attribute 21, 1
   5              		.eabi_attribute 23, 3
   6              		.eabi_attribute 24, 1
   7              		.eabi_attribute 25, 1
   8              		.eabi_attribute 26, 1
   9              		.eabi_attribute 30, 6
  10              		.eabi_attribute 18, 4
  11              		.file	"os_cpu_c.c"
  21              	.Ltext0:
  22              		.file 1 "../os_port/os_cpu_c.c"
 1642              		.align	2
 1643              		.global	OSInitHookBegin
 1645              	OSInitHookBegin:
 1646              	.LFB0:
   1:../os_port/os_cpu_c.c **** /*-----------------------------------------------------------------
   2:../os_port/os_cpu_c.c **** **
   3:../os_port/os_cpu_c.c **** **  Fichero:
   4:../os_port/os_cpu_c.c **** **    os_cpu_c.c  15/3/2015
   5:../os_port/os_cpu_c.c **** **
   6:../os_port/os_cpu_c.c **** **    (c) J.M. Mendias
   7:../os_port/os_cpu_c.c **** **    Programación de Sistemas y Dispositivos
   8:../os_port/os_cpu_c.c **** **    Facultad de Informática. Universidad Complutense de Madrid
   9:../os_port/os_cpu_c.c **** **
  10:../os_port/os_cpu_c.c **** **  Propósito:
  11:../os_port/os_cpu_c.c **** **    Portar el kernel de tiempo real uC/OS-II a la placa de prototipado
  12:../os_port/os_cpu_c.c **** **    Embest S3CEV40, implementando las funciones:
  13:../os_port/os_cpu_c.c **** **      - void OSInitHookBegin( void )
  14:../os_port/os_cpu_c.c **** **      - void OSInitHookEnd( void )
  15:../os_port/os_cpu_c.c **** **      - void OSTaskCreateHook( OS_TCB *ptcb )
  16:../os_port/os_cpu_c.c **** **      - void OSTaskDelHook( OS_TCB *ptcb )
  17:../os_port/os_cpu_c.c **** **      - void OSTaskIdleHook( void )
  18:../os_port/os_cpu_c.c **** **      - void OSTaskStatHook( void )
  19:../os_port/os_cpu_c.c **** **      - OS_STK *OSTaskStkInit( void (*task)(void *pd), void *pdata, OS_STK *ptos, INT16U opt )
  20:../os_port/os_cpu_c.c **** **      - void OSTaskSwHook( void )
  21:../os_port/os_cpu_c.c **** **      - void OSTCBInitHook( OS_TCB *ptcb )
  22:../os_port/os_cpu_c.c **** **      - void OSTimeTickHook( void )
  23:../os_port/os_cpu_c.c **** **
  24:../os_port/os_cpu_c.c **** **  Notas de diseño:
  25:../os_port/os_cpu_c.c **** **    - Implementado según las especificaciones del capítulo 3 del
  26:../os_port/os_cpu_c.c **** **      libro "MicroC/OS-II. The Real-Time Kernel (2nd. edition)" 
  27:../os_port/os_cpu_c.c **** **      de Jean J. Labrosse
  28:../os_port/os_cpu_c.c **** **
  29:../os_port/os_cpu_c.c **** **---------------------------------------------------------------*/
  30:../os_port/os_cpu_c.c **** 
  31:../os_port/os_cpu_c.c **** #define  OS_CPU_GLOBALS
  32:../os_port/os_cpu_c.c **** 
  33:../os_port/os_cpu_c.c **** #include "os_cpu.h"
  34:../os_port/os_cpu_c.c **** #include "os_cfg.h"
  35:../os_port/os_cpu_c.c **** #include "ucos_ii.h"
  36:../os_port/os_cpu_c.c **** 
  37:../os_port/os_cpu_c.c **** /*
  38:../os_port/os_cpu_c.c **** ** Esta función es llamada con las interrupciones deshabilitadas por OSInit() justo después de su i
  39:../os_port/os_cpu_c.c **** */
  40:../os_port/os_cpu_c.c **** 
  41:../os_port/os_cpu_c.c **** #if OS_CPU_HOOKS_EN > 0
  42:../os_port/os_cpu_c.c **** void OSInitHookBegin( void )
  43:../os_port/os_cpu_c.c **** {
 1647              		.loc 1 43 0
 1648              		.cfi_startproc
 1649              		@ Function supports interworking.
 1650              		@ args = 0, pretend = 0, frame = 0
 1651              		@ frame_needed = 1, uses_anonymous_args = 0
 1652 0000 0DC0A0E1 		mov	ip, sp
 1653              	.LCFI0:
 1654              		.cfi_def_cfa_register 12
 1655 0004 00D82DE9 		stmfd	sp!, {fp, ip, lr, pc}
 1656 0008 04B04CE2 		sub	fp, ip, #4
 1657              		.cfi_offset 14, -8
 1658              		.cfi_offset 13, -12
 1659              		.cfi_offset 11, -16
 1660              	.LCFI1:
 1661              		.cfi_def_cfa 11, 4
  44:../os_port/os_cpu_c.c **** }
 1662              		.loc 1 44 0
 1663 000c 0CD04BE2 		sub	sp, fp, #12
 1664 0010 00689DE8 		ldmfd	sp, {fp, sp, lr}
 1665 0014 1EFF2FE1 		bx	lr
 1666              		.cfi_endproc
 1667              	.LFE0:
 1669              		.align	2
 1670              		.global	OSInitHookEnd
 1672              	OSInitHookEnd:
 1673              	.LFB1:
  45:../os_port/os_cpu_c.c **** #endif
  46:../os_port/os_cpu_c.c **** 
  47:../os_port/os_cpu_c.c **** /*
  48:../os_port/os_cpu_c.c **** ** Esta función es llamada con las interrupciones deshabilitadas por OSInit() justo antes de su fin
  49:../os_port/os_cpu_c.c **** */
  50:../os_port/os_cpu_c.c **** 
  51:../os_port/os_cpu_c.c **** #if OS_CPU_HOOKS_EN > 0
  52:../os_port/os_cpu_c.c **** void OSInitHookEnd( void )
  53:../os_port/os_cpu_c.c **** {
 1674              		.loc 1 53 0
 1675              		.cfi_startproc
 1676              		@ Function supports interworking.
 1677              		@ args = 0, pretend = 0, frame = 0
 1678              		@ frame_needed = 1, uses_anonymous_args = 0
 1679 0018 0DC0A0E1 		mov	ip, sp
 1680              	.LCFI2:
 1681              		.cfi_def_cfa_register 12
 1682 001c 00D82DE9 		stmfd	sp!, {fp, ip, lr, pc}
 1683 0020 04B04CE2 		sub	fp, ip, #4
 1684              		.cfi_offset 14, -8
 1685              		.cfi_offset 13, -12
 1686              		.cfi_offset 11, -16
 1687              	.LCFI3:
 1688              		.cfi_def_cfa 11, 4
  54:../os_port/os_cpu_c.c **** }
 1689              		.loc 1 54 0
 1690 0024 0CD04BE2 		sub	sp, fp, #12
 1691 0028 00689DE8 		ldmfd	sp, {fp, sp, lr}
 1692 002c 1EFF2FE1 		bx	lr
 1693              		.cfi_endproc
 1694              	.LFE1:
 1696              		.align	2
 1697              		.global	OSTaskCreateHook
 1699              	OSTaskCreateHook:
 1700              	.LFB2:
  55:../os_port/os_cpu_c.c **** #endif
  56:../os_port/os_cpu_c.c **** 
  57:../os_port/os_cpu_c.c **** /*
  58:../os_port/os_cpu_c.c **** ** Esta función es llamada con las interrupciones deshabilitadas cada vez que se crea una tarea.
  59:../os_port/os_cpu_c.c **** ** Toma como argumento un puntero al TCB de la tarea recién creada.
  60:../os_port/os_cpu_c.c **** */
  61:../os_port/os_cpu_c.c **** 
  62:../os_port/os_cpu_c.c **** #if OS_CPU_HOOKS_EN > 0 
  63:../os_port/os_cpu_c.c **** void OSTaskCreateHook( OS_TCB *ptcb )
  64:../os_port/os_cpu_c.c **** {
 1701              		.loc 1 64 0
 1702              		.cfi_startproc
 1703              		@ Function supports interworking.
 1704              		@ args = 0, pretend = 0, frame = 8
 1705              		@ frame_needed = 1, uses_anonymous_args = 0
 1706 0030 0DC0A0E1 		mov	ip, sp
 1707              	.LCFI4:
 1708              		.cfi_def_cfa_register 12
 1709 0034 00D82DE9 		stmfd	sp!, {fp, ip, lr, pc}
 1710 0038 04B04CE2 		sub	fp, ip, #4
 1711              		.cfi_offset 14, -8
 1712              		.cfi_offset 13, -12
 1713              		.cfi_offset 11, -16
 1714              	.LCFI5:
 1715              		.cfi_def_cfa 11, 4
 1716 003c 08D04DE2 		sub	sp, sp, #8
 1717 0040 10000BE5 		str	r0, [fp, #-16]
  65:../os_port/os_cpu_c.c **** }
 1718              		.loc 1 65 0
 1719 0044 0CD04BE2 		sub	sp, fp, #12
 1720 0048 00689DE8 		ldmfd	sp, {fp, sp, lr}
 1721 004c 1EFF2FE1 		bx	lr
 1722              		.cfi_endproc
 1723              	.LFE2:
 1725              		.align	2
 1726              		.global	OSTaskDelHook
 1728              	OSTaskDelHook:
 1729              	.LFB3:
  66:../os_port/os_cpu_c.c **** #endif
  67:../os_port/os_cpu_c.c **** 
  68:../os_port/os_cpu_c.c **** /*
  69:../os_port/os_cpu_c.c **** ** Esta función es llamada con las interrupciones deshabilitadas cada vez que se borra una tarea.
  70:../os_port/os_cpu_c.c **** ** Toma como argumento un puntero al TCB de la tarea borrada.
  71:../os_port/os_cpu_c.c **** */
  72:../os_port/os_cpu_c.c **** 
  73:../os_port/os_cpu_c.c **** #if OS_CPU_HOOKS_EN > 0 
  74:../os_port/os_cpu_c.c **** void OSTaskDelHook( OS_TCB *ptcb )
  75:../os_port/os_cpu_c.c **** {
 1730              		.loc 1 75 0
 1731              		.cfi_startproc
 1732              		@ Function supports interworking.
 1733              		@ args = 0, pretend = 0, frame = 8
 1734              		@ frame_needed = 1, uses_anonymous_args = 0
 1735 0050 0DC0A0E1 		mov	ip, sp
 1736              	.LCFI6:
 1737              		.cfi_def_cfa_register 12
 1738 0054 00D82DE9 		stmfd	sp!, {fp, ip, lr, pc}
 1739 0058 04B04CE2 		sub	fp, ip, #4
 1740              		.cfi_offset 14, -8
 1741              		.cfi_offset 13, -12
 1742              		.cfi_offset 11, -16
 1743              	.LCFI7:
 1744              		.cfi_def_cfa 11, 4
 1745 005c 08D04DE2 		sub	sp, sp, #8
 1746 0060 10000BE5 		str	r0, [fp, #-16]
  76:../os_port/os_cpu_c.c **** }
 1747              		.loc 1 76 0
 1748 0064 0CD04BE2 		sub	sp, fp, #12
 1749 0068 00689DE8 		ldmfd	sp, {fp, sp, lr}
 1750 006c 1EFF2FE1 		bx	lr
 1751              		.cfi_endproc
 1752              	.LFE3:
 1754              		.align	2
 1755              		.global	OSTaskIdleHook
 1757              	OSTaskIdleHook:
 1758              	.LFB4:
  77:../os_port/os_cpu_c.c **** #endif
  78:../os_port/os_cpu_c.c **** 
  79:../os_port/os_cpu_c.c **** /*
  80:../os_port/os_cpu_c.c **** ** Esta función es llamada con las interrupciones habilitadas por la tarea OS_TaskIdle().
  81:../os_port/os_cpu_c.c **** */
  82:../os_port/os_cpu_c.c **** 
  83:../os_port/os_cpu_c.c **** #if OS_CPU_HOOKS_EN > 0
  84:../os_port/os_cpu_c.c **** void OSTaskIdleHook( void )
  85:../os_port/os_cpu_c.c **** {
 1759              		.loc 1 85 0
 1760              		.cfi_startproc
 1761              		@ Function supports interworking.
 1762              		@ args = 0, pretend = 0, frame = 0
 1763              		@ frame_needed = 1, uses_anonymous_args = 0
 1764 0070 0DC0A0E1 		mov	ip, sp
 1765              	.LCFI8:
 1766              		.cfi_def_cfa_register 12
 1767 0074 00D82DE9 		stmfd	sp!, {fp, ip, lr, pc}
 1768 0078 04B04CE2 		sub	fp, ip, #4
 1769              		.cfi_offset 14, -8
 1770              		.cfi_offset 13, -12
 1771              		.cfi_offset 11, -16
 1772              	.LCFI9:
 1773              		.cfi_def_cfa 11, 4
  86:../os_port/os_cpu_c.c ****     sleep();    /* Pone a la CPU en estado IDLE, sale por interrupción */
 1774              		.loc 1 86 0
 1775 007c FEFFFFEB 		bl	sleep
  87:../os_port/os_cpu_c.c **** }
 1776              		.loc 1 87 0
 1777 0080 0CD04BE2 		sub	sp, fp, #12
 1778 0084 00689DE8 		ldmfd	sp, {fp, sp, lr}
 1779 0088 1EFF2FE1 		bx	lr
 1780              		.cfi_endproc
 1781              	.LFE4:
 1783              		.align	2
 1784              		.global	OSTaskStatHook
 1786              	OSTaskStatHook:
 1787              	.LFB5:
  88:../os_port/os_cpu_c.c **** #endif
  89:../os_port/os_cpu_c.c **** 
  90:../os_port/os_cpu_c.c **** /*
  91:../os_port/os_cpu_c.c **** ** Esta función es llamada cada segundo por la tarea OSTaskStat().
  92:../os_port/os_cpu_c.c **** */
  93:../os_port/os_cpu_c.c **** 
  94:../os_port/os_cpu_c.c **** #if OS_CPU_HOOKS_EN > 0 
  95:../os_port/os_cpu_c.c **** void OSTaskStatHook( void )
  96:../os_port/os_cpu_c.c **** {
 1788              		.loc 1 96 0
 1789              		.cfi_startproc
 1790              		@ Function supports interworking.
 1791              		@ args = 0, pretend = 0, frame = 0
 1792              		@ frame_needed = 1, uses_anonymous_args = 0
 1793 008c 0DC0A0E1 		mov	ip, sp
 1794              	.LCFI10:
 1795              		.cfi_def_cfa_register 12
 1796 0090 00D82DE9 		stmfd	sp!, {fp, ip, lr, pc}
 1797 0094 04B04CE2 		sub	fp, ip, #4
 1798              		.cfi_offset 14, -8
 1799              		.cfi_offset 13, -12
 1800              		.cfi_offset 11, -16
 1801              	.LCFI11:
 1802              		.cfi_def_cfa 11, 4
  97:../os_port/os_cpu_c.c **** }
 1803              		.loc 1 97 0
 1804 0098 0CD04BE2 		sub	sp, fp, #12
 1805 009c 00689DE8 		ldmfd	sp, {fp, sp, lr}
 1806 00a0 1EFF2FE1 		bx	lr
 1807              		.cfi_endproc
 1808              	.LFE5:
 1810              		.align	2
 1811              		.global	OSTaskStkInit
 1813              	OSTaskStkInit:
 1814              	.LFB6:
  98:../os_port/os_cpu_c.c **** #endif
  99:../os_port/os_cpu_c.c **** 
 100:../os_port/os_cpu_c.c **** /*
 101:../os_port/os_cpu_c.c **** ** Esta función es llamada con las interrupciones deshabilitadas cada vez que se crea una tarea par
 102:../os_port/os_cpu_c.c **** ** Toma los siguientes argumentos:
 103:../os_port/os_cpu_c.c **** **   - void (*task)(void *pd) -- puntero al código de la tarea
 104:../os_port/os_cpu_c.c **** **   - void *pdata            -- puntero a los argumentos que tomará la tarea cuando se ejecute por
 105:../os_port/os_cpu_c.c **** **   - OS_STK *ptos           -- puntero a la cima de la pila en la que la función inicializará el 
 106:../os_port/os_cpu_c.c **** **   - INT16U opt             -- permite indicar opciones para modificar el comportamiento de la fu
 107:../os_port/os_cpu_c.c **** ** Devuelve un puntero a la nueva cima de la pila
 108:../os_port/os_cpu_c.c **** */
 109:../os_port/os_cpu_c.c **** OS_STK *OSTaskStkInit( void (*task)(void *pd), void *pdata, OS_STK *ptos, INT16U opt )
 110:../os_port/os_cpu_c.c **** {
 1815              		.loc 1 110 0
 1816              		.cfi_startproc
 1817              		@ Function supports interworking.
 1818              		@ args = 0, pretend = 0, frame = 16
 1819              		@ frame_needed = 1, uses_anonymous_args = 0
 1820 00a4 0DC0A0E1 		mov	ip, sp
 1821              	.LCFI12:
 1822              		.cfi_def_cfa_register 12
 1823 00a8 00D82DE9 		stmfd	sp!, {fp, ip, lr, pc}
 1824 00ac 04B04CE2 		sub	fp, ip, #4
 1825              		.cfi_offset 14, -8
 1826              		.cfi_offset 13, -12
 1827              		.cfi_offset 11, -16
 1828              	.LCFI13:
 1829              		.cfi_def_cfa 11, 4
 1830 00b0 10D04DE2 		sub	sp, sp, #16
 1831 00b4 10000BE5 		str	r0, [fp, #-16]
 1832 00b8 14100BE5 		str	r1, [fp, #-20]
 1833 00bc 18200BE5 		str	r2, [fp, #-24]
 1834 00c0 BA314BE1 		strh	r3, [fp, #-26]	@ movhi
 111:../os_port/os_cpu_c.c **** 
 112:../os_port/os_cpu_c.c ****     #if OS_STK_GROWTH == 1               /* Si la pila crece de de direcciones ALTAS hacia BAJAS */
 113:../os_port/os_cpu_c.c **** 
 114:../os_port/os_cpu_c.c ****     *(ptos)   = (INT32U) task;        /* Apila el punto de entrada a la tarea                 */
 1835              		.loc 1 114 0
 1836 00c4 10201BE5 		ldr	r2, [fp, #-16]
 1837 00c8 18301BE5 		ldr	r3, [fp, #-24]
 1838 00cc 002083E5 		str	r2, [r3, #0]
 115:../os_port/os_cpu_c.c ****     *(--ptos) = (INT32U) 0;           /* Apila LR                                             */
 1839              		.loc 1 115 0
 1840 00d0 18301BE5 		ldr	r3, [fp, #-24]
 1841 00d4 043043E2 		sub	r3, r3, #4
 1842 00d8 18300BE5 		str	r3, [fp, #-24]
 1843 00dc 18301BE5 		ldr	r3, [fp, #-24]
 1844 00e0 0020A0E3 		mov	r2, #0
 1845 00e4 002083E5 		str	r2, [r3, #0]
 116:../os_port/os_cpu_c.c ****     *(--ptos) = (INT32U) 0;           /* Apila R12                                            */
 1846              		.loc 1 116 0
 1847 00e8 18301BE5 		ldr	r3, [fp, #-24]
 1848 00ec 043043E2 		sub	r3, r3, #4
 1849 00f0 18300BE5 		str	r3, [fp, #-24]
 1850 00f4 18301BE5 		ldr	r3, [fp, #-24]
 1851 00f8 0020A0E3 		mov	r2, #0
 1852 00fc 002083E5 		str	r2, [r3, #0]
 117:../os_port/os_cpu_c.c ****     *(--ptos) = (INT32U) 0;           /* Apila R11                                            */
 1853              		.loc 1 117 0
 1854 0100 18301BE5 		ldr	r3, [fp, #-24]
 1855 0104 043043E2 		sub	r3, r3, #4
 1856 0108 18300BE5 		str	r3, [fp, #-24]
 1857 010c 18301BE5 		ldr	r3, [fp, #-24]
 1858 0110 0020A0E3 		mov	r2, #0
 1859 0114 002083E5 		str	r2, [r3, #0]
 118:../os_port/os_cpu_c.c ****     *(--ptos) = (INT32U) 0;           /* Apila R10                                            */
 1860              		.loc 1 118 0
 1861 0118 18301BE5 		ldr	r3, [fp, #-24]
 1862 011c 043043E2 		sub	r3, r3, #4
 1863 0120 18300BE5 		str	r3, [fp, #-24]
 1864 0124 18301BE5 		ldr	r3, [fp, #-24]
 1865 0128 0020A0E3 		mov	r2, #0
 1866 012c 002083E5 		str	r2, [r3, #0]
 119:../os_port/os_cpu_c.c ****     *(--ptos) = (INT32U) 0;           /* Apila R9                                             */
 1867              		.loc 1 119 0
 1868 0130 18301BE5 		ldr	r3, [fp, #-24]
 1869 0134 043043E2 		sub	r3, r3, #4
 1870 0138 18300BE5 		str	r3, [fp, #-24]
 1871 013c 18301BE5 		ldr	r3, [fp, #-24]
 1872 0140 0020A0E3 		mov	r2, #0
 1873 0144 002083E5 		str	r2, [r3, #0]
 120:../os_port/os_cpu_c.c ****     *(--ptos) = (INT32U) 0;           /* Apila R8                                             */
 1874              		.loc 1 120 0
 1875 0148 18301BE5 		ldr	r3, [fp, #-24]
 1876 014c 043043E2 		sub	r3, r3, #4
 1877 0150 18300BE5 		str	r3, [fp, #-24]
 1878 0154 18301BE5 		ldr	r3, [fp, #-24]
 1879 0158 0020A0E3 		mov	r2, #0
 1880 015c 002083E5 		str	r2, [r3, #0]
 121:../os_port/os_cpu_c.c ****     *(--ptos) = (INT32U) 0;           /* Apila R7                                             */
 1881              		.loc 1 121 0
 1882 0160 18301BE5 		ldr	r3, [fp, #-24]
 1883 0164 043043E2 		sub	r3, r3, #4
 1884 0168 18300BE5 		str	r3, [fp, #-24]
 1885 016c 18301BE5 		ldr	r3, [fp, #-24]
 1886 0170 0020A0E3 		mov	r2, #0
 1887 0174 002083E5 		str	r2, [r3, #0]
 122:../os_port/os_cpu_c.c ****     *(--ptos) = (INT32U) 0;           /* Apila R6                                             */
 1888              		.loc 1 122 0
 1889 0178 18301BE5 		ldr	r3, [fp, #-24]
 1890 017c 043043E2 		sub	r3, r3, #4
 1891 0180 18300BE5 		str	r3, [fp, #-24]
 1892 0184 18301BE5 		ldr	r3, [fp, #-24]
 1893 0188 0020A0E3 		mov	r2, #0
 1894 018c 002083E5 		str	r2, [r3, #0]
 123:../os_port/os_cpu_c.c ****     *(--ptos) = (INT32U) 0;           /* Apila R5                                             */
 1895              		.loc 1 123 0
 1896 0190 18301BE5 		ldr	r3, [fp, #-24]
 1897 0194 043043E2 		sub	r3, r3, #4
 1898 0198 18300BE5 		str	r3, [fp, #-24]
 1899 019c 18301BE5 		ldr	r3, [fp, #-24]
 1900 01a0 0020A0E3 		mov	r2, #0
 1901 01a4 002083E5 		str	r2, [r3, #0]
 124:../os_port/os_cpu_c.c ****     *(--ptos) = (INT32U) 0;           /* Apila R4                                             */
 1902              		.loc 1 124 0
 1903 01a8 18301BE5 		ldr	r3, [fp, #-24]
 1904 01ac 043043E2 		sub	r3, r3, #4
 1905 01b0 18300BE5 		str	r3, [fp, #-24]
 1906 01b4 18301BE5 		ldr	r3, [fp, #-24]
 1907 01b8 0020A0E3 		mov	r2, #0
 1908 01bc 002083E5 		str	r2, [r3, #0]
 125:../os_port/os_cpu_c.c ****     *(--ptos) = (INT32U) 0;           /* Apila R3                                             */
 1909              		.loc 1 125 0
 1910 01c0 18301BE5 		ldr	r3, [fp, #-24]
 1911 01c4 043043E2 		sub	r3, r3, #4
 1912 01c8 18300BE5 		str	r3, [fp, #-24]
 1913 01cc 18301BE5 		ldr	r3, [fp, #-24]
 1914 01d0 0020A0E3 		mov	r2, #0
 1915 01d4 002083E5 		str	r2, [r3, #0]
 126:../os_port/os_cpu_c.c ****     *(--ptos) = (INT32U) 0;           /* Apila R2                                             */
 1916              		.loc 1 126 0
 1917 01d8 18301BE5 		ldr	r3, [fp, #-24]
 1918 01dc 043043E2 		sub	r3, r3, #4
 1919 01e0 18300BE5 		str	r3, [fp, #-24]
 1920 01e4 18301BE5 		ldr	r3, [fp, #-24]
 1921 01e8 0020A0E3 		mov	r2, #0
 1922 01ec 002083E5 		str	r2, [r3, #0]
 127:../os_port/os_cpu_c.c ****     *(--ptos) = (INT32U) 0;           /* Apila R1                                             */
 1923              		.loc 1 127 0
 1924 01f0 18301BE5 		ldr	r3, [fp, #-24]
 1925 01f4 043043E2 		sub	r3, r3, #4
 1926 01f8 18300BE5 		str	r3, [fp, #-24]
 1927 01fc 18301BE5 		ldr	r3, [fp, #-24]
 1928 0200 0020A0E3 		mov	r2, #0
 1929 0204 002083E5 		str	r2, [r3, #0]
 128:../os_port/os_cpu_c.c ****     *(--ptos) = (INT32U) pdata;       /* Apila R0 : argumento                                 */
 1930              		.loc 1 128 0
 1931 0208 18301BE5 		ldr	r3, [fp, #-24]
 1932 020c 043043E2 		sub	r3, r3, #4
 1933 0210 18300BE5 		str	r3, [fp, #-24]
 1934 0214 14201BE5 		ldr	r2, [fp, #-20]
 1935 0218 18301BE5 		ldr	r3, [fp, #-24]
 1936 021c 002083E5 		str	r2, [r3, #0]
 129:../os_port/os_cpu_c.c ****     *(--ptos) = (INT32U) (0x13|0x0);  /* Apila CPSR (IRQ y FIQ habilitadas, modo SVC)         */
 1937              		.loc 1 129 0
 1938 0220 18301BE5 		ldr	r3, [fp, #-24]
 1939 0224 043043E2 		sub	r3, r3, #4
 1940 0228 18300BE5 		str	r3, [fp, #-24]
 1941 022c 18301BE5 		ldr	r3, [fp, #-24]
 1942 0230 1320A0E3 		mov	r2, #19
 1943 0234 002083E5 		str	r2, [r3, #0]
 130:../os_port/os_cpu_c.c **** 
 131:../os_port/os_cpu_c.c ****     return (ptos);
 1944              		.loc 1 131 0
 1945 0238 18301BE5 		ldr	r3, [fp, #-24]
 132:../os_port/os_cpu_c.c **** 
 133:../os_port/os_cpu_c.c **** #else
 134:../os_port/os_cpu_c.c **** #error OS_STK_GROWTH no implementado
 135:../os_port/os_cpu_c.c **** #endif
 136:../os_port/os_cpu_c.c **** 
 137:../os_port/os_cpu_c.c **** }
 1946              		.loc 1 137 0
 1947 023c 0300A0E1 		mov	r0, r3
 1948 0240 0CD04BE2 		sub	sp, fp, #12
 1949 0244 00689DE8 		ldmfd	sp, {fp, sp, lr}
 1950 0248 1EFF2FE1 		bx	lr
 1951              		.cfi_endproc
 1952              	.LFE6:
 1954              		.align	2
 1955              		.global	OSTaskSwHook
 1957              	OSTaskSwHook:
 1958              	.LFB7:
 138:../os_port/os_cpu_c.c **** 
 139:../os_port/os_cpu_c.c **** /*
 140:../os_port/os_cpu_c.c **** ** Esta función es llamada con las interrupciones deshabilitadas cada vez que se conmuta de tarea.
 141:../os_port/os_cpu_c.c **** ** Podrá acceder a las variable globales:
 142:../os_port/os_cpu_c.c **** **   - OS_TCB *OSTCBCur que apuntará al TCB de la tarea en ejecución (a suspender)
 143:../os_port/os_cpu_c.c **** **   - OS_TCB *OSTCBHighRdy que apuntará al TCB de la tarea preparada de máxima prioridad (a reanud
 144:../os_port/os_cpu_c.c **** */
 145:../os_port/os_cpu_c.c **** 
 146:../os_port/os_cpu_c.c **** #if (OS_CPU_HOOKS_EN > 0) && (OS_TASK_SW_HOOK_EN > 0)
 147:../os_port/os_cpu_c.c **** void OSTaskSwHook( void )
 148:../os_port/os_cpu_c.c **** {
 1959              		.loc 1 148 0
 1960              		.cfi_startproc
 1961              		@ Function supports interworking.
 1962              		@ args = 0, pretend = 0, frame = 0
 1963              		@ frame_needed = 1, uses_anonymous_args = 0
 1964 024c 0DC0A0E1 		mov	ip, sp
 1965              	.LCFI14:
 1966              		.cfi_def_cfa_register 12
 1967 0250 00D82DE9 		stmfd	sp!, {fp, ip, lr, pc}
 1968 0254 04B04CE2 		sub	fp, ip, #4
 1969              		.cfi_offset 14, -8
 1970              		.cfi_offset 13, -12
 1971              		.cfi_offset 11, -16
 1972              	.LCFI15:
 1973              		.cfi_def_cfa 11, 4
 149:../os_port/os_cpu_c.c **** }
 1974              		.loc 1 149 0
 1975 0258 0CD04BE2 		sub	sp, fp, #12
 1976 025c 00689DE8 		ldmfd	sp, {fp, sp, lr}
 1977 0260 1EFF2FE1 		bx	lr
 1978              		.cfi_endproc
 1979              	.LFE7:
 1981              		.align	2
 1982              		.global	OSTCBInitHook
 1984              	OSTCBInitHook:
 1985              	.LFB8:
 150:../os_port/os_cpu_c.c **** #endif
 151:../os_port/os_cpu_c.c **** 
 152:../os_port/os_cpu_c.c **** /*
 153:../os_port/os_cpu_c.c **** ** Esta función es llamada cada vez que se crea una tarea justo tras la creación de su TBC pero ant
 154:../os_port/os_cpu_c.c **** ** Las interrupciones pueden estar habilitadas o deshabilitadas.
 155:../os_port/os_cpu_c.c **** ** Toma como argumento un puntero al TCB de la tarea recién creada.
 156:../os_port/os_cpu_c.c **** */
 157:../os_port/os_cpu_c.c **** #if OS_CPU_HOOKS_EN > 0
 158:../os_port/os_cpu_c.c **** void OSTCBInitHook( OS_TCB *ptcb )
 159:../os_port/os_cpu_c.c **** {
 1986              		.loc 1 159 0
 1987              		.cfi_startproc
 1988              		@ Function supports interworking.
 1989              		@ args = 0, pretend = 0, frame = 8
 1990              		@ frame_needed = 1, uses_anonymous_args = 0
 1991 0264 0DC0A0E1 		mov	ip, sp
 1992              	.LCFI16:
 1993              		.cfi_def_cfa_register 12
 1994 0268 00D82DE9 		stmfd	sp!, {fp, ip, lr, pc}
 1995 026c 04B04CE2 		sub	fp, ip, #4
 1996              		.cfi_offset 14, -8
 1997              		.cfi_offset 13, -12
 1998              		.cfi_offset 11, -16
 1999              	.LCFI17:
 2000              		.cfi_def_cfa 11, 4
 2001 0270 08D04DE2 		sub	sp, sp, #8
 2002 0274 10000BE5 		str	r0, [fp, #-16]
 160:../os_port/os_cpu_c.c **** }
 2003              		.loc 1 160 0
 2004 0278 0CD04BE2 		sub	sp, fp, #12
 2005 027c 00689DE8 		ldmfd	sp, {fp, sp, lr}
 2006 0280 1EFF2FE1 		bx	lr
 2007              		.cfi_endproc
 2008              	.LFE8:
 2010              		.align	2
 2011              		.global	OSTimeTickHook
 2013              	OSTimeTickHook:
 2014              	.LFB9:
 161:../os_port/os_cpu_c.c **** #endif
 162:../os_port/os_cpu_c.c **** 
 163:../os_port/os_cpu_c.c **** /*
 164:../os_port/os_cpu_c.c **** ** Esta función es llamada cada tick. Las interrupciones pueden estar habilitadas o deshabilitadas.
 165:../os_port/os_cpu_c.c **** */
 166:../os_port/os_cpu_c.c **** 
 167:../os_port/os_cpu_c.c **** #if (OS_CPU_HOOKS_EN > 0) && (OS_TIME_TICK_HOOK_EN > 0)
 168:../os_port/os_cpu_c.c **** void OSTimeTickHook( void )
 169:../os_port/os_cpu_c.c **** {
 2015              		.loc 1 169 0
 2016              		.cfi_startproc
 2017              		@ Function supports interworking.
 2018              		@ args = 0, pretend = 0, frame = 0
 2019              		@ frame_needed = 1, uses_anonymous_args = 0
 2020 0284 0DC0A0E1 		mov	ip, sp
 2021              	.LCFI18:
 2022              		.cfi_def_cfa_register 12
 2023 0288 00D82DE9 		stmfd	sp!, {fp, ip, lr, pc}
 2024 028c 04B04CE2 		sub	fp, ip, #4
 2025              		.cfi_offset 14, -8
 2026              		.cfi_offset 13, -12
 2027              		.cfi_offset 11, -16
 2028              	.LCFI19:
 2029              		.cfi_def_cfa 11, 4
 170:../os_port/os_cpu_c.c **** }
 2030              		.loc 1 170 0
 2031 0290 0CD04BE2 		sub	sp, fp, #12
 2032 0294 00689DE8 		ldmfd	sp, {fp, sp, lr}
 2033 0298 1EFF2FE1 		bx	lr
 2034              		.cfi_endproc
 2035              	.LFE9:
 2037              	.Letext0:
DEFINED SYMBOLS
                            *ABS*:00000000 os_cpu_c.c
C:\Users\USUARI~1\AppData\Local\Temp\ccBoWwFy.s:1642   .text:00000000 $a
C:\Users\USUARI~1\AppData\Local\Temp\ccBoWwFy.s:1645   .text:00000000 OSInitHookBegin
C:\Users\USUARI~1\AppData\Local\Temp\ccBoWwFy.s:1672   .text:00000018 OSInitHookEnd
C:\Users\USUARI~1\AppData\Local\Temp\ccBoWwFy.s:1699   .text:00000030 OSTaskCreateHook
C:\Users\USUARI~1\AppData\Local\Temp\ccBoWwFy.s:1728   .text:00000050 OSTaskDelHook
C:\Users\USUARI~1\AppData\Local\Temp\ccBoWwFy.s:1757   .text:00000070 OSTaskIdleHook
C:\Users\USUARI~1\AppData\Local\Temp\ccBoWwFy.s:1786   .text:0000008c OSTaskStatHook
C:\Users\USUARI~1\AppData\Local\Temp\ccBoWwFy.s:1813   .text:000000a4 OSTaskStkInit
C:\Users\USUARI~1\AppData\Local\Temp\ccBoWwFy.s:1957   .text:0000024c OSTaskSwHook
C:\Users\USUARI~1\AppData\Local\Temp\ccBoWwFy.s:1984   .text:00000264 OSTCBInitHook
C:\Users\USUARI~1\AppData\Local\Temp\ccBoWwFy.s:2013   .text:00000284 OSTimeTickHook
                     .debug_frame:00000010 $d

UNDEFINED SYMBOLS
sleep
