   1              		.cpu arm7tdmi
   2              		.fpu softvfp
   3              		.eabi_attribute 20, 1
   4              		.eabi_attribute 21, 1
   5              		.eabi_attribute 23, 3
   6              		.eabi_attribute 24, 1
   7              		.eabi_attribute 25, 1
   8              		.eabi_attribute 26, 1
   9              		.eabi_attribute 30, 6
  10              		.eabi_attribute 18, 4
  11              		.file	"lab12-foreback.c"
  21              	.Ltext0:
  22              		.file 1 "../lab12-foreback.c"
 2137              		.align	2
 2138              	.LC0:
 2139 0000 0A0A2045 		.ascii	"\012\012 Ejecutando una aplicaci\363n foreground/ba"
 2139      6A656375 
 2139      74616E64 
 2139      6F20756E 
 2139      61206170 
 2140 002a 636B6772 		.ascii	"ckground\012\000"
 2140      6F756E64 
 2140      0A00
 2141              		.align	2
 2142              	.LC1:
 2143 0034 202D2D2D 		.ascii	" -----------------------------------------------\012"
 2143      2D2D2D2D 
 2143      2D2D2D2D 
 2143      2D2D2D2D 
 2143      2D2D2D2D 
 2144 0065 0A00     		.ascii	"\012\000"
 2145              		.text
 2146              		.align	2
 2147              		.global	main
 2149              	main:
 2150              	.LFB0:
   1:../lab12-foreback.c **** /*-------------------------------------------------------------------
   2:../lab12-foreback.c **** **
   3:../lab12-foreback.c **** **  Fichero:
   4:../lab12-foreback.c **** **    lab14.c  14/1/2021
   5:../lab12-foreback.c **** **
   6:../lab12-foreback.c **** **    (c) J.M. Mendias
   7:../lab12-foreback.c **** **    Programación de Sistemas y Dispositivos
   8:../lab12-foreback.c **** **    Facultad de Informática. Universidad Complutense de Madrid
   9:../lab12-foreback.c **** **
  10:../lab12-foreback.c **** **  Propósito:
  11:../lab12-foreback.c **** **    Ejemplo de una aplicación guiada por tiempo con arquitectura
  12:../lab12-foreback.c **** **    foreground/background
  13:../lab12-foreback.c **** **
  14:../lab12-foreback.c **** **  Notas de diseño:
  15:../lab12-foreback.c **** **
  16:../lab12-foreback.c **** **-----------------------------------------------------------------*/
  17:../lab12-foreback.c **** 
  18:../lab12-foreback.c **** #include <s3c44b0x.h>
  19:../lab12-foreback.c **** #include <s3cev40.h>
  20:../lab12-foreback.c **** #include <common_types.h>
  21:../lab12-foreback.c **** #include <system.h>
  22:../lab12-foreback.c **** #include <leds.h>
  23:../lab12-foreback.c **** #include <segs.h>
  24:../lab12-foreback.c **** #include <uart.h>
  25:../lab12-foreback.c **** #include <pbs.h>
  26:../lab12-foreback.c **** #include <keypad.h>
  27:../lab12-foreback.c **** #include <timers.h>
  28:../lab12-foreback.c **** #include <rtc.h>
  29:../lab12-foreback.c **** #include <lcd.h>
  30:../lab12-foreback.c **** 
  31:../lab12-foreback.c **** #define TICKS_PER_SEC   (100)
  32:../lab12-foreback.c **** 
  33:../lab12-foreback.c **** /* Declaración de recursos */
  34:../lab12-foreback.c **** 
  35:../lab12-foreback.c **** uint8 scancode;
  36:../lab12-foreback.c **** boolean flagTask5;
  37:../lab12-foreback.c **** boolean flagTask6;
  38:../lab12-foreback.c **** 
  39:../lab12-foreback.c **** volatile boolean flagPb;
  40:../lab12-foreback.c **** volatile boolean flagToggleLeds;
  41:../lab12-foreback.c **** volatile boolean flagReadKeypad;
  42:../lab12-foreback.c **** volatile boolean flagWriteRTC;
  43:../lab12-foreback.c **** volatile boolean flagWriteTicks;
  44:../lab12-foreback.c **** 
  45:../lab12-foreback.c **** /* Declaración de tareas */
  46:../lab12-foreback.c **** 
  47:../lab12-foreback.c **** void Task1( void );
  48:../lab12-foreback.c **** void Task2( void );
  49:../lab12-foreback.c **** void Task3( void );
  50:../lab12-foreback.c **** void Task4( void );
  51:../lab12-foreback.c **** void Task5( void );
  52:../lab12-foreback.c **** void Task6( void );
  53:../lab12-foreback.c **** void Task7( void );
  54:../lab12-foreback.c **** void Task8( void );
  55:../lab12-foreback.c **** void Task9( void );
  56:../lab12-foreback.c **** 
  57:../lab12-foreback.c **** /* Declaración de RTI */
  58:../lab12-foreback.c **** 
  59:../lab12-foreback.c **** void isr_pb( void ) __attribute__ ((interrupt ("IRQ")));
  60:../lab12-foreback.c **** void isr_tick( void ) __attribute__ ((interrupt ("IRQ")));
  61:../lab12-foreback.c **** 
  62:../lab12-foreback.c **** /*******************************************************************/
  63:../lab12-foreback.c **** 
  64:../lab12-foreback.c **** void main( void )
  65:../lab12-foreback.c **** {
 2151              		.loc 1 65 0
 2152              		.cfi_startproc
 2153              		@ Function supports interworking.
 2154              		@ args = 0, pretend = 0, frame = 0
 2155              		@ frame_needed = 1, uses_anonymous_args = 0
 2156 0000 0DC0A0E1 		mov	ip, sp
 2157              	.LCFI0:
 2158              		.cfi_def_cfa_register 12
 2159 0004 00D82DE9 		stmfd	sp!, {fp, ip, lr, pc}
 2160 0008 04B04CE2 		sub	fp, ip, #4
 2161              		.cfi_offset 14, -8
 2162              		.cfi_offset 13, -12
 2163              		.cfi_offset 11, -16
 2164              	.LCFI1:
 2165              		.cfi_def_cfa 11, 4
  66:../lab12-foreback.c ****     sys_init();      /* Inicializa el sistema */
 2166              		.loc 1 66 0
 2167 000c FEFFFFEB 		bl	sys_init
  67:../lab12-foreback.c ****     timers_init();
 2168              		.loc 1 67 0
 2169 0010 FEFFFFEB 		bl	timers_init
  68:../lab12-foreback.c ****     uart0_init();
 2170              		.loc 1 68 0
 2171 0014 FEFFFFEB 		bl	uart0_init
  69:../lab12-foreback.c ****     leds_init();
 2172              		.loc 1 69 0
 2173 0018 FEFFFFEB 		bl	leds_init
  70:../lab12-foreback.c ****     segs_init();
 2174              		.loc 1 70 0
 2175 001c FEFFFFEB 		bl	segs_init
  71:../lab12-foreback.c ****     rtc_init();
 2176              		.loc 1 71 0
 2177 0020 FEFFFFEB 		bl	rtc_init
  72:../lab12-foreback.c ****     pbs_init();
 2178              		.loc 1 72 0
 2179 0024 FEFFFFEB 		bl	pbs_init
  73:../lab12-foreback.c ****     keypad_init();  
 2180              		.loc 1 73 0
 2181 0028 FEFFFFEB 		bl	keypad_init
  74:../lab12-foreback.c ****     lcd_init();
 2182              		.loc 1 74 0
 2183 002c FEFFFFEB 		bl	lcd_init
  75:../lab12-foreback.c ****     lcd_clear();
 2184              		.loc 1 75 0
 2185 0030 FEFFFFEB 		bl	lcd_clear
  76:../lab12-foreback.c ****     lcd_on();
 2186              		.loc 1 76 0
 2187 0034 FEFFFFEB 		bl	lcd_on
  77:../lab12-foreback.c **** 
  78:../lab12-foreback.c ****     uart0_puts( "\n\n Ejecutando una aplicación foreground/background\n" );
 2188              		.loc 1 78 0
 2189 0038 A0019FE5 		ldr	r0, .L11
 2190 003c FEFFFFEB 		bl	uart0_puts
  79:../lab12-foreback.c ****     uart0_puts( " -----------------------------------------------\n\n" ) ;
 2191              		.loc 1 79 0
 2192 0040 9C019FE5 		ldr	r0, .L11+4
 2193 0044 FEFFFFEB 		bl	uart0_puts
  80:../lab12-foreback.c ****     
  81:../lab12-foreback.c ****     flagTask5      = FALSE;    /* Inicializa flags */
 2194              		.loc 1 81 0
 2195 0048 98319FE5 		ldr	r3, .L11+8
 2196 004c 0020A0E3 		mov	r2, #0
 2197 0050 0020C3E5 		strb	r2, [r3, #0]
  82:../lab12-foreback.c ****     flagTask6      = FALSE;
 2198              		.loc 1 82 0
 2199 0054 90319FE5 		ldr	r3, .L11+12
 2200 0058 0020A0E3 		mov	r2, #0
 2201 005c 0020C3E5 		strb	r2, [r3, #0]
  83:../lab12-foreback.c ****     flagPb         = FALSE;
 2202              		.loc 1 83 0
 2203 0060 88319FE5 		ldr	r3, .L11+16
 2204 0064 0020A0E3 		mov	r2, #0
 2205 0068 0020C3E5 		strb	r2, [r3, #0]
  84:../lab12-foreback.c ****     flagToggleLeds = FALSE;
 2206              		.loc 1 84 0
 2207 006c 80319FE5 		ldr	r3, .L11+20
 2208 0070 0020A0E3 		mov	r2, #0
 2209 0074 0020C3E5 		strb	r2, [r3, #0]
  85:../lab12-foreback.c ****     flagReadKeypad = FALSE;
 2210              		.loc 1 85 0
 2211 0078 78319FE5 		ldr	r3, .L11+24
 2212 007c 0020A0E3 		mov	r2, #0
 2213 0080 0020C3E5 		strb	r2, [r3, #0]
  86:../lab12-foreback.c ****     flagWriteRTC   = FALSE;
 2214              		.loc 1 86 0
 2215 0084 70319FE5 		ldr	r3, .L11+28
 2216 0088 0020A0E3 		mov	r2, #0
 2217 008c 0020C3E5 		strb	r2, [r3, #0]
  87:../lab12-foreback.c ****     flagWriteTicks = FALSE;
 2218              		.loc 1 87 0
 2219 0090 68319FE5 		ldr	r3, .L11+32
 2220 0094 0020A0E3 		mov	r2, #0
 2221 0098 0020C3E5 		strb	r2, [r3, #0]
  88:../lab12-foreback.c **** 
  89:../lab12-foreback.c ****     Task1();    /* Ejecuta por primera vez a las funciones para inicializarlas */
 2222              		.loc 1 89 0
 2223 009c FEFFFFEB 		bl	Task1
  90:../lab12-foreback.c ****     Task2();
 2224              		.loc 1 90 0
 2225 00a0 FEFFFFEB 		bl	Task2
  91:../lab12-foreback.c ****     Task3();
 2226              		.loc 1 91 0
 2227 00a4 FEFFFFEB 		bl	Task3
  92:../lab12-foreback.c ****     Task4();
 2228              		.loc 1 92 0
 2229 00a8 FEFFFFEB 		bl	Task4
  93:../lab12-foreback.c ****     Task5();
 2230              		.loc 1 93 0
 2231 00ac FEFFFFEB 		bl	Task5
  94:../lab12-foreback.c ****     Task6();
 2232              		.loc 1 94 0
 2233 00b0 FEFFFFEB 		bl	Task6
  95:../lab12-foreback.c ****     Task7();
 2234              		.loc 1 95 0
 2235 00b4 FEFFFFEB 		bl	Task7
  96:../lab12-foreback.c ****     Task8();
 2236              		.loc 1 96 0
 2237 00b8 FEFFFFEB 		bl	Task8
  97:../lab12-foreback.c ****     Task9();
 2238              		.loc 1 97 0
 2239 00bc FEFFFFEB 		bl	Task9
  98:../lab12-foreback.c ****    
  99:../lab12-foreback.c ****     pbs_open( isr_pb );                           /* Instala isr_pbs como RTI por presión de pulsad
 2240              		.loc 1 99 0
 2241 00c0 3C019FE5 		ldr	r0, .L11+36
 2242 00c4 FEFFFFEB 		bl	pbs_open
 100:../lab12-foreback.c ****     timer0_open_tick( isr_tick, TICKS_PER_SEC );  /* Instala isr_tick como RTI del timer0  */
 2243              		.loc 1 100 0
 2244 00c8 38019FE5 		ldr	r0, .L11+40
 2245 00cc 6410A0E3 		mov	r1, #100
 2246 00d0 FEFFFFEB 		bl	timer0_open_tick
 2247 00d4 000000EA 		b	.L9
 2248              	.L10:
 101:../lab12-foreback.c ****         
 102:../lab12-foreback.c ****     while( 1 )
 103:../lab12-foreback.c ****     {
 104:../lab12-foreback.c ****         sleep();                        /* Entra en estado IDLE, sale por interrupción */
 105:../lab12-foreback.c ****         if( flagToggleLeds )            /* Las tareas se ejecutan en esta hebra (background) en ord
 106:../lab12-foreback.c ****         {
 107:../lab12-foreback.c ****             flagToggleLeds = FALSE;
 108:../lab12-foreback.c ****             Task1();
 109:../lab12-foreback.c ****         }
 110:../lab12-foreback.c ****         if( flagReadKeypad )        
 111:../lab12-foreback.c ****         {
 112:../lab12-foreback.c ****             flagReadKeypad = FALSE;
 113:../lab12-foreback.c ****             Task2();
 114:../lab12-foreback.c ****         }
 115:../lab12-foreback.c ****         if( flagWriteRTC )
 116:../lab12-foreback.c ****         {
 117:../lab12-foreback.c ****             flagWriteRTC = FALSE;
 118:../lab12-foreback.c ****             Task3();
 119:../lab12-foreback.c ****             Task9();
 120:../lab12-foreback.c ****         }
 121:../lab12-foreback.c ****         if( flagWriteTicks )
 122:../lab12-foreback.c ****         {
 123:../lab12-foreback.c ****             flagWriteTicks = FALSE;
 124:../lab12-foreback.c ****             Task4();
 125:../lab12-foreback.c ****         }
 126:../lab12-foreback.c ****         if( flagTask5 )
 127:../lab12-foreback.c ****         {
 128:../lab12-foreback.c ****             flagTask5 = FALSE;
 129:../lab12-foreback.c ****             Task5();
 130:../lab12-foreback.c ****             Task8();
 131:../lab12-foreback.c ****         }
 132:../lab12-foreback.c ****         if( flagTask6 )
 133:../lab12-foreback.c ****         {
 134:../lab12-foreback.c ****             flagTask6 = FALSE;
 135:../lab12-foreback.c ****             Task6();
 136:../lab12-foreback.c ****         }
 137:../lab12-foreback.c ****         if( flagPb )
 138:../lab12-foreback.c ****         {
 139:../lab12-foreback.c ****             flagPb = FALSE;
 140:../lab12-foreback.c ****             Task7();
 141:../lab12-foreback.c ****         }
 142:../lab12-foreback.c ****     }
 2249              		.loc 1 142 0
 2250 00d8 0000A0E1 		mov	r0, r0	@ nop
 2251              	.L9:
 104:../lab12-foreback.c ****         sleep();                        /* Entra en estado IDLE, sale por interrupción */
 2252              		.loc 1 104 0
 2253 00dc FEFFFFEB 		bl	sleep
 105:../lab12-foreback.c ****         if( flagToggleLeds )            /* Las tareas se ejecutan en esta hebra (background) en ord
 2254              		.loc 1 105 0
 2255 00e0 0C319FE5 		ldr	r3, .L11+20
 2256 00e4 0030D3E5 		ldrb	r3, [r3, #0]
 2257 00e8 FF3003E2 		and	r3, r3, #255
 2258 00ec 000053E3 		cmp	r3, #0
 2259 00f0 0300000A 		beq	.L2
 107:../lab12-foreback.c ****             flagToggleLeds = FALSE;
 2260              		.loc 1 107 0
 2261 00f4 F8309FE5 		ldr	r3, .L11+20
 2262 00f8 0020A0E3 		mov	r2, #0
 2263 00fc 0020C3E5 		strb	r2, [r3, #0]
 108:../lab12-foreback.c ****             Task1();
 2264              		.loc 1 108 0
 2265 0100 FEFFFFEB 		bl	Task1
 2266              	.L2:
 110:../lab12-foreback.c ****         if( flagReadKeypad )        
 2267              		.loc 1 110 0
 2268 0104 EC309FE5 		ldr	r3, .L11+24
 2269 0108 0030D3E5 		ldrb	r3, [r3, #0]
 2270 010c FF3003E2 		and	r3, r3, #255
 2271 0110 000053E3 		cmp	r3, #0
 2272 0114 0300000A 		beq	.L3
 112:../lab12-foreback.c ****             flagReadKeypad = FALSE;
 2273              		.loc 1 112 0
 2274 0118 D8309FE5 		ldr	r3, .L11+24
 2275 011c 0020A0E3 		mov	r2, #0
 2276 0120 0020C3E5 		strb	r2, [r3, #0]
 113:../lab12-foreback.c ****             Task2();
 2277              		.loc 1 113 0
 2278 0124 FEFFFFEB 		bl	Task2
 2279              	.L3:
 115:../lab12-foreback.c ****         if( flagWriteRTC )
 2280              		.loc 1 115 0
 2281 0128 CC309FE5 		ldr	r3, .L11+28
 2282 012c 0030D3E5 		ldrb	r3, [r3, #0]
 2283 0130 FF3003E2 		and	r3, r3, #255
 2284 0134 000053E3 		cmp	r3, #0
 2285 0138 0400000A 		beq	.L4
 117:../lab12-foreback.c ****             flagWriteRTC = FALSE;
 2286              		.loc 1 117 0
 2287 013c B8309FE5 		ldr	r3, .L11+28
 2288 0140 0020A0E3 		mov	r2, #0
 2289 0144 0020C3E5 		strb	r2, [r3, #0]
 118:../lab12-foreback.c ****             Task3();
 2290              		.loc 1 118 0
 2291 0148 FEFFFFEB 		bl	Task3
 119:../lab12-foreback.c ****             Task9();
 2292              		.loc 1 119 0
 2293 014c FEFFFFEB 		bl	Task9
 2294              	.L4:
 121:../lab12-foreback.c ****         if( flagWriteTicks )
 2295              		.loc 1 121 0
 2296 0150 A8309FE5 		ldr	r3, .L11+32
 2297 0154 0030D3E5 		ldrb	r3, [r3, #0]
 2298 0158 FF3003E2 		and	r3, r3, #255
 2299 015c 000053E3 		cmp	r3, #0
 2300 0160 0300000A 		beq	.L5
 123:../lab12-foreback.c ****             flagWriteTicks = FALSE;
 2301              		.loc 1 123 0
 2302 0164 94309FE5 		ldr	r3, .L11+32
 2303 0168 0020A0E3 		mov	r2, #0
 2304 016c 0020C3E5 		strb	r2, [r3, #0]
 124:../lab12-foreback.c ****             Task4();
 2305              		.loc 1 124 0
 2306 0170 FEFFFFEB 		bl	Task4
 2307              	.L5:
 126:../lab12-foreback.c ****         if( flagTask5 )
 2308              		.loc 1 126 0
 2309 0174 6C309FE5 		ldr	r3, .L11+8
 2310 0178 0030D3E5 		ldrb	r3, [r3, #0]	@ zero_extendqisi2
 2311 017c 000053E3 		cmp	r3, #0
 2312 0180 0400000A 		beq	.L6
 128:../lab12-foreback.c ****             flagTask5 = FALSE;
 2313              		.loc 1 128 0
 2314 0184 5C309FE5 		ldr	r3, .L11+8
 2315 0188 0020A0E3 		mov	r2, #0
 2316 018c 0020C3E5 		strb	r2, [r3, #0]
 129:../lab12-foreback.c ****             Task5();
 2317              		.loc 1 129 0
 2318 0190 FEFFFFEB 		bl	Task5
 130:../lab12-foreback.c ****             Task8();
 2319              		.loc 1 130 0
 2320 0194 FEFFFFEB 		bl	Task8
 2321              	.L6:
 132:../lab12-foreback.c ****         if( flagTask6 )
 2322              		.loc 1 132 0
 2323 0198 4C309FE5 		ldr	r3, .L11+12
 2324 019c 0030D3E5 		ldrb	r3, [r3, #0]	@ zero_extendqisi2
 2325 01a0 000053E3 		cmp	r3, #0
 2326 01a4 0300000A 		beq	.L7
 134:../lab12-foreback.c ****             flagTask6 = FALSE;
 2327              		.loc 1 134 0
 2328 01a8 3C309FE5 		ldr	r3, .L11+12
 2329 01ac 0020A0E3 		mov	r2, #0
 2330 01b0 0020C3E5 		strb	r2, [r3, #0]
 135:../lab12-foreback.c ****             Task6();
 2331              		.loc 1 135 0
 2332 01b4 FEFFFFEB 		bl	Task6
 2333              	.L7:
 137:../lab12-foreback.c ****         if( flagPb )
 2334              		.loc 1 137 0
 2335 01b8 30309FE5 		ldr	r3, .L11+16
 2336 01bc 0030D3E5 		ldrb	r3, [r3, #0]
 2337 01c0 FF3003E2 		and	r3, r3, #255
 2338 01c4 000053E3 		cmp	r3, #0
 2339 01c8 C2FFFF0A 		beq	.L10
 139:../lab12-foreback.c ****             flagPb = FALSE;
 2340              		.loc 1 139 0
 2341 01cc 1C309FE5 		ldr	r3, .L11+16
 2342 01d0 0020A0E3 		mov	r2, #0
 2343 01d4 0020C3E5 		strb	r2, [r3, #0]
 140:../lab12-foreback.c ****             Task7();
 2344              		.loc 1 140 0
 2345 01d8 FEFFFFEB 		bl	Task7
 2346              		.loc 1 142 0
 2347 01dc BEFFFFEA 		b	.L9
 2348              	.L12:
 2349              		.align	2
 2350              	.L11:
 2351 01e0 00000000 		.word	.LC0
 2352 01e4 34000000 		.word	.LC1
 2353 01e8 00000000 		.word	flagTask5
 2354 01ec 00000000 		.word	flagTask6
 2355 01f0 00000000 		.word	flagPb
 2356 01f4 00000000 		.word	flagToggleLeds
 2357 01f8 00000000 		.word	flagReadKeypad
 2358 01fc 00000000 		.word	flagWriteRTC
 2359 0200 00000000 		.word	flagWriteTicks
 2360 0204 00000000 		.word	isr_pb
 2361 0208 00000000 		.word	isr_tick
 2362              		.cfi_endproc
 2363              	.LFE0:
 2365              		.section	.rodata
 2366 0067 00       		.align	2
 2367              	.LC2:
 2368 0068 20546173 		.ascii	" Task 1: iniciada.\012\000"
 2368      6B20313A 
 2368      20696E69 
 2368      63696164 
 2368      612E0A00 
 2369              		.text
 2370              		.align	2
 2371              		.global	Task1
 2373              	Task1:
 2374              	.LFB1:
 143:../lab12-foreback.c **** }
 144:../lab12-foreback.c **** 
 145:../lab12-foreback.c **** /*******************************************************************/
 146:../lab12-foreback.c **** 
 147:../lab12-foreback.c **** void Task1( void )  /* Cada 0,5 segundos (50 ticks) alterna el led que se enciende */
 148:../lab12-foreback.c **** {
 2375              		.loc 1 148 0
 2376              		.cfi_startproc
 2377              		@ Function supports interworking.
 2378              		@ args = 0, pretend = 0, frame = 0
 2379              		@ frame_needed = 1, uses_anonymous_args = 0
 2380 020c 0DC0A0E1 		mov	ip, sp
 2381              	.LCFI2:
 2382              		.cfi_def_cfa_register 12
 2383 0210 00D82DE9 		stmfd	sp!, {fp, ip, lr, pc}
 2384 0214 04B04CE2 		sub	fp, ip, #4
 2385              		.cfi_offset 14, -8
 2386              		.cfi_offset 13, -12
 2387              		.cfi_offset 11, -16
 2388              	.LCFI3:
 2389              		.cfi_def_cfa 11, 4
 149:../lab12-foreback.c ****     static boolean init = TRUE;
 150:../lab12-foreback.c ****   
 151:../lab12-foreback.c ****     if( init )
 2390              		.loc 1 151 0
 2391 0218 4C309FE5 		ldr	r3, .L16
 2392 021c 0030D3E5 		ldrb	r3, [r3, #0]	@ zero_extendqisi2
 2393 0220 000053E3 		cmp	r3, #0
 2394 0224 0900000A 		beq	.L14
 152:../lab12-foreback.c ****     {
 153:../lab12-foreback.c ****         init = FALSE;
 2395              		.loc 1 153 0
 2396 0228 3C309FE5 		ldr	r3, .L16
 2397 022c 0020A0E3 		mov	r2, #0
 2398 0230 0020C3E5 		strb	r2, [r3, #0]
 154:../lab12-foreback.c ****         uart0_puts( " Task 1: iniciada.\n" );  /* Muestra un mensaje inicial en la UART0 (no es nec
 2399              		.loc 1 154 0
 2400 0234 34009FE5 		ldr	r0, .L16+4
 2401 0238 FEFFFFEB 		bl	uart0_puts
 155:../lab12-foreback.c ****         led_on( LEFT_LED );
 2402              		.loc 1 155 0
 2403 023c 0100A0E3 		mov	r0, #1
 2404 0240 FEFFFFEB 		bl	led_on
 156:../lab12-foreback.c ****         led_off( RIGHT_LED );
 2405              		.loc 1 156 0
 2406 0244 0200A0E3 		mov	r0, #2
 2407 0248 FEFFFFEB 		bl	led_off
 2408 024c 030000EA 		b	.L13
 2409              	.L14:
 157:../lab12-foreback.c ****     }
 158:../lab12-foreback.c ****     else
 159:../lab12-foreback.c ****     {
 160:../lab12-foreback.c ****         led_toggle( LEFT_LED );
 2410              		.loc 1 160 0
 2411 0250 0100A0E3 		mov	r0, #1
 2412 0254 FEFFFFEB 		bl	led_toggle
 161:../lab12-foreback.c ****         led_toggle( RIGHT_LED );
 2413              		.loc 1 161 0
 2414 0258 0200A0E3 		mov	r0, #2
 2415 025c FEFFFFEB 		bl	led_toggle
 2416              	.L13:
 162:../lab12-foreback.c ****     }
 163:../lab12-foreback.c **** }
 2417              		.loc 1 163 0
 2418 0260 0CD04BE2 		sub	sp, fp, #12
 2419 0264 00689DE8 		ldmfd	sp, {fp, sp, lr}
 2420 0268 1EFF2FE1 		bx	lr
 2421              	.L17:
 2422              		.align	2
 2423              	.L16:
 2424 026c 10000000 		.word	init.4171
 2425 0270 68000000 		.word	.LC2
 2426              		.cfi_endproc
 2427              	.LFE1:
 2429              		.section	.rodata
 2430              		.align	2
 2431              	.LC3:
 2432 007c 20546173 		.ascii	" Task 2: iniciada.\012\000"
 2432      6B20323A 
 2432      20696E69 
 2432      63696164 
 2432      612E0A00 
 2433              		.text
 2434              		.align	2
 2435              		.global	Task2
 2437              	Task2:
 2438              	.LFB2:
 164:../lab12-foreback.c **** 
 165:../lab12-foreback.c **** void Task2( void )  /* Cada 50 ms (5 ticks) muestrea el keypad y envía el scancode a otras tareas *
 166:../lab12-foreback.c **** {
 2439              		.loc 1 166 0
 2440              		.cfi_startproc
 2441              		@ Function supports interworking.
 2442              		@ args = 0, pretend = 0, frame = 0
 2443              		@ frame_needed = 1, uses_anonymous_args = 0
 2444 0274 0DC0A0E1 		mov	ip, sp
 2445              	.LCFI4:
 2446              		.cfi_def_cfa_register 12
 2447 0278 00D82DE9 		stmfd	sp!, {fp, ip, lr, pc}
 2448 027c 04B04CE2 		sub	fp, ip, #4
 2449              		.cfi_offset 14, -8
 2450              		.cfi_offset 13, -12
 2451              		.cfi_offset 11, -16
 2452              	.LCFI5:
 2453              		.cfi_def_cfa 11, 4
 167:../lab12-foreback.c ****     static boolean init = TRUE;
 168:../lab12-foreback.c ****     static enum { wait_keydown, scan, wait_keyup } state;
 169:../lab12-foreback.c **** 
 170:../lab12-foreback.c ****     if( init )
 2454              		.loc 1 170 0
 2455 0280 F0309FE5 		ldr	r3, .L29
 2456 0284 0030D3E5 		ldrb	r3, [r3, #0]	@ zero_extendqisi2
 2457 0288 000053E3 		cmp	r3, #0
 2458 028c 0800000A 		beq	.L19
 171:../lab12-foreback.c ****     {
 172:../lab12-foreback.c ****         init  = FALSE;
 2459              		.loc 1 172 0
 2460 0290 E0309FE5 		ldr	r3, .L29
 2461 0294 0020A0E3 		mov	r2, #0
 2462 0298 0020C3E5 		strb	r2, [r3, #0]
 173:../lab12-foreback.c ****         uart0_puts( " Task 2: iniciada.\n" );  /* Muestra un mensaje inicial en la UART0 (no es nec
 2463              		.loc 1 173 0
 2464 029c D8009FE5 		ldr	r0, .L29+4
 2465 02a0 FEFFFFEB 		bl	uart0_puts
 174:../lab12-foreback.c ****         state = wait_keydown;
 2466              		.loc 1 174 0
 2467 02a4 D4309FE5 		ldr	r3, .L29+8
 2468 02a8 0020A0E3 		mov	r2, #0
 2469 02ac 0020C3E5 		strb	r2, [r3, #0]
 2470 02b0 2D0000EA 		b	.L18
 2471              	.L19:
 175:../lab12-foreback.c ****     }
 176:../lab12-foreback.c ****     else switch( state )
 2472              		.loc 1 176 0
 2473 02b4 C4309FE5 		ldr	r3, .L29+8
 2474 02b8 0030D3E5 		ldrb	r3, [r3, #0]	@ zero_extendqisi2
 2475 02bc 010053E3 		cmp	r3, #1
 2476 02c0 0B00000A 		beq	.L22
 2477 02c4 020053E3 		cmp	r3, #2
 2478 02c8 1C00000A 		beq	.L23
 2479 02cc 000053E3 		cmp	r3, #0
 2480 02d0 2500001A 		bne	.L18
 2481              	.L21:
 177:../lab12-foreback.c ****     {
 178:../lab12-foreback.c ****         case wait_keydown:
 179:../lab12-foreback.c ****             if( keypad_pressed() )
 2482              		.loc 1 179 0
 2483 02d4 FEFFFFEB 		bl	keypad_pressed
 2484 02d8 0030A0E1 		mov	r3, r0
 2485 02dc 000053E3 		cmp	r3, #0
 2486 02e0 1E00000A 		beq	.L27
 180:../lab12-foreback.c ****                 state = scan;
 2487              		.loc 1 180 0
 2488 02e4 94309FE5 		ldr	r3, .L29+8
 2489 02e8 0120A0E3 		mov	r2, #1
 2490 02ec 0020C3E5 		strb	r2, [r3, #0]
 181:../lab12-foreback.c ****             break;
 2491              		.loc 1 181 0
 2492 02f0 1D0000EA 		b	.L18
 2493              	.L22:
 182:../lab12-foreback.c ****         case scan:
 183:../lab12-foreback.c ****             scancode = keypad_scan();
 2494              		.loc 1 183 0
 2495 02f4 FEFFFFEB 		bl	keypad_scan
 2496 02f8 0030A0E1 		mov	r3, r0
 2497 02fc 0320A0E1 		mov	r2, r3
 2498 0300 7C309FE5 		ldr	r3, .L29+12
 2499 0304 0020C3E5 		strb	r2, [r3, #0]
 184:../lab12-foreback.c ****             if( scancode != KEYPAD_FAILURE )
 2500              		.loc 1 184 0
 2501 0308 74309FE5 		ldr	r3, .L29+12
 2502 030c 0030D3E5 		ldrb	r3, [r3, #0]	@ zero_extendqisi2
 2503 0310 FF0053E3 		cmp	r3, #255
 2504 0314 0500000A 		beq	.L25
 185:../lab12-foreback.c ****             {
 186:../lab12-foreback.c ****                 flagTask5 = TRUE;
 2505              		.loc 1 186 0
 2506 0318 68309FE5 		ldr	r3, .L29+16
 2507 031c 0120A0E3 		mov	r2, #1
 2508 0320 0020C3E5 		strb	r2, [r3, #0]
 187:../lab12-foreback.c ****                 flagTask6 = TRUE;
 2509              		.loc 1 187 0
 2510 0324 60309FE5 		ldr	r3, .L29+20
 2511 0328 0120A0E3 		mov	r2, #1
 2512 032c 0020C3E5 		strb	r2, [r3, #0]
 2513              	.L25:
 188:../lab12-foreback.c ****             }
 189:../lab12-foreback.c ****             state = wait_keyup;
 2514              		.loc 1 189 0
 2515 0330 48309FE5 		ldr	r3, .L29+8
 2516 0334 0220A0E3 		mov	r2, #2
 2517 0338 0020C3E5 		strb	r2, [r3, #0]
 190:../lab12-foreback.c ****             break;
 2518              		.loc 1 190 0
 2519 033c 0A0000EA 		b	.L18
 2520              	.L23:
 191:../lab12-foreback.c ****         case wait_keyup:
 192:../lab12-foreback.c ****             if( !keypad_pressed() )
 2521              		.loc 1 192 0
 2522 0340 FEFFFFEB 		bl	keypad_pressed
 2523 0344 0030A0E1 		mov	r3, r0
 2524 0348 000053E3 		cmp	r3, #0
 2525 034c 0500001A 		bne	.L28
 193:../lab12-foreback.c ****                 state = wait_keydown;
 2526              		.loc 1 193 0
 2527 0350 28309FE5 		ldr	r3, .L29+8
 2528 0354 0020A0E3 		mov	r2, #0
 2529 0358 0020C3E5 		strb	r2, [r3, #0]
 194:../lab12-foreback.c ****             break;
 2530              		.loc 1 194 0
 2531 035c 020000EA 		b	.L18
 2532              	.L27:
 181:../lab12-foreback.c ****             break;
 2533              		.loc 1 181 0
 2534 0360 0000A0E1 		mov	r0, r0	@ nop
 2535 0364 000000EA 		b	.L18
 2536              	.L28:
 2537              		.loc 1 194 0
 2538 0368 0000A0E1 		mov	r0, r0	@ nop
 2539              	.L18:
 195:../lab12-foreback.c ****     }
 196:../lab12-foreback.c **** }
 2540              		.loc 1 196 0
 2541 036c 0CD04BE2 		sub	sp, fp, #12
 2542 0370 00689DE8 		ldmfd	sp, {fp, sp, lr}
 2543 0374 1EFF2FE1 		bx	lr
 2544              	.L30:
 2545              		.align	2
 2546              	.L29:
 2547 0378 0F000000 		.word	init.4175
 2548 037c 7C000000 		.word	.LC3
 2549 0380 04000000 		.word	state.4180
 2550 0384 00000000 		.word	scancode
 2551 0388 00000000 		.word	flagTask5
 2552 038c 00000000 		.word	flagTask6
 2553              		.cfi_endproc
 2554              	.LFE2:
 2556              		.section	.rodata
 2557              		.align	2
 2558              	.LC4:
 2559 0090 20546173 		.ascii	" Task 3: iniciada.\012\000"
 2559      6B20333A 
 2559      20696E69 
 2559      63696164 
 2559      612E0A00 
 2560              		.align	2
 2561              	.LC5:
 2562 00a4 20202854 		.ascii	"  (Task 3) Hora: \000"
 2562      61736B20 
 2562      33292048 
 2562      6F72613A 
 2562      2000
 2563 00b6 0000     		.align	2
 2564              	.LC6:
 2565 00b8 0A00     		.ascii	"\012\000"
 2566              		.text
 2567              		.align	2
 2568              		.global	Task3
 2570              	Task3:
 2571              	.LFB3:
 197:../lab12-foreback.c **** 
 198:../lab12-foreback.c **** void Task3( void  )  /* Cada segundo (100 ticks) muestra por la UART0 la hora del RTC */
 199:../lab12-foreback.c **** {
 2572              		.loc 1 199 0
 2573              		.cfi_startproc
 2574              		@ Function supports interworking.
 2575              		@ args = 0, pretend = 0, frame = 8
 2576              		@ frame_needed = 1, uses_anonymous_args = 0
 2577 0390 0DC0A0E1 		mov	ip, sp
 2578              	.LCFI6:
 2579              		.cfi_def_cfa_register 12
 2580 0394 00D82DE9 		stmfd	sp!, {fp, ip, lr, pc}
 2581 0398 04B04CE2 		sub	fp, ip, #4
 2582              		.cfi_offset 14, -8
 2583              		.cfi_offset 13, -12
 2584              		.cfi_offset 11, -16
 2585              	.LCFI7:
 2586              		.cfi_def_cfa 11, 4
 2587 039c 08D04DE2 		sub	sp, sp, #8
 200:../lab12-foreback.c ****     static boolean init = TRUE;
 201:../lab12-foreback.c ****     rtc_time_t rtc_time;
 202:../lab12-foreback.c ****     
 203:../lab12-foreback.c ****     if( init )
 2588              		.loc 1 203 0
 2589 03a0 7C309FE5 		ldr	r3, .L34
 2590 03a4 0030D3E5 		ldrb	r3, [r3, #0]	@ zero_extendqisi2
 2591 03a8 000053E3 		cmp	r3, #0
 2592 03ac 0500000A 		beq	.L32
 204:../lab12-foreback.c ****     {
 205:../lab12-foreback.c ****         init = FALSE;
 2593              		.loc 1 205 0
 2594 03b0 6C309FE5 		ldr	r3, .L34
 2595 03b4 0020A0E3 		mov	r2, #0
 2596 03b8 0020C3E5 		strb	r2, [r3, #0]
 206:../lab12-foreback.c ****         uart0_puts( " Task 3: iniciada.\n" );  /* Muestra un mensaje inicial en la UART0 (no es nec
 2597              		.loc 1 206 0
 2598 03bc 64009FE5 		ldr	r0, .L34+4
 2599 03c0 FEFFFFEB 		bl	uart0_puts
 2600 03c4 130000EA 		b	.L31
 2601              	.L32:
 207:../lab12-foreback.c ****     }
 208:../lab12-foreback.c ****     else
 209:../lab12-foreback.c ****     {
 210:../lab12-foreback.c ****         rtc_gettime( &rtc_time );
 2602              		.loc 1 210 0
 2603 03c8 14304BE2 		sub	r3, fp, #20
 2604 03cc 0300A0E1 		mov	r0, r3
 2605 03d0 FEFFFFEB 		bl	rtc_gettime
 211:../lab12-foreback.c ****         uart0_puts( "  (Task 3) Hora: " );
 2606              		.loc 1 211 0
 2607 03d4 50009FE5 		ldr	r0, .L34+8
 2608 03d8 FEFFFFEB 		bl	uart0_puts
 212:../lab12-foreback.c ****         uart0_putint( rtc_time.hour );
 2609              		.loc 1 212 0
 2610 03dc 12305BE5 		ldrb	r3, [fp, #-18]	@ zero_extendqisi2
 2611 03e0 0300A0E1 		mov	r0, r3
 2612 03e4 FEFFFFEB 		bl	uart0_putint
 213:../lab12-foreback.c ****         uart0_putchar( ':' );
 2613              		.loc 1 213 0
 2614 03e8 3A00A0E3 		mov	r0, #58
 2615 03ec FEFFFFEB 		bl	uart0_putchar
 214:../lab12-foreback.c ****         uart0_putint( rtc_time.min );
 2616              		.loc 1 214 0
 2617 03f0 13305BE5 		ldrb	r3, [fp, #-19]	@ zero_extendqisi2
 2618 03f4 0300A0E1 		mov	r0, r3
 2619 03f8 FEFFFFEB 		bl	uart0_putint
 215:../lab12-foreback.c ****         uart0_putchar( ':' );
 2620              		.loc 1 215 0
 2621 03fc 3A00A0E3 		mov	r0, #58
 2622 0400 FEFFFFEB 		bl	uart0_putchar
 216:../lab12-foreback.c ****         uart0_putint( rtc_time.sec );
 2623              		.loc 1 216 0
 2624 0404 14305BE5 		ldrb	r3, [fp, #-20]	@ zero_extendqisi2
 2625 0408 0300A0E1 		mov	r0, r3
 2626 040c FEFFFFEB 		bl	uart0_putint
 217:../lab12-foreback.c ****         uart0_puts( "\n" );
 2627              		.loc 1 217 0
 2628 0410 18009FE5 		ldr	r0, .L34+12
 2629 0414 FEFFFFEB 		bl	uart0_puts
 2630              	.L31:
 218:../lab12-foreback.c ****     }
 219:../lab12-foreback.c **** }
 2631              		.loc 1 219 0
 2632 0418 0CD04BE2 		sub	sp, fp, #12
 2633 041c 00689DE8 		ldmfd	sp, {fp, sp, lr}
 2634 0420 1EFF2FE1 		bx	lr
 2635              	.L35:
 2636              		.align	2
 2637              	.L34:
 2638 0424 0E000000 		.word	init.4188
 2639 0428 90000000 		.word	.LC4
 2640 042c A4000000 		.word	.LC5
 2641 0430 B8000000 		.word	.LC6
 2642              		.cfi_endproc
 2643              	.LFE3:
 2645              		.section	.rodata
 2646 00ba 0000     		.align	2
 2647              	.LC7:
 2648 00bc 20546173 		.ascii	" Task 4: iniciada.\012\000"
 2648      6B20343A 
 2648      20696E69 
 2648      63696164 
 2648      612E0A00 
 2649              		.align	2
 2650              	.LC8:
 2651 00d0 20202854 		.ascii	"  (Task 4) Ticks: \000"
 2651      61736B20 
 2651      34292054 
 2651      69636B73 
 2651      3A2000
 2652              		.text
 2653              		.align	2
 2654              		.global	Task4
 2656              	Task4:
 2657              	.LFB4:
 220:../lab12-foreback.c **** 
 221:../lab12-foreback.c **** void Task4( void )  /* Cada 10 segundos (1000 ticks) muestra por la UART0 los ticks transcurridos *
 222:../lab12-foreback.c **** {
 2658              		.loc 1 222 0
 2659              		.cfi_startproc
 2660              		@ Function supports interworking.
 2661              		@ args = 0, pretend = 0, frame = 0
 2662              		@ frame_needed = 1, uses_anonymous_args = 0
 2663 0434 0DC0A0E1 		mov	ip, sp
 2664              	.LCFI8:
 2665              		.cfi_def_cfa_register 12
 2666 0438 00D82DE9 		stmfd	sp!, {fp, ip, lr, pc}
 2667 043c 04B04CE2 		sub	fp, ip, #4
 2668              		.cfi_offset 14, -8
 2669              		.cfi_offset 13, -12
 2670              		.cfi_offset 11, -16
 2671              	.LCFI9:
 2672              		.cfi_def_cfa 11, 4
 223:../lab12-foreback.c ****     static boolean init = TRUE;
 224:../lab12-foreback.c ****     static uint32 ticks;
 225:../lab12-foreback.c ****     
 226:../lab12-foreback.c ****     if( init )
 2673              		.loc 1 226 0
 2674 0440 6C309FE5 		ldr	r3, .L39
 2675 0444 0030D3E5 		ldrb	r3, [r3, #0]	@ zero_extendqisi2
 2676 0448 000053E3 		cmp	r3, #0
 2677 044c 0800000A 		beq	.L37
 227:../lab12-foreback.c ****     {
 228:../lab12-foreback.c ****         init = FALSE;
 2678              		.loc 1 228 0
 2679 0450 5C309FE5 		ldr	r3, .L39
 2680 0454 0020A0E3 		mov	r2, #0
 2681 0458 0020C3E5 		strb	r2, [r3, #0]
 229:../lab12-foreback.c ****         uart0_puts( " Task 4: iniciada.\n" );  /* Muestra un mensaje inicial en la UART0 (no es nec
 2682              		.loc 1 229 0
 2683 045c 54009FE5 		ldr	r0, .L39+4
 2684 0460 FEFFFFEB 		bl	uart0_puts
 230:../lab12-foreback.c ****         ticks = 0;
 2685              		.loc 1 230 0
 2686 0464 50309FE5 		ldr	r3, .L39+8
 2687 0468 0020A0E3 		mov	r2, #0
 2688 046c 002083E5 		str	r2, [r3, #0]
 2689 0470 0C0000EA 		b	.L36
 2690              	.L37:
 231:../lab12-foreback.c ****     }
 232:../lab12-foreback.c ****     else
 233:../lab12-foreback.c ****     {
 234:../lab12-foreback.c ****         ticks += TICKS_PER_SEC * 10;
 2691              		.loc 1 234 0
 2692 0474 40309FE5 		ldr	r3, .L39+8
 2693 0478 003093E5 		ldr	r3, [r3, #0]
 2694 047c FA2F83E2 		add	r2, r3, #1000
 2695 0480 34309FE5 		ldr	r3, .L39+8
 2696 0484 002083E5 		str	r2, [r3, #0]
 235:../lab12-foreback.c ****         uart0_puts( "  (Task 4) Ticks: " );
 2697              		.loc 1 235 0
 2698 0488 30009FE5 		ldr	r0, .L39+12
 2699 048c FEFFFFEB 		bl	uart0_puts
 236:../lab12-foreback.c ****         uart0_putint( ticks );
 2700              		.loc 1 236 0
 2701 0490 24309FE5 		ldr	r3, .L39+8
 2702 0494 003093E5 		ldr	r3, [r3, #0]
 2703 0498 0300A0E1 		mov	r0, r3
 2704 049c FEFFFFEB 		bl	uart0_putint
 237:../lab12-foreback.c ****         uart0_puts( "\n" );
 2705              		.loc 1 237 0
 2706 04a0 1C009FE5 		ldr	r0, .L39+16
 2707 04a4 FEFFFFEB 		bl	uart0_puts
 2708              	.L36:
 238:../lab12-foreback.c ****     }
 239:../lab12-foreback.c **** }
 2709              		.loc 1 239 0
 2710 04a8 0CD04BE2 		sub	sp, fp, #12
 2711 04ac 00689DE8 		ldmfd	sp, {fp, sp, lr}
 2712 04b0 1EFF2FE1 		bx	lr
 2713              	.L40:
 2714              		.align	2
 2715              	.L39:
 2716 04b4 0D000000 		.word	init.4193
 2717 04b8 BC000000 		.word	.LC7
 2718 04bc 00000000 		.word	ticks.4194
 2719 04c0 D0000000 		.word	.LC8
 2720 04c4 B8000000 		.word	.LC6
 2721              		.cfi_endproc
 2722              	.LFE4:
 2724              		.section	.rodata
 2725 00e3 00       		.align	2
 2726              	.LC9:
 2727 00e4 20546173 		.ascii	" Task 5: iniciada.\012\000"
 2727      6B20353A 
 2727      20696E69 
 2727      63696164 
 2727      612E0A00 
 2728              		.align	2
 2729              	.LC10:
 2730 00f8 20202854 		.ascii	"  (Task 5) Tecla pulsada: \000"
 2730      61736B20 
 2730      35292054 
 2730      65636C61 
 2730      2070756C 
 2731              		.text
 2732              		.align	2
 2733              		.global	Task5
 2735              	Task5:
 2736              	.LFB5:
 240:../lab12-foreback.c **** 
 241:../lab12-foreback.c **** void Task5( void )  /* Cada vez que reciba un scancode lo muestra por la UART0 */
 242:../lab12-foreback.c **** {
 2737              		.loc 1 242 0
 2738              		.cfi_startproc
 2739              		@ Function supports interworking.
 2740              		@ args = 0, pretend = 0, frame = 0
 2741              		@ frame_needed = 1, uses_anonymous_args = 0
 2742 04c8 0DC0A0E1 		mov	ip, sp
 2743              	.LCFI10:
 2744              		.cfi_def_cfa_register 12
 2745 04cc 00D82DE9 		stmfd	sp!, {fp, ip, lr, pc}
 2746 04d0 04B04CE2 		sub	fp, ip, #4
 2747              		.cfi_offset 14, -8
 2748              		.cfi_offset 13, -12
 2749              		.cfi_offset 11, -16
 2750              	.LCFI11:
 2751              		.cfi_def_cfa 11, 4
 243:../lab12-foreback.c ****     static boolean init = TRUE;
 244:../lab12-foreback.c **** 
 245:../lab12-foreback.c ****     if( init )
 2752              		.loc 1 245 0
 2753 04d4 4C309FE5 		ldr	r3, .L44
 2754 04d8 0030D3E5 		ldrb	r3, [r3, #0]	@ zero_extendqisi2
 2755 04dc 000053E3 		cmp	r3, #0
 2756 04e0 0500000A 		beq	.L42
 246:../lab12-foreback.c ****     {
 247:../lab12-foreback.c ****         init = FALSE;
 2757              		.loc 1 247 0
 2758 04e4 3C309FE5 		ldr	r3, .L44
 2759 04e8 0020A0E3 		mov	r2, #0
 2760 04ec 0020C3E5 		strb	r2, [r3, #0]
 248:../lab12-foreback.c ****         uart0_puts( " Task 5: iniciada.\n" );  /* Muestra un mensaje inicial en la UART0 (no es nec
 2761              		.loc 1 248 0
 2762 04f0 34009FE5 		ldr	r0, .L44+4
 2763 04f4 FEFFFFEB 		bl	uart0_puts
 2764 04f8 070000EA 		b	.L41
 2765              	.L42:
 249:../lab12-foreback.c ****     }
 250:../lab12-foreback.c ****     else
 251:../lab12-foreback.c ****     {
 252:../lab12-foreback.c ****         uart0_puts( "  (Task 5) Tecla pulsada: " );
 2766              		.loc 1 252 0
 2767 04fc 2C009FE5 		ldr	r0, .L44+8
 2768 0500 FEFFFFEB 		bl	uart0_puts
 253:../lab12-foreback.c ****         uart0_puthex( scancode );
 2769              		.loc 1 253 0
 2770 0504 28309FE5 		ldr	r3, .L44+12
 2771 0508 0030D3E5 		ldrb	r3, [r3, #0]	@ zero_extendqisi2
 2772 050c 0300A0E1 		mov	r0, r3
 2773 0510 FEFFFFEB 		bl	uart0_puthex
 254:../lab12-foreback.c ****         uart0_puts( "\n" );
 2774              		.loc 1 254 0
 2775 0514 1C009FE5 		ldr	r0, .L44+16
 2776 0518 FEFFFFEB 		bl	uart0_puts
 2777              	.L41:
 255:../lab12-foreback.c ****     }
 256:../lab12-foreback.c **** }
 2778              		.loc 1 256 0
 2779 051c 0CD04BE2 		sub	sp, fp, #12
 2780 0520 00689DE8 		ldmfd	sp, {fp, sp, lr}
 2781 0524 1EFF2FE1 		bx	lr
 2782              	.L45:
 2783              		.align	2
 2784              	.L44:
 2785 0528 0C000000 		.word	init.4198
 2786 052c E4000000 		.word	.LC9
 2787 0530 F8000000 		.word	.LC10
 2788 0534 00000000 		.word	scancode
 2789 0538 B8000000 		.word	.LC6
 2790              		.cfi_endproc
 2791              	.LFE5:
 2793              		.section	.rodata
 2794 0113 00       		.align	2
 2795              	.LC11:
 2796 0114 20546173 		.ascii	" Task 6: iniciada.\012\000"
 2796      6B20363A 
 2796      20696E69 
 2796      63696164 
 2796      612E0A00 
 2797              		.text
 2798              		.align	2
 2799              		.global	Task6
 2801              	Task6:
 2802              	.LFB6:
 257:../lab12-foreback.c **** 
 258:../lab12-foreback.c **** void Task6( void )  /* Cada vez que reciba un scancode lo muestra por los 7 segmentos */
 259:../lab12-foreback.c **** {
 2803              		.loc 1 259 0
 2804              		.cfi_startproc
 2805              		@ Function supports interworking.
 2806              		@ args = 0, pretend = 0, frame = 0
 2807              		@ frame_needed = 1, uses_anonymous_args = 0
 2808 053c 0DC0A0E1 		mov	ip, sp
 2809              	.LCFI12:
 2810              		.cfi_def_cfa_register 12
 2811 0540 00D82DE9 		stmfd	sp!, {fp, ip, lr, pc}
 2812 0544 04B04CE2 		sub	fp, ip, #4
 2813              		.cfi_offset 14, -8
 2814              		.cfi_offset 13, -12
 2815              		.cfi_offset 11, -16
 2816              	.LCFI13:
 2817              		.cfi_def_cfa 11, 4
 260:../lab12-foreback.c ****     static boolean init = TRUE;
 261:../lab12-foreback.c **** 
 262:../lab12-foreback.c ****     if( init )
 2818              		.loc 1 262 0
 2819 0548 3C309FE5 		ldr	r3, .L49
 2820 054c 0030D3E5 		ldrb	r3, [r3, #0]	@ zero_extendqisi2
 2821 0550 000053E3 		cmp	r3, #0
 2822 0554 0500000A 		beq	.L47
 263:../lab12-foreback.c ****     {
 264:../lab12-foreback.c ****         init = FALSE;
 2823              		.loc 1 264 0
 2824 0558 2C309FE5 		ldr	r3, .L49
 2825 055c 0020A0E3 		mov	r2, #0
 2826 0560 0020C3E5 		strb	r2, [r3, #0]
 265:../lab12-foreback.c ****         uart0_puts( " Task 6: iniciada.\n" );  /* Muestra un mensaje inicial en la UART0 (no es nec
 2827              		.loc 1 265 0
 2828 0564 24009FE5 		ldr	r0, .L49+4
 2829 0568 FEFFFFEB 		bl	uart0_puts
 2830 056c 030000EA 		b	.L46
 2831              	.L47:
 266:../lab12-foreback.c ****     }
 267:../lab12-foreback.c ****     else
 268:../lab12-foreback.c ****     {
 269:../lab12-foreback.c ****         segs_putchar( scancode );
 2832              		.loc 1 269 0
 2833 0570 1C309FE5 		ldr	r3, .L49+8
 2834 0574 0030D3E5 		ldrb	r3, [r3, #0]	@ zero_extendqisi2
 2835 0578 0300A0E1 		mov	r0, r3
 2836 057c FEFFFFEB 		bl	segs_putchar
 2837              	.L46:
 270:../lab12-foreback.c ****     }
 271:../lab12-foreback.c **** }
 2838              		.loc 1 271 0
 2839 0580 0CD04BE2 		sub	sp, fp, #12
 2840 0584 00689DE8 		ldmfd	sp, {fp, sp, lr}
 2841 0588 1EFF2FE1 		bx	lr
 2842              	.L50:
 2843              		.align	2
 2844              	.L49:
 2845 058c 0B000000 		.word	init.4202
 2846 0590 14010000 		.word	.LC11
 2847 0594 00000000 		.word	scancode
 2848              		.cfi_endproc
 2849              	.LFE6:
 2851              		.section	.rodata
 2852              		.align	2
 2853              	.LC12:
 2854 0128 20546173 		.ascii	" Task 7: iniciada.\012\000"
 2854      6B20373A 
 2854      20696E69 
 2854      63696164 
 2854      612E0A00 
 2855              		.align	2
 2856              	.LC13:
 2857 013c 20202854 		.ascii	"  (Task 7) Se ha pulsado alg\372n pushbutton...\012"
 2857      61736B20 
 2857      37292053 
 2857      65206861 
 2857      2070756C 
 2858 0169 00       		.ascii	"\000"
 2859              		.text
 2860              		.align	2
 2861              		.global	Task7
 2863              	Task7:
 2864              	.LFB7:
 272:../lab12-foreback.c **** 
 273:../lab12-foreback.c **** void Task7( void )  /* Cada vez que se presione un pulsador lo avisa por la UART0 */
 274:../lab12-foreback.c **** {
 2865              		.loc 1 274 0
 2866              		.cfi_startproc
 2867              		@ Function supports interworking.
 2868              		@ args = 0, pretend = 0, frame = 0
 2869              		@ frame_needed = 1, uses_anonymous_args = 0
 2870 0598 0DC0A0E1 		mov	ip, sp
 2871              	.LCFI14:
 2872              		.cfi_def_cfa_register 12
 2873 059c 00D82DE9 		stmfd	sp!, {fp, ip, lr, pc}
 2874 05a0 04B04CE2 		sub	fp, ip, #4
 2875              		.cfi_offset 14, -8
 2876              		.cfi_offset 13, -12
 2877              		.cfi_offset 11, -16
 2878              	.LCFI15:
 2879              		.cfi_def_cfa 11, 4
 275:../lab12-foreback.c ****     static boolean init = TRUE;
 276:../lab12-foreback.c **** 
 277:../lab12-foreback.c ****     if( init )
 2880              		.loc 1 277 0
 2881 05a4 34309FE5 		ldr	r3, .L54
 2882 05a8 0030D3E5 		ldrb	r3, [r3, #0]	@ zero_extendqisi2
 2883 05ac 000053E3 		cmp	r3, #0
 2884 05b0 0500000A 		beq	.L52
 278:../lab12-foreback.c ****     {
 279:../lab12-foreback.c ****         init = FALSE;
 2885              		.loc 1 279 0
 2886 05b4 24309FE5 		ldr	r3, .L54
 2887 05b8 0020A0E3 		mov	r2, #0
 2888 05bc 0020C3E5 		strb	r2, [r3, #0]
 280:../lab12-foreback.c ****         uart0_puts( " Task 7: iniciada.\n" );  /* Muestra un mensaje inicial en la UART0 (no es nec
 2889              		.loc 1 280 0
 2890 05c0 1C009FE5 		ldr	r0, .L54+4
 2891 05c4 FEFFFFEB 		bl	uart0_puts
 2892 05c8 010000EA 		b	.L51
 2893              	.L52:
 281:../lab12-foreback.c ****     }
 282:../lab12-foreback.c ****     else
 283:../lab12-foreback.c ****     {   
 284:../lab12-foreback.c ****         uart0_puts( "  (Task 7) Se ha pulsado algún pushbutton...\n" );
 2894              		.loc 1 284 0
 2895 05cc 14009FE5 		ldr	r0, .L54+8
 2896 05d0 FEFFFFEB 		bl	uart0_puts
 2897              	.L51:
 285:../lab12-foreback.c ****     }
 286:../lab12-foreback.c **** }
 2898              		.loc 1 286 0
 2899 05d4 0CD04BE2 		sub	sp, fp, #12
 2900 05d8 00689DE8 		ldmfd	sp, {fp, sp, lr}
 2901 05dc 1EFF2FE1 		bx	lr
 2902              	.L55:
 2903              		.align	2
 2904              	.L54:
 2905 05e0 0A000000 		.word	init.4206
 2906 05e4 28010000 		.word	.LC12
 2907 05e8 3C010000 		.word	.LC13
 2908              		.cfi_endproc
 2909              	.LFE7:
 2911              		.section	.rodata
 2912 016a 0000     		.align	2
 2913              	.LC14:
 2914 016c 20546173 		.ascii	" Task 8: iniciada.\012\000"
 2914      6B20383A 
 2914      20696E69 
 2914      63696164 
 2914      612E0A00 
 2915              		.align	2
 2916              	.LC15:
 2917 0180 20202854 		.ascii	"  (Task 8) Tecla pulsada: \000"
 2917      61736B20 
 2917      38292054 
 2917      65636C61 
 2917      2070756C 
 2918              		.text
 2919              		.align	2
 2920              		.global	Task8
 2922              	Task8:
 2923              	.LFB8:
 287:../lab12-foreback.c **** void Task8(void){
 2924              		.loc 1 287 0
 2925              		.cfi_startproc
 2926              		@ Function supports interworking.
 2927              		@ args = 0, pretend = 0, frame = 0
 2928              		@ frame_needed = 1, uses_anonymous_args = 0
 2929 05ec 0DC0A0E1 		mov	ip, sp
 2930              	.LCFI16:
 2931              		.cfi_def_cfa_register 12
 2932 05f0 00D82DE9 		stmfd	sp!, {fp, ip, lr, pc}
 2933 05f4 04B04CE2 		sub	fp, ip, #4
 2934              		.cfi_offset 14, -8
 2935              		.cfi_offset 13, -12
 2936              		.cfi_offset 11, -16
 2937              	.LCFI17:
 2938              		.cfi_def_cfa 11, 4
 2939 05f8 08D04DE2 		sub	sp, sp, #8
 288:../lab12-foreback.c **** 	static boolean init = TRUE;
 289:../lab12-foreback.c **** 
 290:../lab12-foreback.c **** 	    if( init )
 2940              		.loc 1 290 0
 2941 05fc B4309FE5 		ldr	r3, .L59
 2942 0600 0030D3E5 		ldrb	r3, [r3, #0]	@ zero_extendqisi2
 2943 0604 000053E3 		cmp	r3, #0
 2944 0608 1300000A 		beq	.L57
 291:../lab12-foreback.c **** 	    {
 292:../lab12-foreback.c **** 	        init = FALSE;
 2945              		.loc 1 292 0
 2946 060c A4309FE5 		ldr	r3, .L59
 2947 0610 0020A0E3 		mov	r2, #0
 2948 0614 0020C3E5 		strb	r2, [r3, #0]
 293:../lab12-foreback.c **** 	        lcd_draw_box( 10, 10, 310, 230, BLACK, 5 );
 2949              		.loc 1 293 0
 2950 0618 0F30A0E3 		mov	r3, #15
 2951 061c 00308DE5 		str	r3, [sp, #0]
 2952 0620 0530A0E3 		mov	r3, #5
 2953 0624 04308DE5 		str	r3, [sp, #4]
 2954 0628 0A00A0E3 		mov	r0, #10
 2955 062c 0A10A0E3 		mov	r1, #10
 2956 0630 84209FE5 		ldr	r2, .L59+4
 2957 0634 E630A0E3 		mov	r3, #230
 2958 0638 FEFFFFEB 		bl	lcd_draw_box
 294:../lab12-foreback.c **** 	        uart0_puts( " Task 8: iniciada.\n" );  /* Muestra un mensaje inicial en la UART0 (no es ne
 2959              		.loc 1 294 0
 2960 063c 7C009FE5 		ldr	r0, .L59+8
 2961 0640 FEFFFFEB 		bl	uart0_puts
 295:../lab12-foreback.c **** 	        lcd_puts( 20,32,BLACK," Task 8: iniciada.\n");
 2962              		.loc 1 295 0
 2963 0644 1400A0E3 		mov	r0, #20
 2964 0648 2010A0E3 		mov	r1, #32
 2965 064c 0F20A0E3 		mov	r2, #15
 2966 0650 68309FE5 		ldr	r3, .L59+8
 2967 0654 FEFFFFEB 		bl	lcd_puts
 2968 0658 130000EA 		b	.L56
 2969              	.L57:
 296:../lab12-foreback.c **** 	    }
 297:../lab12-foreback.c **** 
 298:../lab12-foreback.c **** 	    else
 299:../lab12-foreback.c **** 		{
 300:../lab12-foreback.c **** 
 301:../lab12-foreback.c **** 			//lcd_clear();
 302:../lab12-foreback.c **** 			//lcd_draw_hline(0,LCD_WIDTH-1,32,0,16);
 303:../lab12-foreback.c **** 			lcd_draw_box( 10, 10, 310, 230, BLACK, 5 );
 2970              		.loc 1 303 0
 2971 065c 0F30A0E3 		mov	r3, #15
 2972 0660 00308DE5 		str	r3, [sp, #0]
 2973 0664 0530A0E3 		mov	r3, #5
 2974 0668 04308DE5 		str	r3, [sp, #4]
 2975 066c 0A00A0E3 		mov	r0, #10
 2976 0670 0A10A0E3 		mov	r1, #10
 2977 0674 40209FE5 		ldr	r2, .L59+4
 2978 0678 E630A0E3 		mov	r3, #230
 2979 067c FEFFFFEB 		bl	lcd_draw_box
 304:../lab12-foreback.c **** 			lcd_puts( 20,32,BLACK,"  (Task 8) Tecla pulsada: " );
 2980              		.loc 1 304 0
 2981 0680 1400A0E3 		mov	r0, #20
 2982 0684 2010A0E3 		mov	r1, #32
 2983 0688 0F20A0E3 		mov	r2, #15
 2984 068c 30309FE5 		ldr	r3, .L59+12
 2985 0690 FEFFFFEB 		bl	lcd_puts
 305:../lab12-foreback.c **** 			//uart0_puthex( scancode );
 306:../lab12-foreback.c **** 			lcd_puthex(27*8,32,BLACK,scancode);
 2986              		.loc 1 306 0
 2987 0694 2C309FE5 		ldr	r3, .L59+16
 2988 0698 0030D3E5 		ldrb	r3, [r3, #0]	@ zero_extendqisi2
 2989 069c D800A0E3 		mov	r0, #216
 2990 06a0 2010A0E3 		mov	r1, #32
 2991 06a4 0F20A0E3 		mov	r2, #15
 2992 06a8 FEFFFFEB 		bl	lcd_puthex
 2993              	.L56:
 307:../lab12-foreback.c **** 			//uart0_puts( "\n" );
 308:../lab12-foreback.c **** 		}
 309:../lab12-foreback.c **** }
 2994              		.loc 1 309 0
 2995 06ac 0CD04BE2 		sub	sp, fp, #12
 2996 06b0 00689DE8 		ldmfd	sp, {fp, sp, lr}
 2997 06b4 1EFF2FE1 		bx	lr
 2998              	.L60:
 2999              		.align	2
 3000              	.L59:
 3001 06b8 09000000 		.word	init.4210
 3002 06bc 36010000 		.word	310
 3003 06c0 6C010000 		.word	.LC14
 3004 06c4 80010000 		.word	.LC15
 3005 06c8 00000000 		.word	scancode
 3006              		.cfi_endproc
 3007              	.LFE8:
 3009              		.section	.rodata
 3010 019b 00       		.align	2
 3011              	.LC16:
 3012 019c 20546173 		.ascii	" Task 9: iniciada.\012\000"
 3012      6B20393A 
 3012      20696E69 
 3012      63696164 
 3012      612E0A00 
 3013              		.align	2
 3014              	.LC17:
 3015 01b0 20202854 		.ascii	"  (Task 9) Segundos: \000"
 3015      61736B20 
 3015      39292053 
 3015      6567756E 
 3015      646F733A 
 3016 01c6 0000     		.align	2
 3017              	.LC18:
 3018 01c8 20202000 		.ascii	"   \000"
 3019              		.text
 3020              		.align	2
 3021              		.global	Task9
 3023              	Task9:
 3024              	.LFB9:
 310:../lab12-foreback.c **** void Task9(void){
 3025              		.loc 1 310 0
 3026              		.cfi_startproc
 3027              		@ Function supports interworking.
 3028              		@ args = 0, pretend = 0, frame = 8
 3029              		@ frame_needed = 1, uses_anonymous_args = 0
 3030 06cc 0DC0A0E1 		mov	ip, sp
 3031              	.LCFI18:
 3032              		.cfi_def_cfa_register 12
 3033 06d0 00D82DE9 		stmfd	sp!, {fp, ip, lr, pc}
 3034 06d4 04B04CE2 		sub	fp, ip, #4
 3035              		.cfi_offset 14, -8
 3036              		.cfi_offset 13, -12
 3037              		.cfi_offset 11, -16
 3038              	.LCFI19:
 3039              		.cfi_def_cfa 11, 4
 3040 06d8 10D04DE2 		sub	sp, sp, #16
 311:../lab12-foreback.c **** 	static boolean init = TRUE;
 312:../lab12-foreback.c **** 	rtc_time_t rtc_time;
 313:../lab12-foreback.c **** 	uint8 pos = 20;
 3041              		.loc 1 313 0
 3042 06dc 1430A0E3 		mov	r3, #20
 3043 06e0 0D304BE5 		strb	r3, [fp, #-13]
 314:../lab12-foreback.c **** 	if( init )
 3044              		.loc 1 314 0
 3045 06e4 24319FE5 		ldr	r3, .L65
 3046 06e8 0030D3E5 		ldrb	r3, [r3, #0]	@ zero_extendqisi2
 3047 06ec 000053E3 		cmp	r3, #0
 3048 06f0 1300000A 		beq	.L62
 315:../lab12-foreback.c **** 	{
 316:../lab12-foreback.c **** 		init = FALSE;
 3049              		.loc 1 316 0
 3050 06f4 14319FE5 		ldr	r3, .L65
 3051 06f8 0020A0E3 		mov	r2, #0
 3052 06fc 0020C3E5 		strb	r2, [r3, #0]
 317:../lab12-foreback.c **** 
 318:../lab12-foreback.c **** 		lcd_draw_box( 10, 10, 310, 230, BLACK, 5 );
 3053              		.loc 1 318 0
 3054 0700 0F30A0E3 		mov	r3, #15
 3055 0704 00308DE5 		str	r3, [sp, #0]
 3056 0708 0530A0E3 		mov	r3, #5
 3057 070c 04308DE5 		str	r3, [sp, #4]
 3058 0710 0A00A0E3 		mov	r0, #10
 3059 0714 0A10A0E3 		mov	r1, #10
 3060 0718 F4209FE5 		ldr	r2, .L65+4
 3061 071c E630A0E3 		mov	r3, #230
 3062 0720 FEFFFFEB 		bl	lcd_draw_box
 319:../lab12-foreback.c **** 		uart0_puts( " Task 9: iniciada.\n" );/* Muestra un mensaje inicial en la UART0 (no es necesario s
 3063              		.loc 1 319 0
 3064 0724 EC009FE5 		ldr	r0, .L65+8
 3065 0728 FEFFFFEB 		bl	uart0_puts
 320:../lab12-foreback.c **** 		lcd_puts(20,16,BLACK," Task 9: iniciada.\n");
 3066              		.loc 1 320 0
 3067 072c 1400A0E3 		mov	r0, #20
 3068 0730 1010A0E3 		mov	r1, #16
 3069 0734 0F20A0E3 		mov	r2, #15
 3070 0738 D8309FE5 		ldr	r3, .L65+8
 3071 073c FEFFFFEB 		bl	lcd_puts
 3072 0740 2F0000EA 		b	.L61
 3073              	.L62:
 321:../lab12-foreback.c **** 	}
 322:../lab12-foreback.c **** 	else
 323:../lab12-foreback.c **** 	{
 324:../lab12-foreback.c **** 		rtc_gettime( &rtc_time );
 3074              		.loc 1 324 0
 3075 0744 14304BE2 		sub	r3, fp, #20
 3076 0748 0300A0E1 		mov	r0, r3
 3077 074c FEFFFFEB 		bl	rtc_gettime
 325:../lab12-foreback.c **** 		lcd_draw_box( 10, 10, 310, 230, BLACK, 5 );
 3078              		.loc 1 325 0
 3079 0750 0F30A0E3 		mov	r3, #15
 3080 0754 00308DE5 		str	r3, [sp, #0]
 3081 0758 0530A0E3 		mov	r3, #5
 3082 075c 04308DE5 		str	r3, [sp, #4]
 3083 0760 0A00A0E3 		mov	r0, #10
 3084 0764 0A10A0E3 		mov	r1, #10
 3085 0768 A4209FE5 		ldr	r2, .L65+4
 3086 076c E630A0E3 		mov	r3, #230
 3087 0770 FEFFFFEB 		bl	lcd_draw_box
 326:../lab12-foreback.c **** 		lcd_puts(pos,16,BLACK,"  (Task 9) Segundos: " );
 3088              		.loc 1 326 0
 3089 0774 0D305BE5 		ldrb	r3, [fp, #-13]	@ zero_extendqisi2
 3090 0778 0338A0E1 		mov	r3, r3, asl #16
 3091 077c 2338A0E1 		mov	r3, r3, lsr #16
 3092 0780 0300A0E1 		mov	r0, r3
 3093 0784 1010A0E3 		mov	r1, #16
 3094 0788 0F20A0E3 		mov	r2, #15
 3095 078c 88309FE5 		ldr	r3, .L65+12
 3096 0790 FEFFFFEB 		bl	lcd_puts
 327:../lab12-foreback.c **** 		//								  Hora:
 328:../lab12-foreback.c **** 		pos = pos + 20*8;
 3097              		.loc 1 328 0
 3098 0794 0D305BE5 		ldrb	r3, [fp, #-13]
 3099 0798 603043E2 		sub	r3, r3, #96
 3100 079c 0D304BE5 		strb	r3, [fp, #-13]
 329:../lab12-foreback.c **** 		lcd_putint(pos,16,BLACK,rtc_time.sec);
 3101              		.loc 1 329 0
 3102 07a0 0D305BE5 		ldrb	r3, [fp, #-13]	@ zero_extendqisi2
 3103 07a4 0338A0E1 		mov	r3, r3, asl #16
 3104 07a8 2328A0E1 		mov	r2, r3, lsr #16
 3105 07ac 14305BE5 		ldrb	r3, [fp, #-20]	@ zero_extendqisi2
 3106 07b0 0200A0E1 		mov	r0, r2
 3107 07b4 1010A0E3 		mov	r1, #16
 3108 07b8 0F20A0E3 		mov	r2, #15
 3109 07bc FEFFFFEB 		bl	lcd_putint
 330:../lab12-foreback.c **** 		if(rtc_time.sec>9)pos = pos +1*8;
 3110              		.loc 1 330 0
 3111 07c0 14305BE5 		ldrb	r3, [fp, #-20]	@ zero_extendqisi2
 3112 07c4 090053E3 		cmp	r3, #9
 3113 07c8 0200009A 		bls	.L64
 3114              		.loc 1 330 0 is_stmt 0 discriminator 1
 3115 07cc 0D305BE5 		ldrb	r3, [fp, #-13]
 3116 07d0 083083E2 		add	r3, r3, #8
 3117 07d4 0D304BE5 		strb	r3, [fp, #-13]
 3118              	.L64:
 331:../lab12-foreback.c **** 		pos = pos +1*8;
 3119              		.loc 1 331 0 is_stmt 1
 3120 07d8 0D305BE5 		ldrb	r3, [fp, #-13]
 3121 07dc 083083E2 		add	r3, r3, #8
 3122 07e0 0D304BE5 		strb	r3, [fp, #-13]
 332:../lab12-foreback.c **** 		lcd_puts(pos,16,BLACK,"   ");
 3123              		.loc 1 332 0
 3124 07e4 0D305BE5 		ldrb	r3, [fp, #-13]	@ zero_extendqisi2
 3125 07e8 0338A0E1 		mov	r3, r3, asl #16
 3126 07ec 2338A0E1 		mov	r3, r3, lsr #16
 3127 07f0 0300A0E1 		mov	r0, r3
 3128 07f4 1010A0E3 		mov	r1, #16
 3129 07f8 0F20A0E3 		mov	r2, #15
 3130 07fc 1C309FE5 		ldr	r3, .L65+16
 3131 0800 FEFFFFEB 		bl	lcd_puts
 3132              	.L61:
 333:../lab12-foreback.c **** 
 334:../lab12-foreback.c **** 	}
 335:../lab12-foreback.c **** }
 3133              		.loc 1 335 0
 3134 0804 0CD04BE2 		sub	sp, fp, #12
 3135 0808 00689DE8 		ldmfd	sp, {fp, sp, lr}
 3136 080c 1EFF2FE1 		bx	lr
 3137              	.L66:
 3138              		.align	2
 3139              	.L65:
 3140 0810 08000000 		.word	init.4214
 3141 0814 36010000 		.word	310
 3142 0818 9C010000 		.word	.LC16
 3143 081c B0010000 		.word	.LC17
 3144 0820 C8010000 		.word	.LC18
 3145              		.cfi_endproc
 3146              	.LFE9:
 3148              		.align	2
 3149              		.global	isr_pb
 3151              	isr_pb:
 3152              	.LFB10:
 336:../lab12-foreback.c **** /*******************************************************************/
 337:../lab12-foreback.c **** 
 338:../lab12-foreback.c **** void isr_pb( void )
 339:../lab12-foreback.c **** {
 3153              		.loc 1 339 0
 3154              		.cfi_startproc
 3155              		@ Interrupt Service Routine.
 3156              		@ args = 0, pretend = 0, frame = 0
 3157              		@ frame_needed = 1, uses_anonymous_args = 0
 3158 0824 04C02DE5 		str	ip, [sp, #-4]!
 3159 0828 0DC0A0E1 		mov	ip, sp
 3160              	.LCFI20:
 3161              		.cfi_def_cfa_register 12
 3162 082c 0CD82DE9 		stmfd	sp!, {r2, r3, fp, ip, lr, pc}
 3163 0830 04B04CE2 		sub	fp, ip, #4
 3164              		.cfi_offset 14, -8
 3165              		.cfi_offset 13, -12
 3166              		.cfi_offset 11, -16
 3167              		.cfi_offset 3, -20
 3168              		.cfi_offset 2, -24
 3169              	.LCFI21:
 3170              		.cfi_def_cfa 11, 4
 340:../lab12-foreback.c ****     flagPb = TRUE;
 3171              		.loc 1 340 0
 3172 0834 2C309FE5 		ldr	r3, .L68
 3173 0838 0120A0E3 		mov	r2, #1
 3174 083c 0020C3E5 		strb	r2, [r3, #0]
 341:../lab12-foreback.c ****     EXTINTPND = BIT_RIGHTPB | BIT_LEFTPB;
 3175              		.loc 1 341 0
 3176 0840 24309FE5 		ldr	r3, .L68+4
 3177 0844 0C20A0E3 		mov	r2, #12
 3178 0848 002083E5 		str	r2, [r3, #0]
 342:../lab12-foreback.c ****     I_ISPC = BIT_PB;
 3179              		.loc 1 342 0
 3180 084c 1C309FE5 		ldr	r3, .L68+8
 3181 0850 0226A0E3 		mov	r2, #2097152
 3182 0854 002083E5 		str	r2, [r3, #0]
 343:../lab12-foreback.c **** }
 3183              		.loc 1 343 0
 3184 0858 14D04BE2 		sub	sp, fp, #20
 3185 085c 0C689DE8 		ldmfd	sp, {r2, r3, fp, sp, lr}
 3186 0860 04C09DE4 		ldmfd	sp!, {ip}
 3187 0864 04F05EE2 		subs	pc, lr, #4
 3188              	.L69:
 3189              		.align	2
 3190              	.L68:
 3191 0868 00000000 		.word	flagPb
 3192 086c 5400D201 		.word	30539860
 3193 0870 2400E001 		.word	31457316
 3194              		.cfi_endproc
 3195              	.LFE10:
 3197              		.align	2
 3198              		.global	isr_tick
 3200              	isr_tick:
 3201              	.LFB11:
 344:../lab12-foreback.c **** 
 345:../lab12-foreback.c **** void isr_tick( void )
 346:../lab12-foreback.c **** {  
 3202              		.loc 1 346 0
 3203              		.cfi_startproc
 3204              		@ Interrupt Service Routine.
 3205              		@ args = 0, pretend = 0, frame = 0
 3206              		@ frame_needed = 1, uses_anonymous_args = 0
 3207 0874 04C02DE5 		str	ip, [sp, #-4]!
 3208 0878 0DC0A0E1 		mov	ip, sp
 3209              	.LCFI22:
 3210              		.cfi_def_cfa_register 12
 3211 087c 0CD82DE9 		stmfd	sp!, {r2, r3, fp, ip, lr, pc}
 3212 0880 04B04CE2 		sub	fp, ip, #4
 3213              		.cfi_offset 14, -8
 3214              		.cfi_offset 13, -12
 3215              		.cfi_offset 11, -16
 3216              		.cfi_offset 3, -20
 3217              		.cfi_offset 2, -24
 3218              	.LCFI23:
 3219              		.cfi_def_cfa 11, 4
 347:../lab12-foreback.c ****     static uint16 cont5ticks    = 5;
 348:../lab12-foreback.c ****     static uint16 cont50ticks   = 50;
 349:../lab12-foreback.c ****     static uint16 cont100ticks  = 100;
 350:../lab12-foreback.c ****     static uint16 cont1000ticks = 1000;
 351:../lab12-foreback.c ****     
 352:../lab12-foreback.c ****     if( !(--cont5ticks) )
 3220              		.loc 1 352 0
 3221 0884 24319FE5 		ldr	r3, .L75
 3222 0888 B030D3E1 		ldrh	r3, [r3, #0]
 3223 088c 013043E2 		sub	r3, r3, #1
 3224 0890 0338A0E1 		mov	r3, r3, asl #16
 3225 0894 2328A0E1 		mov	r2, r3, lsr #16
 3226 0898 10319FE5 		ldr	r3, .L75
 3227 089c B020C3E1 		strh	r2, [r3, #0]	@ movhi
 3228 08a0 08319FE5 		ldr	r3, .L75
 3229 08a4 B030D3E1 		ldrh	r3, [r3, #0]
 3230 08a8 000053E3 		cmp	r3, #0
 3231 08ac 0500001A 		bne	.L71
 353:../lab12-foreback.c ****     {
 354:../lab12-foreback.c ****         cont5ticks = 5;
 3232              		.loc 1 354 0
 3233 08b0 F8309FE5 		ldr	r3, .L75
 3234 08b4 0520A0E3 		mov	r2, #5
 3235 08b8 B020C3E1 		strh	r2, [r3, #0]	@ movhi
 355:../lab12-foreback.c ****         flagReadKeypad = TRUE;  
 3236              		.loc 1 355 0
 3237 08bc F0309FE5 		ldr	r3, .L75+4
 3238 08c0 0120A0E3 		mov	r2, #1
 3239 08c4 0020C3E5 		strb	r2, [r3, #0]
 3240              	.L71:
 356:../lab12-foreback.c ****     }
 357:../lab12-foreback.c ****     if( !(--cont50ticks) )
 3241              		.loc 1 357 0
 3242 08c8 E8309FE5 		ldr	r3, .L75+8
 3243 08cc B030D3E1 		ldrh	r3, [r3, #0]
 3244 08d0 013043E2 		sub	r3, r3, #1
 3245 08d4 0338A0E1 		mov	r3, r3, asl #16
 3246 08d8 2328A0E1 		mov	r2, r3, lsr #16
 3247 08dc D4309FE5 		ldr	r3, .L75+8
 3248 08e0 B020C3E1 		strh	r2, [r3, #0]	@ movhi
 3249 08e4 CC309FE5 		ldr	r3, .L75+8
 3250 08e8 B030D3E1 		ldrh	r3, [r3, #0]
 3251 08ec 000053E3 		cmp	r3, #0
 3252 08f0 0500001A 		bne	.L72
 358:../lab12-foreback.c ****     {
 359:../lab12-foreback.c ****         cont50ticks = 50;
 3253              		.loc 1 359 0
 3254 08f4 BC309FE5 		ldr	r3, .L75+8
 3255 08f8 3220A0E3 		mov	r2, #50
 3256 08fc B020C3E1 		strh	r2, [r3, #0]	@ movhi
 360:../lab12-foreback.c ****         flagToggleLeds = TRUE;
 3257              		.loc 1 360 0
 3258 0900 B4309FE5 		ldr	r3, .L75+12
 3259 0904 0120A0E3 		mov	r2, #1
 3260 0908 0020C3E5 		strb	r2, [r3, #0]
 3261              	.L72:
 361:../lab12-foreback.c ****     }        
 362:../lab12-foreback.c ****     if( !(--cont100ticks) )
 3262              		.loc 1 362 0
 3263 090c AC309FE5 		ldr	r3, .L75+16
 3264 0910 B030D3E1 		ldrh	r3, [r3, #0]
 3265 0914 013043E2 		sub	r3, r3, #1
 3266 0918 0338A0E1 		mov	r3, r3, asl #16
 3267 091c 2328A0E1 		mov	r2, r3, lsr #16
 3268 0920 98309FE5 		ldr	r3, .L75+16
 3269 0924 B020C3E1 		strh	r2, [r3, #0]	@ movhi
 3270 0928 90309FE5 		ldr	r3, .L75+16
 3271 092c B030D3E1 		ldrh	r3, [r3, #0]
 3272 0930 000053E3 		cmp	r3, #0
 3273 0934 0500001A 		bne	.L73
 363:../lab12-foreback.c ****     {
 364:../lab12-foreback.c ****         cont100ticks = 100;
 3274              		.loc 1 364 0
 3275 0938 80309FE5 		ldr	r3, .L75+16
 3276 093c 6420A0E3 		mov	r2, #100
 3277 0940 B020C3E1 		strh	r2, [r3, #0]	@ movhi
 365:../lab12-foreback.c ****         flagWriteRTC  = TRUE;
 3278              		.loc 1 365 0
 3279 0944 78309FE5 		ldr	r3, .L75+20
 3280 0948 0120A0E3 		mov	r2, #1
 3281 094c 0020C3E5 		strb	r2, [r3, #0]
 3282              	.L73:
 366:../lab12-foreback.c ****     }    
 367:../lab12-foreback.c ****     if( !(--cont1000ticks) )
 3283              		.loc 1 367 0
 3284 0950 70309FE5 		ldr	r3, .L75+24
 3285 0954 B030D3E1 		ldrh	r3, [r3, #0]
 3286 0958 013043E2 		sub	r3, r3, #1
 3287 095c 0338A0E1 		mov	r3, r3, asl #16
 3288 0960 2328A0E1 		mov	r2, r3, lsr #16
 3289 0964 5C309FE5 		ldr	r3, .L75+24
 3290 0968 B020C3E1 		strh	r2, [r3, #0]	@ movhi
 3291 096c 54309FE5 		ldr	r3, .L75+24
 3292 0970 B030D3E1 		ldrh	r3, [r3, #0]
 3293 0974 000053E3 		cmp	r3, #0
 3294 0978 0500001A 		bne	.L74
 368:../lab12-foreback.c ****     {
 369:../lab12-foreback.c ****         cont1000ticks = 1000;
 3295              		.loc 1 369 0
 3296 097c 44309FE5 		ldr	r3, .L75+24
 3297 0980 FA2FA0E3 		mov	r2, #1000
 3298 0984 B020C3E1 		strh	r2, [r3, #0]	@ movhi
 370:../lab12-foreback.c ****         flagWriteTicks = TRUE;
 3299              		.loc 1 370 0
 3300 0988 3C309FE5 		ldr	r3, .L75+28
 3301 098c 0120A0E3 		mov	r2, #1
 3302 0990 0020C3E5 		strb	r2, [r3, #0]
 3303              	.L74:
 371:../lab12-foreback.c ****     }   
 372:../lab12-foreback.c ****     
 373:../lab12-foreback.c ****     I_ISPC = BIT_TIMER0;
 3304              		.loc 1 373 0
 3305 0994 34309FE5 		ldr	r3, .L75+32
 3306 0998 022AA0E3 		mov	r2, #8192
 3307 099c 002083E5 		str	r2, [r3, #0]
 374:../lab12-foreback.c **** };
 3308              		.loc 1 374 0
 3309 09a0 14D04BE2 		sub	sp, fp, #20
 3310 09a4 0C689DE8 		ldmfd	sp, {r2, r3, fp, sp, lr}
 3311 09a8 04C09DE4 		ldmfd	sp!, {ip}
 3312 09ac 04F05EE2 		subs	pc, lr, #4
 3313              	.L76:
 3314              		.align	2
 3315              	.L75:
 3316 09b0 00000000 		.word	cont5ticks.4223
 3317 09b4 00000000 		.word	flagReadKeypad
 3318 09b8 02000000 		.word	cont50ticks.4224
 3319 09bc 00000000 		.word	flagToggleLeds
 3320 09c0 04000000 		.word	cont100ticks.4225
 3321 09c4 00000000 		.word	flagWriteRTC
 3322 09c8 06000000 		.word	cont1000ticks.4226
 3323 09cc 00000000 		.word	flagWriteTicks
 3324 09d0 2400E001 		.word	31457316
 3325              		.cfi_endproc
 3326              	.LFE11:
 3328              		.data
 3329              		.align	1
 3332              	cont5ticks.4223:
 3333 0000 0500     		.short	5
 3334              		.align	1
 3337              	cont50ticks.4224:
 3338 0002 3200     		.short	50
 3339              		.align	1
 3342              	cont100ticks.4225:
 3343 0004 6400     		.short	100
 3344              		.align	1
 3347              	cont1000ticks.4226:
 3348 0006 E803     		.short	1000
 3351              	init.4214:
 3352 0008 01       		.byte	1
 3355              	init.4210:
 3356 0009 01       		.byte	1
 3359              	init.4206:
 3360 000a 01       		.byte	1
 3363              	init.4202:
 3364 000b 01       		.byte	1
 3367              	init.4198:
 3368 000c 01       		.byte	1
 3371              	init.4193:
 3372 000d 01       		.byte	1
 3373              		.bss
 3374              		.align	2
 3375              	ticks.4194:
 3376 0000 00000000 		.space	4
 3377              		.data
 3380              	init.4188:
 3381 000e 01       		.byte	1
 3384              	init.4175:
 3385 000f 01       		.byte	1
 3386              		.bss
 3387              	state.4180:
 3388 0004 00       		.space	1
 3389 0005 000000   		.data
 3392              	init.4171:
 3393 0010 01       		.byte	1
 3394 0011 00       		.text
 3395              	.Letext0:
DEFINED SYMBOLS
                            *ABS*:00000000 lab12-foreback.c
                            *COM*:00000001 scancode
                            *COM*:00000001 flagTask5
                            *COM*:00000001 flagTask6
                            *COM*:00000001 flagPb
                            *COM*:00000001 flagToggleLeds
                            *COM*:00000001 flagReadKeypad
                            *COM*:00000001 flagWriteRTC
                            *COM*:00000001 flagWriteTicks
C:\Users\USUARI~1\AppData\Local\Temp\cc1F1Ki7.s:2137   .rodata:00000000 $d
C:\Users\USUARI~1\AppData\Local\Temp\cc1F1Ki7.s:2146   .text:00000000 $a
C:\Users\USUARI~1\AppData\Local\Temp\cc1F1Ki7.s:2149   .text:00000000 main
C:\Users\USUARI~1\AppData\Local\Temp\cc1F1Ki7.s:2373   .text:0000020c Task1
C:\Users\USUARI~1\AppData\Local\Temp\cc1F1Ki7.s:2437   .text:00000274 Task2
C:\Users\USUARI~1\AppData\Local\Temp\cc1F1Ki7.s:2570   .text:00000390 Task3
C:\Users\USUARI~1\AppData\Local\Temp\cc1F1Ki7.s:2656   .text:00000434 Task4
C:\Users\USUARI~1\AppData\Local\Temp\cc1F1Ki7.s:2735   .text:000004c8 Task5
C:\Users\USUARI~1\AppData\Local\Temp\cc1F1Ki7.s:2801   .text:0000053c Task6
C:\Users\USUARI~1\AppData\Local\Temp\cc1F1Ki7.s:2863   .text:00000598 Task7
C:\Users\USUARI~1\AppData\Local\Temp\cc1F1Ki7.s:2922   .text:000005ec Task8
C:\Users\USUARI~1\AppData\Local\Temp\cc1F1Ki7.s:3023   .text:000006cc Task9
C:\Users\USUARI~1\AppData\Local\Temp\cc1F1Ki7.s:2351   .text:000001e0 $d
C:\Users\USUARI~1\AppData\Local\Temp\cc1F1Ki7.s:3151   .text:00000824 isr_pb
C:\Users\USUARI~1\AppData\Local\Temp\cc1F1Ki7.s:3200   .text:00000874 isr_tick
C:\Users\USUARI~1\AppData\Local\Temp\cc1F1Ki7.s:2370   .text:0000020c $a
C:\Users\USUARI~1\AppData\Local\Temp\cc1F1Ki7.s:2424   .text:0000026c $d
C:\Users\USUARI~1\AppData\Local\Temp\cc1F1Ki7.s:3392   .data:00000010 init.4171
C:\Users\USUARI~1\AppData\Local\Temp\cc1F1Ki7.s:2434   .text:00000274 $a
C:\Users\USUARI~1\AppData\Local\Temp\cc1F1Ki7.s:2547   .text:00000378 $d
C:\Users\USUARI~1\AppData\Local\Temp\cc1F1Ki7.s:3384   .data:0000000f init.4175
C:\Users\USUARI~1\AppData\Local\Temp\cc1F1Ki7.s:3387   .bss:00000004 state.4180
C:\Users\USUARI~1\AppData\Local\Temp\cc1F1Ki7.s:2567   .text:00000390 $a
C:\Users\USUARI~1\AppData\Local\Temp\cc1F1Ki7.s:2638   .text:00000424 $d
C:\Users\USUARI~1\AppData\Local\Temp\cc1F1Ki7.s:3380   .data:0000000e init.4188
C:\Users\USUARI~1\AppData\Local\Temp\cc1F1Ki7.s:2653   .text:00000434 $a
C:\Users\USUARI~1\AppData\Local\Temp\cc1F1Ki7.s:2716   .text:000004b4 $d
C:\Users\USUARI~1\AppData\Local\Temp\cc1F1Ki7.s:3371   .data:0000000d init.4193
C:\Users\USUARI~1\AppData\Local\Temp\cc1F1Ki7.s:3375   .bss:00000000 ticks.4194
C:\Users\USUARI~1\AppData\Local\Temp\cc1F1Ki7.s:2732   .text:000004c8 $a
C:\Users\USUARI~1\AppData\Local\Temp\cc1F1Ki7.s:2785   .text:00000528 $d
C:\Users\USUARI~1\AppData\Local\Temp\cc1F1Ki7.s:3367   .data:0000000c init.4198
C:\Users\USUARI~1\AppData\Local\Temp\cc1F1Ki7.s:2798   .text:0000053c $a
C:\Users\USUARI~1\AppData\Local\Temp\cc1F1Ki7.s:2845   .text:0000058c $d
C:\Users\USUARI~1\AppData\Local\Temp\cc1F1Ki7.s:3363   .data:0000000b init.4202
C:\Users\USUARI~1\AppData\Local\Temp\cc1F1Ki7.s:2860   .text:00000598 $a
C:\Users\USUARI~1\AppData\Local\Temp\cc1F1Ki7.s:2905   .text:000005e0 $d
C:\Users\USUARI~1\AppData\Local\Temp\cc1F1Ki7.s:3359   .data:0000000a init.4206
C:\Users\USUARI~1\AppData\Local\Temp\cc1F1Ki7.s:2919   .text:000005ec $a
C:\Users\USUARI~1\AppData\Local\Temp\cc1F1Ki7.s:3001   .text:000006b8 $d
C:\Users\USUARI~1\AppData\Local\Temp\cc1F1Ki7.s:3355   .data:00000009 init.4210
C:\Users\USUARI~1\AppData\Local\Temp\cc1F1Ki7.s:3020   .text:000006cc $a
C:\Users\USUARI~1\AppData\Local\Temp\cc1F1Ki7.s:3140   .text:00000810 $d
C:\Users\USUARI~1\AppData\Local\Temp\cc1F1Ki7.s:3351   .data:00000008 init.4214
C:\Users\USUARI~1\AppData\Local\Temp\cc1F1Ki7.s:3148   .text:00000824 $a
C:\Users\USUARI~1\AppData\Local\Temp\cc1F1Ki7.s:3191   .text:00000868 $d
C:\Users\USUARI~1\AppData\Local\Temp\cc1F1Ki7.s:3197   .text:00000874 $a
C:\Users\USUARI~1\AppData\Local\Temp\cc1F1Ki7.s:3316   .text:000009b0 $d
C:\Users\USUARI~1\AppData\Local\Temp\cc1F1Ki7.s:3332   .data:00000000 cont5ticks.4223
C:\Users\USUARI~1\AppData\Local\Temp\cc1F1Ki7.s:3337   .data:00000002 cont50ticks.4224
C:\Users\USUARI~1\AppData\Local\Temp\cc1F1Ki7.s:3342   .data:00000004 cont100ticks.4225
C:\Users\USUARI~1\AppData\Local\Temp\cc1F1Ki7.s:3347   .data:00000006 cont1000ticks.4226
C:\Users\USUARI~1\AppData\Local\Temp\cc1F1Ki7.s:3329   .data:00000000 $d
C:\Users\USUARI~1\AppData\Local\Temp\cc1F1Ki7.s:3374   .bss:00000000 $d
                     .debug_frame:00000010 $d

UNDEFINED SYMBOLS
sys_init
timers_init
uart0_init
leds_init
segs_init
rtc_init
pbs_init
keypad_init
lcd_init
lcd_clear
lcd_on
uart0_puts
pbs_open
timer0_open_tick
sleep
led_on
led_off
led_toggle
keypad_pressed
keypad_scan
rtc_gettime
uart0_putint
uart0_putchar
uart0_puthex
segs_putchar
lcd_draw_box
lcd_puts
lcd_puthex
lcd_putint
