Archive member included because of file (symbol)

../../BSP/Debug\libBSP.a(keypad.o)
                              ./lab12-foreback.o (keypad_scan)
../../BSP/Debug\libBSP.a(lcd.o)
                              ./lab12-foreback.o (lcd_init)
../../BSP/Debug\libBSP.a(leds.o)
                              ./lab12-foreback.o (leds_init)
../../BSP/Debug\libBSP.a(pbs.o)
                              ./lab12-foreback.o (pbs_init)
../../BSP/Debug\libBSP.a(rtc.o)
                              ./lab12-foreback.o (rtc_init)
../../BSP/Debug\libBSP.a(segs.o)
                              ./lab12-foreback.o (segs_init)
../../BSP/Debug\libBSP.a(system.o)
                              ./lab12-foreback.o (sys_init)
../../BSP/Debug\libBSP.a(timers.o)
                              ./lab12-foreback.o (timers_init)
../../BSP/Debug\libBSP.a(uart.o)
                              ./lab12-foreback.o (uart0_init)
../../BSP/Debug\libBSP.a(font8x16.o)
                              ../../BSP/Debug\libBSP.a(lcd.o) (font)
c:/software/electronica/arm/eclipsearm/sourcery-g++-lite-arm-2011.03/bin/../lib/gcc/arm-none-eabi/4.5.2\libgcc.a(_udivsi3.o)
                              ../../BSP/Debug\libBSP.a(timers.o) (__aeabi_uidiv)
c:/software/electronica/arm/eclipsearm/sourcery-g++-lite-arm-2011.03/bin/../lib/gcc/arm-none-eabi/4.5.2\libgcc.a(_dvmd_tls.o)
                              c:/software/electronica/arm/eclipsearm/sourcery-g++-lite-arm-2011.03/bin/../lib/gcc/arm-none-eabi/4.5.2\libgcc.a(_udivsi3.o) (__aeabi_idiv0)
c:/software/electronica/arm/eclipsearm/sourcery-g++-lite-arm-2011.03/bin/../lib/gcc/arm-none-eabi/4.5.2\libgcc.a(_aeabi_uldivmod.o)
                              ../../BSP/Debug\libBSP.a(timers.o) (__aeabi_uldivmod)
c:/software/electronica/arm/eclipsearm/sourcery-g++-lite-arm-2011.03/bin/../lib/gcc/arm-none-eabi/4.5.2\libgcc.a(bpabi.o)
                              c:/software/electronica/arm/eclipsearm/sourcery-g++-lite-arm-2011.03/bin/../lib/gcc/arm-none-eabi/4.5.2\libgcc.a(_aeabi_uldivmod.o) (__gnu_uldivmod_helper)
c:/software/electronica/arm/eclipsearm/sourcery-g++-lite-arm-2011.03/bin/../lib/gcc/arm-none-eabi/4.5.2\libgcc.a(_divdi3.o)
                              c:/software/electronica/arm/eclipsearm/sourcery-g++-lite-arm-2011.03/bin/../lib/gcc/arm-none-eabi/4.5.2\libgcc.a(bpabi.o) (__divdi3)
c:/software/electronica/arm/eclipsearm/sourcery-g++-lite-arm-2011.03/bin/../lib/gcc/arm-none-eabi/4.5.2\libgcc.a(_udivdi3.o)
                              c:/software/electronica/arm/eclipsearm/sourcery-g++-lite-arm-2011.03/bin/../lib/gcc/arm-none-eabi/4.5.2\libgcc.a(bpabi.o) (__udivdi3)
c:/software/electronica/arm/eclipsearm/sourcery-g++-lite-arm-2011.03/bin/../lib/gcc/arm-none-eabi/4.5.2\libgcc.a(_clzsi2.o)
                              c:/software/electronica/arm/eclipsearm/sourcery-g++-lite-arm-2011.03/bin/../lib/gcc/arm-none-eabi/4.5.2\libgcc.a(_divdi3.o) (__clzsi2)

Allocating common symbols
Common symbol       size              file

scancode            0x1               ./lab12-foreback.o
lcd_buffer          0x9600            ../../BSP/Debug\libBSP.a(lcd.o)
flagTask5           0x1               ./lab12-foreback.o
flagTask6           0x1               ./lab12-foreback.o
flagReadKeypad      0x1               ./lab12-foreback.o
flagPb              0x1               ./lab12-foreback.o
flagToggleLeds      0x1               ./lab12-foreback.o
flagWriteTicks      0x1               ./lab12-foreback.o
flagWriteRTC        0x1               ./lab12-foreback.o

Memory Configuration

Name             Origin             Length             Attributes
*default*        0x00000000         0xffffffff

Linker script and memory map

LOAD ./lab12-foreback.o
LOAD ../../BSP/Debug\libBSP.a
START GROUP
LOAD c:/software/electronica/arm/eclipsearm/sourcery-g++-lite-arm-2011.03/bin/../lib/gcc/arm-none-eabi/4.5.2\libgcc.a
LOAD c:/software/electronica/arm/eclipsearm/sourcery-g++-lite-arm-2011.03/bin/../lib/gcc/arm-none-eabi/4.5.2/../../../../arm-none-eabi/lib\libc.a
END GROUP
                0x0c100000                . = 0xc100000

.text           0x0c100000     0x551c
 *(.text)
 .text          0x0c100000      0x9d4 ./lab12-foreback.o
                0x0c100000                main
                0x0c10020c                Task1
                0x0c100274                Task2
                0x0c100390                Task3
                0x0c100434                Task4
                0x0c1004c8                Task5
                0x0c10053c                Task6
                0x0c100598                Task7
                0x0c1005ec                Task8
                0x0c1006cc                Task9
                0x0c100824                isr_pb
                0x0c100874                isr_tick
 .text          0x0c1009d4      0x508 ../../BSP/Debug\libBSP.a(keypad.o)
                0x0c1009d4                keypad_scan
                0x0c100bf8                keypad_pressed
                0x0c100c2c                keypad_open
                0x0c100c9c                keypad_close
                0x0c100ce0                keypad_init
                0x0c100cfc                keypad_getchar
                0x0c100d74                keypad_getchartime
                0x0c100e10                keypad_timeout_getchar
 .text          0x0c100edc     0x1008 ../../BSP/Debug\libBSP.a(lcd.o)
                0x0c100edc                lcd_init
                0x0c101060                lcd_on
                0x0c10109c                lcd_off
                0x0c1010d8                lcd_status
                0x0c101100                lcd_clear
                0x0c101138                lcd_putpixel
                0x0c101224                lcd_getpixel
                0x0c1012c0                lcd_draw_hline
                0x0c10136c                lcd_draw_vline
                0x0c101418                lcd_draw_box
                0x0c1014d0                lcd_putchar
                0x0c101624                lcd_puts
                0x0c1016c8                lcd_putint
                0x0c101844                lcd_puthex
                0x0c101924                lcd_putchar_x2
                0x0c101a88                lcd_puts_x2
                0x0c101b2c                lcd_putint_x2
                0x0c101ca8                lcd_puthex_x2
                0x0c101d88                lcd_putWallpaper
 .text          0x0c101ee4      0x1e8 ../../BSP/Debug\libBSP.a(leds.o)
                0x0c101ee4                leds_init
                0x0c101f0c                led_on
                0x0c101f6c                led_off
                0x0c101fcc                led_toggle
                0x0c102050                led_status
 .text          0x0c1020cc      0x328 ../../BSP/Debug\libBSP.a(pbs.o)
                0x0c1020cc                pbs_init
                0x0c1020e8                pb_scan
                0x0c102144                pb_pressed
                0x0c102178                pb_getchar
                0x0c1021e0                pb_getchartime
                0x0c10227c                pb_timeout_getchar
                0x0c102348                pbs_open
                0x0c1023b0                pbs_close
 .text          0x0c1023f4      0x80c ../../BSP/Debug\libBSP.a(rtc.o)
                0x0c1023f4                rtc_init
                0x0c10251c                rtc_puttime
                0x0c102764                rtc_gettime
                0x0c102b38                rtc_open
                0x0c102bac                rtc_close
 .text          0x0c102c00       0xd4 ../../BSP/Debug\libBSP.a(segs.o)
                0x0c102c00                segs_init
                0x0c102c1c                segs_off
                0x0c102c54                segs_putchar
                0x0c102cac                segs_status
 .text          0x0c102cd4      0xd68 ../../BSP/Debug\libBSP.a(system.o)
                0x0c102cd4                sys_init
                0x0c10323c                isr_SWI_dummy
                0x0c103264                isr_UNDEF_dummy
                0x0c10328c                isr_IRQ_dummy
                0x0c1032b4                isr_FIQ_dummy
                0x0c1032dc                isr_PABORT_dummy
                0x0c103304                isr_DABORT_dummy
                0x0c10332c                isr_ADC_dummy
                0x0c103354                isr_RTC_dummy
                0x0c10337c                isr_UTXD1_dummy
                0x0c1033a4                isr_UTXD0_dummy
                0x0c1033cc                isr_SIO_dummy
                0x0c1033f4                isr_IIC_dummy
                0x0c10341c                isr_URXD1_dummy
                0x0c103444                isr_URXD0_dummy
                0x0c10346c                isr_TIMER5_dummy
                0x0c103494                isr_TIMER4_dummy
                0x0c1034bc                isr_TIMER3_dummy
                0x0c1034e4                isr_TIMER2_dummy
                0x0c10350c                isr_TIMER1_dummy
                0x0c103534                isr_TIMER0_dummy
                0x0c10355c                isr_UERR01_dummy
                0x0c103584                isr_WDT_dummy
                0x0c1035ac                isr_BDMA1_dummy
                0x0c1035d4                isr_BDMA0_dummy
                0x0c1035fc                isr_ZDMA1_dummy
                0x0c103624                isr_ZDMA0_dummy
                0x0c10364c                isr_TICK_dummy
                0x0c103674                isr_PB_dummy
                0x0c10369c                isr_ETHERNET_dummy
                0x0c1036c4                isr_TS_dummy
                0x0c1036ec                isr_KEYPAD_dummy
                0x0c103714                isr_USB_dummy
                0x0c1037ec                sleep
 .text          0x0c103a3c      0xa2c ../../BSP/Debug\libBSP.a(timers.o)
                0x0c103a3c                timers_init
                0x0c103bfc                timer3_delay_ms
                0x0c103cdc                sw_delay_ms
                0x0c103d34                timer3_delay_s
                0x0c103e20                sw_delay_s
                0x0c103e78                timer3_start
                0x0c103f28                timer3_stop
                0x0c103f7c                timer3_start_timeout
                0x0c104034                timer3_timeout
                0x0c104070                timer0_open_tick
                0x0c1042bc                timer0_open_ms
                0x0c1043d0                timer0_close
 .text          0x0c104468      0x5bc ../../BSP/Debug\libBSP.a(uart.o)
                0x0c104468                uart0_init
                0x0c1044cc                uart0_putchar
                0x0c10451c                uart0_getchar
                0x0c104564                uart0_puts
                0x0c1045cc                uart0_gets
                0x0c104644                uart0_putint
                0x0c10477c                uart0_puthex
                0x0c104834                uart0_getint
                0x0c104910                uart0_gethex
 .text          0x0c104a24        0x0 ../../BSP/Debug\libBSP.a(font8x16.o)
 .text          0x0c104a24      0x114 c:/software/electronica/arm/eclipsearm/sourcery-g++-lite-arm-2011.03/bin/../lib/gcc/arm-none-eabi/4.5.2\libgcc.a(_udivsi3.o)
                0x0c104a24                __aeabi_uidiv
                0x0c104a24                __udivsi3
                0x0c104b18                __aeabi_uidivmod
 .text          0x0c104b38        0x4 c:/software/electronica/arm/eclipsearm/sourcery-g++-lite-arm-2011.03/bin/../lib/gcc/arm-none-eabi/4.5.2\libgcc.a(_dvmd_tls.o)
                0x0c104b38                __aeabi_idiv0
                0x0c104b38                __aeabi_ldiv0
 .text          0x0c104b3c       0x3c c:/software/electronica/arm/eclipsearm/sourcery-g++-lite-arm-2011.03/bin/../lib/gcc/arm-none-eabi/4.5.2\libgcc.a(_aeabi_uldivmod.o)
                0x0c104b3c                __aeabi_uldivmod
 .text          0x0c104b78       0x80 c:/software/electronica/arm/eclipsearm/sourcery-g++-lite-arm-2011.03/bin/../lib/gcc/arm-none-eabi/4.5.2\libgcc.a(bpabi.o)
                0x0c104b78                __gnu_ldivmod_helper
                0x0c104bb8                __gnu_uldivmod_helper
 .text          0x0c104bf8      0x4a8 c:/software/electronica/arm/eclipsearm/sourcery-g++-lite-arm-2011.03/bin/../lib/gcc/arm-none-eabi/4.5.2\libgcc.a(_divdi3.o)
                0x0c104bf8                __divdi3
 .text          0x0c1050a0      0x434 c:/software/electronica/arm/eclipsearm/sourcery-g++-lite-arm-2011.03/bin/../lib/gcc/arm-none-eabi/4.5.2\libgcc.a(_udivdi3.o)
                0x0c1050a0                __udivdi3
 .text          0x0c1054d4       0x48 c:/software/electronica/arm/eclipsearm/sourcery-g++-lite-arm-2011.03/bin/../lib/gcc/arm-none-eabi/4.5.2\libgcc.a(_clzsi2.o)
                0x0c1054d4                __clzsi2

.glue_7         0x0c10551c        0x0
 .glue_7        0x00000000        0x0 linker stubs

.glue_7t        0x0c10551c        0x0
 .glue_7t       0x00000000        0x0 linker stubs

.vfp11_veneer   0x0c10551c        0x0
 .vfp11_veneer  0x00000000        0x0 linker stubs

.v4_bx          0x0c10551c        0x0
 .v4_bx         0x00000000        0x0 linker stubs

.rodata         0x0c10551c     0x11dc
 *(.rodata)
 .rodata        0x0c10551c      0x1cc ./lab12-foreback.o
 .rodata        0x0c1056e8       0x10 ../../BSP/Debug\libBSP.a(segs.o)
 .rodata        0x0c1056f8     0x1000 ../../BSP/Debug\libBSP.a(font8x16.o)
                0x0c1056f8                font

.ARM.extab      0x0c1066f8        0x0
 .ARM.extab     0x0c1066f8        0x0 c:/software/electronica/arm/eclipsearm/sourcery-g++-lite-arm-2011.03/bin/../lib/gcc/arm-none-eabi/4.5.2\libgcc.a(_divdi3.o)
 .ARM.extab     0x0c1066f8        0x0 c:/software/electronica/arm/eclipsearm/sourcery-g++-lite-arm-2011.03/bin/../lib/gcc/arm-none-eabi/4.5.2\libgcc.a(_udivdi3.o)

.ARM.exidx      0x0c1066f8        0x8
 .ARM.exidx     0x0c1066f8        0x8 c:/software/electronica/arm/eclipsearm/sourcery-g++-lite-arm-2011.03/bin/../lib/gcc/arm-none-eabi/4.5.2\libgcc.a(_divdi3.o)
 .ARM.exidx     0x0c106700        0x0 c:/software/electronica/arm/eclipsearm/sourcery-g++-lite-arm-2011.03/bin/../lib/gcc/arm-none-eabi/4.5.2\libgcc.a(_udivdi3.o)
                                  0x8 (size before relaxing)

.data           0x0c106700       0x12
 *(.data)
 .data          0x0c106700       0x12 ./lab12-foreback.o
 .data          0x0c106712        0x0 ../../BSP/Debug\libBSP.a(keypad.o)
 .data          0x0c106712        0x0 ../../BSP/Debug\libBSP.a(lcd.o)
 .data          0x0c106712        0x0 ../../BSP/Debug\libBSP.a(leds.o)
 .data          0x0c106712        0x0 ../../BSP/Debug\libBSP.a(pbs.o)
 .data          0x0c106712        0x0 ../../BSP/Debug\libBSP.a(rtc.o)
 .data          0x0c106712        0x0 ../../BSP/Debug\libBSP.a(segs.o)
 .data          0x0c106712        0x0 ../../BSP/Debug\libBSP.a(system.o)
 .data          0x0c106712        0x0 ../../BSP/Debug\libBSP.a(timers.o)
 .data          0x0c106712        0x0 ../../BSP/Debug\libBSP.a(uart.o)
 .data          0x0c106712        0x0 ../../BSP/Debug\libBSP.a(font8x16.o)
 .data          0x0c106712        0x0 c:/software/electronica/arm/eclipsearm/sourcery-g++-lite-arm-2011.03/bin/../lib/gcc/arm-none-eabi/4.5.2\libgcc.a(_udivsi3.o)
 .data          0x0c106712        0x0 c:/software/electronica/arm/eclipsearm/sourcery-g++-lite-arm-2011.03/bin/../lib/gcc/arm-none-eabi/4.5.2\libgcc.a(_dvmd_tls.o)
 .data          0x0c106712        0x0 c:/software/electronica/arm/eclipsearm/sourcery-g++-lite-arm-2011.03/bin/../lib/gcc/arm-none-eabi/4.5.2\libgcc.a(_aeabi_uldivmod.o)
 .data          0x0c106712        0x0 c:/software/electronica/arm/eclipsearm/sourcery-g++-lite-arm-2011.03/bin/../lib/gcc/arm-none-eabi/4.5.2\libgcc.a(bpabi.o)
 .data          0x0c106712        0x0 c:/software/electronica/arm/eclipsearm/sourcery-g++-lite-arm-2011.03/bin/../lib/gcc/arm-none-eabi/4.5.2\libgcc.a(_divdi3.o)
 .data          0x0c106712        0x0 c:/software/electronica/arm/eclipsearm/sourcery-g++-lite-arm-2011.03/bin/../lib/gcc/arm-none-eabi/4.5.2\libgcc.a(_udivdi3.o)
 .data          0x0c106712        0x0 c:/software/electronica/arm/eclipsearm/sourcery-g++-lite-arm-2011.03/bin/../lib/gcc/arm-none-eabi/4.5.2\libgcc.a(_clzsi2.o)

.bss            0x0c106714     0x9650
 *(.bss)
 .bss           0x0c106714        0x8 ./lab12-foreback.o
 .bss           0x0c10671c        0x0 ../../BSP/Debug\libBSP.a(keypad.o)
 .bss           0x0c10671c       0x34 ../../BSP/Debug\libBSP.a(lcd.o)
 .bss           0x0c106750        0x0 ../../BSP/Debug\libBSP.a(leds.o)
 .bss           0x0c106750        0x0 ../../BSP/Debug\libBSP.a(pbs.o)
 .bss           0x0c106750        0x0 ../../BSP/Debug\libBSP.a(rtc.o)
 .bss           0x0c106750        0x1 ../../BSP/Debug\libBSP.a(segs.o)
 .bss           0x0c106751        0x0 ../../BSP/Debug\libBSP.a(system.o)
 *fill*         0x0c106751        0x3 00
 .bss           0x0c106754        0x8 ../../BSP/Debug\libBSP.a(timers.o)
 .bss           0x0c10675c        0x0 ../../BSP/Debug\libBSP.a(uart.o)
 .bss           0x0c10675c        0x0 ../../BSP/Debug\libBSP.a(font8x16.o)
 .bss           0x0c10675c        0x0 c:/software/electronica/arm/eclipsearm/sourcery-g++-lite-arm-2011.03/bin/../lib/gcc/arm-none-eabi/4.5.2\libgcc.a(_udivsi3.o)
 .bss           0x0c10675c        0x0 c:/software/electronica/arm/eclipsearm/sourcery-g++-lite-arm-2011.03/bin/../lib/gcc/arm-none-eabi/4.5.2\libgcc.a(_dvmd_tls.o)
 .bss           0x0c10675c        0x0 c:/software/electronica/arm/eclipsearm/sourcery-g++-lite-arm-2011.03/bin/../lib/gcc/arm-none-eabi/4.5.2\libgcc.a(_aeabi_uldivmod.o)
 .bss           0x0c10675c        0x0 c:/software/electronica/arm/eclipsearm/sourcery-g++-lite-arm-2011.03/bin/../lib/gcc/arm-none-eabi/4.5.2\libgcc.a(bpabi.o)
 .bss           0x0c10675c        0x0 c:/software/electronica/arm/eclipsearm/sourcery-g++-lite-arm-2011.03/bin/../lib/gcc/arm-none-eabi/4.5.2\libgcc.a(_divdi3.o)
 .bss           0x0c10675c        0x0 c:/software/electronica/arm/eclipsearm/sourcery-g++-lite-arm-2011.03/bin/../lib/gcc/arm-none-eabi/4.5.2\libgcc.a(_udivdi3.o)
 .bss           0x0c10675c        0x0 c:/software/electronica/arm/eclipsearm/sourcery-g++-lite-arm-2011.03/bin/../lib/gcc/arm-none-eabi/4.5.2\libgcc.a(_clzsi2.o)
 COMMON         0x0c10675c        0x8 ./lab12-foreback.o
                0x0c10675c                scancode
                0x0c10675d                flagTask5
                0x0c10675e                flagTask6
                0x0c10675f                flagReadKeypad
                0x0c106760                flagPb
                0x0c106761                flagToggleLeds
                0x0c106762                flagWriteTicks
                0x0c106763                flagWriteRTC
 COMMON         0x0c106764     0x9600 ../../BSP/Debug\libBSP.a(lcd.o)
                0x0c106764                lcd_buffer
                0x0c10fd64                end = .
OUTPUT(lab12-foreback.elf elf32-littlearm)

.debug_abbrev   0x00000000      0x932
 .debug_abbrev  0x00000000      0x128 ./lab12-foreback.o
 .debug_abbrev  0x00000128       0xe9 ../../BSP/Debug\libBSP.a(keypad.o)
 .debug_abbrev  0x00000211      0x13a ../../BSP/Debug\libBSP.a(lcd.o)
 .debug_abbrev  0x0000034b       0x98 ../../BSP/Debug\libBSP.a(leds.o)
 .debug_abbrev  0x000003e3       0xc3 ../../BSP/Debug\libBSP.a(pbs.o)
 .debug_abbrev  0x000004a6       0xbe ../../BSP/Debug\libBSP.a(rtc.o)
 .debug_abbrev  0x00000564       0xb3 ../../BSP/Debug\libBSP.a(segs.o)
 .debug_abbrev  0x00000617       0xe7 ../../BSP/Debug\libBSP.a(system.o)
 .debug_abbrev  0x000006fe       0xdd ../../BSP/Debug\libBSP.a(timers.o)
 .debug_abbrev  0x000007db       0xf4 ../../BSP/Debug\libBSP.a(uart.o)
 .debug_abbrev  0x000008cf       0x63 ../../BSP/Debug\libBSP.a(font8x16.o)

.debug_info     0x00000000     0x1db6
 .debug_info    0x00000000      0x483 ./lab12-foreback.o
 .debug_info    0x00000483      0x1d0 ../../BSP/Debug\libBSP.a(keypad.o)
 .debug_info    0x00000653      0x78d ../../BSP/Debug\libBSP.a(lcd.o)
 .debug_info    0x00000de0      0x138 ../../BSP/Debug\libBSP.a(leds.o)
 .debug_info    0x00000f18      0x1b3 ../../BSP/Debug\libBSP.a(pbs.o)
 .debug_info    0x000010cb      0x1ac ../../BSP/Debug\libBSP.a(rtc.o)
 .debug_info    0x00001277      0x10d ../../BSP/Debug\libBSP.a(segs.o)
 .debug_info    0x00001384      0x440 ../../BSP/Debug\libBSP.a(system.o)
 .debug_info    0x000017c4      0x29d ../../BSP/Debug\libBSP.a(timers.o)
 .debug_info    0x00001a61      0x2c0 ../../BSP/Debug\libBSP.a(uart.o)
 .debug_info    0x00001d21       0x95 ../../BSP/Debug\libBSP.a(font8x16.o)

.debug_line     0x00000000      0xc75
 .debug_line    0x00000000      0x1a9 ./lab12-foreback.o
 .debug_line    0x000001a9      0x129 ../../BSP/Debug\libBSP.a(keypad.o)
 .debug_line    0x000002d2      0x21b ../../BSP/Debug\libBSP.a(lcd.o)
 .debug_line    0x000004ed       0x93 ../../BSP/Debug\libBSP.a(leds.o)
 .debug_line    0x00000580       0xfd ../../BSP/Debug\libBSP.a(pbs.o)
 .debug_line    0x0000067d       0xe1 ../../BSP/Debug\libBSP.a(rtc.o)
 .debug_line    0x0000075e       0x93 ../../BSP/Debug\libBSP.a(segs.o)
 .debug_line    0x000007f1      0x1a2 ../../BSP/Debug\libBSP.a(system.o)
 .debug_line    0x00000993      0x181 ../../BSP/Debug\libBSP.a(timers.o)
 .debug_line    0x00000b14      0x10b ../../BSP/Debug\libBSP.a(uart.o)
 .debug_line    0x00000c1f       0x56 ../../BSP/Debug\libBSP.a(font8x16.o)

.debug_macinfo  0x00000000    0x31ae3
 .debug_macinfo
                0x00000000     0x5546 ./lab12-foreback.o
 .debug_macinfo
                0x00005546     0x4e9f ../../BSP/Debug\libBSP.a(keypad.o)
 .debug_macinfo
                0x0000a3e5     0x439b ../../BSP/Debug\libBSP.a(lcd.o)
 .debug_macinfo
                0x0000e780     0x432c ../../BSP/Debug\libBSP.a(leds.o)
 .debug_macinfo
                0x00012aac     0x4d91 ../../BSP/Debug\libBSP.a(pbs.o)
 .debug_macinfo
                0x0001783d     0x4cee ../../BSP/Debug\libBSP.a(rtc.o)
 .debug_macinfo
                0x0001c52b     0x4d01 ../../BSP/Debug\libBSP.a(segs.o)
 .debug_macinfo
                0x0002122c     0x5556 ../../BSP/Debug\libBSP.a(system.o)
 .debug_macinfo
                0x00026782     0x4d1b ../../BSP/Debug\libBSP.a(timers.o)
 .debug_macinfo
                0x0002b49d     0x430d ../../BSP/Debug\libBSP.a(uart.o)
 .debug_macinfo
                0x0002f7aa     0x2339 ../../BSP/Debug\libBSP.a(font8x16.o)

.debug_loc      0x00000000     0x14cc
 .debug_loc     0x00000000      0x210 ./lab12-foreback.o
 .debug_loc     0x00000210      0x160 ../../BSP/Debug\libBSP.a(keypad.o)
 .debug_loc     0x00000370      0x344 ../../BSP/Debug\libBSP.a(lcd.o)
 .debug_loc     0x000006b4       0xdc ../../BSP/Debug\libBSP.a(leds.o)
 .debug_loc     0x00000790      0x160 ../../BSP/Debug\libBSP.a(pbs.o)
 .debug_loc     0x000008f0       0xdc ../../BSP/Debug\libBSP.a(rtc.o)
 .debug_loc     0x000009cc       0xb0 ../../BSP/Debug\libBSP.a(segs.o)
 .debug_loc     0x00000a7c      0x688 ../../BSP/Debug\libBSP.a(system.o)
 .debug_loc     0x00001104      0x23c ../../BSP/Debug\libBSP.a(timers.o)
 .debug_loc     0x00001340      0x18c ../../BSP/Debug\libBSP.a(uart.o)

.debug_pubnames
                0x00000000      0x8e0
 .debug_pubnames
                0x00000000      0x10b ./lab12-foreback.o
 .debug_pubnames
                0x0000010b       0xab ../../BSP/Debug\libBSP.a(keypad.o)
 .debug_pubnames
                0x000001b6      0x152 ../../BSP/Debug\libBSP.a(lcd.o)
 .debug_pubnames
                0x00000308       0x55 ../../BSP/Debug\libBSP.a(leds.o)
 .debug_pubnames
                0x0000035d       0x8e ../../BSP/Debug\libBSP.a(pbs.o)
 .debug_pubnames
                0x000003eb       0x5a ../../BSP/Debug\libBSP.a(rtc.o)
 .debug_pubnames
                0x00000445       0x4e ../../BSP/Debug\libBSP.a(segs.o)
 .debug_pubnames
                0x00000493      0x29d ../../BSP/Debug\libBSP.a(system.o)
 .debug_pubnames
                0x00000730       0xee ../../BSP/Debug\libBSP.a(timers.o)
 .debug_pubnames
                0x0000081e       0xa7 ../../BSP/Debug\libBSP.a(uart.o)
 .debug_pubnames
                0x000008c5       0x1b ../../BSP/Debug\libBSP.a(font8x16.o)

.debug_pubtypes
                0x00000000      0x223
 .debug_pubtypes
                0x00000000       0x4d ./lab12-foreback.o
 .debug_pubtypes
                0x0000004d       0x32 ../../BSP/Debug\libBSP.a(keypad.o)
 .debug_pubtypes
                0x0000007f       0x3c ../../BSP/Debug\libBSP.a(lcd.o)
 .debug_pubtypes
                0x000000bb       0x27 ../../BSP/Debug\libBSP.a(leds.o)
 .debug_pubtypes
                0x000000e2       0x32 ../../BSP/Debug\libBSP.a(pbs.o)
 .debug_pubtypes
                0x00000114       0x36 ../../BSP/Debug\libBSP.a(rtc.o)
 .debug_pubtypes
                0x0000014a       0x1c ../../BSP/Debug\libBSP.a(segs.o)
 .debug_pubtypes
                0x00000166       0x27 ../../BSP/Debug\libBSP.a(system.o)
 .debug_pubtypes
                0x0000018d       0x3d ../../BSP/Debug\libBSP.a(timers.o)
 .debug_pubtypes
                0x000001ca       0x3d ../../BSP/Debug\libBSP.a(uart.o)
 .debug_pubtypes
                0x00000207       0x1c ../../BSP/Debug\libBSP.a(font8x16.o)

.debug_aranges  0x00000000      0x140
 .debug_aranges
                0x00000000       0x20 ./lab12-foreback.o
 .debug_aranges
                0x00000020       0x20 ../../BSP/Debug\libBSP.a(keypad.o)
 .debug_aranges
                0x00000040       0x20 ../../BSP/Debug\libBSP.a(lcd.o)
 .debug_aranges
                0x00000060       0x20 ../../BSP/Debug\libBSP.a(leds.o)
 .debug_aranges
                0x00000080       0x20 ../../BSP/Debug\libBSP.a(pbs.o)
 .debug_aranges
                0x000000a0       0x20 ../../BSP/Debug\libBSP.a(rtc.o)
 .debug_aranges
                0x000000c0       0x20 ../../BSP/Debug\libBSP.a(segs.o)
 .debug_aranges
                0x000000e0       0x20 ../../BSP/Debug\libBSP.a(system.o)
 .debug_aranges
                0x00000100       0x20 ../../BSP/Debug\libBSP.a(timers.o)
 .debug_aranges
                0x00000120       0x20 ../../BSP/Debug\libBSP.a(uart.o)

.debug_str      0x00000000      0x91c
 .debug_str     0x00000000      0x1e1 ./lab12-foreback.o
                                0x216 (size before relaxing)
 .debug_str     0x000001e1       0xc8 ../../BSP/Debug\libBSP.a(keypad.o)
                                0x15a (size before relaxing)
 .debug_str     0x000002a9      0x157 ../../BSP/Debug\libBSP.a(lcd.o)
                                0x22c (size before relaxing)
 .debug_str     0x00000400       0x3d ../../BSP/Debug\libBSP.a(leds.o)
                                 0xf4 (size before relaxing)
 .debug_str     0x0000043d       0x69 ../../BSP/Debug\libBSP.a(pbs.o)
                                0x130 (size before relaxing)
 .debug_str     0x000004a6       0x4c ../../BSP/Debug\libBSP.a(rtc.o)
                                0x12b (size before relaxing)
 .debug_str     0x000004f2       0x43 ../../BSP/Debug\libBSP.a(segs.o)
                                 0xf9 (size before relaxing)
 .debug_str     0x00000535      0x267 ../../BSP/Debug\libBSP.a(system.o)
                                0x323 (size before relaxing)
 .debug_str     0x0000079c       0xe0 ../../BSP/Debug\libBSP.a(timers.o)
                                0x1a3 (size before relaxing)
 .debug_str     0x0000087c       0x8e ../../BSP/Debug\libBSP.a(uart.o)
                                0x158 (size before relaxing)
 .debug_str     0x0000090a       0x12 ../../BSP/Debug\libBSP.a(font8x16.o)
                                 0xc7 (size before relaxing)

.comment        0x00000000       0x2a
 .comment       0x00000000       0x2a ./lab12-foreback.o
                                 0x2b (size before relaxing)
 .comment       0x00000000       0x2b ../../BSP/Debug\libBSP.a(keypad.o)
 .comment       0x00000000       0x2b ../../BSP/Debug\libBSP.a(lcd.o)
 .comment       0x00000000       0x2b ../../BSP/Debug\libBSP.a(leds.o)
 .comment       0x00000000       0x2b ../../BSP/Debug\libBSP.a(pbs.o)
 .comment       0x00000000       0x2b ../../BSP/Debug\libBSP.a(rtc.o)
 .comment       0x00000000       0x2b ../../BSP/Debug\libBSP.a(segs.o)
 .comment       0x00000000       0x2b ../../BSP/Debug\libBSP.a(system.o)
 .comment       0x00000000       0x2b ../../BSP/Debug\libBSP.a(timers.o)
 .comment       0x00000000       0x2b ../../BSP/Debug\libBSP.a(uart.o)
 .comment       0x00000000       0x2b ../../BSP/Debug\libBSP.a(font8x16.o)

.ARM.attributes
                0x00000000       0x32
 .ARM.attributes
                0x00000000       0x32 ./lab12-foreback.o
 .ARM.attributes
                0x00000032       0x32 ../../BSP/Debug\libBSP.a(keypad.o)
 .ARM.attributes
                0x00000064       0x32 ../../BSP/Debug\libBSP.a(lcd.o)
 .ARM.attributes
                0x00000096       0x32 ../../BSP/Debug\libBSP.a(leds.o)
 .ARM.attributes
                0x000000c8       0x32 ../../BSP/Debug\libBSP.a(pbs.o)
 .ARM.attributes
                0x000000fa       0x32 ../../BSP/Debug\libBSP.a(rtc.o)
 .ARM.attributes
                0x0000012c       0x32 ../../BSP/Debug\libBSP.a(segs.o)
 .ARM.attributes
                0x0000015e       0x32 ../../BSP/Debug\libBSP.a(system.o)
 .ARM.attributes
                0x00000190       0x32 ../../BSP/Debug\libBSP.a(timers.o)
 .ARM.attributes
                0x000001c2       0x32 ../../BSP/Debug\libBSP.a(uart.o)
 .ARM.attributes
                0x000001f4       0x32 ../../BSP/Debug\libBSP.a(font8x16.o)
 .ARM.attributes
                0x00000226       0x1a c:/software/electronica/arm/eclipsearm/sourcery-g++-lite-arm-2011.03/bin/../lib/gcc/arm-none-eabi/4.5.2\libgcc.a(_udivsi3.o)
 .ARM.attributes
                0x00000240       0x18 c:/software/electronica/arm/eclipsearm/sourcery-g++-lite-arm-2011.03/bin/../lib/gcc/arm-none-eabi/4.5.2\libgcc.a(_dvmd_tls.o)
 .ARM.attributes
                0x00000258       0x1a c:/software/electronica/arm/eclipsearm/sourcery-g++-lite-arm-2011.03/bin/../lib/gcc/arm-none-eabi/4.5.2\libgcc.a(_aeabi_uldivmod.o)
 .ARM.attributes
                0x00000272       0x34 c:/software/electronica/arm/eclipsearm/sourcery-g++-lite-arm-2011.03/bin/../lib/gcc/arm-none-eabi/4.5.2\libgcc.a(bpabi.o)
 .ARM.attributes
                0x000002a6       0x34 c:/software/electronica/arm/eclipsearm/sourcery-g++-lite-arm-2011.03/bin/../lib/gcc/arm-none-eabi/4.5.2\libgcc.a(_divdi3.o)
 .ARM.attributes
                0x000002da       0x34 c:/software/electronica/arm/eclipsearm/sourcery-g++-lite-arm-2011.03/bin/../lib/gcc/arm-none-eabi/4.5.2\libgcc.a(_udivdi3.o)
 .ARM.attributes
                0x0000030e       0x1a c:/software/electronica/arm/eclipsearm/sourcery-g++-lite-arm-2011.03/bin/../lib/gcc/arm-none-eabi/4.5.2\libgcc.a(_clzsi2.o)

.debug_frame    0x00000000     0x1240
 .debug_frame   0x00000000      0x1a0 ./lab12-foreback.o
 .debug_frame   0x000001a0      0x110 ../../BSP/Debug\libBSP.a(keypad.o)
 .debug_frame   0x000002b0      0x270 ../../BSP/Debug\libBSP.a(lcd.o)
 .debug_frame   0x00000520       0xb0 ../../BSP/Debug\libBSP.a(leds.o)
 .debug_frame   0x000005d0      0x110 ../../BSP/Debug\libBSP.a(pbs.o)
 .debug_frame   0x000006e0       0xb0 ../../BSP/Debug\libBSP.a(rtc.o)
 .debug_frame   0x00000790       0x90 ../../BSP/Debug\libBSP.a(segs.o)
 .debug_frame   0x00000820      0x650 ../../BSP/Debug\libBSP.a(system.o)
 .debug_frame   0x00000e70      0x1b8 ../../BSP/Debug\libBSP.a(timers.o)
 .debug_frame   0x00001028      0x130 ../../BSP/Debug\libBSP.a(uart.o)
 .debug_frame   0x00001158       0x20 c:/software/electronica/arm/eclipsearm/sourcery-g++-lite-arm-2011.03/bin/../lib/gcc/arm-none-eabi/4.5.2\libgcc.a(_udivsi3.o)
 .debug_frame   0x00001178       0x50 c:/software/electronica/arm/eclipsearm/sourcery-g++-lite-arm-2011.03/bin/../lib/gcc/arm-none-eabi/4.5.2\libgcc.a(bpabi.o)
 .debug_frame   0x000011c8       0x3c c:/software/electronica/arm/eclipsearm/sourcery-g++-lite-arm-2011.03/bin/../lib/gcc/arm-none-eabi/4.5.2\libgcc.a(_divdi3.o)
 .debug_frame   0x00001204       0x3c c:/software/electronica/arm/eclipsearm/sourcery-g++-lite-arm-2011.03/bin/../lib/gcc/arm-none-eabi/4.5.2\libgcc.a(_udivdi3.o)
