Archive member included because of file (symbol)

../../BSP/Debug\libBSP.a(keypad.o)
                              ./lab13.o (keypad_scan)
../../BSP/Debug\libBSP.a(lcd.o)
                              ./lab13.o (lcd_init)
../../BSP/Debug\libBSP.a(leds.o)
                              ./lab13.o (leds_init)
../../BSP/Debug\libBSP.a(pbs.o)
                              ./lab13.o (pbs_init)
../../BSP/Debug\libBSP.a(rtc.o)
                              ./lab13.o (rtc_init)
../../BSP/Debug\libBSP.a(segs.o)
                              ./lab13.o (segs_init)
../../BSP/Debug\libBSP.a(system.o)
                              ./lab13.o (sys_init)
../../BSP/Debug\libBSP.a(timers.o)
                              ./lab13.o (timers_init)
../../BSP/Debug\libBSP.a(uart.o)
                              ./lab13.o (uart0_init)
../../BSP/Debug\libBSP.a(font8x16.o)
                              ../../BSP/Debug\libBSP.a(lcd.o) (font)
c:/software/electronica/arm/eclipsearm/sourcery-g++-lite-arm-2011.03/bin/../lib/gcc/arm-none-eabi/4.5.2\libgcc.a(_udivsi3.o)
                              ../../BSP/Debug\libBSP.a(timers.o) (__aeabi_uidiv)
c:/software/electronica/arm/eclipsearm/sourcery-g++-lite-arm-2011.03/bin/../lib/gcc/arm-none-eabi/4.5.2\libgcc.a(_dvmd_tls.o)
                              c:/software/electronica/arm/eclipsearm/sourcery-g++-lite-arm-2011.03/bin/../lib/gcc/arm-none-eabi/4.5.2\libgcc.a(_udivsi3.o) (__aeabi_idiv0)
c:/software/electronica/arm/eclipsearm/sourcery-g++-lite-arm-2011.03/bin/../lib/gcc/arm-none-eabi/4.5.2\libgcc.a(_aeabi_uldivmod.o)
                              ../../BSP/Debug\libBSP.a(timers.o) (__aeabi_uldivmod)
c:/software/electronica/arm/eclipsearm/sourcery-g++-lite-arm-2011.03/bin/../lib/gcc/arm-none-eabi/4.5.2\libgcc.a(bpabi.o)
                              c:/software/electronica/arm/eclipsearm/sourcery-g++-lite-arm-2011.03/bin/../lib/gcc/arm-none-eabi/4.5.2\libgcc.a(_aeabi_uldivmod.o) (__gnu_uldivmod_helper)
c:/software/electronica/arm/eclipsearm/sourcery-g++-lite-arm-2011.03/bin/../lib/gcc/arm-none-eabi/4.5.2\libgcc.a(_divdi3.o)
                              c:/software/electronica/arm/eclipsearm/sourcery-g++-lite-arm-2011.03/bin/../lib/gcc/arm-none-eabi/4.5.2\libgcc.a(bpabi.o) (__divdi3)
c:/software/electronica/arm/eclipsearm/sourcery-g++-lite-arm-2011.03/bin/../lib/gcc/arm-none-eabi/4.5.2\libgcc.a(_udivdi3.o)
                              c:/software/electronica/arm/eclipsearm/sourcery-g++-lite-arm-2011.03/bin/../lib/gcc/arm-none-eabi/4.5.2\libgcc.a(bpabi.o) (__udivdi3)
c:/software/electronica/arm/eclipsearm/sourcery-g++-lite-arm-2011.03/bin/../lib/gcc/arm-none-eabi/4.5.2\libgcc.a(_clzsi2.o)
                              c:/software/electronica/arm/eclipsearm/sourcery-g++-lite-arm-2011.03/bin/../lib/gcc/arm-none-eabi/4.5.2\libgcc.a(_divdi3.o) (__clzsi2)

Allocating common symbols
Common symbol       size              file

scancode            0x1               ./lab13.o
lcd_buffer          0x9600            ../../BSP/Debug\libBSP.a(lcd.o)
flagTask5           0x1               ./lab13.o
flagTask6           0x1               ./lab13.o
flagPb              0x1               ./lab13.o
flagTask8           0x1               ./lab13.o

Memory Configuration

Name             Origin             Length             Attributes
*default*        0x00000000         0xffffffff

Linker script and memory map

LOAD ./kernelcoop.o
LOAD ./lab13.o
LOAD ../../BSP/Debug\libBSP.a
START GROUP
LOAD c:/software/electronica/arm/eclipsearm/sourcery-g++-lite-arm-2011.03/bin/../lib/gcc/arm-none-eabi/4.5.2\libgcc.a
LOAD c:/software/electronica/arm/eclipsearm/sourcery-g++-lite-arm-2011.03/bin/../lib/gcc/arm-none-eabi/4.5.2/../../../../arm-none-eabi/lib\libc.a
END GROUP
                0x0c100000                . = 0xc100000

.text           0x0c100000     0x570c
 *(.text)
 .text          0x0c100000      0x388 ./kernelcoop.o
                0x0c100000                delete_task
                0x0c100094                create_task
                0x0c100178                scheduler_init
                0x0c1001c0                scheduler
                0x0c1002ec                dispacher
 .text          0x0c100388      0x83c ./lab13.o
                0x0c100388                main
                0x0c1004d4                Task1
                0x0c10053c                Task2
                0x0c100668                Task3
                0x0c10070c                Task4
                0x0c1007a0                Task5
                0x0c100834                Task6
                0x0c1008b0                Task7
                0x0c100928                Task8
                0x0c100a1c                Task9
                0x0c100b74                isr_pb
 .text          0x0c100bc4      0x508 ../../BSP/Debug\libBSP.a(keypad.o)
                0x0c100bc4                keypad_scan
                0x0c100de8                keypad_pressed
                0x0c100e1c                keypad_open
                0x0c100e8c                keypad_close
                0x0c100ed0                keypad_init
                0x0c100eec                keypad_getchar
                0x0c100f64                keypad_getchartime
                0x0c101000                keypad_timeout_getchar
 .text          0x0c1010cc     0x1008 ../../BSP/Debug\libBSP.a(lcd.o)
                0x0c1010cc                lcd_init
                0x0c101250                lcd_on
                0x0c10128c                lcd_off
                0x0c1012c8                lcd_status
                0x0c1012f0                lcd_clear
                0x0c101328                lcd_putpixel
                0x0c101414                lcd_getpixel
                0x0c1014b0                lcd_draw_hline
                0x0c10155c                lcd_draw_vline
                0x0c101608                lcd_draw_box
                0x0c1016c0                lcd_putchar
                0x0c101814                lcd_puts
                0x0c1018b8                lcd_putint
                0x0c101a34                lcd_puthex
                0x0c101b14                lcd_putchar_x2
                0x0c101c78                lcd_puts_x2
                0x0c101d1c                lcd_putint_x2
                0x0c101e98                lcd_puthex_x2
                0x0c101f78                lcd_putWallpaper
 .text          0x0c1020d4      0x1e8 ../../BSP/Debug\libBSP.a(leds.o)
                0x0c1020d4                leds_init
                0x0c1020fc                led_on
                0x0c10215c                led_off
                0x0c1021bc                led_toggle
                0x0c102240                led_status
 .text          0x0c1022bc      0x328 ../../BSP/Debug\libBSP.a(pbs.o)
                0x0c1022bc                pbs_init
                0x0c1022d8                pb_scan
                0x0c102334                pb_pressed
                0x0c102368                pb_getchar
                0x0c1023d0                pb_getchartime
                0x0c10246c                pb_timeout_getchar
                0x0c102538                pbs_open
                0x0c1025a0                pbs_close
 .text          0x0c1025e4      0x80c ../../BSP/Debug\libBSP.a(rtc.o)
                0x0c1025e4                rtc_init
                0x0c10270c                rtc_puttime
                0x0c102954                rtc_gettime
                0x0c102d28                rtc_open
                0x0c102d9c                rtc_close
 .text          0x0c102df0       0xd4 ../../BSP/Debug\libBSP.a(segs.o)
                0x0c102df0                segs_init
                0x0c102e0c                segs_off
                0x0c102e44                segs_putchar
                0x0c102e9c                segs_status
 .text          0x0c102ec4      0xd68 ../../BSP/Debug\libBSP.a(system.o)
                0x0c102ec4                sys_init
                0x0c10342c                isr_SWI_dummy
                0x0c103454                isr_UNDEF_dummy
                0x0c10347c                isr_IRQ_dummy
                0x0c1034a4                isr_FIQ_dummy
                0x0c1034cc                isr_PABORT_dummy
                0x0c1034f4                isr_DABORT_dummy
                0x0c10351c                isr_ADC_dummy
                0x0c103544                isr_RTC_dummy
                0x0c10356c                isr_UTXD1_dummy
                0x0c103594                isr_UTXD0_dummy
                0x0c1035bc                isr_SIO_dummy
                0x0c1035e4                isr_IIC_dummy
                0x0c10360c                isr_URXD1_dummy
                0x0c103634                isr_URXD0_dummy
                0x0c10365c                isr_TIMER5_dummy
                0x0c103684                isr_TIMER4_dummy
                0x0c1036ac                isr_TIMER3_dummy
                0x0c1036d4                isr_TIMER2_dummy
                0x0c1036fc                isr_TIMER1_dummy
                0x0c103724                isr_TIMER0_dummy
                0x0c10374c                isr_UERR01_dummy
                0x0c103774                isr_WDT_dummy
                0x0c10379c                isr_BDMA1_dummy
                0x0c1037c4                isr_BDMA0_dummy
                0x0c1037ec                isr_ZDMA1_dummy
                0x0c103814                isr_ZDMA0_dummy
                0x0c10383c                isr_TICK_dummy
                0x0c103864                isr_PB_dummy
                0x0c10388c                isr_ETHERNET_dummy
                0x0c1038b4                isr_TS_dummy
                0x0c1038dc                isr_KEYPAD_dummy
                0x0c103904                isr_USB_dummy
                0x0c1039dc                sleep
 .text          0x0c103c2c      0xa2c ../../BSP/Debug\libBSP.a(timers.o)
                0x0c103c2c                timers_init
                0x0c103dec                timer3_delay_ms
                0x0c103ecc                sw_delay_ms
                0x0c103f24                timer3_delay_s
                0x0c104010                sw_delay_s
                0x0c104068                timer3_start
                0x0c104118                timer3_stop
                0x0c10416c                timer3_start_timeout
                0x0c104224                timer3_timeout
                0x0c104260                timer0_open_tick
                0x0c1044ac                timer0_open_ms
                0x0c1045c0                timer0_close
 .text          0x0c104658      0x5bc ../../BSP/Debug\libBSP.a(uart.o)
                0x0c104658                uart0_init
                0x0c1046bc                uart0_putchar
                0x0c10470c                uart0_getchar
                0x0c104754                uart0_puts
                0x0c1047bc                uart0_gets
                0x0c104834                uart0_putint
                0x0c10496c                uart0_puthex
                0x0c104a24                uart0_getint
                0x0c104b00                uart0_gethex
 .text          0x0c104c14        0x0 ../../BSP/Debug\libBSP.a(font8x16.o)
 .text          0x0c104c14      0x114 c:/software/electronica/arm/eclipsearm/sourcery-g++-lite-arm-2011.03/bin/../lib/gcc/arm-none-eabi/4.5.2\libgcc.a(_udivsi3.o)
                0x0c104c14                __aeabi_uidiv
                0x0c104c14                __udivsi3
                0x0c104d08                __aeabi_uidivmod
 .text          0x0c104d28        0x4 c:/software/electronica/arm/eclipsearm/sourcery-g++-lite-arm-2011.03/bin/../lib/gcc/arm-none-eabi/4.5.2\libgcc.a(_dvmd_tls.o)
                0x0c104d28                __aeabi_idiv0
                0x0c104d28                __aeabi_ldiv0
 .text          0x0c104d2c       0x3c c:/software/electronica/arm/eclipsearm/sourcery-g++-lite-arm-2011.03/bin/../lib/gcc/arm-none-eabi/4.5.2\libgcc.a(_aeabi_uldivmod.o)
                0x0c104d2c                __aeabi_uldivmod
 .text          0x0c104d68       0x80 c:/software/electronica/arm/eclipsearm/sourcery-g++-lite-arm-2011.03/bin/../lib/gcc/arm-none-eabi/4.5.2\libgcc.a(bpabi.o)
                0x0c104d68                __gnu_ldivmod_helper
                0x0c104da8                __gnu_uldivmod_helper
 .text          0x0c104de8      0x4a8 c:/software/electronica/arm/eclipsearm/sourcery-g++-lite-arm-2011.03/bin/../lib/gcc/arm-none-eabi/4.5.2\libgcc.a(_divdi3.o)
                0x0c104de8                __divdi3
 .text          0x0c105290      0x434 c:/software/electronica/arm/eclipsearm/sourcery-g++-lite-arm-2011.03/bin/../lib/gcc/arm-none-eabi/4.5.2\libgcc.a(_udivdi3.o)
                0x0c105290                __udivdi3
 .text          0x0c1056c4       0x48 c:/software/electronica/arm/eclipsearm/sourcery-g++-lite-arm-2011.03/bin/../lib/gcc/arm-none-eabi/4.5.2\libgcc.a(_clzsi2.o)
                0x0c1056c4                __clzsi2

.glue_7         0x0c10570c        0x0
 .glue_7        0x00000000        0x0 linker stubs

.glue_7t        0x0c10570c        0x0
 .glue_7t       0x00000000        0x0 linker stubs

.vfp11_veneer   0x0c10570c        0x0
 .vfp11_veneer  0x00000000        0x0 linker stubs

.v4_bx          0x0c10570c        0x0
 .v4_bx         0x00000000        0x0 linker stubs

.rodata         0x0c10570c     0x11e4
 *(.rodata)
 .rodata        0x0c10570c      0x1d4 ./lab13.o
 .rodata        0x0c1058e0       0x10 ../../BSP/Debug\libBSP.a(segs.o)
 .rodata        0x0c1058f0     0x1000 ../../BSP/Debug\libBSP.a(font8x16.o)
                0x0c1058f0                font

.ARM.extab      0x0c1068f0        0x0
 .ARM.extab     0x0c1068f0        0x0 c:/software/electronica/arm/eclipsearm/sourcery-g++-lite-arm-2011.03/bin/../lib/gcc/arm-none-eabi/4.5.2\libgcc.a(_divdi3.o)
 .ARM.extab     0x0c1068f0        0x0 c:/software/electronica/arm/eclipsearm/sourcery-g++-lite-arm-2011.03/bin/../lib/gcc/arm-none-eabi/4.5.2\libgcc.a(_udivdi3.o)

.ARM.exidx      0x0c1068f0        0x8
 .ARM.exidx     0x0c1068f0        0x8 c:/software/electronica/arm/eclipsearm/sourcery-g++-lite-arm-2011.03/bin/../lib/gcc/arm-none-eabi/4.5.2\libgcc.a(_divdi3.o)
 .ARM.exidx     0x0c1068f8        0x0 c:/software/electronica/arm/eclipsearm/sourcery-g++-lite-arm-2011.03/bin/../lib/gcc/arm-none-eabi/4.5.2\libgcc.a(_udivdi3.o)
                                  0x8 (size before relaxing)

.data           0x0c1068f8        0x9
 *(.data)
 .data          0x0c1068f8        0x0 ./kernelcoop.o
 .data          0x0c1068f8        0x9 ./lab13.o
 .data          0x0c106901        0x0 ../../BSP/Debug\libBSP.a(keypad.o)
 .data          0x0c106901        0x0 ../../BSP/Debug\libBSP.a(lcd.o)
 .data          0x0c106901        0x0 ../../BSP/Debug\libBSP.a(leds.o)
 .data          0x0c106901        0x0 ../../BSP/Debug\libBSP.a(pbs.o)
 .data          0x0c106901        0x0 ../../BSP/Debug\libBSP.a(rtc.o)
 .data          0x0c106901        0x0 ../../BSP/Debug\libBSP.a(segs.o)
 .data          0x0c106901        0x0 ../../BSP/Debug\libBSP.a(system.o)
 .data          0x0c106901        0x0 ../../BSP/Debug\libBSP.a(timers.o)
 .data          0x0c106901        0x0 ../../BSP/Debug\libBSP.a(uart.o)
 .data          0x0c106901        0x0 ../../BSP/Debug\libBSP.a(font8x16.o)
 .data          0x0c106901        0x0 c:/software/electronica/arm/eclipsearm/sourcery-g++-lite-arm-2011.03/bin/../lib/gcc/arm-none-eabi/4.5.2\libgcc.a(_udivsi3.o)
 .data          0x0c106901        0x0 c:/software/electronica/arm/eclipsearm/sourcery-g++-lite-arm-2011.03/bin/../lib/gcc/arm-none-eabi/4.5.2\libgcc.a(_dvmd_tls.o)
 .data          0x0c106901        0x0 c:/software/electronica/arm/eclipsearm/sourcery-g++-lite-arm-2011.03/bin/../lib/gcc/arm-none-eabi/4.5.2\libgcc.a(_aeabi_uldivmod.o)
 .data          0x0c106901        0x0 c:/software/electronica/arm/eclipsearm/sourcery-g++-lite-arm-2011.03/bin/../lib/gcc/arm-none-eabi/4.5.2\libgcc.a(bpabi.o)
 .data          0x0c106901        0x0 c:/software/electronica/arm/eclipsearm/sourcery-g++-lite-arm-2011.03/bin/../lib/gcc/arm-none-eabi/4.5.2\libgcc.a(_divdi3.o)
 .data          0x0c106901        0x0 c:/software/electronica/arm/eclipsearm/sourcery-g++-lite-arm-2011.03/bin/../lib/gcc/arm-none-eabi/4.5.2\libgcc.a(_udivdi3.o)
 .data          0x0c106901        0x0 c:/software/electronica/arm/eclipsearm/sourcery-g++-lite-arm-2011.03/bin/../lib/gcc/arm-none-eabi/4.5.2\libgcc.a(_clzsi2.o)

.bss            0x0c106904     0x96f0
 *(.bss)
 .bss           0x0c106904       0xa0 ./kernelcoop.o
 .bss           0x0c1069a4        0x8 ./lab13.o
 .bss           0x0c1069ac        0x0 ../../BSP/Debug\libBSP.a(keypad.o)
 .bss           0x0c1069ac       0x34 ../../BSP/Debug\libBSP.a(lcd.o)
 .bss           0x0c1069e0        0x0 ../../BSP/Debug\libBSP.a(leds.o)
 .bss           0x0c1069e0        0x0 ../../BSP/Debug\libBSP.a(pbs.o)
 .bss           0x0c1069e0        0x0 ../../BSP/Debug\libBSP.a(rtc.o)
 .bss           0x0c1069e0        0x1 ../../BSP/Debug\libBSP.a(segs.o)
 .bss           0x0c1069e1        0x0 ../../BSP/Debug\libBSP.a(system.o)
 *fill*         0x0c1069e1        0x3 00
 .bss           0x0c1069e4        0x8 ../../BSP/Debug\libBSP.a(timers.o)
 .bss           0x0c1069ec        0x0 ../../BSP/Debug\libBSP.a(uart.o)
 .bss           0x0c1069ec        0x0 ../../BSP/Debug\libBSP.a(font8x16.o)
 .bss           0x0c1069ec        0x0 c:/software/electronica/arm/eclipsearm/sourcery-g++-lite-arm-2011.03/bin/../lib/gcc/arm-none-eabi/4.5.2\libgcc.a(_udivsi3.o)
 .bss           0x0c1069ec        0x0 c:/software/electronica/arm/eclipsearm/sourcery-g++-lite-arm-2011.03/bin/../lib/gcc/arm-none-eabi/4.5.2\libgcc.a(_dvmd_tls.o)
 .bss           0x0c1069ec        0x0 c:/software/electronica/arm/eclipsearm/sourcery-g++-lite-arm-2011.03/bin/../lib/gcc/arm-none-eabi/4.5.2\libgcc.a(_aeabi_uldivmod.o)
 .bss           0x0c1069ec        0x0 c:/software/electronica/arm/eclipsearm/sourcery-g++-lite-arm-2011.03/bin/../lib/gcc/arm-none-eabi/4.5.2\libgcc.a(bpabi.o)
 .bss           0x0c1069ec        0x0 c:/software/electronica/arm/eclipsearm/sourcery-g++-lite-arm-2011.03/bin/../lib/gcc/arm-none-eabi/4.5.2\libgcc.a(_divdi3.o)
 .bss           0x0c1069ec        0x0 c:/software/electronica/arm/eclipsearm/sourcery-g++-lite-arm-2011.03/bin/../lib/gcc/arm-none-eabi/4.5.2\libgcc.a(_udivdi3.o)
 .bss           0x0c1069ec        0x0 c:/software/electronica/arm/eclipsearm/sourcery-g++-lite-arm-2011.03/bin/../lib/gcc/arm-none-eabi/4.5.2\libgcc.a(_clzsi2.o)
 COMMON         0x0c1069ec        0x5 ./lab13.o
                0x0c1069ec                scancode
                0x0c1069ed                flagTask5
                0x0c1069ee                flagTask6
                0x0c1069ef                flagPb
                0x0c1069f0                flagTask8
 *fill*         0x0c1069f1        0x3 00
 COMMON         0x0c1069f4     0x9600 ../../BSP/Debug\libBSP.a(lcd.o)
                0x0c1069f4                lcd_buffer
                0x0c10fff4                end = .
OUTPUT(lab13.elf elf32-littlearm)

.debug_abbrev   0x00000000      0xa15
 .debug_abbrev  0x00000000       0xe3 ./kernelcoop.o
 .debug_abbrev  0x000000e3      0x128 ./lab13.o
 .debug_abbrev  0x0000020b       0xe9 ../../BSP/Debug\libBSP.a(keypad.o)
 .debug_abbrev  0x000002f4      0x13a ../../BSP/Debug\libBSP.a(lcd.o)
 .debug_abbrev  0x0000042e       0x98 ../../BSP/Debug\libBSP.a(leds.o)
 .debug_abbrev  0x000004c6       0xc3 ../../BSP/Debug\libBSP.a(pbs.o)
 .debug_abbrev  0x00000589       0xbe ../../BSP/Debug\libBSP.a(rtc.o)
 .debug_abbrev  0x00000647       0xb3 ../../BSP/Debug\libBSP.a(segs.o)
 .debug_abbrev  0x000006fa       0xe7 ../../BSP/Debug\libBSP.a(system.o)
 .debug_abbrev  0x000007e1       0xdd ../../BSP/Debug\libBSP.a(timers.o)
 .debug_abbrev  0x000008be       0xf4 ../../BSP/Debug\libBSP.a(uart.o)
 .debug_abbrev  0x000009b2       0x63 ../../BSP/Debug\libBSP.a(font8x16.o)

.debug_info     0x00000000     0x1eb5
 .debug_info    0x00000000      0x1d0 ./kernelcoop.o
 .debug_info    0x000001d0      0x3b2 ./lab13.o
 .debug_info    0x00000582      0x1d0 ../../BSP/Debug\libBSP.a(keypad.o)
 .debug_info    0x00000752      0x78d ../../BSP/Debug\libBSP.a(lcd.o)
 .debug_info    0x00000edf      0x138 ../../BSP/Debug\libBSP.a(leds.o)
 .debug_info    0x00001017      0x1b3 ../../BSP/Debug\libBSP.a(pbs.o)
 .debug_info    0x000011ca      0x1ac ../../BSP/Debug\libBSP.a(rtc.o)
 .debug_info    0x00001376      0x10d ../../BSP/Debug\libBSP.a(segs.o)
 .debug_info    0x00001483      0x440 ../../BSP/Debug\libBSP.a(system.o)
 .debug_info    0x000018c3      0x29d ../../BSP/Debug\libBSP.a(timers.o)
 .debug_info    0x00001b60      0x2c0 ../../BSP/Debug\libBSP.a(uart.o)
 .debug_info    0x00001e20       0x95 ../../BSP/Debug\libBSP.a(font8x16.o)

.debug_line     0x00000000      0xd38
 .debug_line    0x00000000       0xd3 ./kernelcoop.o
 .debug_line    0x000000d3      0x199 ./lab13.o
 .debug_line    0x0000026c      0x129 ../../BSP/Debug\libBSP.a(keypad.o)
 .debug_line    0x00000395      0x21b ../../BSP/Debug\libBSP.a(lcd.o)
 .debug_line    0x000005b0       0x93 ../../BSP/Debug\libBSP.a(leds.o)
 .debug_line    0x00000643       0xfd ../../BSP/Debug\libBSP.a(pbs.o)
 .debug_line    0x00000740       0xe1 ../../BSP/Debug\libBSP.a(rtc.o)
 .debug_line    0x00000821       0x93 ../../BSP/Debug\libBSP.a(segs.o)
 .debug_line    0x000008b4      0x1a2 ../../BSP/Debug\libBSP.a(system.o)
 .debug_line    0x00000a56      0x181 ../../BSP/Debug\libBSP.a(timers.o)
 .debug_line    0x00000bd7      0x10b ../../BSP/Debug\libBSP.a(uart.o)
 .debug_line    0x00000ce2       0x56 ../../BSP/Debug\libBSP.a(font8x16.o)

.debug_macinfo  0x00000000    0x35e1e
 .debug_macinfo
                0x00000000     0x4326 ./kernelcoop.o
 .debug_macinfo
                0x00004326     0x555b ./lab13.o
 .debug_macinfo
                0x00009881     0x4e9f ../../BSP/Debug\libBSP.a(keypad.o)
 .debug_macinfo
                0x0000e720     0x439b ../../BSP/Debug\libBSP.a(lcd.o)
 .debug_macinfo
                0x00012abb     0x432c ../../BSP/Debug\libBSP.a(leds.o)
 .debug_macinfo
                0x00016de7     0x4d91 ../../BSP/Debug\libBSP.a(pbs.o)
 .debug_macinfo
                0x0001bb78     0x4cee ../../BSP/Debug\libBSP.a(rtc.o)
 .debug_macinfo
                0x00020866     0x4d01 ../../BSP/Debug\libBSP.a(segs.o)
 .debug_macinfo
                0x00025567     0x5556 ../../BSP/Debug\libBSP.a(system.o)
 .debug_macinfo
                0x0002aabd     0x4d1b ../../BSP/Debug\libBSP.a(timers.o)
 .debug_macinfo
                0x0002f7d8     0x430d ../../BSP/Debug\libBSP.a(uart.o)
 .debug_macinfo
                0x00033ae5     0x2339 ../../BSP/Debug\libBSP.a(font8x16.o)

.debug_loc      0x00000000     0x157c
 .debug_loc     0x00000000       0xdc ./kernelcoop.o
 .debug_loc     0x000000dc      0x1e4 ./lab13.o
 .debug_loc     0x000002c0      0x160 ../../BSP/Debug\libBSP.a(keypad.o)
 .debug_loc     0x00000420      0x344 ../../BSP/Debug\libBSP.a(lcd.o)
 .debug_loc     0x00000764       0xdc ../../BSP/Debug\libBSP.a(leds.o)
 .debug_loc     0x00000840      0x160 ../../BSP/Debug\libBSP.a(pbs.o)
 .debug_loc     0x000009a0       0xdc ../../BSP/Debug\libBSP.a(rtc.o)
 .debug_loc     0x00000a7c       0xb0 ../../BSP/Debug\libBSP.a(segs.o)
 .debug_loc     0x00000b2c      0x688 ../../BSP/Debug\libBSP.a(system.o)
 .debug_loc     0x000011b4      0x23c ../../BSP/Debug\libBSP.a(timers.o)
 .debug_loc     0x000013f0      0x18c ../../BSP/Debug\libBSP.a(uart.o)

.debug_pubnames
                0x00000000      0x8f8
 .debug_pubnames
                0x00000000       0x61 ./kernelcoop.o
 .debug_pubnames
                0x00000061       0xc2 ./lab13.o
 .debug_pubnames
                0x00000123       0xab ../../BSP/Debug\libBSP.a(keypad.o)
 .debug_pubnames
                0x000001ce      0x152 ../../BSP/Debug\libBSP.a(lcd.o)
 .debug_pubnames
                0x00000320       0x55 ../../BSP/Debug\libBSP.a(leds.o)
 .debug_pubnames
                0x00000375       0x8e ../../BSP/Debug\libBSP.a(pbs.o)
 .debug_pubnames
                0x00000403       0x5a ../../BSP/Debug\libBSP.a(rtc.o)
 .debug_pubnames
                0x0000045d       0x4e ../../BSP/Debug\libBSP.a(segs.o)
 .debug_pubnames
                0x000004ab      0x29d ../../BSP/Debug\libBSP.a(system.o)
 .debug_pubnames
                0x00000748       0xee ../../BSP/Debug\libBSP.a(timers.o)
 .debug_pubnames
                0x00000836       0xa7 ../../BSP/Debug\libBSP.a(uart.o)
 .debug_pubnames
                0x000008dd       0x1b ../../BSP/Debug\libBSP.a(font8x16.o)

.debug_pubtypes
                0x00000000      0x24c
 .debug_pubtypes
                0x00000000       0x34 ./kernelcoop.o
 .debug_pubtypes
                0x00000034       0x42 ./lab13.o
 .debug_pubtypes
                0x00000076       0x32 ../../BSP/Debug\libBSP.a(keypad.o)
 .debug_pubtypes
                0x000000a8       0x3c ../../BSP/Debug\libBSP.a(lcd.o)
 .debug_pubtypes
                0x000000e4       0x27 ../../BSP/Debug\libBSP.a(leds.o)
 .debug_pubtypes
                0x0000010b       0x32 ../../BSP/Debug\libBSP.a(pbs.o)
 .debug_pubtypes
                0x0000013d       0x36 ../../BSP/Debug\libBSP.a(rtc.o)
 .debug_pubtypes
                0x00000173       0x1c ../../BSP/Debug\libBSP.a(segs.o)
 .debug_pubtypes
                0x0000018f       0x27 ../../BSP/Debug\libBSP.a(system.o)
 .debug_pubtypes
                0x000001b6       0x3d ../../BSP/Debug\libBSP.a(timers.o)
 .debug_pubtypes
                0x000001f3       0x3d ../../BSP/Debug\libBSP.a(uart.o)
 .debug_pubtypes
                0x00000230       0x1c ../../BSP/Debug\libBSP.a(font8x16.o)

.debug_aranges  0x00000000      0x160
 .debug_aranges
                0x00000000       0x20 ./kernelcoop.o
 .debug_aranges
                0x00000020       0x20 ./lab13.o
 .debug_aranges
                0x00000040       0x20 ../../BSP/Debug\libBSP.a(keypad.o)
 .debug_aranges
                0x00000060       0x20 ../../BSP/Debug\libBSP.a(lcd.o)
 .debug_aranges
                0x00000080       0x20 ../../BSP/Debug\libBSP.a(leds.o)
 .debug_aranges
                0x000000a0       0x20 ../../BSP/Debug\libBSP.a(pbs.o)
 .debug_aranges
                0x000000c0       0x20 ../../BSP/Debug\libBSP.a(rtc.o)
 .debug_aranges
                0x000000e0       0x20 ../../BSP/Debug\libBSP.a(segs.o)
 .debug_aranges
                0x00000100       0x20 ../../BSP/Debug\libBSP.a(system.o)
 .debug_aranges
                0x00000120       0x20 ../../BSP/Debug\libBSP.a(timers.o)
 .debug_aranges
                0x00000140       0x20 ../../BSP/Debug\libBSP.a(uart.o)

.debug_str      0x00000000      0x90e
 .debug_str     0x00000000      0x117 ./kernelcoop.o
                                0x130 (size before relaxing)
 .debug_str     0x00000117       0xb5 ./lab13.o
                                0x192 (size before relaxing)
 .debug_str     0x000001cc       0xcf ../../BSP/Debug\libBSP.a(keypad.o)
                                0x15a (size before relaxing)
 .debug_str     0x0000029b      0x157 ../../BSP/Debug\libBSP.a(lcd.o)
                                0x22c (size before relaxing)
 .debug_str     0x000003f2       0x3d ../../BSP/Debug\libBSP.a(leds.o)
                                 0xf4 (size before relaxing)
 .debug_str     0x0000042f       0x69 ../../BSP/Debug\libBSP.a(pbs.o)
                                0x130 (size before relaxing)
 .debug_str     0x00000498       0x4c ../../BSP/Debug\libBSP.a(rtc.o)
                                0x12b (size before relaxing)
 .debug_str     0x000004e4       0x43 ../../BSP/Debug\libBSP.a(segs.o)
                                 0xf9 (size before relaxing)
 .debug_str     0x00000527      0x267 ../../BSP/Debug\libBSP.a(system.o)
                                0x323 (size before relaxing)
 .debug_str     0x0000078e       0xe0 ../../BSP/Debug\libBSP.a(timers.o)
                                0x1a3 (size before relaxing)
 .debug_str     0x0000086e       0x8e ../../BSP/Debug\libBSP.a(uart.o)
                                0x158 (size before relaxing)
 .debug_str     0x000008fc       0x12 ../../BSP/Debug\libBSP.a(font8x16.o)
                                 0xc7 (size before relaxing)

.comment        0x00000000       0x2a
 .comment       0x00000000       0x2a ./kernelcoop.o
                                 0x2b (size before relaxing)
 .comment       0x00000000       0x2b ./lab13.o
 .comment       0x00000000       0x2b ../../BSP/Debug\libBSP.a(keypad.o)
 .comment       0x00000000       0x2b ../../BSP/Debug\libBSP.a(lcd.o)
 .comment       0x00000000       0x2b ../../BSP/Debug\libBSP.a(leds.o)
 .comment       0x00000000       0x2b ../../BSP/Debug\libBSP.a(pbs.o)
 .comment       0x00000000       0x2b ../../BSP/Debug\libBSP.a(rtc.o)
 .comment       0x00000000       0x2b ../../BSP/Debug\libBSP.a(segs.o)
 .comment       0x00000000       0x2b ../../BSP/Debug\libBSP.a(system.o)
 .comment       0x00000000       0x2b ../../BSP/Debug\libBSP.a(timers.o)
 .comment       0x00000000       0x2b ../../BSP/Debug\libBSP.a(uart.o)
 .comment       0x00000000       0x2b ../../BSP/Debug\libBSP.a(font8x16.o)

.ARM.attributes
                0x00000000       0x32
 .ARM.attributes
                0x00000000       0x32 ./kernelcoop.o
 .ARM.attributes
                0x00000032       0x32 ./lab13.o
 .ARM.attributes
                0x00000064       0x32 ../../BSP/Debug\libBSP.a(keypad.o)
 .ARM.attributes
                0x00000096       0x32 ../../BSP/Debug\libBSP.a(lcd.o)
 .ARM.attributes
                0x000000c8       0x32 ../../BSP/Debug\libBSP.a(leds.o)
 .ARM.attributes
                0x000000fa       0x32 ../../BSP/Debug\libBSP.a(pbs.o)
 .ARM.attributes
                0x0000012c       0x32 ../../BSP/Debug\libBSP.a(rtc.o)
 .ARM.attributes
                0x0000015e       0x32 ../../BSP/Debug\libBSP.a(segs.o)
 .ARM.attributes
                0x00000190       0x32 ../../BSP/Debug\libBSP.a(system.o)
 .ARM.attributes
                0x000001c2       0x32 ../../BSP/Debug\libBSP.a(timers.o)
 .ARM.attributes
                0x000001f4       0x32 ../../BSP/Debug\libBSP.a(uart.o)
 .ARM.attributes
                0x00000226       0x32 ../../BSP/Debug\libBSP.a(font8x16.o)
 .ARM.attributes
                0x00000258       0x1a c:/software/electronica/arm/eclipsearm/sourcery-g++-lite-arm-2011.03/bin/../lib/gcc/arm-none-eabi/4.5.2\libgcc.a(_udivsi3.o)
 .ARM.attributes
                0x00000272       0x18 c:/software/electronica/arm/eclipsearm/sourcery-g++-lite-arm-2011.03/bin/../lib/gcc/arm-none-eabi/4.5.2\libgcc.a(_dvmd_tls.o)
 .ARM.attributes
                0x0000028a       0x1a c:/software/electronica/arm/eclipsearm/sourcery-g++-lite-arm-2011.03/bin/../lib/gcc/arm-none-eabi/4.5.2\libgcc.a(_aeabi_uldivmod.o)
 .ARM.attributes
                0x000002a4       0x34 c:/software/electronica/arm/eclipsearm/sourcery-g++-lite-arm-2011.03/bin/../lib/gcc/arm-none-eabi/4.5.2\libgcc.a(bpabi.o)
 .ARM.attributes
                0x000002d8       0x34 c:/software/electronica/arm/eclipsearm/sourcery-g++-lite-arm-2011.03/bin/../lib/gcc/arm-none-eabi/4.5.2\libgcc.a(_divdi3.o)
 .ARM.attributes
                0x0000030c       0x34 c:/software/electronica/arm/eclipsearm/sourcery-g++-lite-arm-2011.03/bin/../lib/gcc/arm-none-eabi/4.5.2\libgcc.a(_udivdi3.o)
 .ARM.attributes
                0x00000340       0x1a c:/software/electronica/arm/eclipsearm/sourcery-g++-lite-arm-2011.03/bin/../lib/gcc/arm-none-eabi/4.5.2\libgcc.a(_clzsi2.o)

.debug_frame    0x00000000     0x12d4
 .debug_frame   0x00000000       0xbc ./kernelcoop.o
 .debug_frame   0x000000bc      0x178 ./lab13.o
 .debug_frame   0x00000234      0x110 ../../BSP/Debug\libBSP.a(keypad.o)
 .debug_frame   0x00000344      0x270 ../../BSP/Debug\libBSP.a(lcd.o)
 .debug_frame   0x000005b4       0xb0 ../../BSP/Debug\libBSP.a(leds.o)
 .debug_frame   0x00000664      0x110 ../../BSP/Debug\libBSP.a(pbs.o)
 .debug_frame   0x00000774       0xb0 ../../BSP/Debug\libBSP.a(rtc.o)
 .debug_frame   0x00000824       0x90 ../../BSP/Debug\libBSP.a(segs.o)
 .debug_frame   0x000008b4      0x650 ../../BSP/Debug\libBSP.a(system.o)
 .debug_frame   0x00000f04      0x1b8 ../../BSP/Debug\libBSP.a(timers.o)
 .debug_frame   0x000010bc      0x130 ../../BSP/Debug\libBSP.a(uart.o)
 .debug_frame   0x000011ec       0x20 c:/software/electronica/arm/eclipsearm/sourcery-g++-lite-arm-2011.03/bin/../lib/gcc/arm-none-eabi/4.5.2\libgcc.a(_udivsi3.o)
 .debug_frame   0x0000120c       0x50 c:/software/electronica/arm/eclipsearm/sourcery-g++-lite-arm-2011.03/bin/../lib/gcc/arm-none-eabi/4.5.2\libgcc.a(bpabi.o)
 .debug_frame   0x0000125c       0x3c c:/software/electronica/arm/eclipsearm/sourcery-g++-lite-arm-2011.03/bin/../lib/gcc/arm-none-eabi/4.5.2\libgcc.a(_divdi3.o)
 .debug_frame   0x00001298       0x3c c:/software/electronica/arm/eclipsearm/sourcery-g++-lite-arm-2011.03/bin/../lib/gcc/arm-none-eabi/4.5.2\libgcc.a(_udivdi3.o)
