Archive member included because of file (symbol)

../../BSP/Debug\libBSP.a(keypad.o)
                              ./lab14.o (keypad_scan)
../../BSP/Debug\libBSP.a(lcd.o)
                              ./lab14.o (lcd_init)
../../BSP/Debug\libBSP.a(leds.o)
                              ./lab14.o (leds_init)
../../BSP/Debug\libBSP.a(pbs.o)
                              ./lab14.o (pbs_init)
../../BSP/Debug\libBSP.a(rtc.o)
                              ./lab14.o (rtc_init)
../../BSP/Debug\libBSP.a(segs.o)
                              ./lab14.o (segs_init)
../../BSP/Debug\libBSP.a(system.o)
                              ./lab14.o (sys_init)
../../BSP/Debug\libBSP.a(timers.o)
                              ./lab14.o (timers_init)
../../BSP/Debug\libBSP.a(uart.o)
                              ./lab14.o (uart0_init)
../../BSP/Debug\libBSP.a(font8x16.o)
                              ../../BSP/Debug\libBSP.a(lcd.o) (font)
c:/software/electronica/arm/eclipsearm/sourcery-g++-lite-arm-2011.03/bin/../lib/gcc/arm-none-eabi/4.5.2\libgcc.a(_udivsi3.o)
                              ./os_core/os_core.o (__aeabi_uidiv)
c:/software/electronica/arm/eclipsearm/sourcery-g++-lite-arm-2011.03/bin/../lib/gcc/arm-none-eabi/4.5.2\libgcc.a(_dvmd_tls.o)
                              c:/software/electronica/arm/eclipsearm/sourcery-g++-lite-arm-2011.03/bin/../lib/gcc/arm-none-eabi/4.5.2\libgcc.a(_udivsi3.o) (__aeabi_idiv0)
c:/software/electronica/arm/eclipsearm/sourcery-g++-lite-arm-2011.03/bin/../lib/gcc/arm-none-eabi/4.5.2\libgcc.a(_aeabi_uldivmod.o)
                              ../../BSP/Debug\libBSP.a(timers.o) (__aeabi_uldivmod)
c:/software/electronica/arm/eclipsearm/sourcery-g++-lite-arm-2011.03/bin/../lib/gcc/arm-none-eabi/4.5.2\libgcc.a(bpabi.o)
                              c:/software/electronica/arm/eclipsearm/sourcery-g++-lite-arm-2011.03/bin/../lib/gcc/arm-none-eabi/4.5.2\libgcc.a(_aeabi_uldivmod.o) (__gnu_uldivmod_helper)
c:/software/electronica/arm/eclipsearm/sourcery-g++-lite-arm-2011.03/bin/../lib/gcc/arm-none-eabi/4.5.2\libgcc.a(_divdi3.o)
                              c:/software/electronica/arm/eclipsearm/sourcery-g++-lite-arm-2011.03/bin/../lib/gcc/arm-none-eabi/4.5.2\libgcc.a(bpabi.o) (__divdi3)
c:/software/electronica/arm/eclipsearm/sourcery-g++-lite-arm-2011.03/bin/../lib/gcc/arm-none-eabi/4.5.2\libgcc.a(_udivdi3.o)
                              c:/software/electronica/arm/eclipsearm/sourcery-g++-lite-arm-2011.03/bin/../lib/gcc/arm-none-eabi/4.5.2\libgcc.a(bpabi.o) (__udivdi3)
c:/software/electronica/arm/eclipsearm/sourcery-g++-lite-arm-2011.03/bin/../lib/gcc/arm-none-eabi/4.5.2\libgcc.a(_clzsi2.o)
                              c:/software/electronica/arm/eclipsearm/sourcery-g++-lite-arm-2011.03/bin/../lib/gcc/arm-none-eabi/4.5.2\libgcc.a(_divdi3.o) (__clzsi2)

Allocating common symbols
Common symbol       size              file

Task3Stk            0xa000            ./lab14.o
Task7Stk            0xa000            ./lab14.o
OSLockNesting       0x1               ./os_core/os_core.o
Task4Stk            0xa000            ./lab14.o
OSRunning           0x1               ./os_core/os_core.o
OSIdleCtr           0x4               ./os_core/os_core.o
OSPrioHighRdy       0x1               ./os_core/os_core.o
OSFlagTbl           0xdc              ./os_core/os_core.o
lcd0Sem             0x4               ./lab14.o
OSPrioCur           0x1               ./os_core/os_core.o
OSTCBList           0x4               ./os_core/os_core.o
OSMemTbl            0x104             ./os_core/os_core.o
OSTickStepState     0x1               ./os_core/os_core.o
OSTaskStatStk       0x800             ./os_core/os_core.o
OSCtxSwCtr          0x4               ./os_core/os_core.o
lcd_buffer          0x9600            ../../BSP/Debug\libBSP.a(lcd.o)
OSIdleCtrMax        0x4               ./os_core/os_core.o
OSTCBFreeList       0x4               ./os_core/os_core.o
keypadMbox          0x4               ./lab14.o
OSCPUUsage          0x1               ./os_core/os_core.o
flagPb              0x4               ./lab14.o
Task2Stk            0xa000            ./lab14.o
OSTaskCtr           0x1               ./os_core/os_core.o
uart0Sem            0x4               ./lab14.o
OSMemFreeList       0x4               ./os_core/os_core.o
Task6Stk            0xa000            ./lab14.o
OSQTbl              0x60              ./os_core/os_core.o
OSTCBHighRdy        0x4               ./os_core/os_core.o
OSQFreeList         0x4               ./os_core/os_core.o
OSRdyGrp            0x1               ./os_core/os_core.o
Task1Stk            0xa000            ./lab14.o
OSRdyTbl            0x8               ./os_core/os_core.o
Task9Stk            0xa000            ./lab14.o
OSEventFreeList     0x4               ./os_core/os_core.o
Task8Stk            0xa000            ./lab14.o
OSIntNesting        0x1               ./os_core/os_core.o
TaskStartStk        0xa000            ./lab14.o
OSTCBCur            0x4               ./os_core/os_core.o
Task5Stk            0xa000            ./lab14.o
OSTime              0x4               ./os_core/os_core.o
OSTaskIdleStk       0x800             ./os_core/os_core.o
OSEventTbl          0x1e0             ./os_core/os_core.o
OSTCBTbl            0x8f0             ./os_core/os_core.o
OSFlagFreeList      0x4               ./os_core/os_core.o
OSStatRdy           0x1               ./os_core/os_core.o
OSTCBPrioTbl        0x100             ./os_core/os_core.o
OSIdleCtrRun        0x4               ./os_core/os_core.o

Memory Configuration

Name             Origin             Length             Attributes
*default*        0x00000000         0xffffffff

Linker script and memory map

LOAD ./os_port/os_cpu_a.o
LOAD ./os_port/os_cpu_c.o
LOAD ./os_port/os_cpu_isr_wrapper.o
LOAD ./os_core/os_core.o
LOAD ./os_core/os_dbg_r.o
LOAD ./os_core/os_flag.o
LOAD ./os_core/os_mbox.o
LOAD ./os_core/os_mem.o
LOAD ./os_core/os_mutex.o
LOAD ./os_core/os_q.o
LOAD ./os_core/os_sem.o
LOAD ./os_core/os_task.o
LOAD ./os_core/os_time.o
LOAD ./os_core/ucos_ii.o
LOAD ./lab14-isr-wrappers.o
LOAD ./lab14.o
LOAD ../../BSP/Debug\libBSP.a
START GROUP
LOAD c:/software/electronica/arm/eclipsearm/sourcery-g++-lite-arm-2011.03/bin/../lib/gcc/arm-none-eabi/4.5.2\libgcc.a
LOAD c:/software/electronica/arm/eclipsearm/sourcery-g++-lite-arm-2011.03/bin/../lib/gcc/arm-none-eabi/4.5.2/../../../../arm-none-eabi/lib\libc.a
END GROUP
                0x0c100000                . = 0xc100000

.text           0x0c100000     0xe094
 *(.text)
 .text          0x0c100000      0x110 ./os_port/os_cpu_a.o
                0x0c100000                OSStartHighRdy
                0x0c100028                OSCtxSw
                0x0c100044                OSIntCtxSw
                0x0c100078                OSTickISR
 .text          0x0c100110      0x29c ./os_port/os_cpu_c.o
                0x0c100110                OSInitHookBegin
                0x0c100128                OSInitHookEnd
                0x0c100140                OSTaskCreateHook
                0x0c100160                OSTaskDelHook
                0x0c100180                OSTaskIdleHook
                0x0c10019c                OSTaskStatHook
                0x0c1001b4                OSTaskStkInit
                0x0c10035c                OSTaskSwHook
                0x0c100374                OSTCBInitHook
                0x0c100394                OSTimeTickHook
 .text          0x0c1003ac        0x0 ./os_port/os_cpu_isr_wrapper.o
 .text          0x0c1003ac     0x1a58 ./os_core/os_core.o
                0x0c1003ac                OSEventNameGet
                0x0c10049c                OSEventNameSet
                0x0c1005a8                OSInit
                0x0c1005f0                OSIntEnter
                0x0c100648                OSIntExit
                0x0c1007a4                OSSchedLock
                0x0c100814                OSSchedUnlock
                0x0c1008d0                OSStart
                0x0c1009ac                OSStatInit
                0x0c100a38                OSTimeTick
                0x0c100c54                OSVersion
                0x0c100c74                OS_Dummy
                0x0c100c8c                OS_EventTaskRdy
                0x0c100e98                OS_EventTaskWait
                0x0c100ff0                OS_EventTO
                0x0c101104                OS_EventWaitListInit
                0x0c101618                OS_MemClr
                0x0c101674                OS_MemCopy
                0x0c1016e4                OS_Sched
                0x0c101804                OS_StrCopy
                0x0c10188c                OS_StrLen
                0x0c1018e8                OS_TaskIdle
                0x0c101934                OS_TaskStat
                0x0c101a64                OS_TaskStatStkChk
                0x0c101b24                OS_TCBInit
 .text          0x0c101e04      0x238 ./os_core/os_dbg_r.o
                0x0c101e04                OSDebugInit
 .text          0x0c10203c     0x16cc ./os_core/os_flag.o
                0x0c10203c                OSFlagAccept
                0x0c102360                OSFlagCreate
                0x0c102464                OSFlagDel
                0x0c1026a4                OSFlagNameGet
                0x0c102790                OSFlagNameSet
                0x0c102898                OSFlagPend
                0x0c102e04                OSFlagPendGetFlagsRdy
                0x0c102e54                OSFlagPost
                0x0c103214                OSFlagQuery
                0x0c103468                OS_FlagInit
                0x0c103654                OS_FlagUnlink
 .text          0x0c103708      0x95c ./os_core/os_mbox.o
                0x0c103708                OSMboxAccept
                0x0c10378c                OSMboxCreate
                0x0c103870                OSMboxDel
                0x0c103aa4                OSMboxPend
                0x0c103c88                OSMboxPost
                0x0c103d6c                OSMboxPostOpt
                0x0c103e94                OSMboxQuery
 .text          0x0c104064      0x6ac ./os_core/os_mem.o
                0x0c104064                OSMemCreate
                0x0c104224                OSMemGet
                0x0c1042f0                OSMemNameGet
                0x0c1043b0                OSMemNameSet
                0x0c10448c                OSMemPut
                0x0c104550                OSMemQuery
                0x0c104628                OS_MemInit
 .text          0x0c104710     0x1044 ./os_core/os_mutex.o
                0x0c104710                OSMutexAccept
                0x0c104854                OSMutexCreate
                0x0c1049f8                OSMutexDel
                0x0c104c80                OSMutexPend
                0x0c1051bc                OSMutexPost
                0x0c10551c                OSMutexQuery
 .text          0x0c105754      0xf64 ./os_core/os_q.o
                0x0c105754                OSQAccept
                0x0c10587c                OSQCreate
                0x0c105a34                OSQDel
                0x0c105cbc                OSQFlush
                0x0c105d60                OSQPend
                0x0c105f9c                OSQPost
                0x0c1060d4                OSQPostFront
                0x0c106214                OSQPostOpt
                0x0c1063f0                OSQQuery
                0x0c106610                OS_QInit
 .text          0x0c1066b8      0x8d8 ./os_core/os_sem.o
                0x0c1066b8                OSSemAccept
                0x0c106758                OSSemCreate
                0x0c106840                OSSemDel
                0x0c106a74                OSSemPend
                0x0c106c14                OSSemPost
                0x0c106cf8                OSSemQuery
                0x0c106ec8                OSSemSet
 .text          0x0c106f90     0x146c ./os_core/os_task.o
                0x0c106f90                OSTaskChangePrio
                0x0c107354                OSTaskCreate
                0x0c1074b0                OSTaskCreateExt
                0x0c107620                OSTaskDel
                0x0c1079fc                OSTaskDelReq
                0x0c107b0c                OSTaskNameGet
                0x0c107c50                OSTaskNameSet
                0x0c107da8                OSTaskResume
                0x0c107f1c                OSTaskStkChk
                0x0c1080b0                OSTaskSuspend
                0x0c10828c                OSTaskQuery
                0x0c108378                OS_TaskStkClr
 .text          0x0c1083fc      0x4d0 ./os_core/os_time.o
                0x0c1083fc                OSTimeDly
                0x0c108500                OSTimeDlyHMSM
                0x0c1086a4                OSTimeDlyResume
                0x0c108838                OSTimeGet
                0x0c108884                OSTimeSet
 .text          0x0c1088cc        0x0 ./os_core/ucos_ii.o
 .text          0x0c1088cc       0x78 ./lab14-isr-wrappers.o
                0x0c1088cc                OS_CPU_isr_pb
 .text          0x0c108944      0xc08 ./lab14.o
                0x0c108944                main
                0x0c108a28                TaskStart
                0x0c108bec                Task1
                0x0c108c84                Task2
                0x0c108d70                Task3
                0x0c108e88                Task4
                0x0c108f74                Task5
                0x0c10907c                Task6
                0x0c109124                Task7
                0x0c109208                Task8
                0x0c109344                Task9
                0x0c109500                isr_pb
 .text          0x0c10954c      0x508 ../../BSP/Debug\libBSP.a(keypad.o)
                0x0c10954c                keypad_scan
                0x0c109770                keypad_pressed
                0x0c1097a4                keypad_open
                0x0c109814                keypad_close
                0x0c109858                keypad_init
                0x0c109874                keypad_getchar
                0x0c1098ec                keypad_getchartime
                0x0c109988                keypad_timeout_getchar
 .text          0x0c109a54     0x1008 ../../BSP/Debug\libBSP.a(lcd.o)
                0x0c109a54                lcd_init
                0x0c109bd8                lcd_on
                0x0c109c14                lcd_off
                0x0c109c50                lcd_status
                0x0c109c78                lcd_clear
                0x0c109cb0                lcd_putpixel
                0x0c109d9c                lcd_getpixel
                0x0c109e38                lcd_draw_hline
                0x0c109ee4                lcd_draw_vline
                0x0c109f90                lcd_draw_box
                0x0c10a048                lcd_putchar
                0x0c10a19c                lcd_puts
                0x0c10a240                lcd_putint
                0x0c10a3bc                lcd_puthex
                0x0c10a49c                lcd_putchar_x2
                0x0c10a600                lcd_puts_x2
                0x0c10a6a4                lcd_putint_x2
                0x0c10a820                lcd_puthex_x2
                0x0c10a900                lcd_putWallpaper
 .text          0x0c10aa5c      0x1e8 ../../BSP/Debug\libBSP.a(leds.o)
                0x0c10aa5c                leds_init
                0x0c10aa84                led_on
                0x0c10aae4                led_off
                0x0c10ab44                led_toggle
                0x0c10abc8                led_status
 .text          0x0c10ac44      0x328 ../../BSP/Debug\libBSP.a(pbs.o)
                0x0c10ac44                pbs_init
                0x0c10ac60                pb_scan
                0x0c10acbc                pb_pressed
                0x0c10acf0                pb_getchar
                0x0c10ad58                pb_getchartime
                0x0c10adf4                pb_timeout_getchar
                0x0c10aec0                pbs_open
                0x0c10af28                pbs_close
 .text          0x0c10af6c      0x80c ../../BSP/Debug\libBSP.a(rtc.o)
                0x0c10af6c                rtc_init
                0x0c10b094                rtc_puttime
                0x0c10b2dc                rtc_gettime
                0x0c10b6b0                rtc_open
                0x0c10b724                rtc_close
 .text          0x0c10b778       0xd4 ../../BSP/Debug\libBSP.a(segs.o)
                0x0c10b778                segs_init
                0x0c10b794                segs_off
                0x0c10b7cc                segs_putchar
                0x0c10b824                segs_status
 .text          0x0c10b84c      0xd68 ../../BSP/Debug\libBSP.a(system.o)
                0x0c10b84c                sys_init
                0x0c10bdb4                isr_SWI_dummy
                0x0c10bddc                isr_UNDEF_dummy
                0x0c10be04                isr_IRQ_dummy
                0x0c10be2c                isr_FIQ_dummy
                0x0c10be54                isr_PABORT_dummy
                0x0c10be7c                isr_DABORT_dummy
                0x0c10bea4                isr_ADC_dummy
                0x0c10becc                isr_RTC_dummy
                0x0c10bef4                isr_UTXD1_dummy
                0x0c10bf1c                isr_UTXD0_dummy
                0x0c10bf44                isr_SIO_dummy
                0x0c10bf6c                isr_IIC_dummy
                0x0c10bf94                isr_URXD1_dummy
                0x0c10bfbc                isr_URXD0_dummy
                0x0c10bfe4                isr_TIMER5_dummy
                0x0c10c00c                isr_TIMER4_dummy
                0x0c10c034                isr_TIMER3_dummy
                0x0c10c05c                isr_TIMER2_dummy
                0x0c10c084                isr_TIMER1_dummy
                0x0c10c0ac                isr_TIMER0_dummy
                0x0c10c0d4                isr_UERR01_dummy
                0x0c10c0fc                isr_WDT_dummy
                0x0c10c124                isr_BDMA1_dummy
                0x0c10c14c                isr_BDMA0_dummy
                0x0c10c174                isr_ZDMA1_dummy
                0x0c10c19c                isr_ZDMA0_dummy
                0x0c10c1c4                isr_TICK_dummy
                0x0c10c1ec                isr_PB_dummy
                0x0c10c214                isr_ETHERNET_dummy
                0x0c10c23c                isr_TS_dummy
                0x0c10c264                isr_KEYPAD_dummy
                0x0c10c28c                isr_USB_dummy
                0x0c10c364                sleep
 .text          0x0c10c5b4      0xa2c ../../BSP/Debug\libBSP.a(timers.o)
                0x0c10c5b4                timers_init
                0x0c10c774                timer3_delay_ms
                0x0c10c854                sw_delay_ms
                0x0c10c8ac                timer3_delay_s
                0x0c10c998                sw_delay_s
                0x0c10c9f0                timer3_start
                0x0c10caa0                timer3_stop
                0x0c10caf4                timer3_start_timeout
                0x0c10cbac                timer3_timeout
                0x0c10cbe8                timer0_open_tick
                0x0c10ce34                timer0_open_ms
                0x0c10cf48                timer0_close
 .text          0x0c10cfe0      0x5bc ../../BSP/Debug\libBSP.a(uart.o)
                0x0c10cfe0                uart0_init
                0x0c10d044                uart0_putchar
                0x0c10d094                uart0_getchar
                0x0c10d0dc                uart0_puts
                0x0c10d144                uart0_gets
                0x0c10d1bc                uart0_putint
                0x0c10d2f4                uart0_puthex
                0x0c10d3ac                uart0_getint
                0x0c10d488                uart0_gethex
 .text          0x0c10d59c        0x0 ../../BSP/Debug\libBSP.a(font8x16.o)
 .text          0x0c10d59c      0x114 c:/software/electronica/arm/eclipsearm/sourcery-g++-lite-arm-2011.03/bin/../lib/gcc/arm-none-eabi/4.5.2\libgcc.a(_udivsi3.o)
                0x0c10d59c                __aeabi_uidiv
                0x0c10d59c                __udivsi3
                0x0c10d690                __aeabi_uidivmod
 .text          0x0c10d6b0        0x4 c:/software/electronica/arm/eclipsearm/sourcery-g++-lite-arm-2011.03/bin/../lib/gcc/arm-none-eabi/4.5.2\libgcc.a(_dvmd_tls.o)
                0x0c10d6b0                __aeabi_idiv0
                0x0c10d6b0                __aeabi_ldiv0
 .text          0x0c10d6b4       0x3c c:/software/electronica/arm/eclipsearm/sourcery-g++-lite-arm-2011.03/bin/../lib/gcc/arm-none-eabi/4.5.2\libgcc.a(_aeabi_uldivmod.o)
                0x0c10d6b4                __aeabi_uldivmod
 .text          0x0c10d6f0       0x80 c:/software/electronica/arm/eclipsearm/sourcery-g++-lite-arm-2011.03/bin/../lib/gcc/arm-none-eabi/4.5.2\libgcc.a(bpabi.o)
                0x0c10d6f0                __gnu_ldivmod_helper
                0x0c10d730                __gnu_uldivmod_helper
 .text          0x0c10d770      0x4a8 c:/software/electronica/arm/eclipsearm/sourcery-g++-lite-arm-2011.03/bin/../lib/gcc/arm-none-eabi/4.5.2\libgcc.a(_divdi3.o)
                0x0c10d770                __divdi3
 .text          0x0c10dc18      0x434 c:/software/electronica/arm/eclipsearm/sourcery-g++-lite-arm-2011.03/bin/../lib/gcc/arm-none-eabi/4.5.2\libgcc.a(_udivdi3.o)
                0x0c10dc18                __udivdi3
 .text          0x0c10e04c       0x48 c:/software/electronica/arm/eclipsearm/sourcery-g++-lite-arm-2011.03/bin/../lib/gcc/arm-none-eabi/4.5.2\libgcc.a(_clzsi2.o)
                0x0c10e04c                __clzsi2

.glue_7         0x0c10e094        0x0
 .glue_7        0x00000000        0x0 linker stubs

.glue_7t        0x0c10e094        0x0
 .glue_7t       0x00000000        0x0 linker stubs

.vfp11_veneer   0x0c10e094        0x0
 .vfp11_veneer  0x00000000        0x0 linker stubs

.v4_bx          0x0c10e094        0x0
 .v4_bx         0x00000000        0x0 linker stubs

.rodata         0x0c10e094     0x1270
 *(.rodata)
 .rodata        0x0c10e094      0x108 ./os_core/os_core.o
                0x0c10e094                OSMapTbl
                0x0c10e09c                OSUnMapTbl
 .rodata        0x0c10e19c       0x60 ./os_core/os_dbg_r.o
                0x0c10e19c                OSDebugEn
                0x0c10e1a0                OSEndiannessTest
                0x0c10e1a4                OSEventEn
                0x0c10e1a6                OSEventMax
                0x0c10e1a8                OSEventNameSize
                0x0c10e1aa                OSEventSize
                0x0c10e1ac                OSEventTblSize
                0x0c10e1ae                OSFlagEn
                0x0c10e1b0                OSFlagGrpSize
                0x0c10e1b2                OSFlagNodeSize
                0x0c10e1b4                OSFlagWidth
                0x0c10e1b6                OSFlagMax
                0x0c10e1b8                OSFlagNameSize
                0x0c10e1ba                OSLowestPrio
                0x0c10e1bc                OSMboxEn
                0x0c10e1be                OSMemEn
                0x0c10e1c0                OSMemMax
                0x0c10e1c2                OSMemNameSize
                0x0c10e1c4                OSMemSize
                0x0c10e1c6                OSMemTblSize
                0x0c10e1c8                OSMutexEn
                0x0c10e1ca                OSPtrSize
                0x0c10e1cc                OSQEn
                0x0c10e1ce                OSQMax
                0x0c10e1d0                OSQSize
                0x0c10e1d2                OSRdyTblSize
                0x0c10e1d4                OSSemEn
                0x0c10e1d6                OSStkWidth
                0x0c10e1d8                OSTaskCreateEn
                0x0c10e1da                OSTaskCreateExtEn
                0x0c10e1dc                OSTaskDelEn
                0x0c10e1de                OSTaskIdleStkSize
                0x0c10e1e0                OSTaskProfileEn
                0x0c10e1e2                OSTaskMax
                0x0c10e1e4                OSTaskNameSize
                0x0c10e1e6                OSTaskStatEn
                0x0c10e1e8                OSTaskStatStkSize
                0x0c10e1ea                OSTaskStatStkChkEn
                0x0c10e1ec                OSTaskSwHookEn
                0x0c10e1ee                OSTCBPrioTblMax
                0x0c10e1f0                OSTCBSize
                0x0c10e1f2                OSTicksPerSec
                0x0c10e1f4                OSTimeTickHookEn
                0x0c10e1f6                OSVersionNbr
                0x0c10e1f8                OSDataSize
 .rodata        0x0c10e1fc       0xf8 ./lab14.o
 .rodata        0x0c10e2f4       0x10 ../../BSP/Debug\libBSP.a(segs.o)
 .rodata        0x0c10e304     0x1000 ../../BSP/Debug\libBSP.a(font8x16.o)
                0x0c10e304                font

.ARM.extab      0x0c10f304        0x0
 .ARM.extab     0x0c10f304        0x0 c:/software/electronica/arm/eclipsearm/sourcery-g++-lite-arm-2011.03/bin/../lib/gcc/arm-none-eabi/4.5.2\libgcc.a(_divdi3.o)
 .ARM.extab     0x0c10f304        0x0 c:/software/electronica/arm/eclipsearm/sourcery-g++-lite-arm-2011.03/bin/../lib/gcc/arm-none-eabi/4.5.2\libgcc.a(_udivdi3.o)

.ARM.exidx      0x0c10f304        0x8
 .ARM.exidx     0x0c10f304        0x8 c:/software/electronica/arm/eclipsearm/sourcery-g++-lite-arm-2011.03/bin/../lib/gcc/arm-none-eabi/4.5.2\libgcc.a(_divdi3.o)
 .ARM.exidx     0x0c10f30c        0x0 c:/software/electronica/arm/eclipsearm/sourcery-g++-lite-arm-2011.03/bin/../lib/gcc/arm-none-eabi/4.5.2\libgcc.a(_udivdi3.o)
                                  0x8 (size before relaxing)

.data           0x0c10f30c        0x0
 *(.data)
 .data          0x0c10f30c        0x0 ./os_port/os_cpu_a.o
 .data          0x0c10f30c        0x0 ./os_port/os_cpu_c.o
 .data          0x0c10f30c        0x0 ./os_port/os_cpu_isr_wrapper.o
 .data          0x0c10f30c        0x0 ./os_core/os_core.o
 .data          0x0c10f30c        0x0 ./os_core/os_dbg_r.o
 .data          0x0c10f30c        0x0 ./os_core/os_flag.o
 .data          0x0c10f30c        0x0 ./os_core/os_mbox.o
 .data          0x0c10f30c        0x0 ./os_core/os_mem.o
 .data          0x0c10f30c        0x0 ./os_core/os_mutex.o
 .data          0x0c10f30c        0x0 ./os_core/os_q.o
 .data          0x0c10f30c        0x0 ./os_core/os_sem.o
 .data          0x0c10f30c        0x0 ./os_core/os_task.o
 .data          0x0c10f30c        0x0 ./os_core/os_time.o
 .data          0x0c10f30c        0x0 ./os_core/ucos_ii.o
 .data          0x0c10f30c        0x0 ./lab14-isr-wrappers.o
 .data          0x0c10f30c        0x0 ./lab14.o
 .data          0x0c10f30c        0x0 ../../BSP/Debug\libBSP.a(keypad.o)
 .data          0x0c10f30c        0x0 ../../BSP/Debug\libBSP.a(lcd.o)
 .data          0x0c10f30c        0x0 ../../BSP/Debug\libBSP.a(leds.o)
 .data          0x0c10f30c        0x0 ../../BSP/Debug\libBSP.a(pbs.o)
 .data          0x0c10f30c        0x0 ../../BSP/Debug\libBSP.a(rtc.o)
 .data          0x0c10f30c        0x0 ../../BSP/Debug\libBSP.a(segs.o)
 .data          0x0c10f30c        0x0 ../../BSP/Debug\libBSP.a(system.o)
 .data          0x0c10f30c        0x0 ../../BSP/Debug\libBSP.a(timers.o)
 .data          0x0c10f30c        0x0 ../../BSP/Debug\libBSP.a(uart.o)
 .data          0x0c10f30c        0x0 ../../BSP/Debug\libBSP.a(font8x16.o)
 .data          0x0c10f30c        0x0 c:/software/electronica/arm/eclipsearm/sourcery-g++-lite-arm-2011.03/bin/../lib/gcc/arm-none-eabi/4.5.2\libgcc.a(_udivsi3.o)
 .data          0x0c10f30c        0x0 c:/software/electronica/arm/eclipsearm/sourcery-g++-lite-arm-2011.03/bin/../lib/gcc/arm-none-eabi/4.5.2\libgcc.a(_dvmd_tls.o)
 .data          0x0c10f30c        0x0 c:/software/electronica/arm/eclipsearm/sourcery-g++-lite-arm-2011.03/bin/../lib/gcc/arm-none-eabi/4.5.2\libgcc.a(_aeabi_uldivmod.o)
 .data          0x0c10f30c        0x0 c:/software/electronica/arm/eclipsearm/sourcery-g++-lite-arm-2011.03/bin/../lib/gcc/arm-none-eabi/4.5.2\libgcc.a(bpabi.o)
 .data          0x0c10f30c        0x0 c:/software/electronica/arm/eclipsearm/sourcery-g++-lite-arm-2011.03/bin/../lib/gcc/arm-none-eabi/4.5.2\libgcc.a(_divdi3.o)
 .data          0x0c10f30c        0x0 c:/software/electronica/arm/eclipsearm/sourcery-g++-lite-arm-2011.03/bin/../lib/gcc/arm-none-eabi/4.5.2\libgcc.a(_udivdi3.o)
 .data          0x0c10f30c        0x0 c:/software/electronica/arm/eclipsearm/sourcery-g++-lite-arm-2011.03/bin/../lib/gcc/arm-none-eabi/4.5.2\libgcc.a(_clzsi2.o)

.bss            0x0c10f30c    0x6f4bc
 *(.bss)
 .bss           0x0c10f30c        0x0 ./os_port/os_cpu_a.o
 .bss           0x0c10f30c        0x0 ./os_port/os_cpu_c.o
 .bss           0x0c10f30c        0x0 ./os_port/os_cpu_isr_wrapper.o
 .bss           0x0c10f30c        0x0 ./os_core/os_core.o
 .bss           0x0c10f30c        0x0 ./os_core/os_dbg_r.o
 .bss           0x0c10f30c        0x0 ./os_core/os_flag.o
 .bss           0x0c10f30c        0x0 ./os_core/os_mbox.o
 .bss           0x0c10f30c        0x0 ./os_core/os_mem.o
 .bss           0x0c10f30c        0x0 ./os_core/os_mutex.o
 .bss           0x0c10f30c        0x0 ./os_core/os_q.o
 .bss           0x0c10f30c        0x0 ./os_core/os_sem.o
 .bss           0x0c10f30c        0x0 ./os_core/os_task.o
 .bss           0x0c10f30c        0x0 ./os_core/os_time.o
 .bss           0x0c10f30c        0x0 ./os_core/ucos_ii.o
 .bss           0x0c10f30c        0x0 ./lab14-isr-wrappers.o
 .bss           0x0c10f30c        0x0 ./lab14.o
 .bss           0x0c10f30c        0x0 ../../BSP/Debug\libBSP.a(keypad.o)
 .bss           0x0c10f30c       0x34 ../../BSP/Debug\libBSP.a(lcd.o)
 .bss           0x0c10f340        0x0 ../../BSP/Debug\libBSP.a(leds.o)
 .bss           0x0c10f340        0x0 ../../BSP/Debug\libBSP.a(pbs.o)
 .bss           0x0c10f340        0x0 ../../BSP/Debug\libBSP.a(rtc.o)
 .bss           0x0c10f340        0x1 ../../BSP/Debug\libBSP.a(segs.o)
 .bss           0x0c10f341        0x0 ../../BSP/Debug\libBSP.a(system.o)
 *fill*         0x0c10f341        0x3 00
 .bss           0x0c10f344        0x8 ../../BSP/Debug\libBSP.a(timers.o)
 .bss           0x0c10f34c        0x0 ../../BSP/Debug\libBSP.a(uart.o)
 .bss           0x0c10f34c        0x0 ../../BSP/Debug\libBSP.a(font8x16.o)
 .bss           0x0c10f34c        0x0 c:/software/electronica/arm/eclipsearm/sourcery-g++-lite-arm-2011.03/bin/../lib/gcc/arm-none-eabi/4.5.2\libgcc.a(_udivsi3.o)
 .bss           0x0c10f34c        0x0 c:/software/electronica/arm/eclipsearm/sourcery-g++-lite-arm-2011.03/bin/../lib/gcc/arm-none-eabi/4.5.2\libgcc.a(_dvmd_tls.o)
 .bss           0x0c10f34c        0x0 c:/software/electronica/arm/eclipsearm/sourcery-g++-lite-arm-2011.03/bin/../lib/gcc/arm-none-eabi/4.5.2\libgcc.a(_aeabi_uldivmod.o)
 .bss           0x0c10f34c        0x0 c:/software/electronica/arm/eclipsearm/sourcery-g++-lite-arm-2011.03/bin/../lib/gcc/arm-none-eabi/4.5.2\libgcc.a(bpabi.o)
 .bss           0x0c10f34c        0x0 c:/software/electronica/arm/eclipsearm/sourcery-g++-lite-arm-2011.03/bin/../lib/gcc/arm-none-eabi/4.5.2\libgcc.a(_divdi3.o)
 .bss           0x0c10f34c        0x0 c:/software/electronica/arm/eclipsearm/sourcery-g++-lite-arm-2011.03/bin/../lib/gcc/arm-none-eabi/4.5.2\libgcc.a(_udivdi3.o)
 .bss           0x0c10f34c        0x0 c:/software/electronica/arm/eclipsearm/sourcery-g++-lite-arm-2011.03/bin/../lib/gcc/arm-none-eabi/4.5.2\libgcc.a(_clzsi2.o)
 COMMON         0x0c10f34c     0x1e6c ./os_core/os_core.o
                0x0c10f34c                OSLockNesting
                0x0c10f34d                OSRunning
                0x0c10f350                OSIdleCtr
                0x0c10f354                OSPrioHighRdy
                0x0c10f358                OSFlagTbl
                0x0c10f434                OSPrioCur
                0x0c10f438                OSTCBList
                0x0c10f43c                OSMemTbl
                0x0c10f540                OSTickStepState
                0x0c10f544                OSTaskStatStk
                0x0c10fd44                OSCtxSwCtr
                0x0c10fd48                OSIdleCtrMax
                0x0c10fd4c                OSTCBFreeList
                0x0c10fd50                OSCPUUsage
                0x0c10fd51                OSTaskCtr
                0x0c10fd54                OSMemFreeList
                0x0c10fd58                OSQTbl
                0x0c10fdb8                OSTCBHighRdy
                0x0c10fdbc                OSQFreeList
                0x0c10fdc0                OSRdyGrp
                0x0c10fdc4                OSRdyTbl
                0x0c10fdcc                OSEventFreeList
                0x0c10fdd0                OSIntNesting
                0x0c10fdd4                OSTCBCur
                0x0c10fdd8                OSTime
                0x0c10fddc                OSTaskIdleStk
                0x0c1105dc                OSEventTbl
                0x0c1107bc                OSTCBTbl
                0x0c1110ac                OSFlagFreeList
                0x0c1110b0                OSStatRdy
                0x0c1110b4                OSTCBPrioTbl
                0x0c1111b4                OSIdleCtrRun
 COMMON         0x0c1111b8    0x64010 ./lab14.o
                0x0c1111b8                Task3Stk
                0x0c11b1b8                Task7Stk
                0x0c1251b8                Task4Stk
                0x0c12f1b8                lcd0Sem
                0x0c12f1bc                keypadMbox
                0x0c12f1c0                flagPb
                0x0c12f1c4                Task2Stk
                0x0c1391c4                uart0Sem
                0x0c1391c8                Task6Stk
                0x0c1431c8                Task1Stk
                0x0c14d1c8                Task9Stk
                0x0c1571c8                Task8Stk
                0x0c1611c8                TaskStartStk
                0x0c16b1c8                Task5Stk
 COMMON         0x0c1751c8     0x9600 ../../BSP/Debug\libBSP.a(lcd.o)
                0x0c1751c8                lcd_buffer
                0x0c17e7c8                end = .
OUTPUT(lab14.elf elf32-littlearm)

.ARM.attributes
                0x00000000       0x2e
 .ARM.attributes
                0x00000000       0x22 ./os_port/os_cpu_a.o
 .ARM.attributes
                0x00000022       0x32 ./os_port/os_cpu_c.o
 .ARM.attributes
                0x00000054       0x22 ./os_port/os_cpu_isr_wrapper.o
 .ARM.attributes
                0x00000076       0x32 ./os_core/os_core.o
 .ARM.attributes
                0x000000a8       0x32 ./os_core/os_dbg_r.o
 .ARM.attributes
                0x000000da       0x32 ./os_core/os_flag.o
 .ARM.attributes
                0x0000010c       0x32 ./os_core/os_mbox.o
 .ARM.attributes
                0x0000013e       0x32 ./os_core/os_mem.o
 .ARM.attributes
                0x00000170       0x32 ./os_core/os_mutex.o
 .ARM.attributes
                0x000001a2       0x32 ./os_core/os_q.o
 .ARM.attributes
                0x000001d4       0x32 ./os_core/os_sem.o
 .ARM.attributes
                0x00000206       0x32 ./os_core/os_task.o
 .ARM.attributes
                0x00000238       0x32 ./os_core/os_time.o
 .ARM.attributes
                0x0000026a       0x32 ./os_core/ucos_ii.o
 .ARM.attributes
                0x0000029c       0x22 ./lab14-isr-wrappers.o
 .ARM.attributes
                0x000002be       0x32 ./lab14.o
 .ARM.attributes
                0x000002f0       0x32 ../../BSP/Debug\libBSP.a(keypad.o)
 .ARM.attributes
                0x00000322       0x32 ../../BSP/Debug\libBSP.a(lcd.o)
 .ARM.attributes
                0x00000354       0x32 ../../BSP/Debug\libBSP.a(leds.o)
 .ARM.attributes
                0x00000386       0x32 ../../BSP/Debug\libBSP.a(pbs.o)
 .ARM.attributes
                0x000003b8       0x32 ../../BSP/Debug\libBSP.a(rtc.o)
 .ARM.attributes
                0x000003ea       0x32 ../../BSP/Debug\libBSP.a(segs.o)
 .ARM.attributes
                0x0000041c       0x32 ../../BSP/Debug\libBSP.a(system.o)
 .ARM.attributes
                0x0000044e       0x32 ../../BSP/Debug\libBSP.a(timers.o)
 .ARM.attributes
                0x00000480       0x32 ../../BSP/Debug\libBSP.a(uart.o)
 .ARM.attributes
                0x000004b2       0x32 ../../BSP/Debug\libBSP.a(font8x16.o)
 .ARM.attributes
                0x000004e4       0x1a c:/software/electronica/arm/eclipsearm/sourcery-g++-lite-arm-2011.03/bin/../lib/gcc/arm-none-eabi/4.5.2\libgcc.a(_udivsi3.o)
 .ARM.attributes
                0x000004fe       0x18 c:/software/electronica/arm/eclipsearm/sourcery-g++-lite-arm-2011.03/bin/../lib/gcc/arm-none-eabi/4.5.2\libgcc.a(_dvmd_tls.o)
 .ARM.attributes
                0x00000516       0x1a c:/software/electronica/arm/eclipsearm/sourcery-g++-lite-arm-2011.03/bin/../lib/gcc/arm-none-eabi/4.5.2\libgcc.a(_aeabi_uldivmod.o)
 .ARM.attributes
                0x00000530       0x34 c:/software/electronica/arm/eclipsearm/sourcery-g++-lite-arm-2011.03/bin/../lib/gcc/arm-none-eabi/4.5.2\libgcc.a(bpabi.o)
 .ARM.attributes
                0x00000564       0x34 c:/software/electronica/arm/eclipsearm/sourcery-g++-lite-arm-2011.03/bin/../lib/gcc/arm-none-eabi/4.5.2\libgcc.a(_divdi3.o)
 .ARM.attributes
                0x00000598       0x34 c:/software/electronica/arm/eclipsearm/sourcery-g++-lite-arm-2011.03/bin/../lib/gcc/arm-none-eabi/4.5.2\libgcc.a(_udivdi3.o)
 .ARM.attributes
                0x000005cc       0x1a c:/software/electronica/arm/eclipsearm/sourcery-g++-lite-arm-2011.03/bin/../lib/gcc/arm-none-eabi/4.5.2\libgcc.a(_clzsi2.o)

.comment        0x00000000       0x2a
 .comment       0x00000000       0x2a ./os_port/os_cpu_c.o
                                 0x2b (size before relaxing)
 .comment       0x00000000       0x2b ./os_core/os_core.o
 .comment       0x00000000       0x2b ./os_core/os_dbg_r.o
 .comment       0x00000000       0x2b ./os_core/os_flag.o
 .comment       0x00000000       0x2b ./os_core/os_mbox.o
 .comment       0x00000000       0x2b ./os_core/os_mem.o
 .comment       0x00000000       0x2b ./os_core/os_mutex.o
 .comment       0x00000000       0x2b ./os_core/os_q.o
 .comment       0x00000000       0x2b ./os_core/os_sem.o
 .comment       0x00000000       0x2b ./os_core/os_task.o
 .comment       0x00000000       0x2b ./os_core/os_time.o
 .comment       0x00000000       0x2b ./os_core/ucos_ii.o
 .comment       0x00000000       0x2b ./lab14.o
 .comment       0x00000000       0x2b ../../BSP/Debug\libBSP.a(keypad.o)
 .comment       0x00000000       0x2b ../../BSP/Debug\libBSP.a(lcd.o)
 .comment       0x00000000       0x2b ../../BSP/Debug\libBSP.a(leds.o)
 .comment       0x00000000       0x2b ../../BSP/Debug\libBSP.a(pbs.o)
 .comment       0x00000000       0x2b ../../BSP/Debug\libBSP.a(rtc.o)
 .comment       0x00000000       0x2b ../../BSP/Debug\libBSP.a(segs.o)
 .comment       0x00000000       0x2b ../../BSP/Debug\libBSP.a(system.o)
 .comment       0x00000000       0x2b ../../BSP/Debug\libBSP.a(timers.o)
 .comment       0x00000000       0x2b ../../BSP/Debug\libBSP.a(uart.o)
 .comment       0x00000000       0x2b ../../BSP/Debug\libBSP.a(font8x16.o)

.debug_line     0x00000000     0x221b
 .debug_line    0x00000000       0x88 ./os_port/os_cpu_a.o
 .debug_line    0x00000088       0xdf ./os_port/os_cpu_c.o
 .debug_line    0x00000167      0x347 ./os_core/os_core.o
 .debug_line    0x000004ae       0xd7 ./os_core/os_dbg_r.o
 .debug_line    0x00000585      0x2ae ./os_core/os_flag.o
 .debug_line    0x00000833      0x184 ./os_core/os_mbox.o
 .debug_line    0x000009b7      0x174 ./os_core/os_mem.o
 .debug_line    0x00000b2b      0x1c3 ./os_core/os_mutex.o
 .debug_line    0x00000cee      0x203 ./os_core/os_q.o
 .debug_line    0x00000ef1      0x16b ./os_core/os_sem.o
 .debug_line    0x0000105c      0x243 ./os_core/os_task.o
 .debug_line    0x0000129f      0x108 ./os_core/os_time.o
 .debug_line    0x000013a7       0x98 ./os_core/ucos_ii.o
 .debug_line    0x0000143f       0x49 ./lab14-isr-wrappers.o
 .debug_line    0x00001488      0x2c7 ./lab14.o
 .debug_line    0x0000174f      0x129 ../../BSP/Debug\libBSP.a(keypad.o)
 .debug_line    0x00001878      0x21b ../../BSP/Debug\libBSP.a(lcd.o)
 .debug_line    0x00001a93       0x93 ../../BSP/Debug\libBSP.a(leds.o)
 .debug_line    0x00001b26       0xfd ../../BSP/Debug\libBSP.a(pbs.o)
 .debug_line    0x00001c23       0xe1 ../../BSP/Debug\libBSP.a(rtc.o)
 .debug_line    0x00001d04       0x93 ../../BSP/Debug\libBSP.a(segs.o)
 .debug_line    0x00001d97      0x1a2 ../../BSP/Debug\libBSP.a(system.o)
 .debug_line    0x00001f39      0x181 ../../BSP/Debug\libBSP.a(timers.o)
 .debug_line    0x000020ba      0x10b ../../BSP/Debug\libBSP.a(uart.o)
 .debug_line    0x000021c5       0x56 ../../BSP/Debug\libBSP.a(font8x16.o)

.debug_info     0x00000000     0x8850
 .debug_info    0x00000000       0x78 ./os_port/os_cpu_a.o
 .debug_info    0x00000078      0x513 ./os_port/os_cpu_c.o
 .debug_info    0x0000058b     0x10e3 ./os_core/os_core.o
 .debug_info    0x0000166e      0xed1 ./os_core/os_dbg_r.o
 .debug_info    0x0000253f      0x9e9 ./os_core/os_flag.o
 .debug_info    0x00002f28      0x665 ./os_core/os_mbox.o
 .debug_info    0x0000358d      0x446 ./os_core/os_mem.o
 .debug_info    0x000039d3      0x73e ./os_core/os_mutex.o
 .debug_info    0x00004111      0x8a8 ./os_core/os_q.o
 .debug_info    0x000049b9      0x63f ./os_core/os_sem.o
 .debug_info    0x00004ff8      0xa53 ./os_core/os_task.o
 .debug_info    0x00005a4b      0x58a ./os_core/os_time.o
 .debug_info    0x00005fd5      0x80c ./os_core/ucos_ii.o
 .debug_info    0x000067e1       0x7a ./lab14-isr-wrappers.o
 .debug_info    0x0000685b      0x6c2 ./lab14.o
 .debug_info    0x00006f1d      0x1d0 ../../BSP/Debug\libBSP.a(keypad.o)
 .debug_info    0x000070ed      0x78d ../../BSP/Debug\libBSP.a(lcd.o)
 .debug_info    0x0000787a      0x138 ../../BSP/Debug\libBSP.a(leds.o)
 .debug_info    0x000079b2      0x1b3 ../../BSP/Debug\libBSP.a(pbs.o)
 .debug_info    0x00007b65      0x1ac ../../BSP/Debug\libBSP.a(rtc.o)
 .debug_info    0x00007d11      0x10d ../../BSP/Debug\libBSP.a(segs.o)
 .debug_info    0x00007e1e      0x440 ../../BSP/Debug\libBSP.a(system.o)
 .debug_info    0x0000825e      0x29d ../../BSP/Debug\libBSP.a(timers.o)
 .debug_info    0x000084fb      0x2c0 ../../BSP/Debug\libBSP.a(uart.o)
 .debug_info    0x000087bb       0x95 ../../BSP/Debug\libBSP.a(font8x16.o)

.debug_abbrev   0x00000000     0x1a23
 .debug_abbrev  0x00000000       0x14 ./os_port/os_cpu_a.o
 .debug_abbrev  0x00000014      0x117 ./os_port/os_cpu_c.o
 .debug_abbrev  0x0000012b      0x220 ./os_core/os_core.o
 .debug_abbrev  0x0000034b      0x114 ./os_core/os_dbg_r.o
 .debug_abbrev  0x0000045f      0x193 ./os_core/os_flag.o
 .debug_abbrev  0x000005f2      0x15f ./os_core/os_mbox.o
 .debug_abbrev  0x00000751      0x160 ./os_core/os_mem.o
 .debug_abbrev  0x000008b1      0x17d ./os_core/os_mutex.o
 .debug_abbrev  0x00000a2e      0x176 ./os_core/os_q.o
 .debug_abbrev  0x00000ba4      0x167 ./os_core/os_sem.o
 .debug_abbrev  0x00000d0b      0x17e ./os_core/os_task.o
 .debug_abbrev  0x00000e89      0x119 ./os_core/os_time.o
 .debug_abbrev  0x00000fa2       0xc5 ./os_core/ucos_ii.o
 .debug_abbrev  0x00001067       0x14 ./lab14-isr-wrappers.o
 .debug_abbrev  0x0000107b      0x19e ./lab14.o
 .debug_abbrev  0x00001219       0xe9 ../../BSP/Debug\libBSP.a(keypad.o)
 .debug_abbrev  0x00001302      0x13a ../../BSP/Debug\libBSP.a(lcd.o)
 .debug_abbrev  0x0000143c       0x98 ../../BSP/Debug\libBSP.a(leds.o)
 .debug_abbrev  0x000014d4       0xc3 ../../BSP/Debug\libBSP.a(pbs.o)
 .debug_abbrev  0x00001597       0xbe ../../BSP/Debug\libBSP.a(rtc.o)
 .debug_abbrev  0x00001655       0xb3 ../../BSP/Debug\libBSP.a(segs.o)
 .debug_abbrev  0x00001708       0xe7 ../../BSP/Debug\libBSP.a(system.o)
 .debug_abbrev  0x000017ef       0xdd ../../BSP/Debug\libBSP.a(timers.o)
 .debug_abbrev  0x000018cc       0xf4 ../../BSP/Debug\libBSP.a(uart.o)
 .debug_abbrev  0x000019c0       0x63 ../../BSP/Debug\libBSP.a(font8x16.o)

.debug_aranges  0x00000000      0x2e0
 .debug_aranges
                0x00000000       0x20 ./os_port/os_cpu_a.o
 .debug_aranges
                0x00000020       0x20 ./os_port/os_cpu_c.o
 .debug_aranges
                0x00000040       0x20 ./os_core/os_core.o
 .debug_aranges
                0x00000060       0x20 ./os_core/os_dbg_r.o
 .debug_aranges
                0x00000080       0x20 ./os_core/os_flag.o
 .debug_aranges
                0x000000a0       0x20 ./os_core/os_mbox.o
 .debug_aranges
                0x000000c0       0x20 ./os_core/os_mem.o
 .debug_aranges
                0x000000e0       0x20 ./os_core/os_mutex.o
 .debug_aranges
                0x00000100       0x20 ./os_core/os_q.o
 .debug_aranges
                0x00000120       0x20 ./os_core/os_sem.o
 .debug_aranges
                0x00000140       0x20 ./os_core/os_task.o
 .debug_aranges
                0x00000160       0x20 ./os_core/os_time.o
 .debug_aranges
                0x00000180       0x20 ./lab14-isr-wrappers.o
 .debug_aranges
                0x000001a0       0x20 ./lab14.o
 .debug_aranges
                0x000001c0       0x20 ../../BSP/Debug\libBSP.a(keypad.o)
 .debug_aranges
                0x000001e0       0x20 ../../BSP/Debug\libBSP.a(lcd.o)
 .debug_aranges
                0x00000200       0x20 ../../BSP/Debug\libBSP.a(leds.o)
 .debug_aranges
                0x00000220       0x20 ../../BSP/Debug\libBSP.a(pbs.o)
 .debug_aranges
                0x00000240       0x20 ../../BSP/Debug\libBSP.a(rtc.o)
 .debug_aranges
                0x00000260       0x20 ../../BSP/Debug\libBSP.a(segs.o)
 .debug_aranges
                0x00000280       0x20 ../../BSP/Debug\libBSP.a(system.o)
 .debug_aranges
                0x000002a0       0x20 ../../BSP/Debug\libBSP.a(timers.o)
 .debug_aranges
                0x000002c0       0x20 ../../BSP/Debug\libBSP.a(uart.o)

.debug_macinfo  0x00000000    0x5d422
 .debug_macinfo
                0x00000000     0x38c5 ./os_port/os_cpu_c.o
 .debug_macinfo
                0x000038c5     0x38b7 ./os_core/os_core.o
 .debug_macinfo
                0x0000717c     0x38af ./os_core/os_dbg_r.o
 .debug_macinfo
                0x0000aa2b     0x38af ./os_core/os_flag.o
 .debug_macinfo
                0x0000e2da     0x38af ./os_core/os_mbox.o
 .debug_macinfo
                0x00011b89     0x38af ./os_core/os_mem.o
 .debug_macinfo
                0x00015438     0x3909 ./os_core/os_mutex.o
 .debug_macinfo
                0x00018d41     0x38af ./os_core/os_q.o
 .debug_macinfo
                0x0001c5f0     0x38af ./os_core/os_sem.o
 .debug_macinfo
                0x0001fe9f     0x38af ./os_core/os_task.o
 .debug_macinfo
                0x0002374e     0x38af ./os_core/os_time.o
 .debug_macinfo
                0x00026ffd     0x38c9 ./os_core/ucos_ii.o
 .debug_macinfo
                0x0002a8c6     0x65bf ./lab14.o
 .debug_macinfo
                0x00030e85     0x4e9f ../../BSP/Debug\libBSP.a(keypad.o)
 .debug_macinfo
                0x00035d24     0x439b ../../BSP/Debug\libBSP.a(lcd.o)
 .debug_macinfo
                0x0003a0bf     0x432c ../../BSP/Debug\libBSP.a(leds.o)
 .debug_macinfo
                0x0003e3eb     0x4d91 ../../BSP/Debug\libBSP.a(pbs.o)
 .debug_macinfo
                0x0004317c     0x4cee ../../BSP/Debug\libBSP.a(rtc.o)
 .debug_macinfo
                0x00047e6a     0x4d01 ../../BSP/Debug\libBSP.a(segs.o)
 .debug_macinfo
                0x0004cb6b     0x5556 ../../BSP/Debug\libBSP.a(system.o)
 .debug_macinfo
                0x000520c1     0x4d1b ../../BSP/Debug\libBSP.a(timers.o)
 .debug_macinfo
                0x00056ddc     0x430d ../../BSP/Debug\libBSP.a(uart.o)
 .debug_macinfo
                0x0005b0e9     0x2339 ../../BSP/Debug\libBSP.a(font8x16.o)

.debug_loc      0x00000000     0x2788
 .debug_loc     0x00000000      0x1b8 ./os_port/os_cpu_c.o
 .debug_loc     0x000001b8      0x554 ./os_core/os_core.o
 .debug_loc     0x0000070c       0x2c ./os_core/os_dbg_r.o
 .debug_loc     0x00000738      0x23c ./os_core/os_flag.o
 .debug_loc     0x00000974      0x134 ./os_core/os_mbox.o
 .debug_loc     0x00000aa8      0x134 ./os_core/os_mem.o
 .debug_loc     0x00000bdc      0x108 ./os_core/os_mutex.o
 .debug_loc     0x00000ce4      0x1b8 ./os_core/os_q.o
 .debug_loc     0x00000e9c      0x134 ./os_core/os_sem.o
 .debug_loc     0x00000fd0      0x210 ./os_core/os_task.o
 .debug_loc     0x000011e0       0xdc ./os_core/os_time.o
 .debug_loc     0x000012bc      0x210 ./lab14.o
 .debug_loc     0x000014cc      0x160 ../../BSP/Debug\libBSP.a(keypad.o)
 .debug_loc     0x0000162c      0x344 ../../BSP/Debug\libBSP.a(lcd.o)
 .debug_loc     0x00001970       0xdc ../../BSP/Debug\libBSP.a(leds.o)
 .debug_loc     0x00001a4c      0x160 ../../BSP/Debug\libBSP.a(pbs.o)
 .debug_loc     0x00001bac       0xdc ../../BSP/Debug\libBSP.a(rtc.o)
 .debug_loc     0x00001c88       0xb0 ../../BSP/Debug\libBSP.a(segs.o)
 .debug_loc     0x00001d38      0x688 ../../BSP/Debug\libBSP.a(system.o)
 .debug_loc     0x000023c0      0x23c ../../BSP/Debug\libBSP.a(timers.o)
 .debug_loc     0x000025fc      0x18c ../../BSP/Debug\libBSP.a(uart.o)

.debug_pubnames
                0x00000000     0x1744
 .debug_pubnames
                0x00000000       0xcd ./os_port/os_cpu_c.o
 .debug_pubnames
                0x000000cd      0x3b2 ./os_core/os_core.o
 .debug_pubnames
                0x0000047f      0x30b ./os_core/os_dbg_r.o
 .debug_pubnames
                0x0000078a       0xd0 ./os_core/os_flag.o
 .debug_pubnames
                0x0000085a       0x82 ./os_core/os_mbox.o
 .debug_pubnames
                0x000008dc       0x7c ./os_core/os_mem.o
 .debug_pubnames
                0x00000958       0x76 ./os_core/os_mutex.o
 .debug_pubnames
                0x000009ce       0x98 ./os_core/os_q.o
 .debug_pubnames
                0x00000a66       0x77 ./os_core/os_sem.o
 .debug_pubnames
                0x00000add       0xe5 ./os_core/os_task.o
 .debug_pubnames
                0x00000bc2       0x62 ./os_core/os_time.o
 .debug_pubnames
                0x00000c24      0x204 ./os_core/ucos_ii.o
 .debug_pubnames
                0x00000e28      0x147 ./lab14.o
 .debug_pubnames
                0x00000f6f       0xab ../../BSP/Debug\libBSP.a(keypad.o)
 .debug_pubnames
                0x0000101a      0x152 ../../BSP/Debug\libBSP.a(lcd.o)
 .debug_pubnames
                0x0000116c       0x55 ../../BSP/Debug\libBSP.a(leds.o)
 .debug_pubnames
                0x000011c1       0x8e ../../BSP/Debug\libBSP.a(pbs.o)
 .debug_pubnames
                0x0000124f       0x5a ../../BSP/Debug\libBSP.a(rtc.o)
 .debug_pubnames
                0x000012a9       0x4e ../../BSP/Debug\libBSP.a(segs.o)
 .debug_pubnames
                0x000012f7      0x29d ../../BSP/Debug\libBSP.a(system.o)
 .debug_pubnames
                0x00001594       0xee ../../BSP/Debug\libBSP.a(timers.o)
 .debug_pubnames
                0x00001682       0xa7 ../../BSP/Debug\libBSP.a(uart.o)
 .debug_pubnames
                0x00001729       0x1b ../../BSP/Debug\libBSP.a(font8x16.o)

.debug_pubtypes
                0x00000000      0xe05
 .debug_pubtypes
                0x00000000       0xd4 ./os_port/os_cpu_c.o
 .debug_pubtypes
                0x000000d4      0x14f ./os_core/os_core.o
 .debug_pubtypes
                0x00000223      0x12f ./os_core/os_dbg_r.o
 .debug_pubtypes
                0x00000352       0xf4 ./os_core/os_flag.o
 .debug_pubtypes
                0x00000446       0xf6 ./os_core/os_mbox.o
 .debug_pubtypes
                0x0000053c       0x88 ./os_core/os_mem.o
 .debug_pubtypes
                0x000005c4       0xf8 ./os_core/os_mutex.o
 .debug_pubtypes
                0x000006bc      0x102 ./os_core/os_q.o
 .debug_pubtypes
                0x000007be       0xf4 ./os_core/os_sem.o
 .debug_pubtypes
                0x000008b2       0xf4 ./os_core/os_task.o
 .debug_pubtypes
                0x000009a6       0xd4 ./os_core/os_time.o
 .debug_pubtypes
                0x00000a7a      0x12f ./os_core/ucos_ii.o
 .debug_pubtypes
                0x00000ba9       0x86 ./lab14.o
 .debug_pubtypes
                0x00000c2f       0x32 ../../BSP/Debug\libBSP.a(keypad.o)
 .debug_pubtypes
                0x00000c61       0x3c ../../BSP/Debug\libBSP.a(lcd.o)
 .debug_pubtypes
                0x00000c9d       0x27 ../../BSP/Debug\libBSP.a(leds.o)
 .debug_pubtypes
                0x00000cc4       0x32 ../../BSP/Debug\libBSP.a(pbs.o)
 .debug_pubtypes
                0x00000cf6       0x36 ../../BSP/Debug\libBSP.a(rtc.o)
 .debug_pubtypes
                0x00000d2c       0x1c ../../BSP/Debug\libBSP.a(segs.o)
 .debug_pubtypes
                0x00000d48       0x27 ../../BSP/Debug\libBSP.a(system.o)
 .debug_pubtypes
                0x00000d6f       0x3d ../../BSP/Debug\libBSP.a(timers.o)
 .debug_pubtypes
                0x00000dac       0x3d ../../BSP/Debug\libBSP.a(uart.o)
 .debug_pubtypes
                0x00000de9       0x1c ../../BSP/Debug\libBSP.a(font8x16.o)

.debug_str      0x00000000     0x18de
 .debug_str     0x00000000      0x3be ./os_port/os_cpu_c.o
                                0x3dc (size before relaxing)
 .debug_str     0x000003be      0x482 ./os_core/os_core.o
                                0x7c2 (size before relaxing)
 .debug_str     0x00000840      0x255 ./os_core/os_dbg_r.o
                                0x7b4 (size before relaxing)
 .debug_str     0x00000a95      0x130 ./os_core/os_flag.o
                                0x4f0 (size before relaxing)
 .debug_str     0x00000bc5       0x95 ./os_core/os_mbox.o
                                0x401 (size before relaxing)
 .debug_str     0x00000c5a       0xdc ./os_core/os_mem.o
                                0x224 (size before relaxing)
 .debug_str     0x00000d36       0xb0 ./os_core/os_mutex.o
                                0x456 (size before relaxing)
 .debug_str     0x00000de6       0x95 ./os_core/os_q.o
                                0x466 (size before relaxing)
 .debug_str     0x00000e7b       0x86 ./os_core/os_sem.o
                                0x3f2 (size before relaxing)
 .debug_str     0x00000f01       0xff ./os_core/os_task.o
                                0x504 (size before relaxing)
 .debug_str     0x00001000       0x79 ./os_core/os_time.o
                                0x3d0 (size before relaxing)
 .debug_str     0x00001079       0x15 ./os_core/ucos_ii.o
                                0x574 (size before relaxing)
 .debug_str     0x0000108e      0x109 ./lab14.o
                                0x258 (size before relaxing)
 .debug_str     0x00001197       0xc8 ../../BSP/Debug\libBSP.a(keypad.o)
                                0x15a (size before relaxing)
 .debug_str     0x0000125f      0x163 ../../BSP/Debug\libBSP.a(lcd.o)
                                0x22c (size before relaxing)
 .debug_str     0x000013c2       0x3d ../../BSP/Debug\libBSP.a(leds.o)
                                 0xf4 (size before relaxing)
 .debug_str     0x000013ff       0x69 ../../BSP/Debug\libBSP.a(pbs.o)
                                0x130 (size before relaxing)
 .debug_str     0x00001468       0x4c ../../BSP/Debug\libBSP.a(rtc.o)
                                0x12b (size before relaxing)
 .debug_str     0x000014b4       0x43 ../../BSP/Debug\libBSP.a(segs.o)
                                 0xf9 (size before relaxing)
 .debug_str     0x000014f7      0x267 ../../BSP/Debug\libBSP.a(system.o)
                                0x323 (size before relaxing)
 .debug_str     0x0000175e       0xe0 ../../BSP/Debug\libBSP.a(timers.o)
                                0x1a3 (size before relaxing)
 .debug_str     0x0000183e       0x8e ../../BSP/Debug\libBSP.a(uart.o)
                                0x158 (size before relaxing)
 .debug_str     0x000018cc       0x12 ../../BSP/Debug\libBSP.a(font8x16.o)
                                 0xc7 (size before relaxing)

.debug_frame    0x00000000     0x2080
 .debug_frame   0x00000000      0x150 ./os_port/os_cpu_c.o
 .debug_frame   0x00000150      0x3f0 ./os_core/os_core.o
 .debug_frame   0x00000540       0x30 ./os_core/os_dbg_r.o
 .debug_frame   0x00000570      0x1b0 ./os_core/os_flag.o
 .debug_frame   0x00000720       0xf0 ./os_core/os_mbox.o
 .debug_frame   0x00000810       0xf0 ./os_core/os_mem.o
 .debug_frame   0x00000900       0xd0 ./os_core/os_mutex.o
 .debug_frame   0x000009d0      0x150 ./os_core/os_q.o
 .debug_frame   0x00000b20       0xf0 ./os_core/os_sem.o
 .debug_frame   0x00000c10      0x190 ./os_core/os_task.o
 .debug_frame   0x00000da0       0xb0 ./os_core/os_time.o
 .debug_frame   0x00000e50      0x190 ./lab14.o
 .debug_frame   0x00000fe0      0x110 ../../BSP/Debug\libBSP.a(keypad.o)
 .debug_frame   0x000010f0      0x270 ../../BSP/Debug\libBSP.a(lcd.o)
 .debug_frame   0x00001360       0xb0 ../../BSP/Debug\libBSP.a(leds.o)
 .debug_frame   0x00001410      0x110 ../../BSP/Debug\libBSP.a(pbs.o)
 .debug_frame   0x00001520       0xb0 ../../BSP/Debug\libBSP.a(rtc.o)
 .debug_frame   0x000015d0       0x90 ../../BSP/Debug\libBSP.a(segs.o)
 .debug_frame   0x00001660      0x650 ../../BSP/Debug\libBSP.a(system.o)
 .debug_frame   0x00001cb0      0x1b8 ../../BSP/Debug\libBSP.a(timers.o)
 .debug_frame   0x00001e68      0x130 ../../BSP/Debug\libBSP.a(uart.o)
 .debug_frame   0x00001f98       0x20 c:/software/electronica/arm/eclipsearm/sourcery-g++-lite-arm-2011.03/bin/../lib/gcc/arm-none-eabi/4.5.2\libgcc.a(_udivsi3.o)
 .debug_frame   0x00001fb8       0x50 c:/software/electronica/arm/eclipsearm/sourcery-g++-lite-arm-2011.03/bin/../lib/gcc/arm-none-eabi/4.5.2\libgcc.a(bpabi.o)
 .debug_frame   0x00002008       0x3c c:/software/electronica/arm/eclipsearm/sourcery-g++-lite-arm-2011.03/bin/../lib/gcc/arm-none-eabi/4.5.2\libgcc.a(_divdi3.o)
 .debug_frame   0x00002044       0x3c c:/software/electronica/arm/eclipsearm/sourcery-g++-lite-arm-2011.03/bin/../lib/gcc/arm-none-eabi/4.5.2\libgcc.a(_udivdi3.o)
