   1              		.cpu arm7tdmi
   2              		.fpu softvfp
   3              		.eabi_attribute 20, 1
   4              		.eabi_attribute 21, 1
   5              		.eabi_attribute 23, 3
   6              		.eabi_attribute 24, 1
   7              		.eabi_attribute 25, 1
   8              		.eabi_attribute 26, 1
   9              		.eabi_attribute 30, 6
  10              		.eabi_attribute 18, 4
  11              		.file	"lab14.c"
  21              	.Ltext0:
  22              		.file 1 "../lab14.c"
 2687              		.align	2
 2688              	.LC0:
 2689 0000 0A0A2045 		.ascii	"\012\012 Ejecutando uCOS-II (version \000"
 2689      6A656375 
 2689      74616E64 
 2689      6F207543 
 2689      4F532D49 
 2690              		.align	2
 2691              	.LC1:
 2692 0020 290A00   		.ascii	")\012\000"
 2693 0023 00       		.align	2
 2694              	.LC2:
 2695 0024 2D2D2D2D 		.ascii	"----------------------------------\012\012\000"
 2695      2D2D2D2D 
 2695      2D2D2D2D 
 2695      2D2D2D2D 
 2695      2D2D2D2D 
 2696              		.text
 2697              		.align	2
 2698              		.global	main
 2700              	main:
 2701              	.LFB0:
   1:../lab14.c    **** /*-------------------------------------------------------------------
   2:../lab14.c    **** **
   3:../lab14.c    **** **  Fichero:
   4:../lab14.c    **** **    lab12.c  12/1/2021
   5:../lab14.c    **** **
   6:../lab14.c    **** **    (c) J.M. Mendias
   7:../lab14.c    **** **    Programación de Sistemas y Dispositivos
   8:../lab14.c    **** **    Facultad de Informática. Universidad Complutense de Madrid
   9:../lab14.c    **** **
  10:../lab14.c    **** **  Propósito:
  11:../lab14.c    **** **    Ejemplo de una aplicación bajo uC/OS-II
  12:../lab14.c    **** **
  13:../lab14.c    **** **  Notas de diseño:
  14:../lab14.c    **** **
  15:../lab14.c    **** **-----------------------------------------------------------------*/
  16:../lab14.c    **** 
  17:../lab14.c    **** #include "os_cpu.h"
  18:../lab14.c    **** #include "os_cfg.h"
  19:../lab14.c    **** #include "ucos_ii.h"
  20:../lab14.c    **** 
  21:../lab14.c    **** #include <s3c44b0x.h>
  22:../lab14.c    **** #include <s3cev40.h>
  23:../lab14.c    **** #include <system.h>
  24:../lab14.c    **** #include <leds.h>
  25:../lab14.c    **** #include <segs.h>
  26:../lab14.c    **** #include <uart.h>
  27:../lab14.c    **** #include <pbs.h>
  28:../lab14.c    **** #include <keypad.h>
  29:../lab14.c    **** #include <timers.h>
  30:../lab14.c    **** #include <rtc.h>
  31:../lab14.c    **** #include <lcd.h>
  32:../lab14.c    **** 
  33:../lab14.c    **** /* Declaración de pilas */
  34:../lab14.c    **** 
  35:../lab14.c    **** #define    TASK_STK_SIZE    10*1024
  36:../lab14.c    **** 
  37:../lab14.c    **** OS_STK Task1Stk[TASK_STK_SIZE];
  38:../lab14.c    **** OS_STK Task2Stk[TASK_STK_SIZE];
  39:../lab14.c    **** OS_STK Task3Stk[TASK_STK_SIZE];
  40:../lab14.c    **** OS_STK Task4Stk[TASK_STK_SIZE];
  41:../lab14.c    **** OS_STK Task5Stk[TASK_STK_SIZE];
  42:../lab14.c    **** OS_STK Task6Stk[TASK_STK_SIZE];
  43:../lab14.c    **** OS_STK Task7Stk[TASK_STK_SIZE];
  44:../lab14.c    **** OS_STK Task8Stk[TASK_STK_SIZE];
  45:../lab14.c    **** OS_STK Task9Stk[TASK_STK_SIZE];
  46:../lab14.c    **** OS_STK TaskStartStk[TASK_STK_SIZE];
  47:../lab14.c    **** 
  48:../lab14.c    **** /* Declaración de recursos */
  49:../lab14.c    **** 
  50:../lab14.c    **** OS_EVENT *uart0Sem;                /* Semáforo para el acceso mutex a la UART0 */
  51:../lab14.c    **** OS_EVENT *lcd0Sem;
  52:../lab14.c    **** 
  53:../lab14.c    **** OS_EVENT *keypadMbox;              /* Buzón para el scancode de la tecla pulsada */
  54:../lab14.c    **** OS_EVENT *flagPb;                  /* Flag para señalizar la presión de un pulsador */
  55:../lab14.c    **** 
  56:../lab14.c    **** /* Declaración de tareas */
  57:../lab14.c    **** 
  58:../lab14.c    **** void Task1( void *id );
  59:../lab14.c    **** void Task2( void *id );
  60:../lab14.c    **** void Task3( void *id );
  61:../lab14.c    **** void Task4( void *id );
  62:../lab14.c    **** void Task5( void *id );
  63:../lab14.c    **** void Task6( void *id );
  64:../lab14.c    **** void Task7( void *id );
  65:../lab14.c    **** void Task8( void *id );
  66:../lab14.c    **** void Task9( void *id );
  67:../lab14.c    **** void TaskStart( void *pdata );
  68:../lab14.c    **** 
  69:../lab14.c    **** /* Declaración de RTI */
  70:../lab14.c    **** 
  71:../lab14.c    **** extern void OSTickISR( void );       /* RTI del tick del sistema */
  72:../lab14.c    **** 
  73:../lab14.c    **** extern void OS_CPU_isr_pb( void );   /* RTI (wrapper) por pulsación teclado */
  74:../lab14.c    **** void isr_pb( void );                 /* Función invocada por el anterior wrapper que atiende al dis
  75:../lab14.c    **** 
  76:../lab14.c    **** /*******************************************************************/
  77:../lab14.c    **** 
  78:../lab14.c    **** void main( void )
  79:../lab14.c    **** {
 2702              		.loc 1 79 0
 2703              		.cfi_startproc
 2704              		@ Function supports interworking.
 2705              		@ args = 0, pretend = 0, frame = 0
 2706              		@ frame_needed = 1, uses_anonymous_args = 0
 2707 0000 0DC0A0E1 		mov	ip, sp
 2708              	.LCFI0:
 2709              		.cfi_def_cfa_register 12
 2710 0004 00D82DE9 		stmfd	sp!, {fp, ip, lr, pc}
 2711 0008 04B04CE2 		sub	fp, ip, #4
 2712              		.cfi_offset 14, -8
 2713              		.cfi_offset 13, -12
 2714              		.cfi_offset 11, -16
 2715              	.LCFI1:
 2716              		.cfi_def_cfa 11, 4
  80:../lab14.c    ****     sys_init();                                                          /* Inicializa los disposit
 2717              		.loc 1 80 0
 2718 000c FEFFFFEB 		bl	sys_init
  81:../lab14.c    ****     timers_init();
 2719              		.loc 1 81 0
 2720 0010 FEFFFFEB 		bl	timers_init
  82:../lab14.c    ****     uart0_init();
 2721              		.loc 1 82 0
 2722 0014 FEFFFFEB 		bl	uart0_init
  83:../lab14.c    ****     leds_init();
 2723              		.loc 1 83 0
 2724 0018 FEFFFFEB 		bl	leds_init
  84:../lab14.c    ****     segs_init();
 2725              		.loc 1 84 0
 2726 001c FEFFFFEB 		bl	segs_init
  85:../lab14.c    ****     rtc_init();
 2727              		.loc 1 85 0
 2728 0020 FEFFFFEB 		bl	rtc_init
  86:../lab14.c    ****     pbs_init();
 2729              		.loc 1 86 0
 2730 0024 FEFFFFEB 		bl	pbs_init
  87:../lab14.c    ****     keypad_init();
 2731              		.loc 1 87 0
 2732 0028 FEFFFFEB 		bl	keypad_init
  88:../lab14.c    ****     lcd_init();
 2733              		.loc 1 88 0
 2734 002c FEFFFFEB 		bl	lcd_init
  89:../lab14.c    ****     lcd_on();
 2735              		.loc 1 89 0
 2736 0030 FEFFFFEB 		bl	lcd_on
  90:../lab14.c    ****     lcd_clear();
 2737              		.loc 1 90 0
 2738 0034 FEFFFFEB 		bl	lcd_clear
  91:../lab14.c    **** 
  92:../lab14.c    ****     uart0_puts( "\n\n Ejecutando uCOS-II (version " );
 2739              		.loc 1 92 0
 2740 0038 84009FE5 		ldr	r0, .L2
 2741 003c FEFFFFEB 		bl	uart0_puts
  93:../lab14.c    ****     uart0_putint( OSVersion() );
 2742              		.loc 1 93 0
 2743 0040 FEFFFFEB 		bl	OSVersion
 2744 0044 0030A0E1 		mov	r3, r0
 2745 0048 0300A0E1 		mov	r0, r3
 2746 004c FEFFFFEB 		bl	uart0_putint
  94:../lab14.c    ****     uart0_puts( ")\n" ) ;
 2747              		.loc 1 94 0
 2748 0050 70009FE5 		ldr	r0, .L2+4
 2749 0054 FEFFFFEB 		bl	uart0_puts
  95:../lab14.c    ****     uart0_puts( "----------------------------------\n\n" ) ;
 2750              		.loc 1 95 0
 2751 0058 6C009FE5 		ldr	r0, .L2+8
 2752 005c FEFFFFEB 		bl	uart0_puts
  96:../lab14.c    **** 
  97:../lab14.c    ****     OSInit();                                                              /* Inicializa el kernel 
 2753              		.loc 1 97 0
 2754 0060 FEFFFFEB 		bl	OSInit
  98:../lab14.c    ****     uart0Sem   = OSSemCreate( 1 );                                         /* Crea recursos        
 2755              		.loc 1 98 0
 2756 0064 0100A0E3 		mov	r0, #1
 2757 0068 FEFFFFEB 		bl	OSSemCreate
 2758 006c 0020A0E1 		mov	r2, r0
 2759 0070 58309FE5 		ldr	r3, .L2+12
 2760 0074 002083E5 		str	r2, [r3, #0]
  99:../lab14.c    ****     keypadMbox = OSMboxCreate( NULL );
 2761              		.loc 1 99 0
 2762 0078 0000A0E3 		mov	r0, #0
 2763 007c FEFFFFEB 		bl	OSMboxCreate
 2764 0080 0020A0E1 		mov	r2, r0
 2765 0084 48309FE5 		ldr	r3, .L2+16
 2766 0088 002083E5 		str	r2, [r3, #0]
 100:../lab14.c    ****     flagPb     = OSSemCreate( 0 ); 
 2767              		.loc 1 100 0
 2768 008c 0000A0E3 		mov	r0, #0
 2769 0090 FEFFFFEB 		bl	OSSemCreate
 2770 0094 0020A0E1 		mov	r2, r0
 2771 0098 38309FE5 		ldr	r3, .L2+20
 2772 009c 002083E5 		str	r2, [r3, #0]
 101:../lab14.c    ****     
 102:../lab14.c    ****     OSTaskCreate( TaskStart, NULL, &TaskStartStk[TASK_STK_SIZE - 1], 0 );  /* Crea la tarea inicial
 2773              		.loc 1 102 0
 2774 00a0 34009FE5 		ldr	r0, .L2+24
 2775 00a4 0010A0E3 		mov	r1, #0
 2776 00a8 30209FE5 		ldr	r2, .L2+28
 2777 00ac 0030A0E3 		mov	r3, #0
 2778 00b0 FEFFFFEB 		bl	OSTaskCreate
 103:../lab14.c    ****     OSStart();                                                             /* Inicia multitarea    
 2779              		.loc 1 103 0
 2780 00b4 FEFFFFEB 		bl	OSStart
 104:../lab14.c    **** }                              
 2781              		.loc 1 104 0
 2782 00b8 0CD04BE2 		sub	sp, fp, #12
 2783 00bc 00689DE8 		ldmfd	sp, {fp, sp, lr}
 2784 00c0 1EFF2FE1 		bx	lr
 2785              	.L3:
 2786              		.align	2
 2787              	.L2:
 2788 00c4 00000000 		.word	.LC0
 2789 00c8 20000000 		.word	.LC1
 2790 00cc 24000000 		.word	.LC2
 2791 00d0 00000000 		.word	uart0Sem
 2792 00d4 00000000 		.word	keypadMbox
 2793 00d8 00000000 		.word	flagPb
 2794 00dc 00000000 		.word	TaskStart
 2795 00e0 FC9F0000 		.word	TaskStartStk+40956
 2796              		.cfi_endproc
 2797              	.LFE0:
 2799              		.align	2
 2800              		.global	TaskStart
 2802              	TaskStart:
 2803              	.LFB1:
 105:../lab14.c    **** 
 106:../lab14.c    **** /*******************************************************************/
 107:../lab14.c    **** 
 108:../lab14.c    **** void TaskStart( void *pdata )
 109:../lab14.c    **** {
 2804              		.loc 1 109 0
 2805              		.cfi_startproc
 2806              		@ Function supports interworking.
 2807              		@ args = 0, pretend = 0, frame = 24
 2808              		@ frame_needed = 1, uses_anonymous_args = 0
 2809 00e4 0DC0A0E1 		mov	ip, sp
 2810              	.LCFI2:
 2811              		.cfi_def_cfa_register 12
 2812 00e8 00D82DE9 		stmfd	sp!, {fp, ip, lr, pc}
 2813 00ec 04B04CE2 		sub	fp, ip, #4
 2814              		.cfi_offset 14, -8
 2815              		.cfi_offset 13, -12
 2816              		.cfi_offset 11, -16
 2817              	.LCFI3:
 2818              		.cfi_def_cfa 11, 4
 2819 00f0 18D04DE2 		sub	sp, sp, #24
 2820 00f4 20000BE5 		str	r0, [fp, #-32]
 110:../lab14.c    ****     const char id1 = '1'; /* Identificadores de tareas */
 2821              		.loc 1 110 0
 2822 00f8 3130A0E3 		mov	r3, #49
 2823 00fc 0D304BE5 		strb	r3, [fp, #-13]
 111:../lab14.c    ****     const char id2 = '2';
 2824              		.loc 1 111 0
 2825 0100 3230A0E3 		mov	r3, #50
 2826 0104 0E304BE5 		strb	r3, [fp, #-14]
 112:../lab14.c    ****     const char id3 = '3';
 2827              		.loc 1 112 0
 2828 0108 3330A0E3 		mov	r3, #51
 2829 010c 0F304BE5 		strb	r3, [fp, #-15]
 113:../lab14.c    ****     const char id4 = '4';
 2830              		.loc 1 113 0
 2831 0110 3430A0E3 		mov	r3, #52
 2832 0114 10304BE5 		strb	r3, [fp, #-16]
 114:../lab14.c    ****     const char id5 = '5';
 2833              		.loc 1 114 0
 2834 0118 3530A0E3 		mov	r3, #53
 2835 011c 11304BE5 		strb	r3, [fp, #-17]
 115:../lab14.c    ****     const char id6 = '6';
 2836              		.loc 1 115 0
 2837 0120 3630A0E3 		mov	r3, #54
 2838 0124 12304BE5 		strb	r3, [fp, #-18]
 116:../lab14.c    ****     const char id7 = '7';
 2839              		.loc 1 116 0
 2840 0128 3730A0E3 		mov	r3, #55
 2841 012c 13304BE5 		strb	r3, [fp, #-19]
 117:../lab14.c    ****     const char id8 = '8';
 2842              		.loc 1 117 0
 2843 0130 3830A0E3 		mov	r3, #56
 2844 0134 14304BE5 		strb	r3, [fp, #-20]
 118:../lab14.c    ****     const char id9 = '9';
 2845              		.loc 1 118 0
 2846 0138 3930A0E3 		mov	r3, #57
 2847 013c 15304BE5 		strb	r3, [fp, #-21]
 119:../lab14.c    **** 
 120:../lab14.c    ****     OS_ENTER_CRITICAL();
 2848              		.loc 1 120 0
 2849              	@ 120 "../lab14.c" 1
 2850 0140 00000FE1 		mrs   r0, cpsr              
 2851 0144 04002DE5 	stmfd sp!, {r0}             
 2852 0148 C00080E3 	orr   r0, r0, #0b11000000   
 2853 014c 00F021E1 	msr   cpsr_c, r0              
 2854              	@ 0 "" 2
 121:../lab14.c    ****     timer0_open_tick( OSTickISR, OS_TICKS_PER_SEC );  /* Instala OSTickISR como RTI del timer0     
 2855              		.loc 1 121 0
 2856 0150 00019FE5 		ldr	r0, .L5
 2857 0154 6410A0E3 		mov	r1, #100
 2858 0158 FEFFFFEB 		bl	timer0_open_tick
 122:../lab14.c    ****     pbs_open( OS_CPU_isr_pb );                        /* Instala OS_CPU_isr_pb como RTI por presión
 2859              		.loc 1 122 0
 2860 015c F8009FE5 		ldr	r0, .L5+4
 2861 0160 FEFFFFEB 		bl	pbs_open
 123:../lab14.c    ****     OS_EXIT_CRITICAL();
 2862              		.loc 1 123 0
 2863              	@ 123 "../lab14.c" 1
 2864 0164 04009DE4 		ldmfd sp!, {r0}             
 2865 0168 00F021E1 	msr   cpsr_c, r0              
 2866              	@ 0 "" 2
 124:../lab14.c    **** 
 125:../lab14.c    ****     // OSStatInit();                     /* Opcionalmente, arranca la tarea del kernel de recopilac
 126:../lab14.c    **** 
 127:../lab14.c    ****     OSTaskCreate( Task1, (void *)&id1, &Task1Stk[TASK_STK_SIZE - 1], 6 );      /* Crea las tareas d
 2867              		.loc 1 127 0
 2868 016c 0D304BE2 		sub	r3, fp, #13
 2869 0170 E8009FE5 		ldr	r0, .L5+8
 2870 0174 0310A0E1 		mov	r1, r3
 2871 0178 E4209FE5 		ldr	r2, .L5+12
 2872 017c 0630A0E3 		mov	r3, #6
 2873 0180 FEFFFFEB 		bl	OSTaskCreate
 128:../lab14.c    **** 	OSTaskCreate( Task2, (void *)&id2, &Task2Stk[TASK_STK_SIZE - 1], 1 );      /* Las tareas más frecu
 2874              		.loc 1 128 0
 2875 0184 0E304BE2 		sub	r3, fp, #14
 2876 0188 D8009FE5 		ldr	r0, .L5+16
 2877 018c 0310A0E1 		mov	r1, r3
 2878 0190 D4209FE5 		ldr	r2, .L5+20
 2879 0194 0130A0E3 		mov	r3, #1
 2880 0198 FEFFFFEB 		bl	OSTaskCreate
 129:../lab14.c    **** 	OSTaskCreate( Task3, (void *)&id3, &Task3Stk[TASK_STK_SIZE - 1], 7 );
 2881              		.loc 1 129 0
 2882 019c 0F304BE2 		sub	r3, fp, #15
 2883 01a0 C8009FE5 		ldr	r0, .L5+24
 2884 01a4 0310A0E1 		mov	r1, r3
 2885 01a8 C4209FE5 		ldr	r2, .L5+28
 2886 01ac 0730A0E3 		mov	r3, #7
 2887 01b0 FEFFFFEB 		bl	OSTaskCreate
 130:../lab14.c    **** 	OSTaskCreate( Task4, (void *)&id4, &Task4Stk[TASK_STK_SIZE - 1], 9 );
 2888              		.loc 1 130 0
 2889 01b4 10304BE2 		sub	r3, fp, #16
 2890 01b8 B8009FE5 		ldr	r0, .L5+32
 2891 01bc 0310A0E1 		mov	r1, r3
 2892 01c0 B4209FE5 		ldr	r2, .L5+36
 2893 01c4 0930A0E3 		mov	r3, #9
 2894 01c8 FEFFFFEB 		bl	OSTaskCreate
 131:../lab14.c    **** 	OSTaskCreate( Task5, (void *)&id5, &Task5Stk[TASK_STK_SIZE - 1], 3 );
 2895              		.loc 1 131 0
 2896 01cc 11304BE2 		sub	r3, fp, #17
 2897 01d0 A8009FE5 		ldr	r0, .L5+40
 2898 01d4 0310A0E1 		mov	r1, r3
 2899 01d8 A4209FE5 		ldr	r2, .L5+44
 2900 01dc 0330A0E3 		mov	r3, #3
 2901 01e0 FEFFFFEB 		bl	OSTaskCreate
 132:../lab14.c    **** 	OSTaskCreate( Task6, (void *)&id6, &Task6Stk[TASK_STK_SIZE - 1], 4 );
 2902              		.loc 1 132 0
 2903 01e4 12304BE2 		sub	r3, fp, #18
 2904 01e8 98009FE5 		ldr	r0, .L5+48
 2905 01ec 0310A0E1 		mov	r1, r3
 2906 01f0 94209FE5 		ldr	r2, .L5+52
 2907 01f4 0430A0E3 		mov	r3, #4
 2908 01f8 FEFFFFEB 		bl	OSTaskCreate
 133:../lab14.c    **** 	OSTaskCreate( Task7, (void *)&id7, &Task7Stk[TASK_STK_SIZE - 1], 2 );
 2909              		.loc 1 133 0
 2910 01fc 13304BE2 		sub	r3, fp, #19
 2911 0200 88009FE5 		ldr	r0, .L5+56
 2912 0204 0310A0E1 		mov	r1, r3
 2913 0208 84209FE5 		ldr	r2, .L5+60
 2914 020c 0230A0E3 		mov	r3, #2
 2915 0210 FEFFFFEB 		bl	OSTaskCreate
 134:../lab14.c    **** 	OSTaskCreate( Task8, (void *)&id8, &Task8Stk[TASK_STK_SIZE - 1], 5 );
 2916              		.loc 1 134 0
 2917 0214 14304BE2 		sub	r3, fp, #20
 2918 0218 78009FE5 		ldr	r0, .L5+64
 2919 021c 0310A0E1 		mov	r1, r3
 2920 0220 74209FE5 		ldr	r2, .L5+68
 2921 0224 0530A0E3 		mov	r3, #5
 2922 0228 FEFFFFEB 		bl	OSTaskCreate
 135:../lab14.c    **** 	OSTaskCreate( Task9, (void *)&id9, &Task9Stk[TASK_STK_SIZE - 1], 8 );
 2923              		.loc 1 135 0
 2924 022c 15304BE2 		sub	r3, fp, #21
 2925 0230 68009FE5 		ldr	r0, .L5+72
 2926 0234 0310A0E1 		mov	r1, r3
 2927 0238 64209FE5 		ldr	r2, .L5+76
 2928 023c 0830A0E3 		mov	r3, #8
 2929 0240 FEFFFFEB 		bl	OSTaskCreate
 136:../lab14.c    **** 
 137:../lab14.c    ****     OSTaskDel(OS_PRIO_SELF);             /* La tarea inicial de arranque se auto-elimina */
 2930              		.loc 1 137 0
 2931 0244 FF00A0E3 		mov	r0, #255
 2932 0248 FEFFFFEB 		bl	OSTaskDel
 138:../lab14.c    **** }
 2933              		.loc 1 138 0
 2934 024c 0CD04BE2 		sub	sp, fp, #12
 2935 0250 00689DE8 		ldmfd	sp, {fp, sp, lr}
 2936 0254 1EFF2FE1 		bx	lr
 2937              	.L6:
 2938              		.align	2
 2939              	.L5:
 2940 0258 00000000 		.word	OSTickISR
 2941 025c 00000000 		.word	OS_CPU_isr_pb
 2942 0260 00000000 		.word	Task1
 2943 0264 FC9F0000 		.word	Task1Stk+40956
 2944 0268 00000000 		.word	Task2
 2945 026c FC9F0000 		.word	Task2Stk+40956
 2946 0270 00000000 		.word	Task3
 2947 0274 FC9F0000 		.word	Task3Stk+40956
 2948 0278 00000000 		.word	Task4
 2949 027c FC9F0000 		.word	Task4Stk+40956
 2950 0280 00000000 		.word	Task5
 2951 0284 FC9F0000 		.word	Task5Stk+40956
 2952 0288 00000000 		.word	Task6
 2953 028c FC9F0000 		.word	Task6Stk+40956
 2954 0290 00000000 		.word	Task7
 2955 0294 FC9F0000 		.word	Task7Stk+40956
 2956 0298 00000000 		.word	Task8
 2957 029c FC9F0000 		.word	Task8Stk+40956
 2958 02a0 00000000 		.word	Task9
 2959 02a4 FC9F0000 		.word	Task9Stk+40956
 2960              		.cfi_endproc
 2961              	.LFE1:
 2963              		.section	.rodata
 2964 0049 000000   		.align	2
 2965              	.LC3:
 2966 004c 20205461 		.ascii	"  Task\000"
 2966      736B00
 2967 0053 00       		.align	2
 2968              	.LC4:
 2969 0054 20696E69 		.ascii	" iniciada.\012\000"
 2969      63696164 
 2969      612E0A00 
 2970              		.text
 2971              		.align	2
 2972              		.global	Task1
 2974              	Task1:
 2975              	.LFB2:
 139:../lab14.c    **** 
 140:../lab14.c    **** void Task1( void *id )
 141:../lab14.c    **** {
 2976              		.loc 1 141 0
 2977              		.cfi_startproc
 2978              		@ Function supports interworking.
 2979              		@ args = 0, pretend = 0, frame = 16
 2980              		@ frame_needed = 1, uses_anonymous_args = 0
 2981 02a8 0DC0A0E1 		mov	ip, sp
 2982              	.LCFI4:
 2983              		.cfi_def_cfa_register 12
 2984 02ac 00D82DE9 		stmfd	sp!, {fp, ip, lr, pc}
 2985 02b0 04B04CE2 		sub	fp, ip, #4
 2986              		.cfi_offset 14, -8
 2987              		.cfi_offset 13, -12
 2988              		.cfi_offset 11, -16
 2989              	.LCFI5:
 2990              		.cfi_def_cfa 11, 4
 2991 02b4 10D04DE2 		sub	sp, sp, #16
 2992 02b8 18000BE5 		str	r0, [fp, #-24]
 142:../lab14.c    ****     INT8U err;
 143:../lab14.c    **** 
 144:../lab14.c    ****     OSSemPend( uart0Sem, 0, &err );    /* Muestra un mensaje inicial en la UART0 (protegida por un 
 2993              		.loc 1 144 0
 2994 02bc 70309FE5 		ldr	r3, .L9
 2995 02c0 002093E5 		ldr	r2, [r3, #0]
 2996 02c4 0D304BE2 		sub	r3, fp, #13
 2997 02c8 0200A0E1 		mov	r0, r2
 2998 02cc 0010A0E3 		mov	r1, #0
 2999 02d0 0320A0E1 		mov	r2, r3
 3000 02d4 FEFFFFEB 		bl	OSSemPend
 145:../lab14.c    ****         uart0_puts( "  Task" );
 3001              		.loc 1 145 0
 3002 02d8 58009FE5 		ldr	r0, .L9+4
 3003 02dc FEFFFFEB 		bl	uart0_puts
 146:../lab14.c    ****         uart0_putchar( *(char *)id );
 3004              		.loc 1 146 0
 3005 02e0 18301BE5 		ldr	r3, [fp, #-24]
 3006 02e4 0030D3E5 		ldrb	r3, [r3, #0]	@ zero_extendqisi2
 3007 02e8 0300A0E1 		mov	r0, r3
 3008 02ec FEFFFFEB 		bl	uart0_putchar
 147:../lab14.c    ****         uart0_puts( " iniciada.\n" );
 3009              		.loc 1 147 0
 3010 02f0 44009FE5 		ldr	r0, .L9+8
 3011 02f4 FEFFFFEB 		bl	uart0_puts
 148:../lab14.c    ****     OSSemPost( uart0Sem );
 3012              		.loc 1 148 0
 3013 02f8 34309FE5 		ldr	r3, .L9
 3014 02fc 003093E5 		ldr	r3, [r3, #0]
 3015 0300 0300A0E1 		mov	r0, r3
 3016 0304 FEFFFFEB 		bl	OSSemPost
 149:../lab14.c    ****     
 150:../lab14.c    ****     led_on( LEFT_LED );
 3017              		.loc 1 150 0
 3018 0308 0100A0E3 		mov	r0, #1
 3019 030c FEFFFFEB 		bl	led_on
 151:../lab14.c    ****     led_off( RIGHT_LED );
 3020              		.loc 1 151 0
 3021 0310 0200A0E3 		mov	r0, #2
 3022 0314 FEFFFFEB 		bl	led_off
 3023              	.L8:
 152:../lab14.c    **** 
 153:../lab14.c    ****     while( 1 )                         /* Cada 0,5 segundos (50 ticks) alterna el led que se encien
 154:../lab14.c    ****     {
 155:../lab14.c    ****         OSTimeDly( 50 );
 3024              		.loc 1 155 0 discriminator 1
 3025 0318 3200A0E3 		mov	r0, #50
 3026 031c FEFFFFEB 		bl	OSTimeDly
 156:../lab14.c    ****         led_toggle( LEFT_LED );
 3027              		.loc 1 156 0 discriminator 1
 3028 0320 0100A0E3 		mov	r0, #1
 3029 0324 FEFFFFEB 		bl	led_toggle
 157:../lab14.c    ****         led_toggle( RIGHT_LED );
 3030              		.loc 1 157 0 discriminator 1
 3031 0328 0200A0E3 		mov	r0, #2
 3032 032c FEFFFFEB 		bl	led_toggle
 158:../lab14.c    ****     }
 3033              		.loc 1 158 0 discriminator 1
 3034 0330 F8FFFFEA 		b	.L8
 3035              	.L10:
 3036              		.align	2
 3037              	.L9:
 3038 0334 00000000 		.word	uart0Sem
 3039 0338 4C000000 		.word	.LC3
 3040 033c 54000000 		.word	.LC4
 3041              		.cfi_endproc
 3042              	.LFE2:
 3044              		.align	2
 3045              		.global	Task2
 3047              	Task2:
 3048              	.LFB3:
 159:../lab14.c    **** }
 160:../lab14.c    **** 
 161:../lab14.c    **** void Task2( void *id)
 162:../lab14.c    **** {
 3049              		.loc 1 162 0
 3050              		.cfi_startproc
 3051              		@ Function supports interworking.
 3052              		@ args = 0, pretend = 0, frame = 16
 3053              		@ frame_needed = 1, uses_anonymous_args = 0
 3054 0340 0DC0A0E1 		mov	ip, sp
 3055              	.LCFI6:
 3056              		.cfi_def_cfa_register 12
 3057 0344 00D82DE9 		stmfd	sp!, {fp, ip, lr, pc}
 3058 0348 04B04CE2 		sub	fp, ip, #4
 3059              		.cfi_offset 14, -8
 3060              		.cfi_offset 13, -12
 3061              		.cfi_offset 11, -16
 3062              	.LCFI7:
 3063              		.cfi_def_cfa 11, 4
 3064 034c 10D04DE2 		sub	sp, sp, #16
 3065 0350 18000BE5 		str	r0, [fp, #-24]
 163:../lab14.c    ****     INT8U err;
 164:../lab14.c    ****     uint8 scancode;
 165:../lab14.c    **** 
 166:../lab14.c    ****     OSSemPend( uart0Sem, 0, &err );    /* Muestra un mensaje inicial en la UART0 (protegida por un 
 3066              		.loc 1 166 0
 3067 0354 C0309FE5 		ldr	r3, .L19
 3068 0358 002093E5 		ldr	r2, [r3, #0]
 3069 035c 0D304BE2 		sub	r3, fp, #13
 3070 0360 0200A0E1 		mov	r0, r2
 3071 0364 0010A0E3 		mov	r1, #0
 3072 0368 0320A0E1 		mov	r2, r3
 3073 036c FEFFFFEB 		bl	OSSemPend
 167:../lab14.c    ****         uart0_puts( "  Task" );
 3074              		.loc 1 167 0
 3075 0370 A8009FE5 		ldr	r0, .L19+4
 3076 0374 FEFFFFEB 		bl	uart0_puts
 168:../lab14.c    ****         uart0_putchar( *(char *)id );
 3077              		.loc 1 168 0
 3078 0378 18301BE5 		ldr	r3, [fp, #-24]
 3079 037c 0030D3E5 		ldrb	r3, [r3, #0]	@ zero_extendqisi2
 3080 0380 0300A0E1 		mov	r0, r3
 3081 0384 FEFFFFEB 		bl	uart0_putchar
 169:../lab14.c    ****         uart0_puts( " iniciada.\n" );
 3082              		.loc 1 169 0
 3083 0388 94009FE5 		ldr	r0, .L19+8
 3084 038c FEFFFFEB 		bl	uart0_puts
 170:../lab14.c    ****     OSSemPost( uart0Sem );
 3085              		.loc 1 170 0
 3086 0390 84309FE5 		ldr	r3, .L19
 3087 0394 003093E5 		ldr	r3, [r3, #0]
 3088 0398 0300A0E1 		mov	r0, r3
 3089 039c FEFFFFEB 		bl	OSSemPost
 171:../lab14.c    **** 
 172:../lab14.c    ****     while( 1 )                         /* Cada 50 ms (5 ticks) muestrea el keypad y envía el scanco
 173:../lab14.c    ****     {      
 174:../lab14.c    ****         while( !keypad_pressed() )
 3090              		.loc 1 174 0
 3091 03a0 010000EA 		b	.L12
 3092              	.L13:
 175:../lab14.c    ****             OSTimeDly( 5 );
 3093              		.loc 1 175 0
 3094 03a4 0500A0E3 		mov	r0, #5
 3095 03a8 FEFFFFEB 		bl	OSTimeDly
 3096              	.L12:
 174:../lab14.c    ****         while( !keypad_pressed() )
 3097              		.loc 1 174 0 discriminator 1
 3098 03ac FEFFFFEB 		bl	keypad_pressed
 3099 03b0 0030A0E1 		mov	r3, r0
 3100 03b4 000053E3 		cmp	r3, #0
 3101 03b8 F9FFFF0A 		beq	.L13
 176:../lab14.c    ****         scancode = keypad_scan();
 3102              		.loc 1 176 0
 3103 03bc FEFFFFEB 		bl	keypad_scan
 3104 03c0 0030A0E1 		mov	r3, r0
 3105 03c4 0E304BE5 		strb	r3, [fp, #-14]
 177:../lab14.c    ****         if( scancode != KEYPAD_FAILURE )
 3106              		.loc 1 177 0
 3107 03c8 0E305BE5 		ldrb	r3, [fp, #-14]	@ zero_extendqisi2
 3108 03cc FF0053E3 		cmp	r3, #255
 3109 03d0 0A00000A 		beq	.L18
 178:../lab14.c    ****             OSMboxPostOpt( keypadMbox, (void *) &scancode, OS_POST_OPT_BROADCAST );
 3110              		.loc 1 178 0
 3111 03d4 4C309FE5 		ldr	r3, .L19+12
 3112 03d8 002093E5 		ldr	r2, [r3, #0]
 3113 03dc 0E304BE2 		sub	r3, fp, #14
 3114 03e0 0200A0E1 		mov	r0, r2
 3115 03e4 0310A0E1 		mov	r1, r3
 3116 03e8 0120A0E3 		mov	r2, #1
 3117 03ec FEFFFFEB 		bl	OSMboxPostOpt
 179:../lab14.c    ****         while( keypad_pressed() )
 3118              		.loc 1 179 0
 3119 03f0 030000EA 		b	.L15
 3120              	.L16:
 180:../lab14.c    ****             OSTimeDly( 5 );
 3121              		.loc 1 180 0
 3122 03f4 0500A0E3 		mov	r0, #5
 3123 03f8 FEFFFFEB 		bl	OSTimeDly
 3124 03fc 000000EA 		b	.L15
 3125              	.L18:
 179:../lab14.c    ****         while( keypad_pressed() )
 3126              		.loc 1 179 0
 3127 0400 0000A0E1 		mov	r0, r0	@ nop
 3128              	.L15:
 179:../lab14.c    ****         while( keypad_pressed() )
 3129              		.loc 1 179 0 is_stmt 0 discriminator 1
 3130 0404 FEFFFFEB 		bl	keypad_pressed
 3131 0408 0030A0E1 		mov	r3, r0
 3132 040c 000053E3 		cmp	r3, #0
 3133 0410 F7FFFF1A 		bne	.L16
 181:../lab14.c    ****     }
 3134              		.loc 1 181 0 is_stmt 1
 3135 0414 0000A0E1 		mov	r0, r0	@ nop
 174:../lab14.c    ****         while( !keypad_pressed() )
 3136              		.loc 1 174 0
 3137 0418 E3FFFFEA 		b	.L12
 3138              	.L20:
 3139              		.align	2
 3140              	.L19:
 3141 041c 00000000 		.word	uart0Sem
 3142 0420 4C000000 		.word	.LC3
 3143 0424 54000000 		.word	.LC4
 3144 0428 00000000 		.word	keypadMbox
 3145              		.cfi_endproc
 3146              	.LFE3:
 3148              		.section	.rodata
 3149              		.align	2
 3150              	.LC5:
 3151 0060 20202854 		.ascii	"  (Task\000"
 3151      61736B00 
 3152              		.align	2
 3153              	.LC6:
 3154 0068 2920486F 		.ascii	") Hora: \000"
 3154      72613A20 
 3154      00
 3155 0071 000000   		.align	2
 3156              	.LC7:
 3157 0074 0A00     		.ascii	"\012\000"
 3158              		.text
 3159              		.align	2
 3160              		.global	Task3
 3162              	Task3:
 3163              	.LFB4:
 182:../lab14.c    **** }
 183:../lab14.c    **** 
 184:../lab14.c    **** void Task3( void *id )
 185:../lab14.c    **** {
 3164              		.loc 1 185 0
 3165              		.cfi_startproc
 3166              		@ Function supports interworking.
 3167              		@ args = 0, pretend = 0, frame = 16
 3168              		@ frame_needed = 1, uses_anonymous_args = 0
 3169 042c 0DC0A0E1 		mov	ip, sp
 3170              	.LCFI8:
 3171              		.cfi_def_cfa_register 12
 3172 0430 00D82DE9 		stmfd	sp!, {fp, ip, lr, pc}
 3173 0434 04B04CE2 		sub	fp, ip, #4
 3174              		.cfi_offset 14, -8
 3175              		.cfi_offset 13, -12
 3176              		.cfi_offset 11, -16
 3177              	.LCFI9:
 3178              		.cfi_def_cfa 11, 4
 3179 0438 10D04DE2 		sub	sp, sp, #16
 3180 043c 18000BE5 		str	r0, [fp, #-24]
 186:../lab14.c    ****     INT8U err;
 187:../lab14.c    ****     rtc_time_t rtc_time;
 188:../lab14.c    **** 
 189:../lab14.c    ****     OSSemPend( uart0Sem, 0, &err );    /* Muestra un mensaje inicial en la UART0 (protegida por un 
 3181              		.loc 1 189 0
 3182 0440 E4309FE5 		ldr	r3, .L23
 3183 0444 002093E5 		ldr	r2, [r3, #0]
 3184 0448 0D304BE2 		sub	r3, fp, #13
 3185 044c 0200A0E1 		mov	r0, r2
 3186 0450 0010A0E3 		mov	r1, #0
 3187 0454 0320A0E1 		mov	r2, r3
 3188 0458 FEFFFFEB 		bl	OSSemPend
 190:../lab14.c    ****         uart0_puts( "  Task" );
 3189              		.loc 1 190 0
 3190 045c CC009FE5 		ldr	r0, .L23+4
 3191 0460 FEFFFFEB 		bl	uart0_puts
 191:../lab14.c    ****         uart0_putchar( *(char *)id );
 3192              		.loc 1 191 0
 3193 0464 18301BE5 		ldr	r3, [fp, #-24]
 3194 0468 0030D3E5 		ldrb	r3, [r3, #0]	@ zero_extendqisi2
 3195 046c 0300A0E1 		mov	r0, r3
 3196 0470 FEFFFFEB 		bl	uart0_putchar
 192:../lab14.c    ****         uart0_puts( " iniciada.\n" );
 3197              		.loc 1 192 0
 3198 0474 B8009FE5 		ldr	r0, .L23+8
 3199 0478 FEFFFFEB 		bl	uart0_puts
 193:../lab14.c    ****     OSSemPost( uart0Sem );
 3200              		.loc 1 193 0
 3201 047c A8309FE5 		ldr	r3, .L23
 3202 0480 003093E5 		ldr	r3, [r3, #0]
 3203 0484 0300A0E1 		mov	r0, r3
 3204 0488 FEFFFFEB 		bl	OSSemPost
 3205              	.L22:
 194:../lab14.c    **** 
 195:../lab14.c    ****     while( 1 )                         /* Cada segundo (100 ticks) muestra por la UART0 la hora del
 196:../lab14.c    ****     {
 197:../lab14.c    ****         OSTimeDly( 100 );
 3206              		.loc 1 197 0 discriminator 1
 3207 048c 6400A0E3 		mov	r0, #100
 3208 0490 FEFFFFEB 		bl	OSTimeDly
 198:../lab14.c    ****         rtc_gettime( &rtc_time );
 3209              		.loc 1 198 0 discriminator 1
 3210 0494 14304BE2 		sub	r3, fp, #20
 3211 0498 0300A0E1 		mov	r0, r3
 3212 049c FEFFFFEB 		bl	rtc_gettime
 199:../lab14.c    ****         OSSemPend( uart0Sem, 0, &err );
 3213              		.loc 1 199 0 discriminator 1
 3214 04a0 84309FE5 		ldr	r3, .L23
 3215 04a4 002093E5 		ldr	r2, [r3, #0]
 3216 04a8 0D304BE2 		sub	r3, fp, #13
 3217 04ac 0200A0E1 		mov	r0, r2
 3218 04b0 0010A0E3 		mov	r1, #0
 3219 04b4 0320A0E1 		mov	r2, r3
 3220 04b8 FEFFFFEB 		bl	OSSemPend
 200:../lab14.c    ****             uart0_puts( "  (Task" );
 3221              		.loc 1 200 0 discriminator 1
 3222 04bc 74009FE5 		ldr	r0, .L23+12
 3223 04c0 FEFFFFEB 		bl	uart0_puts
 201:../lab14.c    ****             uart0_putchar( *(char *)id );
 3224              		.loc 1 201 0 discriminator 1
 3225 04c4 18301BE5 		ldr	r3, [fp, #-24]
 3226 04c8 0030D3E5 		ldrb	r3, [r3, #0]	@ zero_extendqisi2
 3227 04cc 0300A0E1 		mov	r0, r3
 3228 04d0 FEFFFFEB 		bl	uart0_putchar
 202:../lab14.c    ****             uart0_puts( ") Hora: " );
 3229              		.loc 1 202 0 discriminator 1
 3230 04d4 60009FE5 		ldr	r0, .L23+16
 3231 04d8 FEFFFFEB 		bl	uart0_puts
 203:../lab14.c    ****             uart0_putint( rtc_time.hour );
 3232              		.loc 1 203 0 discriminator 1
 3233 04dc 12305BE5 		ldrb	r3, [fp, #-18]	@ zero_extendqisi2
 3234 04e0 0300A0E1 		mov	r0, r3
 3235 04e4 FEFFFFEB 		bl	uart0_putint
 204:../lab14.c    ****             uart0_putchar( ':' );
 3236              		.loc 1 204 0 discriminator 1
 3237 04e8 3A00A0E3 		mov	r0, #58
 3238 04ec FEFFFFEB 		bl	uart0_putchar
 205:../lab14.c    ****             uart0_putint( rtc_time.min );
 3239              		.loc 1 205 0 discriminator 1
 3240 04f0 13305BE5 		ldrb	r3, [fp, #-19]	@ zero_extendqisi2
 3241 04f4 0300A0E1 		mov	r0, r3
 3242 04f8 FEFFFFEB 		bl	uart0_putint
 206:../lab14.c    ****             uart0_putchar( ':' );
 3243              		.loc 1 206 0 discriminator 1
 3244 04fc 3A00A0E3 		mov	r0, #58
 3245 0500 FEFFFFEB 		bl	uart0_putchar
 207:../lab14.c    ****             uart0_putint( rtc_time.sec );
 3246              		.loc 1 207 0 discriminator 1
 3247 0504 14305BE5 		ldrb	r3, [fp, #-20]	@ zero_extendqisi2
 3248 0508 0300A0E1 		mov	r0, r3
 3249 050c FEFFFFEB 		bl	uart0_putint
 208:../lab14.c    ****             uart0_puts( "\n" );
 3250              		.loc 1 208 0 discriminator 1
 3251 0510 28009FE5 		ldr	r0, .L23+20
 3252 0514 FEFFFFEB 		bl	uart0_puts
 209:../lab14.c    ****         OSSemPost( uart0Sem );
 3253              		.loc 1 209 0 discriminator 1
 3254 0518 0C309FE5 		ldr	r3, .L23
 3255 051c 003093E5 		ldr	r3, [r3, #0]
 3256 0520 0300A0E1 		mov	r0, r3
 3257 0524 FEFFFFEB 		bl	OSSemPost
 210:../lab14.c    ****     }
 3258              		.loc 1 210 0 discriminator 1
 3259 0528 D7FFFFEA 		b	.L22
 3260              	.L24:
 3261              		.align	2
 3262              	.L23:
 3263 052c 00000000 		.word	uart0Sem
 3264 0530 4C000000 		.word	.LC3
 3265 0534 54000000 		.word	.LC4
 3266 0538 60000000 		.word	.LC5
 3267 053c 68000000 		.word	.LC6
 3268 0540 74000000 		.word	.LC7
 3269              		.cfi_endproc
 3270              	.LFE4:
 3272              		.section	.rodata
 3273 0076 0000     		.align	2
 3274              	.LC8:
 3275 0078 29205469 		.ascii	") Ticks: \000"
 3275      636B733A 
 3275      2000
 3276              		.text
 3277              		.align	2
 3278              		.global	Task4
 3280              	Task4:
 3281              	.LFB5:
 211:../lab14.c    **** }
 212:../lab14.c    **** 
 213:../lab14.c    **** void Task4( void *id )
 214:../lab14.c    **** {
 3282              		.loc 1 214 0
 3283              		.cfi_startproc
 3284              		@ Function supports interworking.
 3285              		@ args = 0, pretend = 0, frame = 16
 3286              		@ frame_needed = 1, uses_anonymous_args = 0
 3287 0544 0DC0A0E1 		mov	ip, sp
 3288              	.LCFI10:
 3289              		.cfi_def_cfa_register 12
 3290 0548 00D82DE9 		stmfd	sp!, {fp, ip, lr, pc}
 3291 054c 04B04CE2 		sub	fp, ip, #4
 3292              		.cfi_offset 14, -8
 3293              		.cfi_offset 13, -12
 3294              		.cfi_offset 11, -16
 3295              	.LCFI11:
 3296              		.cfi_def_cfa 11, 4
 3297 0550 10D04DE2 		sub	sp, sp, #16
 3298 0554 18000BE5 		str	r0, [fp, #-24]
 215:../lab14.c    ****     INT8U err;
 216:../lab14.c    ****     INT32U ticks;
 217:../lab14.c    **** 
 218:../lab14.c    ****     OSSemPend( uart0Sem, 0, &err );    /* Muestra un mensaje inicial en la UART0 (protegida por un 
 3299              		.loc 1 218 0
 3300 0558 B8309FE5 		ldr	r3, .L27
 3301 055c 002093E5 		ldr	r2, [r3, #0]
 3302 0560 11304BE2 		sub	r3, fp, #17
 3303 0564 0200A0E1 		mov	r0, r2
 3304 0568 0010A0E3 		mov	r1, #0
 3305 056c 0320A0E1 		mov	r2, r3
 3306 0570 FEFFFFEB 		bl	OSSemPend
 219:../lab14.c    ****         uart0_puts( "  Task" );
 3307              		.loc 1 219 0
 3308 0574 A0009FE5 		ldr	r0, .L27+4
 3309 0578 FEFFFFEB 		bl	uart0_puts
 220:../lab14.c    ****         uart0_putchar( *(char *)id );
 3310              		.loc 1 220 0
 3311 057c 18301BE5 		ldr	r3, [fp, #-24]
 3312 0580 0030D3E5 		ldrb	r3, [r3, #0]	@ zero_extendqisi2
 3313 0584 0300A0E1 		mov	r0, r3
 3314 0588 FEFFFFEB 		bl	uart0_putchar
 221:../lab14.c    ****         uart0_puts( " iniciada.\n" );
 3315              		.loc 1 221 0
 3316 058c 8C009FE5 		ldr	r0, .L27+8
 3317 0590 FEFFFFEB 		bl	uart0_puts
 222:../lab14.c    ****     OSSemPost( uart0Sem );
 3318              		.loc 1 222 0
 3319 0594 7C309FE5 		ldr	r3, .L27
 3320 0598 003093E5 		ldr	r3, [r3, #0]
 3321 059c 0300A0E1 		mov	r0, r3
 3322 05a0 FEFFFFEB 		bl	OSSemPost
 3323              	.L26:
 223:../lab14.c    **** 
 224:../lab14.c    ****     while( 1 )                         /* Cada 10 segundos (1000 ticks) muestra por la UART0 los ti
 225:../lab14.c    ****     {
 226:../lab14.c    ****         OSTimeDly( 1000 );
 3324              		.loc 1 226 0 discriminator 1
 3325 05a4 FA0FA0E3 		mov	r0, #1000
 3326 05a8 FEFFFFEB 		bl	OSTimeDly
 227:../lab14.c    ****         ticks = OSTimeGet();
 3327              		.loc 1 227 0 discriminator 1
 3328 05ac FEFFFFEB 		bl	OSTimeGet
 3329 05b0 10000BE5 		str	r0, [fp, #-16]
 228:../lab14.c    ****         OSSemPend( uart0Sem, 0, &err );
 3330              		.loc 1 228 0 discriminator 1
 3331 05b4 5C309FE5 		ldr	r3, .L27
 3332 05b8 002093E5 		ldr	r2, [r3, #0]
 3333 05bc 11304BE2 		sub	r3, fp, #17
 3334 05c0 0200A0E1 		mov	r0, r2
 3335 05c4 0010A0E3 		mov	r1, #0
 3336 05c8 0320A0E1 		mov	r2, r3
 3337 05cc FEFFFFEB 		bl	OSSemPend
 229:../lab14.c    ****             uart0_puts( "  (Task" );
 3338              		.loc 1 229 0 discriminator 1
 3339 05d0 4C009FE5 		ldr	r0, .L27+12
 3340 05d4 FEFFFFEB 		bl	uart0_puts
 230:../lab14.c    ****             uart0_putchar( *(char *)id );
 3341              		.loc 1 230 0 discriminator 1
 3342 05d8 18301BE5 		ldr	r3, [fp, #-24]
 3343 05dc 0030D3E5 		ldrb	r3, [r3, #0]	@ zero_extendqisi2
 3344 05e0 0300A0E1 		mov	r0, r3
 3345 05e4 FEFFFFEB 		bl	uart0_putchar
 231:../lab14.c    ****             uart0_puts( ") Ticks: " );
 3346              		.loc 1 231 0 discriminator 1
 3347 05e8 38009FE5 		ldr	r0, .L27+16
 3348 05ec FEFFFFEB 		bl	uart0_puts
 232:../lab14.c    ****             uart0_putint( ticks );
 3349              		.loc 1 232 0 discriminator 1
 3350 05f0 10301BE5 		ldr	r3, [fp, #-16]
 3351 05f4 0300A0E1 		mov	r0, r3
 3352 05f8 FEFFFFEB 		bl	uart0_putint
 233:../lab14.c    ****             uart0_puts( "\n" );
 3353              		.loc 1 233 0 discriminator 1
 3354 05fc 28009FE5 		ldr	r0, .L27+20
 3355 0600 FEFFFFEB 		bl	uart0_puts
 234:../lab14.c    ****         OSSemPost( uart0Sem );
 3356              		.loc 1 234 0 discriminator 1
 3357 0604 0C309FE5 		ldr	r3, .L27
 3358 0608 003093E5 		ldr	r3, [r3, #0]
 3359 060c 0300A0E1 		mov	r0, r3
 3360 0610 FEFFFFEB 		bl	OSSemPost
 235:../lab14.c    ****     }
 3361              		.loc 1 235 0 discriminator 1
 3362 0614 E2FFFFEA 		b	.L26
 3363              	.L28:
 3364              		.align	2
 3365              	.L27:
 3366 0618 00000000 		.word	uart0Sem
 3367 061c 4C000000 		.word	.LC3
 3368 0620 54000000 		.word	.LC4
 3369 0624 60000000 		.word	.LC5
 3370 0628 78000000 		.word	.LC8
 3371 062c 74000000 		.word	.LC7
 3372              		.cfi_endproc
 3373              	.LFE5:
 3375              		.section	.rodata
 3376 0082 0000     		.align	2
 3377              	.LC9:
 3378 0084 29205465 		.ascii	") Tecla pulsada: \000"
 3378      636C6120 
 3378      70756C73 
 3378      6164613A 
 3378      2000
 3379              		.text
 3380              		.align	2
 3381              		.global	Task5
 3383              	Task5:
 3384              	.LFB6:
 236:../lab14.c    **** }
 237:../lab14.c    **** 
 238:../lab14.c    **** void Task5( void *id )
 239:../lab14.c    **** {
 3385              		.loc 1 239 0
 3386              		.cfi_startproc
 3387              		@ Function supports interworking.
 3388              		@ args = 0, pretend = 0, frame = 16
 3389              		@ frame_needed = 1, uses_anonymous_args = 0
 3390 0630 0DC0A0E1 		mov	ip, sp
 3391              	.LCFI12:
 3392              		.cfi_def_cfa_register 12
 3393 0634 00D82DE9 		stmfd	sp!, {fp, ip, lr, pc}
 3394 0638 04B04CE2 		sub	fp, ip, #4
 3395              		.cfi_offset 14, -8
 3396              		.cfi_offset 13, -12
 3397              		.cfi_offset 11, -16
 3398              	.LCFI13:
 3399              		.cfi_def_cfa 11, 4
 3400 063c 10D04DE2 		sub	sp, sp, #16
 3401 0640 18000BE5 		str	r0, [fp, #-24]
 240:../lab14.c    ****     INT8U err;
 241:../lab14.c    ****     uint8 scancode;
 242:../lab14.c    **** 
 243:../lab14.c    ****     OSSemPend( uart0Sem, 0, &err );    /* Muestra un mensaje inicial en la UART0 (protegida por un 
 3402              		.loc 1 243 0
 3403 0644 D0309FE5 		ldr	r3, .L31
 3404 0648 002093E5 		ldr	r2, [r3, #0]
 3405 064c 0E304BE2 		sub	r3, fp, #14
 3406 0650 0200A0E1 		mov	r0, r2
 3407 0654 0010A0E3 		mov	r1, #0
 3408 0658 0320A0E1 		mov	r2, r3
 3409 065c FEFFFFEB 		bl	OSSemPend
 244:../lab14.c    ****         uart0_puts( "  Task" );
 3410              		.loc 1 244 0
 3411 0660 B8009FE5 		ldr	r0, .L31+4
 3412 0664 FEFFFFEB 		bl	uart0_puts
 245:../lab14.c    ****         uart0_putchar( *(char *)id );
 3413              		.loc 1 245 0
 3414 0668 18301BE5 		ldr	r3, [fp, #-24]
 3415 066c 0030D3E5 		ldrb	r3, [r3, #0]	@ zero_extendqisi2
 3416 0670 0300A0E1 		mov	r0, r3
 3417 0674 FEFFFFEB 		bl	uart0_putchar
 246:../lab14.c    ****         uart0_puts( " iniciada.\n" );
 3418              		.loc 1 246 0
 3419 0678 A4009FE5 		ldr	r0, .L31+8
 3420 067c FEFFFFEB 		bl	uart0_puts
 247:../lab14.c    ****     OSSemPost( uart0Sem );
 3421              		.loc 1 247 0
 3422 0680 94309FE5 		ldr	r3, .L31
 3423 0684 003093E5 		ldr	r3, [r3, #0]
 3424 0688 0300A0E1 		mov	r0, r3
 3425 068c FEFFFFEB 		bl	OSSemPost
 3426              	.L30:
 248:../lab14.c    **** 
 249:../lab14.c    ****     while( 1 )                         /* Cada vez que reciba un scancode lo muestra por la UART0 *
 250:../lab14.c    ****     {
 251:../lab14.c    ****         scancode = *((uint8 *) OSMboxPend( keypadMbox, 0, &err ));
 3427              		.loc 1 251 0 discriminator 1
 3428 0690 90309FE5 		ldr	r3, .L31+12
 3429 0694 002093E5 		ldr	r2, [r3, #0]
 3430 0698 0E304BE2 		sub	r3, fp, #14
 3431 069c 0200A0E1 		mov	r0, r2
 3432 06a0 0010A0E3 		mov	r1, #0
 3433 06a4 0320A0E1 		mov	r2, r3
 3434 06a8 FEFFFFEB 		bl	OSMboxPend
 3435 06ac 0030A0E1 		mov	r3, r0
 3436 06b0 0030D3E5 		ldrb	r3, [r3, #0]
 3437 06b4 0D304BE5 		strb	r3, [fp, #-13]
 252:../lab14.c    ****         OSSemPend( uart0Sem, 0, &err );
 3438              		.loc 1 252 0 discriminator 1
 3439 06b8 5C309FE5 		ldr	r3, .L31
 3440 06bc 002093E5 		ldr	r2, [r3, #0]
 3441 06c0 0E304BE2 		sub	r3, fp, #14
 3442 06c4 0200A0E1 		mov	r0, r2
 3443 06c8 0010A0E3 		mov	r1, #0
 3444 06cc 0320A0E1 		mov	r2, r3
 3445 06d0 FEFFFFEB 		bl	OSSemPend
 253:../lab14.c    ****             uart0_puts( "  (Task" );
 3446              		.loc 1 253 0 discriminator 1
 3447 06d4 50009FE5 		ldr	r0, .L31+16
 3448 06d8 FEFFFFEB 		bl	uart0_puts
 254:../lab14.c    ****             uart0_putchar( *(char *)id );
 3449              		.loc 1 254 0 discriminator 1
 3450 06dc 18301BE5 		ldr	r3, [fp, #-24]
 3451 06e0 0030D3E5 		ldrb	r3, [r3, #0]	@ zero_extendqisi2
 3452 06e4 0300A0E1 		mov	r0, r3
 3453 06e8 FEFFFFEB 		bl	uart0_putchar
 255:../lab14.c    ****             uart0_puts( ") Tecla pulsada: " );
 3454              		.loc 1 255 0 discriminator 1
 3455 06ec 3C009FE5 		ldr	r0, .L31+20
 3456 06f0 FEFFFFEB 		bl	uart0_puts
 256:../lab14.c    ****             uart0_puthex( scancode );
 3457              		.loc 1 256 0 discriminator 1
 3458 06f4 0D305BE5 		ldrb	r3, [fp, #-13]	@ zero_extendqisi2
 3459 06f8 0300A0E1 		mov	r0, r3
 3460 06fc FEFFFFEB 		bl	uart0_puthex
 257:../lab14.c    ****             uart0_puts( "\n" );
 3461              		.loc 1 257 0 discriminator 1
 3462 0700 2C009FE5 		ldr	r0, .L31+24
 3463 0704 FEFFFFEB 		bl	uart0_puts
 258:../lab14.c    ****         OSSemPost( uart0Sem );
 3464              		.loc 1 258 0 discriminator 1
 3465 0708 0C309FE5 		ldr	r3, .L31
 3466 070c 003093E5 		ldr	r3, [r3, #0]
 3467 0710 0300A0E1 		mov	r0, r3
 3468 0714 FEFFFFEB 		bl	OSSemPost
 259:../lab14.c    ****     }
 3469              		.loc 1 259 0 discriminator 1
 3470 0718 DCFFFFEA 		b	.L30
 3471              	.L32:
 3472              		.align	2
 3473              	.L31:
 3474 071c 00000000 		.word	uart0Sem
 3475 0720 4C000000 		.word	.LC3
 3476 0724 54000000 		.word	.LC4
 3477 0728 00000000 		.word	keypadMbox
 3478 072c 60000000 		.word	.LC5
 3479 0730 84000000 		.word	.LC9
 3480 0734 74000000 		.word	.LC7
 3481              		.cfi_endproc
 3482              	.LFE6:
 3484              		.align	2
 3485              		.global	Task6
 3487              	Task6:
 3488              	.LFB7:
 260:../lab14.c    **** }
 261:../lab14.c    **** 
 262:../lab14.c    **** void Task6( void *id )
 263:../lab14.c    **** {
 3489              		.loc 1 263 0
 3490              		.cfi_startproc
 3491              		@ Function supports interworking.
 3492              		@ args = 0, pretend = 0, frame = 16
 3493              		@ frame_needed = 1, uses_anonymous_args = 0
 3494 0738 0DC0A0E1 		mov	ip, sp
 3495              	.LCFI14:
 3496              		.cfi_def_cfa_register 12
 3497 073c 00D82DE9 		stmfd	sp!, {fp, ip, lr, pc}
 3498 0740 04B04CE2 		sub	fp, ip, #4
 3499              		.cfi_offset 14, -8
 3500              		.cfi_offset 13, -12
 3501              		.cfi_offset 11, -16
 3502              	.LCFI15:
 3503              		.cfi_def_cfa 11, 4
 3504 0744 10D04DE2 		sub	sp, sp, #16
 3505 0748 18000BE5 		str	r0, [fp, #-24]
 264:../lab14.c    ****     INT8U err;
 265:../lab14.c    ****     uint8 scancode;
 266:../lab14.c    **** 
 267:../lab14.c    ****     OSSemPend( uart0Sem, 0, &err );    /* Muestra un mensaje inicial en la UART0 (protegida por un 
 3506              		.loc 1 267 0
 3507 074c 7C309FE5 		ldr	r3, .L35
 3508 0750 002093E5 		ldr	r2, [r3, #0]
 3509 0754 0E304BE2 		sub	r3, fp, #14
 3510 0758 0200A0E1 		mov	r0, r2
 3511 075c 0010A0E3 		mov	r1, #0
 3512 0760 0320A0E1 		mov	r2, r3
 3513 0764 FEFFFFEB 		bl	OSSemPend
 268:../lab14.c    ****         uart0_puts( "  Task" );
 3514              		.loc 1 268 0
 3515 0768 64009FE5 		ldr	r0, .L35+4
 3516 076c FEFFFFEB 		bl	uart0_puts
 269:../lab14.c    ****         uart0_putchar( *(char *)id );
 3517              		.loc 1 269 0
 3518 0770 18301BE5 		ldr	r3, [fp, #-24]
 3519 0774 0030D3E5 		ldrb	r3, [r3, #0]	@ zero_extendqisi2
 3520 0778 0300A0E1 		mov	r0, r3
 3521 077c FEFFFFEB 		bl	uart0_putchar
 270:../lab14.c    ****         uart0_puts( " iniciada.\n" );
 3522              		.loc 1 270 0
 3523 0780 50009FE5 		ldr	r0, .L35+8
 3524 0784 FEFFFFEB 		bl	uart0_puts
 271:../lab14.c    ****     OSSemPost( uart0Sem );
 3525              		.loc 1 271 0
 3526 0788 40309FE5 		ldr	r3, .L35
 3527 078c 003093E5 		ldr	r3, [r3, #0]
 3528 0790 0300A0E1 		mov	r0, r3
 3529 0794 FEFFFFEB 		bl	OSSemPost
 3530              	.L34:
 272:../lab14.c    **** 
 273:../lab14.c    ****     while( 1 )                         /* Cada vez que reciba un scancode lo muestra por los 7 segm
 274:../lab14.c    ****     {
 275:../lab14.c    ****         scancode = *((uint8 *) OSMboxPend( keypadMbox, 0, &err ));
 3531              		.loc 1 275 0 discriminator 1
 3532 0798 3C309FE5 		ldr	r3, .L35+12
 3533 079c 002093E5 		ldr	r2, [r3, #0]
 3534 07a0 0E304BE2 		sub	r3, fp, #14
 3535 07a4 0200A0E1 		mov	r0, r2
 3536 07a8 0010A0E3 		mov	r1, #0
 3537 07ac 0320A0E1 		mov	r2, r3
 3538 07b0 FEFFFFEB 		bl	OSMboxPend
 3539 07b4 0030A0E1 		mov	r3, r0
 3540 07b8 0030D3E5 		ldrb	r3, [r3, #0]
 3541 07bc 0D304BE5 		strb	r3, [fp, #-13]
 276:../lab14.c    ****         segs_putchar( scancode );
 3542              		.loc 1 276 0 discriminator 1
 3543 07c0 0D305BE5 		ldrb	r3, [fp, #-13]	@ zero_extendqisi2
 3544 07c4 0300A0E1 		mov	r0, r3
 3545 07c8 FEFFFFEB 		bl	segs_putchar
 277:../lab14.c    ****     }
 3546              		.loc 1 277 0 discriminator 1
 3547 07cc F1FFFFEA 		b	.L34
 3548              	.L36:
 3549              		.align	2
 3550              	.L35:
 3551 07d0 00000000 		.word	uart0Sem
 3552 07d4 4C000000 		.word	.LC3
 3553 07d8 54000000 		.word	.LC4
 3554 07dc 00000000 		.word	keypadMbox
 3555              		.cfi_endproc
 3556              	.LFE7:
 3558              		.section	.rodata
 3559 0096 0000     		.align	2
 3560              	.LC10:
 3561 0098 29205365 		.ascii	") Se ha pulsado alg\372n pushbutton...\012\000"
 3561      20686120 
 3561      70756C73 
 3561      61646F20 
 3561      616C67FA 
 3562              		.text
 3563              		.align	2
 3564              		.global	Task7
 3566              	Task7:
 3567              	.LFB8:
 278:../lab14.c    **** }
 279:../lab14.c    **** 
 280:../lab14.c    **** void Task7( void *id )
 281:../lab14.c    **** {
 3568              		.loc 1 281 0
 3569              		.cfi_startproc
 3570              		@ Function supports interworking.
 3571              		@ args = 0, pretend = 0, frame = 16
 3572              		@ frame_needed = 1, uses_anonymous_args = 0
 3573 07e0 0DC0A0E1 		mov	ip, sp
 3574              	.LCFI16:
 3575              		.cfi_def_cfa_register 12
 3576 07e4 00D82DE9 		stmfd	sp!, {fp, ip, lr, pc}
 3577 07e8 04B04CE2 		sub	fp, ip, #4
 3578              		.cfi_offset 14, -8
 3579              		.cfi_offset 13, -12
 3580              		.cfi_offset 11, -16
 3581              	.LCFI17:
 3582              		.cfi_def_cfa 11, 4
 3583 07ec 10D04DE2 		sub	sp, sp, #16
 3584 07f0 18000BE5 		str	r0, [fp, #-24]
 282:../lab14.c    ****     INT8U err;
 283:../lab14.c    **** 
 284:../lab14.c    ****     OSSemPend( uart0Sem, 0, &err );    /* Muestra un mensaje inicial en la UART0 (protegida por un 
 3585              		.loc 1 284 0
 3586 07f4 B0309FE5 		ldr	r3, .L39
 3587 07f8 002093E5 		ldr	r2, [r3, #0]
 3588 07fc 0D304BE2 		sub	r3, fp, #13
 3589 0800 0200A0E1 		mov	r0, r2
 3590 0804 0010A0E3 		mov	r1, #0
 3591 0808 0320A0E1 		mov	r2, r3
 3592 080c FEFFFFEB 		bl	OSSemPend
 285:../lab14.c    ****         uart0_puts( "  Task" );
 3593              		.loc 1 285 0
 3594 0810 98009FE5 		ldr	r0, .L39+4
 3595 0814 FEFFFFEB 		bl	uart0_puts
 286:../lab14.c    ****         uart0_putchar( *(char *)id );
 3596              		.loc 1 286 0
 3597 0818 18301BE5 		ldr	r3, [fp, #-24]
 3598 081c 0030D3E5 		ldrb	r3, [r3, #0]	@ zero_extendqisi2
 3599 0820 0300A0E1 		mov	r0, r3
 3600 0824 FEFFFFEB 		bl	uart0_putchar
 287:../lab14.c    ****         uart0_puts( " iniciada.\n" );
 3601              		.loc 1 287 0
 3602 0828 84009FE5 		ldr	r0, .L39+8
 3603 082c FEFFFFEB 		bl	uart0_puts
 288:../lab14.c    ****     OSSemPost( uart0Sem );
 3604              		.loc 1 288 0
 3605 0830 74309FE5 		ldr	r3, .L39
 3606 0834 003093E5 		ldr	r3, [r3, #0]
 3607 0838 0300A0E1 		mov	r0, r3
 3608 083c FEFFFFEB 		bl	OSSemPost
 3609              	.L38:
 289:../lab14.c    **** 
 290:../lab14.c    ****     while( 1 )                         /* Cada vez que se presione un pulsador lo avisa por la UART
 291:../lab14.c    ****     {
 292:../lab14.c    ****         OSSemPend( flagPb, 0, &err );
 3610              		.loc 1 292 0 discriminator 1
 3611 0840 70309FE5 		ldr	r3, .L39+12
 3612 0844 002093E5 		ldr	r2, [r3, #0]
 3613 0848 0D304BE2 		sub	r3, fp, #13
 3614 084c 0200A0E1 		mov	r0, r2
 3615 0850 0010A0E3 		mov	r1, #0
 3616 0854 0320A0E1 		mov	r2, r3
 3617 0858 FEFFFFEB 		bl	OSSemPend
 293:../lab14.c    ****         OSSemPend( uart0Sem, 0, &err );
 3618              		.loc 1 293 0 discriminator 1
 3619 085c 48309FE5 		ldr	r3, .L39
 3620 0860 002093E5 		ldr	r2, [r3, #0]
 3621 0864 0D304BE2 		sub	r3, fp, #13
 3622 0868 0200A0E1 		mov	r0, r2
 3623 086c 0010A0E3 		mov	r1, #0
 3624 0870 0320A0E1 		mov	r2, r3
 3625 0874 FEFFFFEB 		bl	OSSemPend
 294:../lab14.c    ****             uart0_puts( "  (Task" );
 3626              		.loc 1 294 0 discriminator 1
 3627 0878 3C009FE5 		ldr	r0, .L39+16
 3628 087c FEFFFFEB 		bl	uart0_puts
 295:../lab14.c    ****             uart0_putchar( *(char *)id );
 3629              		.loc 1 295 0 discriminator 1
 3630 0880 18301BE5 		ldr	r3, [fp, #-24]
 3631 0884 0030D3E5 		ldrb	r3, [r3, #0]	@ zero_extendqisi2
 3632 0888 0300A0E1 		mov	r0, r3
 3633 088c FEFFFFEB 		bl	uart0_putchar
 296:../lab14.c    ****             uart0_puts( ") Se ha pulsado algún pushbutton...\n" );
 3634              		.loc 1 296 0 discriminator 1
 3635 0890 28009FE5 		ldr	r0, .L39+20
 3636 0894 FEFFFFEB 		bl	uart0_puts
 297:../lab14.c    ****         OSSemPost( uart0Sem );
 3637              		.loc 1 297 0 discriminator 1
 3638 0898 0C309FE5 		ldr	r3, .L39
 3639 089c 003093E5 		ldr	r3, [r3, #0]
 3640 08a0 0300A0E1 		mov	r0, r3
 3641 08a4 FEFFFFEB 		bl	OSSemPost
 298:../lab14.c    ****     }
 3642              		.loc 1 298 0 discriminator 1
 3643 08a8 E4FFFFEA 		b	.L38
 3644              	.L40:
 3645              		.align	2
 3646              	.L39:
 3647 08ac 00000000 		.word	uart0Sem
 3648 08b0 4C000000 		.word	.LC3
 3649 08b4 54000000 		.word	.LC4
 3650 08b8 00000000 		.word	flagPb
 3651 08bc 60000000 		.word	.LC5
 3652 08c0 98000000 		.word	.LC10
 3653              		.cfi_endproc
 3654              	.LFE8:
 3656              		.section	.rodata
 3657 00bd 000000   		.align	2
 3658              	.LC11:
 3659 00c0 20202854 		.ascii	"  (Task 8) Tecla pulsada: \000"
 3659      61736B20 
 3659      38292054 
 3659      65636C61 
 3659      2070756C 
 3660              		.text
 3661              		.align	2
 3662              		.global	Task8
 3664              	Task8:
 3665              	.LFB9:
 299:../lab14.c    **** }
 300:../lab14.c    **** void Task8(void* id){
 3666              		.loc 1 300 0
 3667              		.cfi_startproc
 3668              		@ Function supports interworking.
 3669              		@ args = 0, pretend = 0, frame = 16
 3670              		@ frame_needed = 1, uses_anonymous_args = 0
 3671 08c4 0DC0A0E1 		mov	ip, sp
 3672              	.LCFI18:
 3673              		.cfi_def_cfa_register 12
 3674 08c8 00D82DE9 		stmfd	sp!, {fp, ip, lr, pc}
 3675 08cc 04B04CE2 		sub	fp, ip, #4
 3676              		.cfi_offset 14, -8
 3677              		.cfi_offset 13, -12
 3678              		.cfi_offset 11, -16
 3679              	.LCFI19:
 3680              		.cfi_def_cfa 11, 4
 3681 08d0 18D04DE2 		sub	sp, sp, #24
 3682 08d4 18000BE5 		str	r0, [fp, #-24]
 301:../lab14.c    **** 	INT8U err;
 302:../lab14.c    **** 	    uint8 scancode;
 303:../lab14.c    **** 
 304:../lab14.c    **** 	    OSSemPend( uart0Sem, 0, &err );    /* Muestra un mensaje inicial en la UART0 (protegida por un
 3683              		.loc 1 304 0
 3684 08d8 08319FE5 		ldr	r3, .L43
 3685 08dc 002093E5 		ldr	r2, [r3, #0]
 3686 08e0 0E304BE2 		sub	r3, fp, #14
 3687 08e4 0200A0E1 		mov	r0, r2
 3688 08e8 0010A0E3 		mov	r1, #0
 3689 08ec 0320A0E1 		mov	r2, r3
 3690 08f0 FEFFFFEB 		bl	OSSemPend
 305:../lab14.c    **** 	        lcd_puts( 20,32,BLACK,"  Task" );
 3691              		.loc 1 305 0
 3692 08f4 1400A0E3 		mov	r0, #20
 3693 08f8 2010A0E3 		mov	r1, #32
 3694 08fc 0F20A0E3 		mov	r2, #15
 3695 0900 E4309FE5 		ldr	r3, .L43+4
 3696 0904 FEFFFFEB 		bl	lcd_puts
 306:../lab14.c    **** 	        lcd_putchar(20+7*8,32,BLACK, *(char *)id );
 3697              		.loc 1 306 0
 3698 0908 18301BE5 		ldr	r3, [fp, #-24]
 3699 090c 0030D3E5 		ldrb	r3, [r3, #0]	@ zero_extendqisi2
 3700 0910 4C00A0E3 		mov	r0, #76
 3701 0914 2010A0E3 		mov	r1, #32
 3702 0918 0F20A0E3 		mov	r2, #15
 3703 091c FEFFFFEB 		bl	lcd_putchar
 307:../lab14.c    **** 	        lcd_puts( 20+10*8,32,BLACK," iniciada.\n" );
 3704              		.loc 1 307 0
 3705 0920 6400A0E3 		mov	r0, #100
 3706 0924 2010A0E3 		mov	r1, #32
 3707 0928 0F20A0E3 		mov	r2, #15
 3708 092c BC309FE5 		ldr	r3, .L43+8
 3709 0930 FEFFFFEB 		bl	lcd_puts
 308:../lab14.c    **** 	    OSSemPost( uart0Sem );
 3710              		.loc 1 308 0
 3711 0934 AC309FE5 		ldr	r3, .L43
 3712 0938 003093E5 		ldr	r3, [r3, #0]
 3713 093c 0300A0E1 		mov	r0, r3
 3714 0940 FEFFFFEB 		bl	OSSemPost
 3715              	.L42:
 309:../lab14.c    **** 
 310:../lab14.c    **** 	while(1){
 311:../lab14.c    **** 		scancode = *((uint8 *) OSMboxPend( keypadMbox, 0, &err ));
 3716              		.loc 1 311 0 discriminator 1
 3717 0944 A8309FE5 		ldr	r3, .L43+12
 3718 0948 002093E5 		ldr	r2, [r3, #0]
 3719 094c 0E304BE2 		sub	r3, fp, #14
 3720 0950 0200A0E1 		mov	r0, r2
 3721 0954 0010A0E3 		mov	r1, #0
 3722 0958 0320A0E1 		mov	r2, r3
 3723 095c FEFFFFEB 		bl	OSMboxPend
 3724 0960 0030A0E1 		mov	r3, r0
 3725 0964 0030D3E5 		ldrb	r3, [r3, #0]
 3726 0968 0D304BE5 		strb	r3, [fp, #-13]
 312:../lab14.c    **** 		OSSemPend( uart0Sem, 0, &err );
 3727              		.loc 1 312 0 discriminator 1
 3728 096c 74309FE5 		ldr	r3, .L43
 3729 0970 002093E5 		ldr	r2, [r3, #0]
 3730 0974 0E304BE2 		sub	r3, fp, #14
 3731 0978 0200A0E1 		mov	r0, r2
 3732 097c 0010A0E3 		mov	r1, #0
 3733 0980 0320A0E1 		mov	r2, r3
 3734 0984 FEFFFFEB 		bl	OSSemPend
 313:../lab14.c    **** 		lcd_draw_box( 10, 10, 310, 230, BLACK, 5 );
 3735              		.loc 1 313 0 discriminator 1
 3736 0988 0F30A0E3 		mov	r3, #15
 3737 098c 00308DE5 		str	r3, [sp, #0]
 3738 0990 0530A0E3 		mov	r3, #5
 3739 0994 04308DE5 		str	r3, [sp, #4]
 3740 0998 0A00A0E3 		mov	r0, #10
 3741 099c 0A10A0E3 		mov	r1, #10
 3742 09a0 50209FE5 		ldr	r2, .L43+16
 3743 09a4 E630A0E3 		mov	r3, #230
 3744 09a8 FEFFFFEB 		bl	lcd_draw_box
 314:../lab14.c    **** 		lcd_puts( 20,32,BLACK,"  (Task 8) Tecla pulsada: " );
 3745              		.loc 1 314 0 discriminator 1
 3746 09ac 1400A0E3 		mov	r0, #20
 3747 09b0 2010A0E3 		mov	r1, #32
 3748 09b4 0F20A0E3 		mov	r2, #15
 3749 09b8 3C309FE5 		ldr	r3, .L43+20
 3750 09bc FEFFFFEB 		bl	lcd_puts
 315:../lab14.c    **** 		lcd_puthex(27*8,32,BLACK,scancode);
 3751              		.loc 1 315 0 discriminator 1
 3752 09c0 0D305BE5 		ldrb	r3, [fp, #-13]	@ zero_extendqisi2
 3753 09c4 D800A0E3 		mov	r0, #216
 3754 09c8 2010A0E3 		mov	r1, #32
 3755 09cc 0F20A0E3 		mov	r2, #15
 3756 09d0 FEFFFFEB 		bl	lcd_puthex
 316:../lab14.c    **** 		OSSemPost( uart0Sem );
 3757              		.loc 1 316 0 discriminator 1
 3758 09d4 0C309FE5 		ldr	r3, .L43
 3759 09d8 003093E5 		ldr	r3, [r3, #0]
 3760 09dc 0300A0E1 		mov	r0, r3
 3761 09e0 FEFFFFEB 		bl	OSSemPost
 317:../lab14.c    **** 	}
 3762              		.loc 1 317 0 discriminator 1
 3763 09e4 D6FFFFEA 		b	.L42
 3764              	.L44:
 3765              		.align	2
 3766              	.L43:
 3767 09e8 00000000 		.word	uart0Sem
 3768 09ec 4C000000 		.word	.LC3
 3769 09f0 54000000 		.word	.LC4
 3770 09f4 00000000 		.word	keypadMbox
 3771 09f8 36010000 		.word	310
 3772 09fc C0000000 		.word	.LC11
 3773              		.cfi_endproc
 3774              	.LFE9:
 3776              		.section	.rodata
 3777 00db 00       		.align	2
 3778              	.LC12:
 3779 00dc 20202854 		.ascii	"  (Task 9) Segundos: \000"
 3779      61736B20 
 3779      39292053 
 3779      6567756E 
 3779      646F733A 
 3780 00f2 0000     		.align	2
 3781              	.LC13:
 3782 00f4 20202000 		.ascii	"   \000"
 3783              		.text
 3784              		.align	2
 3785              		.global	Task9
 3787              	Task9:
 3788              	.LFB10:
 318:../lab14.c    **** }
 319:../lab14.c    **** void Task9(void*id ){
 3789              		.loc 1 319 0
 3790              		.cfi_startproc
 3791              		@ Function supports interworking.
 3792              		@ args = 0, pretend = 0, frame = 24
 3793              		@ frame_needed = 1, uses_anonymous_args = 0
 3794 0a00 0DC0A0E1 		mov	ip, sp
 3795              	.LCFI20:
 3796              		.cfi_def_cfa_register 12
 3797 0a04 00D82DE9 		stmfd	sp!, {fp, ip, lr, pc}
 3798 0a08 04B04CE2 		sub	fp, ip, #4
 3799              		.cfi_offset 14, -8
 3800              		.cfi_offset 13, -12
 3801              		.cfi_offset 11, -16
 3802              	.LCFI21:
 3803              		.cfi_def_cfa 11, 4
 3804 0a0c 20D04DE2 		sub	sp, sp, #32
 3805 0a10 20000BE5 		str	r0, [fp, #-32]
 320:../lab14.c    **** 	INT8U err;
 321:../lab14.c    **** 	rtc_time_t rtc_time;
 322:../lab14.c    **** 
 323:../lab14.c    **** 	OSSemPend( uart0Sem, 0, &err );    /* Muestra un mensaje inicial en la UART0 (protegida por un sem
 3806              		.loc 1 323 0
 3807 0a14 88319FE5 		ldr	r3, .L48
 3808 0a18 002093E5 		ldr	r2, [r3, #0]
 3809 0a1c 0E304BE2 		sub	r3, fp, #14
 3810 0a20 0200A0E1 		mov	r0, r2
 3811 0a24 0010A0E3 		mov	r1, #0
 3812 0a28 0320A0E1 		mov	r2, r3
 3813 0a2c FEFFFFEB 		bl	OSSemPend
 324:../lab14.c    **** 		lcd_puts(20,16,BLACK, "  Task" );
 3814              		.loc 1 324 0
 3815 0a30 1400A0E3 		mov	r0, #20
 3816 0a34 1010A0E3 		mov	r1, #16
 3817 0a38 0F20A0E3 		mov	r2, #15
 3818 0a3c 64319FE5 		ldr	r3, .L48+4
 3819 0a40 FEFFFFEB 		bl	lcd_puts
 325:../lab14.c    **** 		lcd_putchar( 28,16,BLACK,*(char *)id );
 3820              		.loc 1 325 0
 3821 0a44 20301BE5 		ldr	r3, [fp, #-32]
 3822 0a48 0030D3E5 		ldrb	r3, [r3, #0]	@ zero_extendqisi2
 3823 0a4c 1C00A0E3 		mov	r0, #28
 3824 0a50 1010A0E3 		mov	r1, #16
 3825 0a54 0F20A0E3 		mov	r2, #15
 3826 0a58 FEFFFFEB 		bl	lcd_putchar
 326:../lab14.c    **** 		lcd_puts(30 ,16,BLACK," iniciada.\n" );
 3827              		.loc 1 326 0
 3828 0a5c 1E00A0E3 		mov	r0, #30
 3829 0a60 1010A0E3 		mov	r1, #16
 3830 0a64 0F20A0E3 		mov	r2, #15
 3831 0a68 3C319FE5 		ldr	r3, .L48+8
 3832 0a6c FEFFFFEB 		bl	lcd_puts
 327:../lab14.c    **** 	lcd_draw_box( 10, 10, 310, 230, BLACK, 5 );
 3833              		.loc 1 327 0
 3834 0a70 0F30A0E3 		mov	r3, #15
 3835 0a74 00308DE5 		str	r3, [sp, #0]
 3836 0a78 0530A0E3 		mov	r3, #5
 3837 0a7c 04308DE5 		str	r3, [sp, #4]
 3838 0a80 0A00A0E3 		mov	r0, #10
 3839 0a84 0A10A0E3 		mov	r1, #10
 3840 0a88 20219FE5 		ldr	r2, .L48+12
 3841 0a8c E630A0E3 		mov	r3, #230
 3842 0a90 FEFFFFEB 		bl	lcd_draw_box
 328:../lab14.c    **** 	OSSemPost( uart0Sem );
 3843              		.loc 1 328 0
 3844 0a94 08319FE5 		ldr	r3, .L48
 3845 0a98 003093E5 		ldr	r3, [r3, #0]
 3846 0a9c 0300A0E1 		mov	r0, r3
 3847 0aa0 FEFFFFEB 		bl	OSSemPost
 3848              	.L47:
 3849              	.LBB2:
 329:../lab14.c    **** 
 330:../lab14.c    **** 	while(1)
 331:../lab14.c    **** 	{
 332:../lab14.c    **** 		OSTimeDly( 100 );
 3850              		.loc 1 332 0
 3851 0aa4 6400A0E3 		mov	r0, #100
 3852 0aa8 FEFFFFEB 		bl	OSTimeDly
 333:../lab14.c    **** 		OSSemPend( uart0Sem, 0, &err );
 3853              		.loc 1 333 0
 3854 0aac F0309FE5 		ldr	r3, .L48
 3855 0ab0 002093E5 		ldr	r2, [r3, #0]
 3856 0ab4 0E304BE2 		sub	r3, fp, #14
 3857 0ab8 0200A0E1 		mov	r0, r2
 3858 0abc 0010A0E3 		mov	r1, #0
 3859 0ac0 0320A0E1 		mov	r2, r3
 3860 0ac4 FEFFFFEB 		bl	OSSemPend
 334:../lab14.c    **** 		uint8 pos = 20;
 3861              		.loc 1 334 0
 3862 0ac8 1430A0E3 		mov	r3, #20
 3863 0acc 0D304BE5 		strb	r3, [fp, #-13]
 335:../lab14.c    **** 		rtc_gettime( &rtc_time );
 3864              		.loc 1 335 0
 3865 0ad0 18304BE2 		sub	r3, fp, #24
 3866 0ad4 0300A0E1 		mov	r0, r3
 3867 0ad8 FEFFFFEB 		bl	rtc_gettime
 336:../lab14.c    **** 		lcd_draw_box( 10, 10, 310, 230, BLACK, 5 );
 3868              		.loc 1 336 0
 3869 0adc 0F30A0E3 		mov	r3, #15
 3870 0ae0 00308DE5 		str	r3, [sp, #0]
 3871 0ae4 0530A0E3 		mov	r3, #5
 3872 0ae8 04308DE5 		str	r3, [sp, #4]
 3873 0aec 0A00A0E3 		mov	r0, #10
 3874 0af0 0A10A0E3 		mov	r1, #10
 3875 0af4 B4209FE5 		ldr	r2, .L48+12
 3876 0af8 E630A0E3 		mov	r3, #230
 3877 0afc FEFFFFEB 		bl	lcd_draw_box
 337:../lab14.c    **** 		lcd_puts(pos,16,BLACK,"  (Task 9) Segundos: " );
 3878              		.loc 1 337 0
 3879 0b00 0D305BE5 		ldrb	r3, [fp, #-13]	@ zero_extendqisi2
 3880 0b04 0338A0E1 		mov	r3, r3, asl #16
 3881 0b08 2338A0E1 		mov	r3, r3, lsr #16
 3882 0b0c 0300A0E1 		mov	r0, r3
 3883 0b10 1010A0E3 		mov	r1, #16
 3884 0b14 0F20A0E3 		mov	r2, #15
 3885 0b18 94309FE5 		ldr	r3, .L48+16
 3886 0b1c FEFFFFEB 		bl	lcd_puts
 338:../lab14.c    **** 		//								  Hora:
 339:../lab14.c    **** 		pos = pos + 20*8;
 3887              		.loc 1 339 0
 3888 0b20 0D305BE5 		ldrb	r3, [fp, #-13]
 3889 0b24 603043E2 		sub	r3, r3, #96
 3890 0b28 0D304BE5 		strb	r3, [fp, #-13]
 340:../lab14.c    **** 		lcd_putint(pos,16,BLACK,rtc_time.sec);
 3891              		.loc 1 340 0
 3892 0b2c 0D305BE5 		ldrb	r3, [fp, #-13]	@ zero_extendqisi2
 3893 0b30 0338A0E1 		mov	r3, r3, asl #16
 3894 0b34 2328A0E1 		mov	r2, r3, lsr #16
 3895 0b38 18305BE5 		ldrb	r3, [fp, #-24]	@ zero_extendqisi2
 3896 0b3c 0200A0E1 		mov	r0, r2
 3897 0b40 1010A0E3 		mov	r1, #16
 3898 0b44 0F20A0E3 		mov	r2, #15
 3899 0b48 FEFFFFEB 		bl	lcd_putint
 341:../lab14.c    **** 		if(rtc_time.sec>9)pos = pos +1*8;
 3900              		.loc 1 341 0
 3901 0b4c 18305BE5 		ldrb	r3, [fp, #-24]	@ zero_extendqisi2
 3902 0b50 090053E3 		cmp	r3, #9
 3903 0b54 0200009A 		bls	.L46
 3904              		.loc 1 341 0 is_stmt 0 discriminator 1
 3905 0b58 0D305BE5 		ldrb	r3, [fp, #-13]
 3906 0b5c 083083E2 		add	r3, r3, #8
 3907 0b60 0D304BE5 		strb	r3, [fp, #-13]
 3908              	.L46:
 342:../lab14.c    **** 		pos = pos +1*8;
 3909              		.loc 1 342 0 is_stmt 1
 3910 0b64 0D305BE5 		ldrb	r3, [fp, #-13]
 3911 0b68 083083E2 		add	r3, r3, #8
 3912 0b6c 0D304BE5 		strb	r3, [fp, #-13]
 343:../lab14.c    **** 		lcd_puts(pos,16,BLACK,"   ");
 3913              		.loc 1 343 0
 3914 0b70 0D305BE5 		ldrb	r3, [fp, #-13]	@ zero_extendqisi2
 3915 0b74 0338A0E1 		mov	r3, r3, asl #16
 3916 0b78 2338A0E1 		mov	r3, r3, lsr #16
 3917 0b7c 0300A0E1 		mov	r0, r3
 3918 0b80 1010A0E3 		mov	r1, #16
 3919 0b84 0F20A0E3 		mov	r2, #15
 3920 0b88 28309FE5 		ldr	r3, .L48+20
 3921 0b8c FEFFFFEB 		bl	lcd_puts
 344:../lab14.c    **** 		OSSemPost( uart0Sem );
 3922              		.loc 1 344 0
 3923 0b90 0C309FE5 		ldr	r3, .L48
 3924 0b94 003093E5 		ldr	r3, [r3, #0]
 3925 0b98 0300A0E1 		mov	r0, r3
 3926 0b9c FEFFFFEB 		bl	OSSemPost
 3927              	.LBE2:
 345:../lab14.c    **** 	}
 3928              		.loc 1 345 0
 3929 0ba0 BFFFFFEA 		b	.L47
 3930              	.L49:
 3931              		.align	2
 3932              	.L48:
 3933 0ba4 00000000 		.word	uart0Sem
 3934 0ba8 4C000000 		.word	.LC3
 3935 0bac 54000000 		.word	.LC4
 3936 0bb0 36010000 		.word	310
 3937 0bb4 DC000000 		.word	.LC12
 3938 0bb8 F4000000 		.word	.LC13
 3939              		.cfi_endproc
 3940              	.LFE10:
 3942              		.align	2
 3943              		.global	isr_pb
 3945              	isr_pb:
 3946              	.LFB11:
 346:../lab14.c    **** }
 347:../lab14.c    **** /*******************************************************************/
 348:../lab14.c    **** 
 349:../lab14.c    **** void isr_pb( void )
 350:../lab14.c    **** {
 3947              		.loc 1 350 0
 3948              		.cfi_startproc
 3949              		@ Function supports interworking.
 3950              		@ args = 0, pretend = 0, frame = 0
 3951              		@ frame_needed = 1, uses_anonymous_args = 0
 3952 0bbc 0DC0A0E1 		mov	ip, sp
 3953              	.LCFI22:
 3954              		.cfi_def_cfa_register 12
 3955 0bc0 00D82DE9 		stmfd	sp!, {fp, ip, lr, pc}
 3956 0bc4 04B04CE2 		sub	fp, ip, #4
 3957              		.cfi_offset 14, -8
 3958              		.cfi_offset 13, -12
 3959              		.cfi_offset 11, -16
 3960              	.LCFI23:
 3961              		.cfi_def_cfa 11, 4
 351:../lab14.c    ****     OSSemPost( flagPb );
 3962              		.loc 1 351 0
 3963 0bc8 2C309FE5 		ldr	r3, .L51
 3964 0bcc 003093E5 		ldr	r3, [r3, #0]
 3965 0bd0 0300A0E1 		mov	r0, r3
 3966 0bd4 FEFFFFEB 		bl	OSSemPost
 352:../lab14.c    ****     EXTINTPND = BIT_RIGHTPB | BIT_LEFTPB;
 3967              		.loc 1 352 0
 3968 0bd8 20309FE5 		ldr	r3, .L51+4
 3969 0bdc 0C20A0E3 		mov	r2, #12
 3970 0be0 002083E5 		str	r2, [r3, #0]
 353:../lab14.c    ****     I_ISPC = BIT_PB;
 3971              		.loc 1 353 0
 3972 0be4 18309FE5 		ldr	r3, .L51+8
 3973 0be8 0226A0E3 		mov	r2, #2097152
 3974 0bec 002083E5 		str	r2, [r3, #0]
 354:../lab14.c    **** }
 3975              		.loc 1 354 0
 3976 0bf0 0CD04BE2 		sub	sp, fp, #12
 3977 0bf4 00689DE8 		ldmfd	sp, {fp, sp, lr}
 3978 0bf8 1EFF2FE1 		bx	lr
 3979              	.L52:
 3980              		.align	2
 3981              	.L51:
 3982 0bfc 00000000 		.word	flagPb
 3983 0c00 5400D201 		.word	30539860
 3984 0c04 2400E001 		.word	31457316
 3985              		.cfi_endproc
 3986              	.LFE11:
 3988              	.Letext0:
DEFINED SYMBOLS
                            *ABS*:00000000 lab14.c
                            *COM*:0000a000 Task1Stk
                            *COM*:0000a000 Task2Stk
                            *COM*:0000a000 Task3Stk
                            *COM*:0000a000 Task4Stk
                            *COM*:0000a000 Task5Stk
                            *COM*:0000a000 Task6Stk
                            *COM*:0000a000 Task7Stk
                            *COM*:0000a000 Task8Stk
                            *COM*:0000a000 Task9Stk
                            *COM*:0000a000 TaskStartStk
                            *COM*:00000004 uart0Sem
                            *COM*:00000004 lcd0Sem
                            *COM*:00000004 keypadMbox
                            *COM*:00000004 flagPb
C:\Users\USUARI~1\AppData\Local\Temp\cc3J7p3s.s:2687   .rodata:00000000 $d
C:\Users\USUARI~1\AppData\Local\Temp\cc3J7p3s.s:2697   .text:00000000 $a
C:\Users\USUARI~1\AppData\Local\Temp\cc3J7p3s.s:2700   .text:00000000 main
C:\Users\USUARI~1\AppData\Local\Temp\cc3J7p3s.s:2788   .text:000000c4 $d
C:\Users\USUARI~1\AppData\Local\Temp\cc3J7p3s.s:2802   .text:000000e4 TaskStart
C:\Users\USUARI~1\AppData\Local\Temp\cc3J7p3s.s:2799   .text:000000e4 $a
C:\Users\USUARI~1\AppData\Local\Temp\cc3J7p3s.s:2940   .text:00000258 $d
C:\Users\USUARI~1\AppData\Local\Temp\cc3J7p3s.s:2974   .text:000002a8 Task1
C:\Users\USUARI~1\AppData\Local\Temp\cc3J7p3s.s:3047   .text:00000340 Task2
C:\Users\USUARI~1\AppData\Local\Temp\cc3J7p3s.s:3162   .text:0000042c Task3
C:\Users\USUARI~1\AppData\Local\Temp\cc3J7p3s.s:3280   .text:00000544 Task4
C:\Users\USUARI~1\AppData\Local\Temp\cc3J7p3s.s:3383   .text:00000630 Task5
C:\Users\USUARI~1\AppData\Local\Temp\cc3J7p3s.s:3487   .text:00000738 Task6
C:\Users\USUARI~1\AppData\Local\Temp\cc3J7p3s.s:3566   .text:000007e0 Task7
C:\Users\USUARI~1\AppData\Local\Temp\cc3J7p3s.s:3664   .text:000008c4 Task8
C:\Users\USUARI~1\AppData\Local\Temp\cc3J7p3s.s:3787   .text:00000a00 Task9
C:\Users\USUARI~1\AppData\Local\Temp\cc3J7p3s.s:2971   .text:000002a8 $a
C:\Users\USUARI~1\AppData\Local\Temp\cc3J7p3s.s:3038   .text:00000334 $d
C:\Users\USUARI~1\AppData\Local\Temp\cc3J7p3s.s:3044   .text:00000340 $a
C:\Users\USUARI~1\AppData\Local\Temp\cc3J7p3s.s:3141   .text:0000041c $d
C:\Users\USUARI~1\AppData\Local\Temp\cc3J7p3s.s:3159   .text:0000042c $a
C:\Users\USUARI~1\AppData\Local\Temp\cc3J7p3s.s:3263   .text:0000052c $d
C:\Users\USUARI~1\AppData\Local\Temp\cc3J7p3s.s:3277   .text:00000544 $a
C:\Users\USUARI~1\AppData\Local\Temp\cc3J7p3s.s:3366   .text:00000618 $d
C:\Users\USUARI~1\AppData\Local\Temp\cc3J7p3s.s:3380   .text:00000630 $a
C:\Users\USUARI~1\AppData\Local\Temp\cc3J7p3s.s:3474   .text:0000071c $d
C:\Users\USUARI~1\AppData\Local\Temp\cc3J7p3s.s:3484   .text:00000738 $a
C:\Users\USUARI~1\AppData\Local\Temp\cc3J7p3s.s:3551   .text:000007d0 $d
C:\Users\USUARI~1\AppData\Local\Temp\cc3J7p3s.s:3563   .text:000007e0 $a
C:\Users\USUARI~1\AppData\Local\Temp\cc3J7p3s.s:3647   .text:000008ac $d
C:\Users\USUARI~1\AppData\Local\Temp\cc3J7p3s.s:3661   .text:000008c4 $a
C:\Users\USUARI~1\AppData\Local\Temp\cc3J7p3s.s:3767   .text:000009e8 $d
C:\Users\USUARI~1\AppData\Local\Temp\cc3J7p3s.s:3784   .text:00000a00 $a
C:\Users\USUARI~1\AppData\Local\Temp\cc3J7p3s.s:3933   .text:00000ba4 $d
C:\Users\USUARI~1\AppData\Local\Temp\cc3J7p3s.s:3942   .text:00000bbc $a
C:\Users\USUARI~1\AppData\Local\Temp\cc3J7p3s.s:3945   .text:00000bbc isr_pb
C:\Users\USUARI~1\AppData\Local\Temp\cc3J7p3s.s:3982   .text:00000bfc $d
                     .debug_frame:00000010 $d

UNDEFINED SYMBOLS
sys_init
timers_init
uart0_init
leds_init
segs_init
rtc_init
pbs_init
keypad_init
lcd_init
lcd_on
lcd_clear
uart0_puts
OSVersion
uart0_putint
OSInit
OSSemCreate
OSMboxCreate
OSTaskCreate
OSStart
timer0_open_tick
pbs_open
OSTaskDel
OSTickISR
OS_CPU_isr_pb
OSSemPend
uart0_putchar
OSSemPost
led_on
led_off
OSTimeDly
led_toggle
keypad_pressed
keypad_scan
OSMboxPostOpt
rtc_gettime
OSTimeGet
OSMboxPend
uart0_puthex
segs_putchar
lcd_puts
lcd_putchar
lcd_draw_box
lcd_puthex
lcd_putint
