Archive member included because of file (symbol)

../../BSP/Debug\libBSP.a(keypad.o)
                              ./lab12-queue.o (keypad_scan)
../../BSP/Debug\libBSP.a(lcd.o)
                              ./lab12-queue.o (lcd_init)
../../BSP/Debug\libBSP.a(leds.o)
                              ./lab12-queue.o (leds_init)
../../BSP/Debug\libBSP.a(pbs.o)
                              ./lab12-queue.o (pbs_init)
../../BSP/Debug\libBSP.a(rtc.o)
                              ./lab12-queue.o (rtc_init)
../../BSP/Debug\libBSP.a(segs.o)
                              ./lab12-queue.o (segs_init)
../../BSP/Debug\libBSP.a(system.o)
                              ./lab12-queue.o (sys_init)
../../BSP/Debug\libBSP.a(timers.o)
                              ./lab12-queue.o (timers_init)
../../BSP/Debug\libBSP.a(uart.o)
                              ./lab12-queue.o (uart0_init)
../../BSP/Debug\libBSP.a(font8x16.o)
                              ../../BSP/Debug\libBSP.a(lcd.o) (font)
c:/software/electronica/arm/eclipsearm/sourcery-g++-lite-arm-2011.03/bin/../lib/gcc/arm-none-eabi/4.5.2\libgcc.a(_udivsi3.o)
                              ../../BSP/Debug\libBSP.a(timers.o) (__aeabi_uidiv)
c:/software/electronica/arm/eclipsearm/sourcery-g++-lite-arm-2011.03/bin/../lib/gcc/arm-none-eabi/4.5.2\libgcc.a(_dvmd_tls.o)
                              c:/software/electronica/arm/eclipsearm/sourcery-g++-lite-arm-2011.03/bin/../lib/gcc/arm-none-eabi/4.5.2\libgcc.a(_udivsi3.o) (__aeabi_idiv0)
c:/software/electronica/arm/eclipsearm/sourcery-g++-lite-arm-2011.03/bin/../lib/gcc/arm-none-eabi/4.5.2\libgcc.a(_aeabi_uldivmod.o)
                              ../../BSP/Debug\libBSP.a(timers.o) (__aeabi_uldivmod)
c:/software/electronica/arm/eclipsearm/sourcery-g++-lite-arm-2011.03/bin/../lib/gcc/arm-none-eabi/4.5.2\libgcc.a(bpabi.o)
                              c:/software/electronica/arm/eclipsearm/sourcery-g++-lite-arm-2011.03/bin/../lib/gcc/arm-none-eabi/4.5.2\libgcc.a(_aeabi_uldivmod.o) (__gnu_uldivmod_helper)
c:/software/electronica/arm/eclipsearm/sourcery-g++-lite-arm-2011.03/bin/../lib/gcc/arm-none-eabi/4.5.2\libgcc.a(_divdi3.o)
                              c:/software/electronica/arm/eclipsearm/sourcery-g++-lite-arm-2011.03/bin/../lib/gcc/arm-none-eabi/4.5.2\libgcc.a(bpabi.o) (__divdi3)
c:/software/electronica/arm/eclipsearm/sourcery-g++-lite-arm-2011.03/bin/../lib/gcc/arm-none-eabi/4.5.2\libgcc.a(_udivdi3.o)
                              c:/software/electronica/arm/eclipsearm/sourcery-g++-lite-arm-2011.03/bin/../lib/gcc/arm-none-eabi/4.5.2\libgcc.a(bpabi.o) (__udivdi3)
c:/software/electronica/arm/eclipsearm/sourcery-g++-lite-arm-2011.03/bin/../lib/gcc/arm-none-eabi/4.5.2\libgcc.a(_clzsi2.o)
                              c:/software/electronica/arm/eclipsearm/sourcery-g++-lite-arm-2011.03/bin/../lib/gcc/arm-none-eabi/4.5.2\libgcc.a(_divdi3.o) (__clzsi2)

Allocating common symbols
Common symbol       size              file

scancode            0x1               ./lab12-queue.o
lcd_buffer          0x9600            ../../BSP/Debug\libBSP.a(lcd.o)
fifo                0x808             ./lab12-queue.o

Memory Configuration

Name             Origin             Length             Attributes
*default*        0x00000000         0xffffffff

Linker script and memory map

LOAD ./lab12-queue.o
LOAD ../../BSP/Debug\libBSP.a
START GROUP
LOAD c:/software/electronica/arm/eclipsearm/sourcery-g++-lite-arm-2011.03/bin/../lib/gcc/arm-none-eabi/4.5.2\libgcc.a
LOAD c:/software/electronica/arm/eclipsearm/sourcery-g++-lite-arm-2011.03/bin/../lib/gcc/arm-none-eabi/4.5.2/../../../../arm-none-eabi/lib\libc.a
END GROUP
                0x0c100000                . = 0xc100000

.text           0x0c100000     0x5618
 *(.text)
 .text          0x0c100000      0xad0 ./lab12-queue.o
                0x0c100000                main
                0x0c1000c8                Task1
                0x0c100130                Task2
                0x0c100250                Task3
                0x0c1002f4                Task4
                0x0c100388                Task5
                0x0c1003fc                Task6
                0x0c100458                Task7
                0x0c1004ac                Task8
                0x0c10058c                Task9
                0x0c1006e4                isr_pb
                0x0c100730                isr_tick
                0x0c10088c                fifo_init
                0x0c1008cc                fifo_enqueue
                0x0c100988                fifo_dequeue
                0x0c100a48                fifo_is_empty
                0x0c100a88                fifo_is_full
 .text          0x0c100ad0      0x508 ../../BSP/Debug\libBSP.a(keypad.o)
                0x0c100ad0                keypad_scan
                0x0c100cf4                keypad_pressed
                0x0c100d28                keypad_open
                0x0c100d98                keypad_close
                0x0c100ddc                keypad_init
                0x0c100df8                keypad_getchar
                0x0c100e70                keypad_getchartime
                0x0c100f0c                keypad_timeout_getchar
 .text          0x0c100fd8     0x1008 ../../BSP/Debug\libBSP.a(lcd.o)
                0x0c100fd8                lcd_init
                0x0c10115c                lcd_on
                0x0c101198                lcd_off
                0x0c1011d4                lcd_status
                0x0c1011fc                lcd_clear
                0x0c101234                lcd_putpixel
                0x0c101320                lcd_getpixel
                0x0c1013bc                lcd_draw_hline
                0x0c101468                lcd_draw_vline
                0x0c101514                lcd_draw_box
                0x0c1015cc                lcd_putchar
                0x0c101720                lcd_puts
                0x0c1017c4                lcd_putint
                0x0c101940                lcd_puthex
                0x0c101a20                lcd_putchar_x2
                0x0c101b84                lcd_puts_x2
                0x0c101c28                lcd_putint_x2
                0x0c101da4                lcd_puthex_x2
                0x0c101e84                lcd_putWallpaper
 .text          0x0c101fe0      0x1e8 ../../BSP/Debug\libBSP.a(leds.o)
                0x0c101fe0                leds_init
                0x0c102008                led_on
                0x0c102068                led_off
                0x0c1020c8                led_toggle
                0x0c10214c                led_status
 .text          0x0c1021c8      0x328 ../../BSP/Debug\libBSP.a(pbs.o)
                0x0c1021c8                pbs_init
                0x0c1021e4                pb_scan
                0x0c102240                pb_pressed
                0x0c102274                pb_getchar
                0x0c1022dc                pb_getchartime
                0x0c102378                pb_timeout_getchar
                0x0c102444                pbs_open
                0x0c1024ac                pbs_close
 .text          0x0c1024f0      0x80c ../../BSP/Debug\libBSP.a(rtc.o)
                0x0c1024f0                rtc_init
                0x0c102618                rtc_puttime
                0x0c102860                rtc_gettime
                0x0c102c34                rtc_open
                0x0c102ca8                rtc_close
 .text          0x0c102cfc       0xd4 ../../BSP/Debug\libBSP.a(segs.o)
                0x0c102cfc                segs_init
                0x0c102d18                segs_off
                0x0c102d50                segs_putchar
                0x0c102da8                segs_status
 .text          0x0c102dd0      0xd68 ../../BSP/Debug\libBSP.a(system.o)
                0x0c102dd0                sys_init
                0x0c103338                isr_SWI_dummy
                0x0c103360                isr_UNDEF_dummy
                0x0c103388                isr_IRQ_dummy
                0x0c1033b0                isr_FIQ_dummy
                0x0c1033d8                isr_PABORT_dummy
                0x0c103400                isr_DABORT_dummy
                0x0c103428                isr_ADC_dummy
                0x0c103450                isr_RTC_dummy
                0x0c103478                isr_UTXD1_dummy
                0x0c1034a0                isr_UTXD0_dummy
                0x0c1034c8                isr_SIO_dummy
                0x0c1034f0                isr_IIC_dummy
                0x0c103518                isr_URXD1_dummy
                0x0c103540                isr_URXD0_dummy
                0x0c103568                isr_TIMER5_dummy
                0x0c103590                isr_TIMER4_dummy
                0x0c1035b8                isr_TIMER3_dummy
                0x0c1035e0                isr_TIMER2_dummy
                0x0c103608                isr_TIMER1_dummy
                0x0c103630                isr_TIMER0_dummy
                0x0c103658                isr_UERR01_dummy
                0x0c103680                isr_WDT_dummy
                0x0c1036a8                isr_BDMA1_dummy
                0x0c1036d0                isr_BDMA0_dummy
                0x0c1036f8                isr_ZDMA1_dummy
                0x0c103720                isr_ZDMA0_dummy
                0x0c103748                isr_TICK_dummy
                0x0c103770                isr_PB_dummy
                0x0c103798                isr_ETHERNET_dummy
                0x0c1037c0                isr_TS_dummy
                0x0c1037e8                isr_KEYPAD_dummy
                0x0c103810                isr_USB_dummy
                0x0c1038e8                sleep
 .text          0x0c103b38      0xa2c ../../BSP/Debug\libBSP.a(timers.o)
                0x0c103b38                timers_init
                0x0c103cf8                timer3_delay_ms
                0x0c103dd8                sw_delay_ms
                0x0c103e30                timer3_delay_s
                0x0c103f1c                sw_delay_s
                0x0c103f74                timer3_start
                0x0c104024                timer3_stop
                0x0c104078                timer3_start_timeout
                0x0c104130                timer3_timeout
                0x0c10416c                timer0_open_tick
                0x0c1043b8                timer0_open_ms
                0x0c1044cc                timer0_close
 .text          0x0c104564      0x5bc ../../BSP/Debug\libBSP.a(uart.o)
                0x0c104564                uart0_init
                0x0c1045c8                uart0_putchar
                0x0c104618                uart0_getchar
                0x0c104660                uart0_puts
                0x0c1046c8                uart0_gets
                0x0c104740                uart0_putint
                0x0c104878                uart0_puthex
                0x0c104930                uart0_getint
                0x0c104a0c                uart0_gethex
 .text          0x0c104b20        0x0 ../../BSP/Debug\libBSP.a(font8x16.o)
 .text          0x0c104b20      0x114 c:/software/electronica/arm/eclipsearm/sourcery-g++-lite-arm-2011.03/bin/../lib/gcc/arm-none-eabi/4.5.2\libgcc.a(_udivsi3.o)
                0x0c104b20                __aeabi_uidiv
                0x0c104b20                __udivsi3
                0x0c104c14                __aeabi_uidivmod
 .text          0x0c104c34        0x4 c:/software/electronica/arm/eclipsearm/sourcery-g++-lite-arm-2011.03/bin/../lib/gcc/arm-none-eabi/4.5.2\libgcc.a(_dvmd_tls.o)
                0x0c104c34                __aeabi_idiv0
                0x0c104c34                __aeabi_ldiv0
 .text          0x0c104c38       0x3c c:/software/electronica/arm/eclipsearm/sourcery-g++-lite-arm-2011.03/bin/../lib/gcc/arm-none-eabi/4.5.2\libgcc.a(_aeabi_uldivmod.o)
                0x0c104c38                __aeabi_uldivmod
 .text          0x0c104c74       0x80 c:/software/electronica/arm/eclipsearm/sourcery-g++-lite-arm-2011.03/bin/../lib/gcc/arm-none-eabi/4.5.2\libgcc.a(bpabi.o)
                0x0c104c74                __gnu_ldivmod_helper
                0x0c104cb4                __gnu_uldivmod_helper
 .text          0x0c104cf4      0x4a8 c:/software/electronica/arm/eclipsearm/sourcery-g++-lite-arm-2011.03/bin/../lib/gcc/arm-none-eabi/4.5.2\libgcc.a(_divdi3.o)
                0x0c104cf4                __divdi3
 .text          0x0c10519c      0x434 c:/software/electronica/arm/eclipsearm/sourcery-g++-lite-arm-2011.03/bin/../lib/gcc/arm-none-eabi/4.5.2\libgcc.a(_udivdi3.o)
                0x0c10519c                __udivdi3
 .text          0x0c1055d0       0x48 c:/software/electronica/arm/eclipsearm/sourcery-g++-lite-arm-2011.03/bin/../lib/gcc/arm-none-eabi/4.5.2\libgcc.a(_clzsi2.o)
                0x0c1055d0                __clzsi2

.glue_7         0x0c105618        0x0
 .glue_7        0x00000000        0x0 linker stubs

.glue_7t        0x0c105618        0x0
 .glue_7t       0x00000000        0x0 linker stubs

.vfp11_veneer   0x0c105618        0x0
 .vfp11_veneer  0x00000000        0x0 linker stubs

.v4_bx          0x0c105618        0x0
 .v4_bx         0x00000000        0x0 linker stubs

.rodata         0x0c105618     0x11e0
 *(.rodata)
 .rodata        0x0c105618      0x1d0 ./lab12-queue.o
 .rodata        0x0c1057e8       0x10 ../../BSP/Debug\libBSP.a(segs.o)
 .rodata        0x0c1057f8     0x1000 ../../BSP/Debug\libBSP.a(font8x16.o)
                0x0c1057f8                font

.ARM.extab      0x0c1067f8        0x0
 .ARM.extab     0x0c1067f8        0x0 c:/software/electronica/arm/eclipsearm/sourcery-g++-lite-arm-2011.03/bin/../lib/gcc/arm-none-eabi/4.5.2\libgcc.a(_divdi3.o)
 .ARM.extab     0x0c1067f8        0x0 c:/software/electronica/arm/eclipsearm/sourcery-g++-lite-arm-2011.03/bin/../lib/gcc/arm-none-eabi/4.5.2\libgcc.a(_udivdi3.o)

.ARM.exidx      0x0c1067f8        0x8
 .ARM.exidx     0x0c1067f8        0x8 c:/software/electronica/arm/eclipsearm/sourcery-g++-lite-arm-2011.03/bin/../lib/gcc/arm-none-eabi/4.5.2\libgcc.a(_divdi3.o)
 .ARM.exidx     0x0c106800        0x0 c:/software/electronica/arm/eclipsearm/sourcery-g++-lite-arm-2011.03/bin/../lib/gcc/arm-none-eabi/4.5.2\libgcc.a(_udivdi3.o)
                                  0x8 (size before relaxing)

.data           0x0c106800       0x12
 *(.data)
 .data          0x0c106800       0x12 ./lab12-queue.o
 .data          0x0c106812        0x0 ../../BSP/Debug\libBSP.a(keypad.o)
 .data          0x0c106812        0x0 ../../BSP/Debug\libBSP.a(lcd.o)
 .data          0x0c106812        0x0 ../../BSP/Debug\libBSP.a(leds.o)
 .data          0x0c106812        0x0 ../../BSP/Debug\libBSP.a(pbs.o)
 .data          0x0c106812        0x0 ../../BSP/Debug\libBSP.a(rtc.o)
 .data          0x0c106812        0x0 ../../BSP/Debug\libBSP.a(segs.o)
 .data          0x0c106812        0x0 ../../BSP/Debug\libBSP.a(system.o)
 .data          0x0c106812        0x0 ../../BSP/Debug\libBSP.a(timers.o)
 .data          0x0c106812        0x0 ../../BSP/Debug\libBSP.a(uart.o)
 .data          0x0c106812        0x0 ../../BSP/Debug\libBSP.a(font8x16.o)
 .data          0x0c106812        0x0 c:/software/electronica/arm/eclipsearm/sourcery-g++-lite-arm-2011.03/bin/../lib/gcc/arm-none-eabi/4.5.2\libgcc.a(_udivsi3.o)
 .data          0x0c106812        0x0 c:/software/electronica/arm/eclipsearm/sourcery-g++-lite-arm-2011.03/bin/../lib/gcc/arm-none-eabi/4.5.2\libgcc.a(_dvmd_tls.o)
 .data          0x0c106812        0x0 c:/software/electronica/arm/eclipsearm/sourcery-g++-lite-arm-2011.03/bin/../lib/gcc/arm-none-eabi/4.5.2\libgcc.a(_aeabi_uldivmod.o)
 .data          0x0c106812        0x0 c:/software/electronica/arm/eclipsearm/sourcery-g++-lite-arm-2011.03/bin/../lib/gcc/arm-none-eabi/4.5.2\libgcc.a(bpabi.o)
 .data          0x0c106812        0x0 c:/software/electronica/arm/eclipsearm/sourcery-g++-lite-arm-2011.03/bin/../lib/gcc/arm-none-eabi/4.5.2\libgcc.a(_divdi3.o)
 .data          0x0c106812        0x0 c:/software/electronica/arm/eclipsearm/sourcery-g++-lite-arm-2011.03/bin/../lib/gcc/arm-none-eabi/4.5.2\libgcc.a(_udivdi3.o)
 .data          0x0c106812        0x0 c:/software/electronica/arm/eclipsearm/sourcery-g++-lite-arm-2011.03/bin/../lib/gcc/arm-none-eabi/4.5.2\libgcc.a(_clzsi2.o)

.bss            0x0c106814     0x9e54
 *(.bss)
 .bss           0x0c106814        0x8 ./lab12-queue.o
 .bss           0x0c10681c        0x0 ../../BSP/Debug\libBSP.a(keypad.o)
 .bss           0x0c10681c       0x34 ../../BSP/Debug\libBSP.a(lcd.o)
 .bss           0x0c106850        0x0 ../../BSP/Debug\libBSP.a(leds.o)
 .bss           0x0c106850        0x0 ../../BSP/Debug\libBSP.a(pbs.o)
 .bss           0x0c106850        0x0 ../../BSP/Debug\libBSP.a(rtc.o)
 .bss           0x0c106850        0x1 ../../BSP/Debug\libBSP.a(segs.o)
 .bss           0x0c106851        0x0 ../../BSP/Debug\libBSP.a(system.o)
 *fill*         0x0c106851        0x3 00
 .bss           0x0c106854        0x8 ../../BSP/Debug\libBSP.a(timers.o)
 .bss           0x0c10685c        0x0 ../../BSP/Debug\libBSP.a(uart.o)
 .bss           0x0c10685c        0x0 ../../BSP/Debug\libBSP.a(font8x16.o)
 .bss           0x0c10685c        0x0 c:/software/electronica/arm/eclipsearm/sourcery-g++-lite-arm-2011.03/bin/../lib/gcc/arm-none-eabi/4.5.2\libgcc.a(_udivsi3.o)
 .bss           0x0c10685c        0x0 c:/software/electronica/arm/eclipsearm/sourcery-g++-lite-arm-2011.03/bin/../lib/gcc/arm-none-eabi/4.5.2\libgcc.a(_dvmd_tls.o)
 .bss           0x0c10685c        0x0 c:/software/electronica/arm/eclipsearm/sourcery-g++-lite-arm-2011.03/bin/../lib/gcc/arm-none-eabi/4.5.2\libgcc.a(_aeabi_uldivmod.o)
 .bss           0x0c10685c        0x0 c:/software/electronica/arm/eclipsearm/sourcery-g++-lite-arm-2011.03/bin/../lib/gcc/arm-none-eabi/4.5.2\libgcc.a(bpabi.o)
 .bss           0x0c10685c        0x0 c:/software/electronica/arm/eclipsearm/sourcery-g++-lite-arm-2011.03/bin/../lib/gcc/arm-none-eabi/4.5.2\libgcc.a(_divdi3.o)
 .bss           0x0c10685c        0x0 c:/software/electronica/arm/eclipsearm/sourcery-g++-lite-arm-2011.03/bin/../lib/gcc/arm-none-eabi/4.5.2\libgcc.a(_udivdi3.o)
 .bss           0x0c10685c        0x0 c:/software/electronica/arm/eclipsearm/sourcery-g++-lite-arm-2011.03/bin/../lib/gcc/arm-none-eabi/4.5.2\libgcc.a(_clzsi2.o)
 COMMON         0x0c10685c      0x80c ./lab12-queue.o
                0x0c10685c                scancode
                0x0c106860                fifo
 COMMON         0x0c107068     0x9600 ../../BSP/Debug\libBSP.a(lcd.o)
                0x0c107068                lcd_buffer
                0x0c110668                end = .
OUTPUT(lab12-queue.elf elf32-littlearm)

.debug_abbrev   0x00000000      0x99c
 .debug_abbrev  0x00000000      0x192 ./lab12-queue.o
 .debug_abbrev  0x00000192       0xe9 ../../BSP/Debug\libBSP.a(keypad.o)
 .debug_abbrev  0x0000027b      0x13a ../../BSP/Debug\libBSP.a(lcd.o)
 .debug_abbrev  0x000003b5       0x98 ../../BSP/Debug\libBSP.a(leds.o)
 .debug_abbrev  0x0000044d       0xc3 ../../BSP/Debug\libBSP.a(pbs.o)
 .debug_abbrev  0x00000510       0xbe ../../BSP/Debug\libBSP.a(rtc.o)
 .debug_abbrev  0x000005ce       0xb3 ../../BSP/Debug\libBSP.a(segs.o)
 .debug_abbrev  0x00000681       0xe7 ../../BSP/Debug\libBSP.a(system.o)
 .debug_abbrev  0x00000768       0xdd ../../BSP/Debug\libBSP.a(timers.o)
 .debug_abbrev  0x00000845       0xf4 ../../BSP/Debug\libBSP.a(uart.o)
 .debug_abbrev  0x00000939       0x63 ../../BSP/Debug\libBSP.a(font8x16.o)

.debug_info     0x00000000     0x1e1f
 .debug_info    0x00000000      0x4ec ./lab12-queue.o
 .debug_info    0x000004ec      0x1d0 ../../BSP/Debug\libBSP.a(keypad.o)
 .debug_info    0x000006bc      0x78d ../../BSP/Debug\libBSP.a(lcd.o)
 .debug_info    0x00000e49      0x138 ../../BSP/Debug\libBSP.a(leds.o)
 .debug_info    0x00000f81      0x1b3 ../../BSP/Debug\libBSP.a(pbs.o)
 .debug_info    0x00001134      0x1ac ../../BSP/Debug\libBSP.a(rtc.o)
 .debug_info    0x000012e0      0x10d ../../BSP/Debug\libBSP.a(segs.o)
 .debug_info    0x000013ed      0x440 ../../BSP/Debug\libBSP.a(system.o)
 .debug_info    0x0000182d      0x29d ../../BSP/Debug\libBSP.a(timers.o)
 .debug_info    0x00001aca      0x2c0 ../../BSP/Debug\libBSP.a(uart.o)
 .debug_info    0x00001d8a       0x95 ../../BSP/Debug\libBSP.a(font8x16.o)

.debug_line     0x00000000      0xc7b
 .debug_line    0x00000000      0x1af ./lab12-queue.o
 .debug_line    0x000001af      0x129 ../../BSP/Debug\libBSP.a(keypad.o)
 .debug_line    0x000002d8      0x21b ../../BSP/Debug\libBSP.a(lcd.o)
 .debug_line    0x000004f3       0x93 ../../BSP/Debug\libBSP.a(leds.o)
 .debug_line    0x00000586       0xfd ../../BSP/Debug\libBSP.a(pbs.o)
 .debug_line    0x00000683       0xe1 ../../BSP/Debug\libBSP.a(rtc.o)
 .debug_line    0x00000764       0x93 ../../BSP/Debug\libBSP.a(segs.o)
 .debug_line    0x000007f7      0x1a2 ../../BSP/Debug\libBSP.a(system.o)
 .debug_line    0x00000999      0x181 ../../BSP/Debug\libBSP.a(timers.o)
 .debug_line    0x00000b1a      0x10b ../../BSP/Debug\libBSP.a(uart.o)
 .debug_line    0x00000c25       0x56 ../../BSP/Debug\libBSP.a(font8x16.o)

.debug_macinfo  0x00000000    0x31af6
 .debug_macinfo
                0x00000000     0x5559 ./lab12-queue.o
 .debug_macinfo
                0x00005559     0x4e9f ../../BSP/Debug\libBSP.a(keypad.o)
 .debug_macinfo
                0x0000a3f8     0x439b ../../BSP/Debug\libBSP.a(lcd.o)
 .debug_macinfo
                0x0000e793     0x432c ../../BSP/Debug\libBSP.a(leds.o)
 .debug_macinfo
                0x00012abf     0x4d91 ../../BSP/Debug\libBSP.a(pbs.o)
 .debug_macinfo
                0x00017850     0x4cee ../../BSP/Debug\libBSP.a(rtc.o)
 .debug_macinfo
                0x0001c53e     0x4d01 ../../BSP/Debug\libBSP.a(segs.o)
 .debug_macinfo
                0x0002123f     0x5556 ../../BSP/Debug\libBSP.a(system.o)
 .debug_macinfo
                0x00026795     0x4d1b ../../BSP/Debug\libBSP.a(timers.o)
 .debug_macinfo
                0x0002b4b0     0x430d ../../BSP/Debug\libBSP.a(uart.o)
 .debug_macinfo
                0x0002f7bd     0x2339 ../../BSP/Debug\libBSP.a(font8x16.o)

.debug_loc      0x00000000     0x15a8
 .debug_loc     0x00000000      0x2ec ./lab12-queue.o
 .debug_loc     0x000002ec      0x160 ../../BSP/Debug\libBSP.a(keypad.o)
 .debug_loc     0x0000044c      0x344 ../../BSP/Debug\libBSP.a(lcd.o)
 .debug_loc     0x00000790       0xdc ../../BSP/Debug\libBSP.a(leds.o)
 .debug_loc     0x0000086c      0x160 ../../BSP/Debug\libBSP.a(pbs.o)
 .debug_loc     0x000009cc       0xdc ../../BSP/Debug\libBSP.a(rtc.o)
 .debug_loc     0x00000aa8       0xb0 ../../BSP/Debug\libBSP.a(segs.o)
 .debug_loc     0x00000b58      0x688 ../../BSP/Debug\libBSP.a(system.o)
 .debug_loc     0x000011e0      0x23c ../../BSP/Debug\libBSP.a(timers.o)
 .debug_loc     0x0000141c      0x18c ../../BSP/Debug\libBSP.a(uart.o)

.debug_pubnames
                0x00000000      0x8cb
 .debug_pubnames
                0x00000000       0xf6 ./lab12-queue.o
 .debug_pubnames
                0x000000f6       0xab ../../BSP/Debug\libBSP.a(keypad.o)
 .debug_pubnames
                0x000001a1      0x152 ../../BSP/Debug\libBSP.a(lcd.o)
 .debug_pubnames
                0x000002f3       0x55 ../../BSP/Debug\libBSP.a(leds.o)
 .debug_pubnames
                0x00000348       0x8e ../../BSP/Debug\libBSP.a(pbs.o)
 .debug_pubnames
                0x000003d6       0x5a ../../BSP/Debug\libBSP.a(rtc.o)
 .debug_pubnames
                0x00000430       0x4e ../../BSP/Debug\libBSP.a(segs.o)
 .debug_pubnames
                0x0000047e      0x29d ../../BSP/Debug\libBSP.a(system.o)
 .debug_pubnames
                0x0000071b       0xee ../../BSP/Debug\libBSP.a(timers.o)
 .debug_pubnames
                0x00000809       0xa7 ../../BSP/Debug\libBSP.a(uart.o)
 .debug_pubnames
                0x000008b0       0x1b ../../BSP/Debug\libBSP.a(font8x16.o)

.debug_pubtypes
                0x00000000      0x240
 .debug_pubtypes
                0x00000000       0x6a ./lab12-queue.o
 .debug_pubtypes
                0x0000006a       0x32 ../../BSP/Debug\libBSP.a(keypad.o)
 .debug_pubtypes
                0x0000009c       0x3c ../../BSP/Debug\libBSP.a(lcd.o)
 .debug_pubtypes
                0x000000d8       0x27 ../../BSP/Debug\libBSP.a(leds.o)
 .debug_pubtypes
                0x000000ff       0x32 ../../BSP/Debug\libBSP.a(pbs.o)
 .debug_pubtypes
                0x00000131       0x36 ../../BSP/Debug\libBSP.a(rtc.o)
 .debug_pubtypes
                0x00000167       0x1c ../../BSP/Debug\libBSP.a(segs.o)
 .debug_pubtypes
                0x00000183       0x27 ../../BSP/Debug\libBSP.a(system.o)
 .debug_pubtypes
                0x000001aa       0x3d ../../BSP/Debug\libBSP.a(timers.o)
 .debug_pubtypes
                0x000001e7       0x3d ../../BSP/Debug\libBSP.a(uart.o)
 .debug_pubtypes
                0x00000224       0x1c ../../BSP/Debug\libBSP.a(font8x16.o)

.debug_aranges  0x00000000      0x140
 .debug_aranges
                0x00000000       0x20 ./lab12-queue.o
 .debug_aranges
                0x00000020       0x20 ../../BSP/Debug\libBSP.a(keypad.o)
 .debug_aranges
                0x00000040       0x20 ../../BSP/Debug\libBSP.a(lcd.o)
 .debug_aranges
                0x00000060       0x20 ../../BSP/Debug\libBSP.a(leds.o)
 .debug_aranges
                0x00000080       0x20 ../../BSP/Debug\libBSP.a(pbs.o)
 .debug_aranges
                0x000000a0       0x20 ../../BSP/Debug\libBSP.a(rtc.o)
 .debug_aranges
                0x000000c0       0x20 ../../BSP/Debug\libBSP.a(segs.o)
 .debug_aranges
                0x000000e0       0x20 ../../BSP/Debug\libBSP.a(system.o)
 .debug_aranges
                0x00000100       0x20 ../../BSP/Debug\libBSP.a(timers.o)
 .debug_aranges
                0x00000120       0x20 ../../BSP/Debug\libBSP.a(uart.o)

.debug_str      0x00000000      0x92c
 .debug_str     0x00000000      0x1f1 ./lab12-queue.o
                                0x221 (size before relaxing)
 .debug_str     0x000001f1       0xc8 ../../BSP/Debug\libBSP.a(keypad.o)
                                0x15a (size before relaxing)
 .debug_str     0x000002b9      0x157 ../../BSP/Debug\libBSP.a(lcd.o)
                                0x22c (size before relaxing)
 .debug_str     0x00000410       0x3d ../../BSP/Debug\libBSP.a(leds.o)
                                 0xf4 (size before relaxing)
 .debug_str     0x0000044d       0x69 ../../BSP/Debug\libBSP.a(pbs.o)
                                0x130 (size before relaxing)
 .debug_str     0x000004b6       0x4c ../../BSP/Debug\libBSP.a(rtc.o)
                                0x12b (size before relaxing)
 .debug_str     0x00000502       0x43 ../../BSP/Debug\libBSP.a(segs.o)
                                 0xf9 (size before relaxing)
 .debug_str     0x00000545      0x267 ../../BSP/Debug\libBSP.a(system.o)
                                0x323 (size before relaxing)
 .debug_str     0x000007ac       0xe0 ../../BSP/Debug\libBSP.a(timers.o)
                                0x1a3 (size before relaxing)
 .debug_str     0x0000088c       0x8e ../../BSP/Debug\libBSP.a(uart.o)
                                0x158 (size before relaxing)
 .debug_str     0x0000091a       0x12 ../../BSP/Debug\libBSP.a(font8x16.o)
                                 0xc7 (size before relaxing)

.comment        0x00000000       0x2a
 .comment       0x00000000       0x2a ./lab12-queue.o
                                 0x2b (size before relaxing)
 .comment       0x00000000       0x2b ../../BSP/Debug\libBSP.a(keypad.o)
 .comment       0x00000000       0x2b ../../BSP/Debug\libBSP.a(lcd.o)
 .comment       0x00000000       0x2b ../../BSP/Debug\libBSP.a(leds.o)
 .comment       0x00000000       0x2b ../../BSP/Debug\libBSP.a(pbs.o)
 .comment       0x00000000       0x2b ../../BSP/Debug\libBSP.a(rtc.o)
 .comment       0x00000000       0x2b ../../BSP/Debug\libBSP.a(segs.o)
 .comment       0x00000000       0x2b ../../BSP/Debug\libBSP.a(system.o)
 .comment       0x00000000       0x2b ../../BSP/Debug\libBSP.a(timers.o)
 .comment       0x00000000       0x2b ../../BSP/Debug\libBSP.a(uart.o)
 .comment       0x00000000       0x2b ../../BSP/Debug\libBSP.a(font8x16.o)

.ARM.attributes
                0x00000000       0x32
 .ARM.attributes
                0x00000000       0x32 ./lab12-queue.o
 .ARM.attributes
                0x00000032       0x32 ../../BSP/Debug\libBSP.a(keypad.o)
 .ARM.attributes
                0x00000064       0x32 ../../BSP/Debug\libBSP.a(lcd.o)
 .ARM.attributes
                0x00000096       0x32 ../../BSP/Debug\libBSP.a(leds.o)
 .ARM.attributes
                0x000000c8       0x32 ../../BSP/Debug\libBSP.a(pbs.o)
 .ARM.attributes
                0x000000fa       0x32 ../../BSP/Debug\libBSP.a(rtc.o)
 .ARM.attributes
                0x0000012c       0x32 ../../BSP/Debug\libBSP.a(segs.o)
 .ARM.attributes
                0x0000015e       0x32 ../../BSP/Debug\libBSP.a(system.o)
 .ARM.attributes
                0x00000190       0x32 ../../BSP/Debug\libBSP.a(timers.o)
 .ARM.attributes
                0x000001c2       0x32 ../../BSP/Debug\libBSP.a(uart.o)
 .ARM.attributes
                0x000001f4       0x32 ../../BSP/Debug\libBSP.a(font8x16.o)
 .ARM.attributes
                0x00000226       0x1a c:/software/electronica/arm/eclipsearm/sourcery-g++-lite-arm-2011.03/bin/../lib/gcc/arm-none-eabi/4.5.2\libgcc.a(_udivsi3.o)
 .ARM.attributes
                0x00000240       0x18 c:/software/electronica/arm/eclipsearm/sourcery-g++-lite-arm-2011.03/bin/../lib/gcc/arm-none-eabi/4.5.2\libgcc.a(_dvmd_tls.o)
 .ARM.attributes
                0x00000258       0x1a c:/software/electronica/arm/eclipsearm/sourcery-g++-lite-arm-2011.03/bin/../lib/gcc/arm-none-eabi/4.5.2\libgcc.a(_aeabi_uldivmod.o)
 .ARM.attributes
                0x00000272       0x34 c:/software/electronica/arm/eclipsearm/sourcery-g++-lite-arm-2011.03/bin/../lib/gcc/arm-none-eabi/4.5.2\libgcc.a(bpabi.o)
 .ARM.attributes
                0x000002a6       0x34 c:/software/electronica/arm/eclipsearm/sourcery-g++-lite-arm-2011.03/bin/../lib/gcc/arm-none-eabi/4.5.2\libgcc.a(_divdi3.o)
 .ARM.attributes
                0x000002da       0x34 c:/software/electronica/arm/eclipsearm/sourcery-g++-lite-arm-2011.03/bin/../lib/gcc/arm-none-eabi/4.5.2\libgcc.a(_udivdi3.o)
 .ARM.attributes
                0x0000030e       0x1a c:/software/electronica/arm/eclipsearm/sourcery-g++-lite-arm-2011.03/bin/../lib/gcc/arm-none-eabi/4.5.2\libgcc.a(_clzsi2.o)

.debug_frame    0x00000000     0x12e8
 .debug_frame   0x00000000      0x248 ./lab12-queue.o
 .debug_frame   0x00000248      0x110 ../../BSP/Debug\libBSP.a(keypad.o)
 .debug_frame   0x00000358      0x270 ../../BSP/Debug\libBSP.a(lcd.o)
 .debug_frame   0x000005c8       0xb0 ../../BSP/Debug\libBSP.a(leds.o)
 .debug_frame   0x00000678      0x110 ../../BSP/Debug\libBSP.a(pbs.o)
 .debug_frame   0x00000788       0xb0 ../../BSP/Debug\libBSP.a(rtc.o)
 .debug_frame   0x00000838       0x90 ../../BSP/Debug\libBSP.a(segs.o)
 .debug_frame   0x000008c8      0x650 ../../BSP/Debug\libBSP.a(system.o)
 .debug_frame   0x00000f18      0x1b8 ../../BSP/Debug\libBSP.a(timers.o)
 .debug_frame   0x000010d0      0x130 ../../BSP/Debug\libBSP.a(uart.o)
 .debug_frame   0x00001200       0x20 c:/software/electronica/arm/eclipsearm/sourcery-g++-lite-arm-2011.03/bin/../lib/gcc/arm-none-eabi/4.5.2\libgcc.a(_udivsi3.o)
 .debug_frame   0x00001220       0x50 c:/software/electronica/arm/eclipsearm/sourcery-g++-lite-arm-2011.03/bin/../lib/gcc/arm-none-eabi/4.5.2\libgcc.a(bpabi.o)
 .debug_frame   0x00001270       0x3c c:/software/electronica/arm/eclipsearm/sourcery-g++-lite-arm-2011.03/bin/../lib/gcc/arm-none-eabi/4.5.2\libgcc.a(_divdi3.o)
 .debug_frame   0x000012ac       0x3c c:/software/electronica/arm/eclipsearm/sourcery-g++-lite-arm-2011.03/bin/../lib/gcc/arm-none-eabi/4.5.2\libgcc.a(_udivdi3.o)
