   1              		.cpu arm7tdmi
   2              		.fpu softvfp
   3              		.eabi_attribute 20, 1
   4              		.eabi_attribute 21, 1
   5              		.eabi_attribute 23, 3
   6              		.eabi_attribute 24, 1
   7              		.eabi_attribute 25, 1
   8              		.eabi_attribute 26, 1
   9              		.eabi_attribute 30, 6
  10              		.eabi_attribute 18, 4
  11              		.file	"lab12-cyclic.c"
  21              	.Ltext0:
  22              		.file 1 "../lab12-cyclic.c"
 2145              		.align	2
 2148              	pjobs:
 2149 0000 00000000 		.word	JobA
 2150 0004 00000000 		.word	JobB
 2151 0008 00000000 		.word	JobA
 2152 000c 00000000 		.word	JobB
 2153 0010 00000000 		.word	JobA
 2154 0014 00000000 		.word	JobB
 2155 0018 00000000 		.word	JobA
 2156 001c 00000000 		.word	JobB
 2157 0020 00000000 		.word	JobA
 2158 0024 00000000 		.word	JobC
 2159 0028 00000000 		.word	JobA
 2160 002c 00000000 		.word	JobB
 2161 0030 00000000 		.word	JobA
 2162 0034 00000000 		.word	JobB
 2163 0038 00000000 		.word	JobA
 2164 003c 00000000 		.word	JobB
 2165 0040 00000000 		.word	JobA
 2166 0044 00000000 		.word	JobB
 2167 0048 00000000 		.word	JobA
 2168 004c 00000000 		.word	JobD
 2169 0050 00000000 		.word	JobA
 2170 0054 00000000 		.word	JobB
 2171 0058 00000000 		.word	JobA
 2172 005c 00000000 		.word	JobB
 2173 0060 00000000 		.word	JobA
 2174 0064 00000000 		.word	JobB
 2175 0068 00000000 		.word	JobA
 2176 006c 00000000 		.word	JobB
 2177 0070 00000000 		.word	JobA
 2178 0074 00000000 		.word	JobC
 2179 0078 00000000 		.word	JobA
 2180 007c 00000000 		.word	JobB
 2181 0080 00000000 		.word	JobA
 2182 0084 00000000 		.word	JobB
 2183 0088 00000000 		.word	JobA
 2184 008c 00000000 		.word	JobB
 2185 0090 00000000 		.word	JobA
 2186 0094 00000000 		.word	JobB
 2187 0098 00000000 		.word	JobA
 2188 009c 00000000 		.word	JobD
 2189 00a0 00000000 		.word	JobA
 2190 00a4 00000000 		.word	JobB
 2191 00a8 00000000 		.word	JobA
 2192 00ac 00000000 		.word	JobB
 2193 00b0 00000000 		.word	JobA
 2194 00b4 00000000 		.word	JobB
 2195 00b8 00000000 		.word	JobA
 2196 00bc 00000000 		.word	JobB
 2197 00c0 00000000 		.word	JobA
 2198 00c4 00000000 		.word	JobC
 2199 00c8 00000000 		.word	JobA
 2200 00cc 00000000 		.word	JobB
 2201 00d0 00000000 		.word	JobA
 2202 00d4 00000000 		.word	JobB
 2203 00d8 00000000 		.word	JobA
 2204 00dc 00000000 		.word	JobB
 2205 00e0 00000000 		.word	JobA
 2206 00e4 00000000 		.word	JobB
 2207 00e8 00000000 		.word	JobA
 2208 00ec 00000000 		.word	JobD
 2209 00f0 00000000 		.word	JobA
 2210 00f4 00000000 		.word	JobB
 2211 00f8 00000000 		.word	JobA
 2212 00fc 00000000 		.word	JobB
 2213 0100 00000000 		.word	JobA
 2214 0104 00000000 		.word	JobB
 2215 0108 00000000 		.word	JobA
 2216 010c 00000000 		.word	JobB
 2217 0110 00000000 		.word	JobA
 2218 0114 00000000 		.word	JobC
 2219 0118 00000000 		.word	JobA
 2220 011c 00000000 		.word	JobB
 2221 0120 00000000 		.word	JobA
 2222 0124 00000000 		.word	JobB
 2223 0128 00000000 		.word	JobA
 2224 012c 00000000 		.word	JobB
 2225 0130 00000000 		.word	JobA
 2226 0134 00000000 		.word	JobB
 2227 0138 00000000 		.word	JobA
 2228 013c 00000000 		.word	JobD
 2229 0140 00000000 		.word	JobA
 2230 0144 00000000 		.word	JobB
 2231 0148 00000000 		.word	JobA
 2232 014c 00000000 		.word	JobB
 2233 0150 00000000 		.word	JobA
 2234 0154 00000000 		.word	JobB
 2235 0158 00000000 		.word	JobA
 2236 015c 00000000 		.word	JobB
 2237 0160 00000000 		.word	JobA
 2238 0164 00000000 		.word	JobC
 2239 0168 00000000 		.word	JobA
 2240 016c 00000000 		.word	JobB
 2241 0170 00000000 		.word	JobA
 2242 0174 00000000 		.word	JobB
 2243 0178 00000000 		.word	JobA
 2244 017c 00000000 		.word	JobB
 2245 0180 00000000 		.word	JobA
 2246 0184 00000000 		.word	JobB
 2247 0188 00000000 		.word	JobA
 2248 018c 00000000 		.word	JobD
 2249 0190 00000000 		.word	JobA
 2250 0194 00000000 		.word	JobB
 2251 0198 00000000 		.word	JobA
 2252 019c 00000000 		.word	JobB
 2253 01a0 00000000 		.word	JobA
 2254 01a4 00000000 		.word	JobB
 2255 01a8 00000000 		.word	JobA
 2256 01ac 00000000 		.word	JobB
 2257 01b0 00000000 		.word	JobA
 2258 01b4 00000000 		.word	JobC
 2259 01b8 00000000 		.word	JobA
 2260 01bc 00000000 		.word	JobB
 2261 01c0 00000000 		.word	JobA
 2262 01c4 00000000 		.word	JobB
 2263 01c8 00000000 		.word	JobA
 2264 01cc 00000000 		.word	JobB
 2265 01d0 00000000 		.word	JobA
 2266 01d4 00000000 		.word	JobB
 2267 01d8 00000000 		.word	JobA
 2268 01dc 00000000 		.word	JobD
 2269 01e0 00000000 		.word	JobA
 2270 01e4 00000000 		.word	JobB
 2271 01e8 00000000 		.word	JobA
 2272 01ec 00000000 		.word	JobB
 2273 01f0 00000000 		.word	JobA
 2274 01f4 00000000 		.word	JobB
 2275 01f8 00000000 		.word	JobA
 2276 01fc 00000000 		.word	JobB
 2277 0200 00000000 		.word	JobA
 2278 0204 00000000 		.word	JobC
 2279 0208 00000000 		.word	JobA
 2280 020c 00000000 		.word	JobB
 2281 0210 00000000 		.word	JobA
 2282 0214 00000000 		.word	JobB
 2283 0218 00000000 		.word	JobA
 2284 021c 00000000 		.word	JobB
 2285 0220 00000000 		.word	JobA
 2286 0224 00000000 		.word	JobB
 2287 0228 00000000 		.word	JobA
 2288 022c 00000000 		.word	JobD
 2289 0230 00000000 		.word	JobA
 2290 0234 00000000 		.word	JobB
 2291 0238 00000000 		.word	JobA
 2292 023c 00000000 		.word	JobB
 2293 0240 00000000 		.word	JobA
 2294 0244 00000000 		.word	JobB
 2295 0248 00000000 		.word	JobA
 2296 024c 00000000 		.word	JobB
 2297 0250 00000000 		.word	JobA
 2298 0254 00000000 		.word	JobC
 2299 0258 00000000 		.word	JobA
 2300 025c 00000000 		.word	JobB
 2301 0260 00000000 		.word	JobA
 2302 0264 00000000 		.word	JobB
 2303 0268 00000000 		.word	JobA
 2304 026c 00000000 		.word	JobB
 2305 0270 00000000 		.word	JobA
 2306 0274 00000000 		.word	JobB
 2307 0278 00000000 		.word	JobA
 2308 027c 00000000 		.word	JobD
 2309 0280 00000000 		.word	JobA
 2310 0284 00000000 		.word	JobB
 2311 0288 00000000 		.word	JobA
 2312 028c 00000000 		.word	JobB
 2313 0290 00000000 		.word	JobA
 2314 0294 00000000 		.word	JobB
 2315 0298 00000000 		.word	JobA
 2316 029c 00000000 		.word	JobB
 2317 02a0 00000000 		.word	JobA
 2318 02a4 00000000 		.word	JobC
 2319 02a8 00000000 		.word	JobA
 2320 02ac 00000000 		.word	JobB
 2321 02b0 00000000 		.word	JobA
 2322 02b4 00000000 		.word	JobB
 2323 02b8 00000000 		.word	JobA
 2324 02bc 00000000 		.word	JobB
 2325 02c0 00000000 		.word	JobA
 2326 02c4 00000000 		.word	JobB
 2327 02c8 00000000 		.word	JobA
 2328 02cc 00000000 		.word	JobD
 2329 02d0 00000000 		.word	JobA
 2330 02d4 00000000 		.word	JobB
 2331 02d8 00000000 		.word	JobA
 2332 02dc 00000000 		.word	JobB
 2333 02e0 00000000 		.word	JobA
 2334 02e4 00000000 		.word	JobB
 2335 02e8 00000000 		.word	JobA
 2336 02ec 00000000 		.word	JobB
 2337 02f0 00000000 		.word	JobA
 2338 02f4 00000000 		.word	JobC
 2339 02f8 00000000 		.word	JobA
 2340 02fc 00000000 		.word	JobB
 2341 0300 00000000 		.word	JobA
 2342 0304 00000000 		.word	JobB
 2343 0308 00000000 		.word	JobA
 2344 030c 00000000 		.word	JobB
 2345 0310 00000000 		.word	JobA
 2346 0314 00000000 		.word	JobB
 2347 0318 00000000 		.word	JobA
 2348 031c 00000000 		.word	JobE
 2349              		.align	2
 2350              	.LC0:
 2351 0320 0A0A2045 		.ascii	"\012\012 Ejecutando una aplicaci\363n cyclic execut"
 2351      6A656375 
 2351      74616E64 
 2351      6F20756E 
 2351      61206170 
 2352 034a 6976650A 		.ascii	"ive\012\000"
 2352      00
 2353 034f 00       		.align	2
 2354              	.LC1:
 2355 0350 202D2D2D 		.ascii	" ------------------------------------------\012\012"
 2355      2D2D2D2D 
 2355      2D2D2D2D 
 2355      2D2D2D2D 
 2355      2D2D2D2D 
 2356 037d 00       		.ascii	"\000"
 2357              		.text
 2358              		.align	2
 2359              		.global	main
 2361              	main:
 2362              	.LFB0:
   1:../lab12-cyclic.c **** /*-------------------------------------------------------------------
   2:../lab12-cyclic.c **** **
   3:../lab12-cyclic.c **** **  Fichero:
   4:../lab12-cyclic.c **** **    lab14.c  14/1/2021
   5:../lab12-cyclic.c **** **
   6:../lab12-cyclic.c **** **    (c) J.M. Mendias
   7:../lab12-cyclic.c **** **    Programación de Sistemas y Dispositivos
   8:../lab12-cyclic.c **** **    Facultad de Informática. Universidad Complutense de Madrid
   9:../lab12-cyclic.c **** **
  10:../lab12-cyclic.c **** **  Propósito:
  11:../lab12-cyclic.c **** **    Ejemplo de una aplicación guiada por tiempo con arquitectura
  12:../lab12-cyclic.c **** **    cyclic executive
  13:../lab12-cyclic.c **** **
  14:../lab12-cyclic.c **** **  Notas de diseño:
  15:../lab12-cyclic.c **** **
  16:../lab12-cyclic.c **** **-----------------------------------------------------------------*/
  17:../lab12-cyclic.c **** 
  18:../lab12-cyclic.c **** #include <s3c44b0x.h>
  19:../lab12-cyclic.c **** #include <s3cev40.h>
  20:../lab12-cyclic.c **** #include <common_types.h>
  21:../lab12-cyclic.c **** #include <system.h>
  22:../lab12-cyclic.c **** #include <leds.h>
  23:../lab12-cyclic.c **** #include <segs.h>
  24:../lab12-cyclic.c **** #include <uart.h>
  25:../lab12-cyclic.c **** #include <pbs.h>
  26:../lab12-cyclic.c **** #include <keypad.h>
  27:../lab12-cyclic.c **** #include <timers.h>
  28:../lab12-cyclic.c **** #include <rtc.h>
  29:../lab12-cyclic.c **** #include <lcd.h>
  30:../lab12-cyclic.c **** 
  31:../lab12-cyclic.c **** #define TICKS_PER_SEC   (100)
  32:../lab12-cyclic.c **** 
  33:../lab12-cyclic.c **** #define MAYOR_PERIOD (10000)    /* mcm( 50 ms, 100 ms, 500 ms, 1000 ms, 10000 ms */
  34:../lab12-cyclic.c **** #define MINOR_PERIOD (50)       /* 50 ms */
  35:../lab12-cyclic.c **** 
  36:../lab12-cyclic.c **** #define NUM_JOBS     (MAYOR_PERIOD/MINOR_PERIOD)
  37:../lab12-cyclic.c **** 
  38:../lab12-cyclic.c **** typedef void (*pf_t)(void);
  39:../lab12-cyclic.c **** 
  40:../lab12-cyclic.c **** /* Declaración de recursos */
  41:../lab12-cyclic.c **** 
  42:../lab12-cyclic.c **** uint8 scancode;
  43:../lab12-cyclic.c **** boolean flagTask5;
  44:../lab12-cyclic.c **** boolean flagTask6;
  45:../lab12-cyclic.c **** boolean flagTask8;
  46:../lab12-cyclic.c **** 
  47:../lab12-cyclic.c **** volatile boolean flagPb;
  48:../lab12-cyclic.c **** volatile boolean flagTimer;
  49:../lab12-cyclic.c **** 
  50:../lab12-cyclic.c **** /* Declaración de tareas */
  51:../lab12-cyclic.c **** 
  52:../lab12-cyclic.c **** void Task1( void );
  53:../lab12-cyclic.c **** void Task2( void );
  54:../lab12-cyclic.c **** void Task3( void );
  55:../lab12-cyclic.c **** void Task4( void );
  56:../lab12-cyclic.c **** void Task5( void );
  57:../lab12-cyclic.c **** void Task6( void );
  58:../lab12-cyclic.c **** void Task7( void );
  59:../lab12-cyclic.c **** void Task8( void );
  60:../lab12-cyclic.c **** void Task9( void );
  61:../lab12-cyclic.c **** 
  62:../lab12-cyclic.c **** /* Declaración de trabajos */
  63:../lab12-cyclic.c **** 
  64:../lab12-cyclic.c **** void JobA( void );
  65:../lab12-cyclic.c **** void JobB( void );
  66:../lab12-cyclic.c **** void JobC( void );
  67:../lab12-cyclic.c **** void JobD( void );
  68:../lab12-cyclic.c **** void JobE( void );
  69:../lab12-cyclic.c **** 
  70:../lab12-cyclic.c **** /* Planificación estática de trabajos */
  71:../lab12-cyclic.c **** 
  72:../lab12-cyclic.c **** const pf_t pjobs[NUM_JOBS] =
  73:../lab12-cyclic.c **** {
  74:../lab12-cyclic.c ****     JobA, JobB, JobA, JobB, JobA, JobB, JobA, JobB, JobA, JobC,    /*   500 ms */
  75:../lab12-cyclic.c ****     JobA, JobB, JobA, JobB, JobA, JobB, JobA, JobB, JobA, JobD,    /*  1000 ms */
  76:../lab12-cyclic.c ****     JobA, JobB, JobA, JobB, JobA, JobB, JobA, JobB, JobA, JobC,    /*  1500 ms */
  77:../lab12-cyclic.c ****     JobA, JobB, JobA, JobB, JobA, JobB, JobA, JobB, JobA, JobD,    /*  2000 ms */
  78:../lab12-cyclic.c ****     JobA, JobB, JobA, JobB, JobA, JobB, JobA, JobB, JobA, JobC,    /*  2500 ms */
  79:../lab12-cyclic.c ****     JobA, JobB, JobA, JobB, JobA, JobB, JobA, JobB, JobA, JobD,    /*  3000 ms */
  80:../lab12-cyclic.c ****     JobA, JobB, JobA, JobB, JobA, JobB, JobA, JobB, JobA, JobC,    /*  3500 ms */
  81:../lab12-cyclic.c ****     JobA, JobB, JobA, JobB, JobA, JobB, JobA, JobB, JobA, JobD,    /*  4000 ms */
  82:../lab12-cyclic.c ****     JobA, JobB, JobA, JobB, JobA, JobB, JobA, JobB, JobA, JobC,    /*  4500 ms */
  83:../lab12-cyclic.c ****     JobA, JobB, JobA, JobB, JobA, JobB, JobA, JobB, JobA, JobD,    /*  5000 ms */
  84:../lab12-cyclic.c ****     JobA, JobB, JobA, JobB, JobA, JobB, JobA, JobB, JobA, JobC,    /*  5500 ms */
  85:../lab12-cyclic.c ****     JobA, JobB, JobA, JobB, JobA, JobB, JobA, JobB, JobA, JobD,    /*  6000 ms */
  86:../lab12-cyclic.c ****     JobA, JobB, JobA, JobB, JobA, JobB, JobA, JobB, JobA, JobC,    /*  6500 ms */
  87:../lab12-cyclic.c ****     JobA, JobB, JobA, JobB, JobA, JobB, JobA, JobB, JobA, JobD,    /*  7000 ms */
  88:../lab12-cyclic.c ****     JobA, JobB, JobA, JobB, JobA, JobB, JobA, JobB, JobA, JobC,    /*  7500 ms */
  89:../lab12-cyclic.c ****     JobA, JobB, JobA, JobB, JobA, JobB, JobA, JobB, JobA, JobD,    /*  8000 ms */
  90:../lab12-cyclic.c ****     JobA, JobB, JobA, JobB, JobA, JobB, JobA, JobB, JobA, JobC,    /*  8500 ms */
  91:../lab12-cyclic.c ****     JobA, JobB, JobA, JobB, JobA, JobB, JobA, JobB, JobA, JobD,    /*  9000 ms */
  92:../lab12-cyclic.c ****     JobA, JobB, JobA, JobB, JobA, JobB, JobA, JobB, JobA, JobC,    /*  9500 ms */
  93:../lab12-cyclic.c ****     JobA, JobB, JobA, JobB, JobA, JobB, JobA, JobB, JobA, JobE     /* 10000 ms */
  94:../lab12-cyclic.c **** };
  95:../lab12-cyclic.c **** 
  96:../lab12-cyclic.c **** /* Declaración de RTI */
  97:../lab12-cyclic.c **** 
  98:../lab12-cyclic.c **** void isr_pb( void ) __attribute__ ((interrupt ("IRQ")));
  99:../lab12-cyclic.c **** void isr_tick( void ) __attribute__ ((interrupt ("IRQ")));
 100:../lab12-cyclic.c **** 
 101:../lab12-cyclic.c **** /*******************************************************************/
 102:../lab12-cyclic.c **** 
 103:../lab12-cyclic.c **** void main( void )
 104:../lab12-cyclic.c **** {
 2363              		.loc 1 104 0
 2364              		.cfi_startproc
 2365              		@ Function supports interworking.
 2366              		@ args = 0, pretend = 0, frame = 8
 2367              		@ frame_needed = 1, uses_anonymous_args = 0
 2368 0000 0DC0A0E1 		mov	ip, sp
 2369              	.LCFI0:
 2370              		.cfi_def_cfa_register 12
 2371 0004 00D82DE9 		stmfd	sp!, {fp, ip, lr, pc}
 2372 0008 04B04CE2 		sub	fp, ip, #4
 2373              		.cfi_offset 14, -8
 2374              		.cfi_offset 13, -12
 2375              		.cfi_offset 11, -16
 2376              	.LCFI1:
 2377              		.cfi_def_cfa 11, 4
 2378 000c 08D04DE2 		sub	sp, sp, #8
 105:../lab12-cyclic.c ****     uint8 i;
 106:../lab12-cyclic.c ****     
 107:../lab12-cyclic.c ****     sys_init();      /* Inicializa el sistema */
 2379              		.loc 1 107 0
 2380 0010 FEFFFFEB 		bl	sys_init
 108:../lab12-cyclic.c ****     timers_init();
 2381              		.loc 1 108 0
 2382 0014 FEFFFFEB 		bl	timers_init
 109:../lab12-cyclic.c ****     uart0_init();
 2383              		.loc 1 109 0
 2384 0018 FEFFFFEB 		bl	uart0_init
 110:../lab12-cyclic.c ****     leds_init();
 2385              		.loc 1 110 0
 2386 001c FEFFFFEB 		bl	leds_init
 111:../lab12-cyclic.c ****     segs_init();
 2387              		.loc 1 111 0
 2388 0020 FEFFFFEB 		bl	segs_init
 112:../lab12-cyclic.c ****     rtc_init();
 2389              		.loc 1 112 0
 2390 0024 FEFFFFEB 		bl	rtc_init
 113:../lab12-cyclic.c ****     pbs_init();
 2391              		.loc 1 113 0
 2392 0028 FEFFFFEB 		bl	pbs_init
 114:../lab12-cyclic.c ****     keypad_init();  
 2393              		.loc 1 114 0
 2394 002c FEFFFFEB 		bl	keypad_init
 115:../lab12-cyclic.c ****     lcd_init();
 2395              		.loc 1 115 0
 2396 0030 FEFFFFEB 		bl	lcd_init
 116:../lab12-cyclic.c ****     lcd_on();
 2397              		.loc 1 116 0
 2398 0034 FEFFFFEB 		bl	lcd_on
 117:../lab12-cyclic.c ****     lcd_clear();
 2399              		.loc 1 117 0
 2400 0038 FEFFFFEB 		bl	lcd_clear
 118:../lab12-cyclic.c ****     uart0_puts( "\n\n Ejecutando una aplicación cyclic executive\n" );
 2401              		.loc 1 118 0
 2402 003c E8009FE5 		ldr	r0, .L7
 2403 0040 FEFFFFEB 		bl	uart0_puts
 119:../lab12-cyclic.c ****     uart0_puts(     " ------------------------------------------\n\n" ) ;
 2404              		.loc 1 119 0
 2405 0044 E4009FE5 		ldr	r0, .L7+4
 2406 0048 FEFFFFEB 		bl	uart0_puts
 120:../lab12-cyclic.c **** 
 121:../lab12-cyclic.c ****     flagTask5 = FALSE;    /* Inicializa flags */
 2407              		.loc 1 121 0
 2408 004c E0309FE5 		ldr	r3, .L7+8
 2409 0050 0020A0E3 		mov	r2, #0
 2410 0054 0020C3E5 		strb	r2, [r3, #0]
 122:../lab12-cyclic.c ****     flagTask6 = FALSE;
 2411              		.loc 1 122 0
 2412 0058 D8309FE5 		ldr	r3, .L7+12
 2413 005c 0020A0E3 		mov	r2, #0
 2414 0060 0020C3E5 		strb	r2, [r3, #0]
 123:../lab12-cyclic.c ****     flagPb    = FALSE;
 2415              		.loc 1 123 0
 2416 0064 D0309FE5 		ldr	r3, .L7+16
 2417 0068 0020A0E3 		mov	r2, #0
 2418 006c 0020C3E5 		strb	r2, [r3, #0]
 124:../lab12-cyclic.c ****     flagTimer = FALSE;
 2419              		.loc 1 124 0
 2420 0070 C8309FE5 		ldr	r3, .L7+20
 2421 0074 0020A0E3 		mov	r2, #0
 2422 0078 0020C3E5 		strb	r2, [r3, #0]
 125:../lab12-cyclic.c ****     flagTask8 = FALSE;
 2423              		.loc 1 125 0
 2424 007c C0309FE5 		ldr	r3, .L7+24
 2425 0080 0020A0E3 		mov	r2, #0
 2426 0084 0020C3E5 		strb	r2, [r3, #0]
 126:../lab12-cyclic.c **** 
 127:../lab12-cyclic.c ****     Task1();    /* Ejecuta por primera vez a las funciones para inicializarlas */
 2427              		.loc 1 127 0
 2428 0088 FEFFFFEB 		bl	Task1
 128:../lab12-cyclic.c ****     Task2();
 2429              		.loc 1 128 0
 2430 008c FEFFFFEB 		bl	Task2
 129:../lab12-cyclic.c ****     Task3();
 2431              		.loc 1 129 0
 2432 0090 FEFFFFEB 		bl	Task3
 130:../lab12-cyclic.c ****     Task4();
 2433              		.loc 1 130 0
 2434 0094 FEFFFFEB 		bl	Task4
 131:../lab12-cyclic.c ****     Task5();
 2435              		.loc 1 131 0
 2436 0098 FEFFFFEB 		bl	Task5
 132:../lab12-cyclic.c ****     Task6();
 2437              		.loc 1 132 0
 2438 009c FEFFFFEB 		bl	Task6
 133:../lab12-cyclic.c ****     Task7();
 2439              		.loc 1 133 0
 2440 00a0 FEFFFFEB 		bl	Task7
 134:../lab12-cyclic.c ****     Task8();
 2441              		.loc 1 134 0
 2442 00a4 FEFFFFEB 		bl	Task8
 135:../lab12-cyclic.c ****     Task9();
 2443              		.loc 1 135 0
 2444 00a8 FEFFFFEB 		bl	Task9
 136:../lab12-cyclic.c **** 
 137:../lab12-cyclic.c ****     pbs_open( isr_pb );                                          /* Instala isr_pbs como RTI por pr
 2445              		.loc 1 137 0
 2446 00ac 94009FE5 		ldr	r0, .L7+28
 2447 00b0 FEFFFFEB 		bl	pbs_open
 138:../lab12-cyclic.c ****     timer0_open_ms( isr_tick, MINOR_PERIOD, TIMER_INTERVAL );    /* Instala isr_tick como RTI del t
 2448              		.loc 1 138 0
 2449 00b4 90009FE5 		ldr	r0, .L7+32
 2450 00b8 3210A0E3 		mov	r1, #50
 2451 00bc 0120A0E3 		mov	r2, #1
 2452 00c0 FEFFFFEB 		bl	timer0_open_ms
 2453 00c4 000000EA 		b	.L5
 2454              	.L6:
 139:../lab12-cyclic.c ****         
 140:../lab12-cyclic.c ****     while( 1 )
 141:../lab12-cyclic.c ****     {
 142:../lab12-cyclic.c ****         sleep();                        /* Entra en estado IDLE, sale por interrupción */
 143:../lab12-cyclic.c ****         if( flagTimer )
 144:../lab12-cyclic.c ****         {
 145:../lab12-cyclic.c ****         	flagTimer = FALSE;
 146:../lab12-cyclic.c ****         	(*pjobs[i])();              /* Las tareas que forman el trabajo se ejecutan en esta hebra 
 147:../lab12-cyclic.c ****         	i = ( i==NUM_JOBS-1 ? 0 : i+1 );
 148:../lab12-cyclic.c ****         }
 149:../lab12-cyclic.c ****     }
 2455              		.loc 1 149 0
 2456 00c8 0000A0E1 		mov	r0, r0	@ nop
 2457              	.L5:
 142:../lab12-cyclic.c ****         sleep();                        /* Entra en estado IDLE, sale por interrupción */
 2458              		.loc 1 142 0
 2459 00cc FEFFFFEB 		bl	sleep
 143:../lab12-cyclic.c ****         if( flagTimer )
 2460              		.loc 1 143 0
 2461 00d0 68309FE5 		ldr	r3, .L7+20
 2462 00d4 0030D3E5 		ldrb	r3, [r3, #0]
 2463 00d8 FF3003E2 		and	r3, r3, #255
 2464 00dc 000053E3 		cmp	r3, #0
 2465 00e0 F8FFFF0A 		beq	.L6
 145:../lab12-cyclic.c ****         	flagTimer = FALSE;
 2466              		.loc 1 145 0
 2467 00e4 54309FE5 		ldr	r3, .L7+20
 2468 00e8 0020A0E3 		mov	r2, #0
 2469 00ec 0020C3E5 		strb	r2, [r3, #0]
 146:../lab12-cyclic.c ****         	(*pjobs[i])();              /* Las tareas que forman el trabajo se ejecutan en esta hebra 
 2470              		.loc 1 146 0
 2471 00f0 0D205BE5 		ldrb	r2, [fp, #-13]	@ zero_extendqisi2
 2472 00f4 54309FE5 		ldr	r3, .L7+36
 2473 00f8 023193E7 		ldr	r3, [r3, r2, asl #2]
 2474 00fc 0FE0A0E1 		mov	lr, pc
 2475 0100 13FF2FE1 		bx	r3
 147:../lab12-cyclic.c ****         	i = ( i==NUM_JOBS-1 ? 0 : i+1 );
 2476              		.loc 1 147 0
 2477 0104 0D305BE5 		ldrb	r3, [fp, #-13]	@ zero_extendqisi2
 2478 0108 C70053E3 		cmp	r3, #199
 2479 010c 0300000A 		beq	.L3
 147:../lab12-cyclic.c ****         	i = ( i==NUM_JOBS-1 ? 0 : i+1 );
 2480              		.loc 1 147 0 is_stmt 0 discriminator 1
 2481 0110 0D305BE5 		ldrb	r3, [fp, #-13]
 2482 0114 013083E2 		add	r3, r3, #1
 2483 0118 FF3003E2 		and	r3, r3, #255
 2484 011c 000000EA 		b	.L4
 2485              	.L3:
 147:../lab12-cyclic.c ****         	i = ( i==NUM_JOBS-1 ? 0 : i+1 );
 2486              		.loc 1 147 0 discriminator 2
 2487 0120 0030A0E3 		mov	r3, #0
 2488              	.L4:
 147:../lab12-cyclic.c ****         	i = ( i==NUM_JOBS-1 ? 0 : i+1 );
 2489              		.loc 1 147 0 discriminator 3
 2490 0124 0D304BE5 		strb	r3, [fp, #-13]
 2491              		.loc 1 149 0 is_stmt 1 discriminator 3
 2492 0128 E7FFFFEA 		b	.L5
 2493              	.L8:
 2494              		.align	2
 2495              	.L7:
 2496 012c 20030000 		.word	.LC0
 2497 0130 50030000 		.word	.LC1
 2498 0134 00000000 		.word	flagTask5
 2499 0138 00000000 		.word	flagTask6
 2500 013c 00000000 		.word	flagPb
 2501 0140 00000000 		.word	flagTimer
 2502 0144 00000000 		.word	flagTask8
 2503 0148 00000000 		.word	isr_pb
 2504 014c 00000000 		.word	isr_tick
 2505 0150 00000000 		.word	pjobs
 2506              		.cfi_endproc
 2507              	.LFE0:
 2509              		.align	2
 2510              		.global	JobA
 2512              	JobA:
 2513              	.LFB1:
 150:../lab12-cyclic.c **** }
 151:../lab12-cyclic.c **** 
 152:../lab12-cyclic.c **** /*******************************************************************/
 153:../lab12-cyclic.c **** 
 154:../lab12-cyclic.c **** void JobA( void )
 155:../lab12-cyclic.c **** {
 2514              		.loc 1 155 0
 2515              		.cfi_startproc
 2516              		@ Function supports interworking.
 2517              		@ args = 0, pretend = 0, frame = 0
 2518              		@ frame_needed = 1, uses_anonymous_args = 0
 2519 0154 0DC0A0E1 		mov	ip, sp
 2520              	.LCFI2:
 2521              		.cfi_def_cfa_register 12
 2522 0158 00D82DE9 		stmfd	sp!, {fp, ip, lr, pc}
 2523 015c 04B04CE2 		sub	fp, ip, #4
 2524              		.cfi_offset 14, -8
 2525              		.cfi_offset 13, -12
 2526              		.cfi_offset 11, -16
 2527              	.LCFI3:
 2528              		.cfi_def_cfa 11, 4
 156:../lab12-cyclic.c ****     Task2();
 2529              		.loc 1 156 0
 2530 0160 FEFFFFEB 		bl	Task2
 157:../lab12-cyclic.c ****     Task7();
 2531              		.loc 1 157 0
 2532 0164 FEFFFFEB 		bl	Task7
 158:../lab12-cyclic.c **** }
 2533              		.loc 1 158 0
 2534 0168 0CD04BE2 		sub	sp, fp, #12
 2535 016c 00689DE8 		ldmfd	sp, {fp, sp, lr}
 2536 0170 1EFF2FE1 		bx	lr
 2537              		.cfi_endproc
 2538              	.LFE1:
 2540              		.align	2
 2541              		.global	JobB
 2543              	JobB:
 2544              	.LFB2:
 159:../lab12-cyclic.c **** 
 160:../lab12-cyclic.c **** void JobB( void )
 161:../lab12-cyclic.c **** {
 2545              		.loc 1 161 0
 2546              		.cfi_startproc
 2547              		@ Function supports interworking.
 2548              		@ args = 0, pretend = 0, frame = 0
 2549              		@ frame_needed = 1, uses_anonymous_args = 0
 2550 0174 0DC0A0E1 		mov	ip, sp
 2551              	.LCFI4:
 2552              		.cfi_def_cfa_register 12
 2553 0178 00D82DE9 		stmfd	sp!, {fp, ip, lr, pc}
 2554 017c 04B04CE2 		sub	fp, ip, #4
 2555              		.cfi_offset 14, -8
 2556              		.cfi_offset 13, -12
 2557              		.cfi_offset 11, -16
 2558              	.LCFI5:
 2559              		.cfi_def_cfa 11, 4
 162:../lab12-cyclic.c ****     Task2();
 2560              		.loc 1 162 0
 2561 0180 FEFFFFEB 		bl	Task2
 163:../lab12-cyclic.c ****     Task5();
 2562              		.loc 1 163 0
 2563 0184 FEFFFFEB 		bl	Task5
 164:../lab12-cyclic.c ****     Task6();
 2564              		.loc 1 164 0
 2565 0188 FEFFFFEB 		bl	Task6
 165:../lab12-cyclic.c ****     Task7();
 2566              		.loc 1 165 0
 2567 018c FEFFFFEB 		bl	Task7
 166:../lab12-cyclic.c ****     Task8();
 2568              		.loc 1 166 0
 2569 0190 FEFFFFEB 		bl	Task8
 167:../lab12-cyclic.c **** }
 2570              		.loc 1 167 0
 2571 0194 0CD04BE2 		sub	sp, fp, #12
 2572 0198 00689DE8 		ldmfd	sp, {fp, sp, lr}
 2573 019c 1EFF2FE1 		bx	lr
 2574              		.cfi_endproc
 2575              	.LFE2:
 2577              		.align	2
 2578              		.global	JobC
 2580              	JobC:
 2581              	.LFB3:
 168:../lab12-cyclic.c **** 
 169:../lab12-cyclic.c **** void JobC( void )
 170:../lab12-cyclic.c **** {
 2582              		.loc 1 170 0
 2583              		.cfi_startproc
 2584              		@ Function supports interworking.
 2585              		@ args = 0, pretend = 0, frame = 0
 2586              		@ frame_needed = 1, uses_anonymous_args = 0
 2587 01a0 0DC0A0E1 		mov	ip, sp
 2588              	.LCFI6:
 2589              		.cfi_def_cfa_register 12
 2590 01a4 00D82DE9 		stmfd	sp!, {fp, ip, lr, pc}
 2591 01a8 04B04CE2 		sub	fp, ip, #4
 2592              		.cfi_offset 14, -8
 2593              		.cfi_offset 13, -12
 2594              		.cfi_offset 11, -16
 2595              	.LCFI7:
 2596              		.cfi_def_cfa 11, 4
 171:../lab12-cyclic.c ****     Task2();
 2597              		.loc 1 171 0
 2598 01ac FEFFFFEB 		bl	Task2
 172:../lab12-cyclic.c ****     Task5();
 2599              		.loc 1 172 0
 2600 01b0 FEFFFFEB 		bl	Task5
 173:../lab12-cyclic.c ****     Task6();
 2601              		.loc 1 173 0
 2602 01b4 FEFFFFEB 		bl	Task6
 174:../lab12-cyclic.c ****     Task1();
 2603              		.loc 1 174 0
 2604 01b8 FEFFFFEB 		bl	Task1
 175:../lab12-cyclic.c ****     Task7();
 2605              		.loc 1 175 0
 2606 01bc FEFFFFEB 		bl	Task7
 176:../lab12-cyclic.c ****     Task8();
 2607              		.loc 1 176 0
 2608 01c0 FEFFFFEB 		bl	Task8
 177:../lab12-cyclic.c **** }
 2609              		.loc 1 177 0
 2610 01c4 0CD04BE2 		sub	sp, fp, #12
 2611 01c8 00689DE8 		ldmfd	sp, {fp, sp, lr}
 2612 01cc 1EFF2FE1 		bx	lr
 2613              		.cfi_endproc
 2614              	.LFE3:
 2616              		.align	2
 2617              		.global	JobD
 2619              	JobD:
 2620              	.LFB4:
 178:../lab12-cyclic.c **** 
 179:../lab12-cyclic.c **** void JobD( void )
 180:../lab12-cyclic.c **** {
 2621              		.loc 1 180 0
 2622              		.cfi_startproc
 2623              		@ Function supports interworking.
 2624              		@ args = 0, pretend = 0, frame = 0
 2625              		@ frame_needed = 1, uses_anonymous_args = 0
 2626 01d0 0DC0A0E1 		mov	ip, sp
 2627              	.LCFI8:
 2628              		.cfi_def_cfa_register 12
 2629 01d4 00D82DE9 		stmfd	sp!, {fp, ip, lr, pc}
 2630 01d8 04B04CE2 		sub	fp, ip, #4
 2631              		.cfi_offset 14, -8
 2632              		.cfi_offset 13, -12
 2633              		.cfi_offset 11, -16
 2634              	.LCFI9:
 2635              		.cfi_def_cfa 11, 4
 181:../lab12-cyclic.c ****     Task2();
 2636              		.loc 1 181 0
 2637 01dc FEFFFFEB 		bl	Task2
 182:../lab12-cyclic.c ****     Task5();
 2638              		.loc 1 182 0
 2639 01e0 FEFFFFEB 		bl	Task5
 183:../lab12-cyclic.c ****     Task6();
 2640              		.loc 1 183 0
 2641 01e4 FEFFFFEB 		bl	Task6
 184:../lab12-cyclic.c ****     Task1();
 2642              		.loc 1 184 0
 2643 01e8 FEFFFFEB 		bl	Task1
 185:../lab12-cyclic.c ****     Task3();
 2644              		.loc 1 185 0
 2645 01ec FEFFFFEB 		bl	Task3
 186:../lab12-cyclic.c ****     Task9();
 2646              		.loc 1 186 0
 2647 01f0 FEFFFFEB 		bl	Task9
 187:../lab12-cyclic.c ****     Task7();
 2648              		.loc 1 187 0
 2649 01f4 FEFFFFEB 		bl	Task7
 188:../lab12-cyclic.c ****     Task8();
 2650              		.loc 1 188 0
 2651 01f8 FEFFFFEB 		bl	Task8
 189:../lab12-cyclic.c **** }
 2652              		.loc 1 189 0
 2653 01fc 0CD04BE2 		sub	sp, fp, #12
 2654 0200 00689DE8 		ldmfd	sp, {fp, sp, lr}
 2655 0204 1EFF2FE1 		bx	lr
 2656              		.cfi_endproc
 2657              	.LFE4:
 2659              		.align	2
 2660              		.global	JobE
 2662              	JobE:
 2663              	.LFB5:
 190:../lab12-cyclic.c **** 
 191:../lab12-cyclic.c **** void JobE( void )
 192:../lab12-cyclic.c **** {
 2664              		.loc 1 192 0
 2665              		.cfi_startproc
 2666              		@ Function supports interworking.
 2667              		@ args = 0, pretend = 0, frame = 0
 2668              		@ frame_needed = 1, uses_anonymous_args = 0
 2669 0208 0DC0A0E1 		mov	ip, sp
 2670              	.LCFI10:
 2671              		.cfi_def_cfa_register 12
 2672 020c 00D82DE9 		stmfd	sp!, {fp, ip, lr, pc}
 2673 0210 04B04CE2 		sub	fp, ip, #4
 2674              		.cfi_offset 14, -8
 2675              		.cfi_offset 13, -12
 2676              		.cfi_offset 11, -16
 2677              	.LCFI11:
 2678              		.cfi_def_cfa 11, 4
 193:../lab12-cyclic.c ****     Task2();
 2679              		.loc 1 193 0
 2680 0214 FEFFFFEB 		bl	Task2
 194:../lab12-cyclic.c ****     Task5();
 2681              		.loc 1 194 0
 2682 0218 FEFFFFEB 		bl	Task5
 195:../lab12-cyclic.c ****     Task6();
 2683              		.loc 1 195 0
 2684 021c FEFFFFEB 		bl	Task6
 196:../lab12-cyclic.c ****     Task1();
 2685              		.loc 1 196 0
 2686 0220 FEFFFFEB 		bl	Task1
 197:../lab12-cyclic.c ****     Task3();
 2687              		.loc 1 197 0
 2688 0224 FEFFFFEB 		bl	Task3
 198:../lab12-cyclic.c ****     Task9();
 2689              		.loc 1 198 0
 2690 0228 FEFFFFEB 		bl	Task9
 199:../lab12-cyclic.c ****     Task4();
 2691              		.loc 1 199 0
 2692 022c FEFFFFEB 		bl	Task4
 200:../lab12-cyclic.c ****     Task7();
 2693              		.loc 1 200 0
 2694 0230 FEFFFFEB 		bl	Task7
 201:../lab12-cyclic.c ****     Task8();
 2695              		.loc 1 201 0
 2696 0234 FEFFFFEB 		bl	Task8
 202:../lab12-cyclic.c **** }
 2697              		.loc 1 202 0
 2698 0238 0CD04BE2 		sub	sp, fp, #12
 2699 023c 00689DE8 		ldmfd	sp, {fp, sp, lr}
 2700 0240 1EFF2FE1 		bx	lr
 2701              		.cfi_endproc
 2702              	.LFE5:
 2704              		.section	.rodata
 2705 037e 0000     		.align	2
 2706              	.LC2:
 2707 0380 20546173 		.ascii	" Task 1: iniciada.\012\000"
 2707      6B20313A 
 2707      20696E69 
 2707      63696164 
 2707      612E0A00 
 2708              		.text
 2709              		.align	2
 2710              		.global	Task1
 2712              	Task1:
 2713              	.LFB6:
 203:../lab12-cyclic.c **** 
 204:../lab12-cyclic.c **** /*******************************************************************/
 205:../lab12-cyclic.c **** 
 206:../lab12-cyclic.c **** void Task1( void )  /* Cada 0,5 segundos (50 ticks) alterna el led que se enciende */
 207:../lab12-cyclic.c **** {
 2714              		.loc 1 207 0
 2715              		.cfi_startproc
 2716              		@ Function supports interworking.
 2717              		@ args = 0, pretend = 0, frame = 0
 2718              		@ frame_needed = 1, uses_anonymous_args = 0
 2719 0244 0DC0A0E1 		mov	ip, sp
 2720              	.LCFI12:
 2721              		.cfi_def_cfa_register 12
 2722 0248 00D82DE9 		stmfd	sp!, {fp, ip, lr, pc}
 2723 024c 04B04CE2 		sub	fp, ip, #4
 2724              		.cfi_offset 14, -8
 2725              		.cfi_offset 13, -12
 2726              		.cfi_offset 11, -16
 2727              	.LCFI13:
 2728              		.cfi_def_cfa 11, 4
 208:../lab12-cyclic.c ****     static boolean init = TRUE;
 209:../lab12-cyclic.c **** 
 210:../lab12-cyclic.c ****     if( init )
 2729              		.loc 1 210 0
 2730 0250 4C309FE5 		ldr	r3, .L17
 2731 0254 0030D3E5 		ldrb	r3, [r3, #0]	@ zero_extendqisi2
 2732 0258 000053E3 		cmp	r3, #0
 2733 025c 0900000A 		beq	.L15
 211:../lab12-cyclic.c ****     {
 212:../lab12-cyclic.c ****         init = FALSE;
 2734              		.loc 1 212 0
 2735 0260 3C309FE5 		ldr	r3, .L17
 2736 0264 0020A0E3 		mov	r2, #0
 2737 0268 0020C3E5 		strb	r2, [r3, #0]
 213:../lab12-cyclic.c ****         uart0_puts( " Task 1: iniciada.\n" );  /* Muestra un mensaje inicial en la UART0 (no es nec
 2738              		.loc 1 213 0
 2739 026c 34009FE5 		ldr	r0, .L17+4
 2740 0270 FEFFFFEB 		bl	uart0_puts
 214:../lab12-cyclic.c ****         led_on( LEFT_LED );
 2741              		.loc 1 214 0
 2742 0274 0100A0E3 		mov	r0, #1
 2743 0278 FEFFFFEB 		bl	led_on
 215:../lab12-cyclic.c ****         led_off( RIGHT_LED );
 2744              		.loc 1 215 0
 2745 027c 0200A0E3 		mov	r0, #2
 2746 0280 FEFFFFEB 		bl	led_off
 2747 0284 030000EA 		b	.L14
 2748              	.L15:
 216:../lab12-cyclic.c ****     }
 217:../lab12-cyclic.c ****     else
 218:../lab12-cyclic.c ****     {
 219:../lab12-cyclic.c ****         led_toggle( LEFT_LED );
 2749              		.loc 1 219 0
 2750 0288 0100A0E3 		mov	r0, #1
 2751 028c FEFFFFEB 		bl	led_toggle
 220:../lab12-cyclic.c ****         led_toggle( RIGHT_LED );
 2752              		.loc 1 220 0
 2753 0290 0200A0E3 		mov	r0, #2
 2754 0294 FEFFFFEB 		bl	led_toggle
 2755              	.L14:
 221:../lab12-cyclic.c ****     }
 222:../lab12-cyclic.c **** }
 2756              		.loc 1 222 0
 2757 0298 0CD04BE2 		sub	sp, fp, #12
 2758 029c 00689DE8 		ldmfd	sp, {fp, sp, lr}
 2759 02a0 1EFF2FE1 		bx	lr
 2760              	.L18:
 2761              		.align	2
 2762              	.L17:
 2763 02a4 08000000 		.word	init.4198
 2764 02a8 80030000 		.word	.LC2
 2765              		.cfi_endproc
 2766              	.LFE6:
 2768              		.section	.rodata
 2769              		.align	2
 2770              	.LC3:
 2771 0394 20546173 		.ascii	" Task 2: iniciada.\012\000"
 2771      6B20323A 
 2771      20696E69 
 2771      63696164 
 2771      612E0A00 
 2772              		.text
 2773              		.align	2
 2774              		.global	Task2
 2776              	Task2:
 2777              	.LFB7:
 223:../lab12-cyclic.c **** 
 224:../lab12-cyclic.c **** void Task2( void )  /* Cada 50 ms (5 ticks) muestrea el keypad y envía el scancode a otras tareas *
 225:../lab12-cyclic.c **** {
 2778              		.loc 1 225 0
 2779              		.cfi_startproc
 2780              		@ Function supports interworking.
 2781              		@ args = 0, pretend = 0, frame = 0
 2782              		@ frame_needed = 1, uses_anonymous_args = 0
 2783 02ac 0DC0A0E1 		mov	ip, sp
 2784              	.LCFI14:
 2785              		.cfi_def_cfa_register 12
 2786 02b0 00D82DE9 		stmfd	sp!, {fp, ip, lr, pc}
 2787 02b4 04B04CE2 		sub	fp, ip, #4
 2788              		.cfi_offset 14, -8
 2789              		.cfi_offset 13, -12
 2790              		.cfi_offset 11, -16
 2791              	.LCFI15:
 2792              		.cfi_def_cfa 11, 4
 226:../lab12-cyclic.c ****     static boolean init = TRUE;
 227:../lab12-cyclic.c ****     static enum { wait_keydown, scan, wait_keyup } state;
 228:../lab12-cyclic.c **** 
 229:../lab12-cyclic.c ****     if( init )
 2793              		.loc 1 229 0
 2794 02b8 FC309FE5 		ldr	r3, .L30
 2795 02bc 0030D3E5 		ldrb	r3, [r3, #0]	@ zero_extendqisi2
 2796 02c0 000053E3 		cmp	r3, #0
 2797 02c4 0800000A 		beq	.L20
 230:../lab12-cyclic.c ****     {
 231:../lab12-cyclic.c ****         init  = FALSE;
 2798              		.loc 1 231 0
 2799 02c8 EC309FE5 		ldr	r3, .L30
 2800 02cc 0020A0E3 		mov	r2, #0
 2801 02d0 0020C3E5 		strb	r2, [r3, #0]
 232:../lab12-cyclic.c ****         uart0_puts( " Task 2: iniciada.\n" );  /* Muestra un mensaje inicial en la UART0 (no es nec
 2802              		.loc 1 232 0
 2803 02d4 E4009FE5 		ldr	r0, .L30+4
 2804 02d8 FEFFFFEB 		bl	uart0_puts
 233:../lab12-cyclic.c ****         state = wait_keydown;
 2805              		.loc 1 233 0
 2806 02dc E0309FE5 		ldr	r3, .L30+8
 2807 02e0 0020A0E3 		mov	r2, #0
 2808 02e4 0020C3E5 		strb	r2, [r3, #0]
 2809 02e8 300000EA 		b	.L19
 2810              	.L20:
 234:../lab12-cyclic.c ****     }
 235:../lab12-cyclic.c ****     else switch( state )
 2811              		.loc 1 235 0
 2812 02ec D0309FE5 		ldr	r3, .L30+8
 2813 02f0 0030D3E5 		ldrb	r3, [r3, #0]	@ zero_extendqisi2
 2814 02f4 010053E3 		cmp	r3, #1
 2815 02f8 0B00000A 		beq	.L23
 2816 02fc 020053E3 		cmp	r3, #2
 2817 0300 1F00000A 		beq	.L24
 2818 0304 000053E3 		cmp	r3, #0
 2819 0308 2800001A 		bne	.L19
 2820              	.L22:
 236:../lab12-cyclic.c ****     {
 237:../lab12-cyclic.c ****         case wait_keydown:
 238:../lab12-cyclic.c ****             if( keypad_pressed() )
 2821              		.loc 1 238 0
 2822 030c FEFFFFEB 		bl	keypad_pressed
 2823 0310 0030A0E1 		mov	r3, r0
 2824 0314 000053E3 		cmp	r3, #0
 2825 0318 2100000A 		beq	.L28
 239:../lab12-cyclic.c ****                 state = scan;
 2826              		.loc 1 239 0
 2827 031c A0309FE5 		ldr	r3, .L30+8
 2828 0320 0120A0E3 		mov	r2, #1
 2829 0324 0020C3E5 		strb	r2, [r3, #0]
 240:../lab12-cyclic.c ****             break;
 2830              		.loc 1 240 0
 2831 0328 200000EA 		b	.L19
 2832              	.L23:
 241:../lab12-cyclic.c ****         case scan:
 242:../lab12-cyclic.c ****             scancode = keypad_scan();
 2833              		.loc 1 242 0
 2834 032c FEFFFFEB 		bl	keypad_scan
 2835 0330 0030A0E1 		mov	r3, r0
 2836 0334 0320A0E1 		mov	r2, r3
 2837 0338 88309FE5 		ldr	r3, .L30+12
 2838 033c 0020C3E5 		strb	r2, [r3, #0]
 243:../lab12-cyclic.c ****             if( scancode != KEYPAD_FAILURE )
 2839              		.loc 1 243 0
 2840 0340 80309FE5 		ldr	r3, .L30+12
 2841 0344 0030D3E5 		ldrb	r3, [r3, #0]	@ zero_extendqisi2
 2842 0348 FF0053E3 		cmp	r3, #255
 2843 034c 0800000A 		beq	.L26
 244:../lab12-cyclic.c ****             {
 245:../lab12-cyclic.c ****                 flagTask5 = TRUE;
 2844              		.loc 1 245 0
 2845 0350 74309FE5 		ldr	r3, .L30+16
 2846 0354 0120A0E3 		mov	r2, #1
 2847 0358 0020C3E5 		strb	r2, [r3, #0]
 246:../lab12-cyclic.c ****                 flagTask6 = TRUE;
 2848              		.loc 1 246 0
 2849 035c 6C309FE5 		ldr	r3, .L30+20
 2850 0360 0120A0E3 		mov	r2, #1
 2851 0364 0020C3E5 		strb	r2, [r3, #0]
 247:../lab12-cyclic.c ****                 flagTask8 = TRUE;
 2852              		.loc 1 247 0
 2853 0368 64309FE5 		ldr	r3, .L30+24
 2854 036c 0120A0E3 		mov	r2, #1
 2855 0370 0020C3E5 		strb	r2, [r3, #0]
 2856              	.L26:
 248:../lab12-cyclic.c ****             }
 249:../lab12-cyclic.c ****             state = wait_keyup;
 2857              		.loc 1 249 0
 2858 0374 48309FE5 		ldr	r3, .L30+8
 2859 0378 0220A0E3 		mov	r2, #2
 2860 037c 0020C3E5 		strb	r2, [r3, #0]
 250:../lab12-cyclic.c ****             break;
 2861              		.loc 1 250 0
 2862 0380 0A0000EA 		b	.L19
 2863              	.L24:
 251:../lab12-cyclic.c ****         case wait_keyup:
 252:../lab12-cyclic.c ****             if( !keypad_pressed() )
 2864              		.loc 1 252 0
 2865 0384 FEFFFFEB 		bl	keypad_pressed
 2866 0388 0030A0E1 		mov	r3, r0
 2867 038c 000053E3 		cmp	r3, #0
 2868 0390 0500001A 		bne	.L29
 253:../lab12-cyclic.c ****                 state = wait_keydown;
 2869              		.loc 1 253 0
 2870 0394 28309FE5 		ldr	r3, .L30+8
 2871 0398 0020A0E3 		mov	r2, #0
 2872 039c 0020C3E5 		strb	r2, [r3, #0]
 254:../lab12-cyclic.c ****             break;
 2873              		.loc 1 254 0
 2874 03a0 020000EA 		b	.L19
 2875              	.L28:
 240:../lab12-cyclic.c ****             break;
 2876              		.loc 1 240 0
 2877 03a4 0000A0E1 		mov	r0, r0	@ nop
 2878 03a8 000000EA 		b	.L19
 2879              	.L29:
 2880              		.loc 1 254 0
 2881 03ac 0000A0E1 		mov	r0, r0	@ nop
 2882              	.L19:
 255:../lab12-cyclic.c ****     }
 256:../lab12-cyclic.c **** }
 2883              		.loc 1 256 0
 2884 03b0 0CD04BE2 		sub	sp, fp, #12
 2885 03b4 00689DE8 		ldmfd	sp, {fp, sp, lr}
 2886 03b8 1EFF2FE1 		bx	lr
 2887              	.L31:
 2888              		.align	2
 2889              	.L30:
 2890 03bc 07000000 		.word	init.4202
 2891 03c0 94030000 		.word	.LC3
 2892 03c4 04000000 		.word	state.4207
 2893 03c8 00000000 		.word	scancode
 2894 03cc 00000000 		.word	flagTask5
 2895 03d0 00000000 		.word	flagTask6
 2896 03d4 00000000 		.word	flagTask8
 2897              		.cfi_endproc
 2898              	.LFE7:
 2900              		.section	.rodata
 2901              		.align	2
 2902              	.LC4:
 2903 03a8 20546173 		.ascii	" Task 3: iniciada.\012\000"
 2903      6B20333A 
 2903      20696E69 
 2903      63696164 
 2903      612E0A00 
 2904              		.align	2
 2905              	.LC5:
 2906 03bc 20202854 		.ascii	"  (Task 3) Hora: \000"
 2906      61736B20 
 2906      33292048 
 2906      6F72613A 
 2906      2000
 2907 03ce 0000     		.align	2
 2908              	.LC6:
 2909 03d0 0A00     		.ascii	"\012\000"
 2910              		.text
 2911              		.align	2
 2912              		.global	Task3
 2914              	Task3:
 2915              	.LFB8:
 257:../lab12-cyclic.c **** 
 258:../lab12-cyclic.c **** void Task3( void  )  /* Cada segundo (100 ticks) muestra por la UART0 la hora del RTC */
 259:../lab12-cyclic.c **** {
 2916              		.loc 1 259 0
 2917              		.cfi_startproc
 2918              		@ Function supports interworking.
 2919              		@ args = 0, pretend = 0, frame = 8
 2920              		@ frame_needed = 1, uses_anonymous_args = 0
 2921 03d8 0DC0A0E1 		mov	ip, sp
 2922              	.LCFI16:
 2923              		.cfi_def_cfa_register 12
 2924 03dc 00D82DE9 		stmfd	sp!, {fp, ip, lr, pc}
 2925 03e0 04B04CE2 		sub	fp, ip, #4
 2926              		.cfi_offset 14, -8
 2927              		.cfi_offset 13, -12
 2928              		.cfi_offset 11, -16
 2929              	.LCFI17:
 2930              		.cfi_def_cfa 11, 4
 2931 03e4 08D04DE2 		sub	sp, sp, #8
 260:../lab12-cyclic.c ****     static boolean init = TRUE;
 261:../lab12-cyclic.c ****     rtc_time_t rtc_time;
 262:../lab12-cyclic.c **** 
 263:../lab12-cyclic.c ****     if( init )
 2932              		.loc 1 263 0
 2933 03e8 7C309FE5 		ldr	r3, .L35
 2934 03ec 0030D3E5 		ldrb	r3, [r3, #0]	@ zero_extendqisi2
 2935 03f0 000053E3 		cmp	r3, #0
 2936 03f4 0500000A 		beq	.L33
 264:../lab12-cyclic.c ****     {
 265:../lab12-cyclic.c ****         init = FALSE;
 2937              		.loc 1 265 0
 2938 03f8 6C309FE5 		ldr	r3, .L35
 2939 03fc 0020A0E3 		mov	r2, #0
 2940 0400 0020C3E5 		strb	r2, [r3, #0]
 266:../lab12-cyclic.c ****         uart0_puts( " Task 3: iniciada.\n" );  /* Muestra un mensaje inicial en la UART0 (no es nec
 2941              		.loc 1 266 0
 2942 0404 64009FE5 		ldr	r0, .L35+4
 2943 0408 FEFFFFEB 		bl	uart0_puts
 2944 040c 130000EA 		b	.L32
 2945              	.L33:
 267:../lab12-cyclic.c ****     }
 268:../lab12-cyclic.c ****     else
 269:../lab12-cyclic.c ****     {
 270:../lab12-cyclic.c ****         rtc_gettime( &rtc_time );
 2946              		.loc 1 270 0
 2947 0410 14304BE2 		sub	r3, fp, #20
 2948 0414 0300A0E1 		mov	r0, r3
 2949 0418 FEFFFFEB 		bl	rtc_gettime
 271:../lab12-cyclic.c ****         uart0_puts( "  (Task 3) Hora: " );
 2950              		.loc 1 271 0
 2951 041c 50009FE5 		ldr	r0, .L35+8
 2952 0420 FEFFFFEB 		bl	uart0_puts
 272:../lab12-cyclic.c ****         uart0_putint( rtc_time.hour );
 2953              		.loc 1 272 0
 2954 0424 12305BE5 		ldrb	r3, [fp, #-18]	@ zero_extendqisi2
 2955 0428 0300A0E1 		mov	r0, r3
 2956 042c FEFFFFEB 		bl	uart0_putint
 273:../lab12-cyclic.c ****         uart0_putchar( ':' );
 2957              		.loc 1 273 0
 2958 0430 3A00A0E3 		mov	r0, #58
 2959 0434 FEFFFFEB 		bl	uart0_putchar
 274:../lab12-cyclic.c ****         uart0_putint( rtc_time.min );
 2960              		.loc 1 274 0
 2961 0438 13305BE5 		ldrb	r3, [fp, #-19]	@ zero_extendqisi2
 2962 043c 0300A0E1 		mov	r0, r3
 2963 0440 FEFFFFEB 		bl	uart0_putint
 275:../lab12-cyclic.c ****         uart0_putchar( ':' );
 2964              		.loc 1 275 0
 2965 0444 3A00A0E3 		mov	r0, #58
 2966 0448 FEFFFFEB 		bl	uart0_putchar
 276:../lab12-cyclic.c ****         uart0_putint( rtc_time.sec );
 2967              		.loc 1 276 0
 2968 044c 14305BE5 		ldrb	r3, [fp, #-20]	@ zero_extendqisi2
 2969 0450 0300A0E1 		mov	r0, r3
 2970 0454 FEFFFFEB 		bl	uart0_putint
 277:../lab12-cyclic.c ****         uart0_puts( "\n" );
 2971              		.loc 1 277 0
 2972 0458 18009FE5 		ldr	r0, .L35+12
 2973 045c FEFFFFEB 		bl	uart0_puts
 2974              	.L32:
 278:../lab12-cyclic.c ****     }
 279:../lab12-cyclic.c **** }
 2975              		.loc 1 279 0
 2976 0460 0CD04BE2 		sub	sp, fp, #12
 2977 0464 00689DE8 		ldmfd	sp, {fp, sp, lr}
 2978 0468 1EFF2FE1 		bx	lr
 2979              	.L36:
 2980              		.align	2
 2981              	.L35:
 2982 046c 06000000 		.word	init.4215
 2983 0470 A8030000 		.word	.LC4
 2984 0474 BC030000 		.word	.LC5
 2985 0478 D0030000 		.word	.LC6
 2986              		.cfi_endproc
 2987              	.LFE8:
 2989              		.section	.rodata
 2990 03d2 0000     		.align	2
 2991              	.LC7:
 2992 03d4 20546173 		.ascii	" Task 4: iniciada.\012\000"
 2992      6B20343A 
 2992      20696E69 
 2992      63696164 
 2992      612E0A00 
 2993              		.align	2
 2994              	.LC8:
 2995 03e8 20202854 		.ascii	"  (Task 4) Ticks: \000"
 2995      61736B20 
 2995      34292054 
 2995      69636B73 
 2995      3A2000
 2996              		.text
 2997              		.align	2
 2998              		.global	Task4
 3000              	Task4:
 3001              	.LFB9:
 280:../lab12-cyclic.c **** 
 281:../lab12-cyclic.c **** void Task4( void )  /* Cada 10 segundos (1000 ticks) muestra por la UART0 los ticks transcurridos *
 282:../lab12-cyclic.c **** {
 3002              		.loc 1 282 0
 3003              		.cfi_startproc
 3004              		@ Function supports interworking.
 3005              		@ args = 0, pretend = 0, frame = 0
 3006              		@ frame_needed = 1, uses_anonymous_args = 0
 3007 047c 0DC0A0E1 		mov	ip, sp
 3008              	.LCFI18:
 3009              		.cfi_def_cfa_register 12
 3010 0480 00D82DE9 		stmfd	sp!, {fp, ip, lr, pc}
 3011 0484 04B04CE2 		sub	fp, ip, #4
 3012              		.cfi_offset 14, -8
 3013              		.cfi_offset 13, -12
 3014              		.cfi_offset 11, -16
 3015              	.LCFI19:
 3016              		.cfi_def_cfa 11, 4
 283:../lab12-cyclic.c ****     static boolean init = TRUE;
 284:../lab12-cyclic.c ****     static uint32 ticks;
 285:../lab12-cyclic.c **** 
 286:../lab12-cyclic.c ****     if( init )
 3017              		.loc 1 286 0
 3018 0488 6C309FE5 		ldr	r3, .L40
 3019 048c 0030D3E5 		ldrb	r3, [r3, #0]	@ zero_extendqisi2
 3020 0490 000053E3 		cmp	r3, #0
 3021 0494 0800000A 		beq	.L38
 287:../lab12-cyclic.c ****     {
 288:../lab12-cyclic.c ****         init = FALSE;
 3022              		.loc 1 288 0
 3023 0498 5C309FE5 		ldr	r3, .L40
 3024 049c 0020A0E3 		mov	r2, #0
 3025 04a0 0020C3E5 		strb	r2, [r3, #0]
 289:../lab12-cyclic.c ****         uart0_puts( " Task 4: iniciada.\n" );  /* Muestra un mensaje inicial en la UART0 (no es nec
 3026              		.loc 1 289 0
 3027 04a4 54009FE5 		ldr	r0, .L40+4
 3028 04a8 FEFFFFEB 		bl	uart0_puts
 290:../lab12-cyclic.c ****         ticks = 0;
 3029              		.loc 1 290 0
 3030 04ac 50309FE5 		ldr	r3, .L40+8
 3031 04b0 0020A0E3 		mov	r2, #0
 3032 04b4 002083E5 		str	r2, [r3, #0]
 3033 04b8 0C0000EA 		b	.L37
 3034              	.L38:
 291:../lab12-cyclic.c ****     }
 292:../lab12-cyclic.c ****     else
 293:../lab12-cyclic.c ****     {
 294:../lab12-cyclic.c ****         ticks += TICKS_PER_SEC * 10;
 3035              		.loc 1 294 0
 3036 04bc 40309FE5 		ldr	r3, .L40+8
 3037 04c0 003093E5 		ldr	r3, [r3, #0]
 3038 04c4 FA2F83E2 		add	r2, r3, #1000
 3039 04c8 34309FE5 		ldr	r3, .L40+8
 3040 04cc 002083E5 		str	r2, [r3, #0]
 295:../lab12-cyclic.c ****         uart0_puts( "  (Task 4) Ticks: " );
 3041              		.loc 1 295 0
 3042 04d0 30009FE5 		ldr	r0, .L40+12
 3043 04d4 FEFFFFEB 		bl	uart0_puts
 296:../lab12-cyclic.c ****         uart0_putint( ticks );
 3044              		.loc 1 296 0
 3045 04d8 24309FE5 		ldr	r3, .L40+8
 3046 04dc 003093E5 		ldr	r3, [r3, #0]
 3047 04e0 0300A0E1 		mov	r0, r3
 3048 04e4 FEFFFFEB 		bl	uart0_putint
 297:../lab12-cyclic.c ****         uart0_puts( "\n" );
 3049              		.loc 1 297 0
 3050 04e8 1C009FE5 		ldr	r0, .L40+16
 3051 04ec FEFFFFEB 		bl	uart0_puts
 3052              	.L37:
 298:../lab12-cyclic.c ****     }
 299:../lab12-cyclic.c **** }
 3053              		.loc 1 299 0
 3054 04f0 0CD04BE2 		sub	sp, fp, #12
 3055 04f4 00689DE8 		ldmfd	sp, {fp, sp, lr}
 3056 04f8 1EFF2FE1 		bx	lr
 3057              	.L41:
 3058              		.align	2
 3059              	.L40:
 3060 04fc 05000000 		.word	init.4220
 3061 0500 D4030000 		.word	.LC7
 3062 0504 00000000 		.word	ticks.4221
 3063 0508 E8030000 		.word	.LC8
 3064 050c D0030000 		.word	.LC6
 3065              		.cfi_endproc
 3066              	.LFE9:
 3068              		.section	.rodata
 3069 03fb 00       		.align	2
 3070              	.LC9:
 3071 03fc 20546173 		.ascii	" Task 5: iniciada.\012\000"
 3071      6B20353A 
 3071      20696E69 
 3071      63696164 
 3071      612E0A00 
 3072              		.align	2
 3073              	.LC10:
 3074 0410 20202854 		.ascii	"  (Task 5) Tecla pulsada: \000"
 3074      61736B20 
 3074      35292054 
 3074      65636C61 
 3074      2070756C 
 3075              		.text
 3076              		.align	2
 3077              		.global	Task5
 3079              	Task5:
 3080              	.LFB10:
 300:../lab12-cyclic.c **** 
 301:../lab12-cyclic.c **** void Task5( void )  /* Cada vez que reciba un scancode lo muestra por la UART0 */
 302:../lab12-cyclic.c **** {
 3081              		.loc 1 302 0
 3082              		.cfi_startproc
 3083              		@ Function supports interworking.
 3084              		@ args = 0, pretend = 0, frame = 0
 3085              		@ frame_needed = 1, uses_anonymous_args = 0
 3086 0510 0DC0A0E1 		mov	ip, sp
 3087              	.LCFI20:
 3088              		.cfi_def_cfa_register 12
 3089 0514 00D82DE9 		stmfd	sp!, {fp, ip, lr, pc}
 3090 0518 04B04CE2 		sub	fp, ip, #4
 3091              		.cfi_offset 14, -8
 3092              		.cfi_offset 13, -12
 3093              		.cfi_offset 11, -16
 3094              	.LCFI21:
 3095              		.cfi_def_cfa 11, 4
 303:../lab12-cyclic.c ****     static boolean init = TRUE;
 304:../lab12-cyclic.c **** 
 305:../lab12-cyclic.c ****     if( init )
 3096              		.loc 1 305 0
 3097 051c 68309FE5 		ldr	r3, .L45
 3098 0520 0030D3E5 		ldrb	r3, [r3, #0]	@ zero_extendqisi2
 3099 0524 000053E3 		cmp	r3, #0
 3100 0528 0500000A 		beq	.L43
 306:../lab12-cyclic.c ****     {
 307:../lab12-cyclic.c ****         init = FALSE;
 3101              		.loc 1 307 0
 3102 052c 58309FE5 		ldr	r3, .L45
 3103 0530 0020A0E3 		mov	r2, #0
 3104 0534 0020C3E5 		strb	r2, [r3, #0]
 308:../lab12-cyclic.c ****         uart0_puts( " Task 5: iniciada.\n" );  /* Muestra un mensaje inicial en la UART0 (no es nec
 3105              		.loc 1 308 0
 3106 0538 50009FE5 		ldr	r0, .L45+4
 3107 053c FEFFFFEB 		bl	uart0_puts
 3108 0540 0E0000EA 		b	.L42
 3109              	.L43:
 309:../lab12-cyclic.c ****     }
 310:../lab12-cyclic.c ****     else if( flagTask5 )
 3110              		.loc 1 310 0
 3111 0544 48309FE5 		ldr	r3, .L45+8
 3112 0548 0030D3E5 		ldrb	r3, [r3, #0]	@ zero_extendqisi2
 3113 054c 000053E3 		cmp	r3, #0
 3114 0550 0A00000A 		beq	.L42
 311:../lab12-cyclic.c ****     {
 312:../lab12-cyclic.c ****         flagTask5 = FALSE;
 3115              		.loc 1 312 0
 3116 0554 38309FE5 		ldr	r3, .L45+8
 3117 0558 0020A0E3 		mov	r2, #0
 3118 055c 0020C3E5 		strb	r2, [r3, #0]
 313:../lab12-cyclic.c ****         uart0_puts( "  (Task 5) Tecla pulsada: " );
 3119              		.loc 1 313 0
 3120 0560 30009FE5 		ldr	r0, .L45+12
 3121 0564 FEFFFFEB 		bl	uart0_puts
 314:../lab12-cyclic.c ****         uart0_puthex( scancode );
 3122              		.loc 1 314 0
 3123 0568 2C309FE5 		ldr	r3, .L45+16
 3124 056c 0030D3E5 		ldrb	r3, [r3, #0]	@ zero_extendqisi2
 3125 0570 0300A0E1 		mov	r0, r3
 3126 0574 FEFFFFEB 		bl	uart0_puthex
 315:../lab12-cyclic.c ****         uart0_puts( "\n" );
 3127              		.loc 1 315 0
 3128 0578 20009FE5 		ldr	r0, .L45+20
 3129 057c FEFFFFEB 		bl	uart0_puts
 3130              	.L42:
 316:../lab12-cyclic.c ****     }
 317:../lab12-cyclic.c **** }
 3131              		.loc 1 317 0
 3132 0580 0CD04BE2 		sub	sp, fp, #12
 3133 0584 00689DE8 		ldmfd	sp, {fp, sp, lr}
 3134 0588 1EFF2FE1 		bx	lr
 3135              	.L46:
 3136              		.align	2
 3137              	.L45:
 3138 058c 04000000 		.word	init.4225
 3139 0590 FC030000 		.word	.LC9
 3140 0594 00000000 		.word	flagTask5
 3141 0598 10040000 		.word	.LC10
 3142 059c 00000000 		.word	scancode
 3143 05a0 D0030000 		.word	.LC6
 3144              		.cfi_endproc
 3145              	.LFE10:
 3147              		.section	.rodata
 3148 042b 00       		.align	2
 3149              	.LC11:
 3150 042c 20546173 		.ascii	" Task 6: iniciada.\012\000"
 3150      6B20363A 
 3150      20696E69 
 3150      63696164 
 3150      612E0A00 
 3151              		.text
 3152              		.align	2
 3153              		.global	Task6
 3155              	Task6:
 3156              	.LFB11:
 318:../lab12-cyclic.c **** 
 319:../lab12-cyclic.c **** void Task6( void )  /* Cada vez que reciba un scancode lo muestra por los 7 segmentos */
 320:../lab12-cyclic.c **** {
 3157              		.loc 1 320 0
 3158              		.cfi_startproc
 3159              		@ Function supports interworking.
 3160              		@ args = 0, pretend = 0, frame = 0
 3161              		@ frame_needed = 1, uses_anonymous_args = 0
 3162 05a4 0DC0A0E1 		mov	ip, sp
 3163              	.LCFI22:
 3164              		.cfi_def_cfa_register 12
 3165 05a8 00D82DE9 		stmfd	sp!, {fp, ip, lr, pc}
 3166 05ac 04B04CE2 		sub	fp, ip, #4
 3167              		.cfi_offset 14, -8
 3168              		.cfi_offset 13, -12
 3169              		.cfi_offset 11, -16
 3170              	.LCFI23:
 3171              		.cfi_def_cfa 11, 4
 321:../lab12-cyclic.c ****     static boolean init = TRUE;
 322:../lab12-cyclic.c **** 
 323:../lab12-cyclic.c ****     if( init )
 3172              		.loc 1 323 0
 3173 05b0 58309FE5 		ldr	r3, .L50
 3174 05b4 0030D3E5 		ldrb	r3, [r3, #0]	@ zero_extendqisi2
 3175 05b8 000053E3 		cmp	r3, #0
 3176 05bc 0500000A 		beq	.L48
 324:../lab12-cyclic.c ****     {
 325:../lab12-cyclic.c ****         init = FALSE;
 3177              		.loc 1 325 0
 3178 05c0 48309FE5 		ldr	r3, .L50
 3179 05c4 0020A0E3 		mov	r2, #0
 3180 05c8 0020C3E5 		strb	r2, [r3, #0]
 326:../lab12-cyclic.c ****         uart0_puts( " Task 6: iniciada.\n" );  /* Muestra un mensaje inicial en la UART0 (no es nec
 3181              		.loc 1 326 0
 3182 05cc 40009FE5 		ldr	r0, .L50+4
 3183 05d0 FEFFFFEB 		bl	uart0_puts
 3184 05d4 0A0000EA 		b	.L47
 3185              	.L48:
 327:../lab12-cyclic.c ****     }
 328:../lab12-cyclic.c ****     else if( flagTask6 )
 3186              		.loc 1 328 0
 3187 05d8 38309FE5 		ldr	r3, .L50+8
 3188 05dc 0030D3E5 		ldrb	r3, [r3, #0]	@ zero_extendqisi2
 3189 05e0 000053E3 		cmp	r3, #0
 3190 05e4 0600000A 		beq	.L47
 329:../lab12-cyclic.c ****     {
 330:../lab12-cyclic.c ****         flagTask6 = FALSE;
 3191              		.loc 1 330 0
 3192 05e8 28309FE5 		ldr	r3, .L50+8
 3193 05ec 0020A0E3 		mov	r2, #0
 3194 05f0 0020C3E5 		strb	r2, [r3, #0]
 331:../lab12-cyclic.c ****         segs_putchar( scancode );
 3195              		.loc 1 331 0
 3196 05f4 20309FE5 		ldr	r3, .L50+12
 3197 05f8 0030D3E5 		ldrb	r3, [r3, #0]	@ zero_extendqisi2
 3198 05fc 0300A0E1 		mov	r0, r3
 3199 0600 FEFFFFEB 		bl	segs_putchar
 3200              	.L47:
 332:../lab12-cyclic.c ****     }
 333:../lab12-cyclic.c **** }
 3201              		.loc 1 333 0
 3202 0604 0CD04BE2 		sub	sp, fp, #12
 3203 0608 00689DE8 		ldmfd	sp, {fp, sp, lr}
 3204 060c 1EFF2FE1 		bx	lr
 3205              	.L51:
 3206              		.align	2
 3207              	.L50:
 3208 0610 03000000 		.word	init.4229
 3209 0614 2C040000 		.word	.LC11
 3210 0618 00000000 		.word	flagTask6
 3211 061c 00000000 		.word	scancode
 3212              		.cfi_endproc
 3213              	.LFE11:
 3215              		.section	.rodata
 3216              		.align	2
 3217              	.LC12:
 3218 0440 20546173 		.ascii	" Task 7: iniciada.\012\000"
 3218      6B20373A 
 3218      20696E69 
 3218      63696164 
 3218      612E0A00 
 3219              		.align	2
 3220              	.LC13:
 3221 0454 20202854 		.ascii	"  (Task 7) Se ha pulsado alg\372n pushbutton...\012"
 3221      61736B20 
 3221      37292053 
 3221      65206861 
 3221      2070756C 
 3222 0481 00       		.ascii	"\000"
 3223              		.text
 3224              		.align	2
 3225              		.global	Task7
 3227              	Task7:
 3228              	.LFB12:
 334:../lab12-cyclic.c **** 
 335:../lab12-cyclic.c **** void Task7( void )  /* Cada vez que se presione un pulsador lo avisa por la UART0 */
 336:../lab12-cyclic.c **** {
 3229              		.loc 1 336 0
 3230              		.cfi_startproc
 3231              		@ Function supports interworking.
 3232              		@ args = 0, pretend = 0, frame = 0
 3233              		@ frame_needed = 1, uses_anonymous_args = 0
 3234 0620 0DC0A0E1 		mov	ip, sp
 3235              	.LCFI24:
 3236              		.cfi_def_cfa_register 12
 3237 0624 00D82DE9 		stmfd	sp!, {fp, ip, lr, pc}
 3238 0628 04B04CE2 		sub	fp, ip, #4
 3239              		.cfi_offset 14, -8
 3240              		.cfi_offset 13, -12
 3241              		.cfi_offset 11, -16
 3242              	.LCFI25:
 3243              		.cfi_def_cfa 11, 4
 337:../lab12-cyclic.c ****     static boolean init = TRUE;
 338:../lab12-cyclic.c **** 
 339:../lab12-cyclic.c ****     if( init )
 3244              		.loc 1 339 0
 3245 062c 54309FE5 		ldr	r3, .L55
 3246 0630 0030D3E5 		ldrb	r3, [r3, #0]	@ zero_extendqisi2
 3247 0634 000053E3 		cmp	r3, #0
 3248 0638 0500000A 		beq	.L53
 340:../lab12-cyclic.c ****     {
 341:../lab12-cyclic.c ****         init = FALSE;
 3249              		.loc 1 341 0
 3250 063c 44309FE5 		ldr	r3, .L55
 3251 0640 0020A0E3 		mov	r2, #0
 3252 0644 0020C3E5 		strb	r2, [r3, #0]
 342:../lab12-cyclic.c ****         uart0_puts( " Task 7: iniciada.\n" );  /* Muestra un mensaje inicial en la UART0 (no es nec
 3253              		.loc 1 342 0
 3254 0648 3C009FE5 		ldr	r0, .L55+4
 3255 064c FEFFFFEB 		bl	uart0_puts
 3256 0650 090000EA 		b	.L52
 3257              	.L53:
 343:../lab12-cyclic.c ****     }
 344:../lab12-cyclic.c ****     else if( flagPb )
 3258              		.loc 1 344 0
 3259 0654 34309FE5 		ldr	r3, .L55+8
 3260 0658 0030D3E5 		ldrb	r3, [r3, #0]
 3261 065c FF3003E2 		and	r3, r3, #255
 3262 0660 000053E3 		cmp	r3, #0
 3263 0664 0400000A 		beq	.L52
 345:../lab12-cyclic.c **** 	{
 346:../lab12-cyclic.c **** 		flagPb = FALSE;
 3264              		.loc 1 346 0
 3265 0668 20309FE5 		ldr	r3, .L55+8
 3266 066c 0020A0E3 		mov	r2, #0
 3267 0670 0020C3E5 		strb	r2, [r3, #0]
 347:../lab12-cyclic.c **** 		uart0_puts( "  (Task 7) Se ha pulsado algún pushbutton...\n" );
 3268              		.loc 1 347 0
 3269 0674 18009FE5 		ldr	r0, .L55+12
 3270 0678 FEFFFFEB 		bl	uart0_puts
 3271              	.L52:
 348:../lab12-cyclic.c **** 	}
 349:../lab12-cyclic.c **** 
 350:../lab12-cyclic.c **** }
 3272              		.loc 1 350 0
 3273 067c 0CD04BE2 		sub	sp, fp, #12
 3274 0680 00689DE8 		ldmfd	sp, {fp, sp, lr}
 3275 0684 1EFF2FE1 		bx	lr
 3276              	.L56:
 3277              		.align	2
 3278              	.L55:
 3279 0688 02000000 		.word	init.4233
 3280 068c 40040000 		.word	.LC12
 3281 0690 00000000 		.word	flagPb
 3282 0694 54040000 		.word	.LC13
 3283              		.cfi_endproc
 3284              	.LFE12:
 3286              		.section	.rodata
 3287 0482 0000     		.align	2
 3288              	.LC14:
 3289 0484 20546173 		.ascii	" Task 8: iniciada.\012\000"
 3289      6B20383A 
 3289      20696E69 
 3289      63696164 
 3289      612E0A00 
 3290              		.align	2
 3291              	.LC15:
 3292 0498 20202854 		.ascii	"  (Task 8) Tecla pulsada: \000"
 3292      61736B20 
 3292      38292054 
 3292      65636C61 
 3292      2070756C 
 3293              		.text
 3294              		.align	2
 3295              		.global	Task8
 3297              	Task8:
 3298              	.LFB13:
 351:../lab12-cyclic.c **** 
 352:../lab12-cyclic.c **** void Task8(void){
 3299              		.loc 1 352 0
 3300              		.cfi_startproc
 3301              		@ Function supports interworking.
 3302              		@ args = 0, pretend = 0, frame = 0
 3303              		@ frame_needed = 1, uses_anonymous_args = 0
 3304 0698 0DC0A0E1 		mov	ip, sp
 3305              	.LCFI26:
 3306              		.cfi_def_cfa_register 12
 3307 069c 00D82DE9 		stmfd	sp!, {fp, ip, lr, pc}
 3308 06a0 04B04CE2 		sub	fp, ip, #4
 3309              		.cfi_offset 14, -8
 3310              		.cfi_offset 13, -12
 3311              		.cfi_offset 11, -16
 3312              	.LCFI27:
 3313              		.cfi_def_cfa 11, 4
 3314 06a4 08D04DE2 		sub	sp, sp, #8
 353:../lab12-cyclic.c **** 	static boolean init = TRUE;
 354:../lab12-cyclic.c **** 
 355:../lab12-cyclic.c **** 	    if( init )
 3315              		.loc 1 355 0
 3316 06a8 D0309FE5 		ldr	r3, .L60
 3317 06ac 0030D3E5 		ldrb	r3, [r3, #0]	@ zero_extendqisi2
 3318 06b0 000053E3 		cmp	r3, #0
 3319 06b4 1300000A 		beq	.L58
 356:../lab12-cyclic.c **** 	    {
 357:../lab12-cyclic.c **** 	        init = FALSE;
 3320              		.loc 1 357 0
 3321 06b8 C0309FE5 		ldr	r3, .L60
 3322 06bc 0020A0E3 		mov	r2, #0
 3323 06c0 0020C3E5 		strb	r2, [r3, #0]
 358:../lab12-cyclic.c **** 	        lcd_draw_box( 10, 10, 310, 230, BLACK, 5 );
 3324              		.loc 1 358 0
 3325 06c4 0F30A0E3 		mov	r3, #15
 3326 06c8 00308DE5 		str	r3, [sp, #0]
 3327 06cc 0530A0E3 		mov	r3, #5
 3328 06d0 04308DE5 		str	r3, [sp, #4]
 3329 06d4 0A00A0E3 		mov	r0, #10
 3330 06d8 0A10A0E3 		mov	r1, #10
 3331 06dc A0209FE5 		ldr	r2, .L60+4
 3332 06e0 E630A0E3 		mov	r3, #230
 3333 06e4 FEFFFFEB 		bl	lcd_draw_box
 359:../lab12-cyclic.c **** 	        uart0_puts( " Task 8: iniciada.\n" );  /* Muestra un mensaje inicial en la UART0 (no es ne
 3334              		.loc 1 359 0
 3335 06e8 98009FE5 		ldr	r0, .L60+8
 3336 06ec FEFFFFEB 		bl	uart0_puts
 360:../lab12-cyclic.c **** 	        lcd_puts( 20,32,BLACK," Task 8: iniciada.\n");
 3337              		.loc 1 360 0
 3338 06f0 1400A0E3 		mov	r0, #20
 3339 06f4 2010A0E3 		mov	r1, #32
 3340 06f8 0F20A0E3 		mov	r2, #15
 3341 06fc 84309FE5 		ldr	r3, .L60+8
 3342 0700 FEFFFFEB 		bl	lcd_puts
 3343 0704 1A0000EA 		b	.L57
 3344              	.L58:
 361:../lab12-cyclic.c **** 	    }
 362:../lab12-cyclic.c **** 
 363:../lab12-cyclic.c **** 	    else if( flagTask8 )
 3345              		.loc 1 363 0
 3346 0708 7C309FE5 		ldr	r3, .L60+12
 3347 070c 0030D3E5 		ldrb	r3, [r3, #0]	@ zero_extendqisi2
 3348 0710 000053E3 		cmp	r3, #0
 3349 0714 1600000A 		beq	.L57
 364:../lab12-cyclic.c **** 		{
 365:../lab12-cyclic.c **** 			flagTask8 = FALSE;
 3350              		.loc 1 365 0
 3351 0718 6C309FE5 		ldr	r3, .L60+12
 3352 071c 0020A0E3 		mov	r2, #0
 3353 0720 0020C3E5 		strb	r2, [r3, #0]
 366:../lab12-cyclic.c **** 			lcd_draw_box( 10, 10, 310, 230, BLACK, 5 );
 3354              		.loc 1 366 0
 3355 0724 0F30A0E3 		mov	r3, #15
 3356 0728 00308DE5 		str	r3, [sp, #0]
 3357 072c 0530A0E3 		mov	r3, #5
 3358 0730 04308DE5 		str	r3, [sp, #4]
 3359 0734 0A00A0E3 		mov	r0, #10
 3360 0738 0A10A0E3 		mov	r1, #10
 3361 073c 40209FE5 		ldr	r2, .L60+4
 3362 0740 E630A0E3 		mov	r3, #230
 3363 0744 FEFFFFEB 		bl	lcd_draw_box
 367:../lab12-cyclic.c **** 			lcd_puts( 20,32,BLACK,"  (Task 8) Tecla pulsada: " );
 3364              		.loc 1 367 0
 3365 0748 1400A0E3 		mov	r0, #20
 3366 074c 2010A0E3 		mov	r1, #32
 3367 0750 0F20A0E3 		mov	r2, #15
 3368 0754 34309FE5 		ldr	r3, .L60+16
 3369 0758 FEFFFFEB 		bl	lcd_puts
 368:../lab12-cyclic.c **** 			lcd_puthex(27*8,32,BLACK,scancode);
 3370              		.loc 1 368 0
 3371 075c 30309FE5 		ldr	r3, .L60+20
 3372 0760 0030D3E5 		ldrb	r3, [r3, #0]	@ zero_extendqisi2
 3373 0764 D800A0E3 		mov	r0, #216
 3374 0768 2010A0E3 		mov	r1, #32
 3375 076c 0F20A0E3 		mov	r2, #15
 3376 0770 FEFFFFEB 		bl	lcd_puthex
 3377              	.L57:
 369:../lab12-cyclic.c **** 		}
 370:../lab12-cyclic.c **** }
 3378              		.loc 1 370 0
 3379 0774 0CD04BE2 		sub	sp, fp, #12
 3380 0778 00689DE8 		ldmfd	sp, {fp, sp, lr}
 3381 077c 1EFF2FE1 		bx	lr
 3382              	.L61:
 3383              		.align	2
 3384              	.L60:
 3385 0780 01000000 		.word	init.4237
 3386 0784 36010000 		.word	310
 3387 0788 84040000 		.word	.LC14
 3388 078c 00000000 		.word	flagTask8
 3389 0790 98040000 		.word	.LC15
 3390 0794 00000000 		.word	scancode
 3391              		.cfi_endproc
 3392              	.LFE13:
 3394              		.section	.rodata
 3395 04b3 00       		.align	2
 3396              	.LC16:
 3397 04b4 20546173 		.ascii	" Task 9: iniciada.\012\000"
 3397      6B20393A 
 3397      20696E69 
 3397      63696164 
 3397      612E0A00 
 3398              		.align	2
 3399              	.LC17:
 3400 04c8 20202854 		.ascii	"  (Task 9) Segundos: \000"
 3400      61736B20 
 3400      39292053 
 3400      6567756E 
 3400      646F733A 
 3401 04de 0000     		.align	2
 3402              	.LC18:
 3403 04e0 20202000 		.ascii	"   \000"
 3404              		.text
 3405              		.align	2
 3406              		.global	Task9
 3408              	Task9:
 3409              	.LFB14:
 371:../lab12-cyclic.c **** void Task9(void){
 3410              		.loc 1 371 0
 3411              		.cfi_startproc
 3412              		@ Function supports interworking.
 3413              		@ args = 0, pretend = 0, frame = 8
 3414              		@ frame_needed = 1, uses_anonymous_args = 0
 3415 0798 0DC0A0E1 		mov	ip, sp
 3416              	.LCFI28:
 3417              		.cfi_def_cfa_register 12
 3418 079c 00D82DE9 		stmfd	sp!, {fp, ip, lr, pc}
 3419 07a0 04B04CE2 		sub	fp, ip, #4
 3420              		.cfi_offset 14, -8
 3421              		.cfi_offset 13, -12
 3422              		.cfi_offset 11, -16
 3423              	.LCFI29:
 3424              		.cfi_def_cfa 11, 4
 3425 07a4 10D04DE2 		sub	sp, sp, #16
 372:../lab12-cyclic.c **** 	static boolean init = TRUE;
 373:../lab12-cyclic.c **** 	rtc_time_t rtc_time;
 374:../lab12-cyclic.c **** 	uint8 pos = 20;
 3426              		.loc 1 374 0
 3427 07a8 1430A0E3 		mov	r3, #20
 3428 07ac 0D304BE5 		strb	r3, [fp, #-13]
 375:../lab12-cyclic.c **** 	if( init )
 3429              		.loc 1 375 0
 3430 07b0 24319FE5 		ldr	r3, .L66
 3431 07b4 0030D3E5 		ldrb	r3, [r3, #0]	@ zero_extendqisi2
 3432 07b8 000053E3 		cmp	r3, #0
 3433 07bc 1300000A 		beq	.L63
 376:../lab12-cyclic.c **** 	{
 377:../lab12-cyclic.c **** 		init = FALSE;
 3434              		.loc 1 377 0
 3435 07c0 14319FE5 		ldr	r3, .L66
 3436 07c4 0020A0E3 		mov	r2, #0
 3437 07c8 0020C3E5 		strb	r2, [r3, #0]
 378:../lab12-cyclic.c **** 
 379:../lab12-cyclic.c **** 		lcd_draw_box( 10, 10, 310, 230, BLACK, 5 );
 3438              		.loc 1 379 0
 3439 07cc 0F30A0E3 		mov	r3, #15
 3440 07d0 00308DE5 		str	r3, [sp, #0]
 3441 07d4 0530A0E3 		mov	r3, #5
 3442 07d8 04308DE5 		str	r3, [sp, #4]
 3443 07dc 0A00A0E3 		mov	r0, #10
 3444 07e0 0A10A0E3 		mov	r1, #10
 3445 07e4 F4209FE5 		ldr	r2, .L66+4
 3446 07e8 E630A0E3 		mov	r3, #230
 3447 07ec FEFFFFEB 		bl	lcd_draw_box
 380:../lab12-cyclic.c **** 		uart0_puts( " Task 9: iniciada.\n" );/* Muestra un mensaje inicial en la UART0 (no es necesario s
 3448              		.loc 1 380 0
 3449 07f0 EC009FE5 		ldr	r0, .L66+8
 3450 07f4 FEFFFFEB 		bl	uart0_puts
 381:../lab12-cyclic.c **** 		lcd_puts(20,16,BLACK," Task 9: iniciada.\n");
 3451              		.loc 1 381 0
 3452 07f8 1400A0E3 		mov	r0, #20
 3453 07fc 1010A0E3 		mov	r1, #16
 3454 0800 0F20A0E3 		mov	r2, #15
 3455 0804 D8309FE5 		ldr	r3, .L66+8
 3456 0808 FEFFFFEB 		bl	lcd_puts
 3457 080c 2F0000EA 		b	.L62
 3458              	.L63:
 382:../lab12-cyclic.c **** 	}
 383:../lab12-cyclic.c **** 	else
 384:../lab12-cyclic.c **** 	{
 385:../lab12-cyclic.c **** 		rtc_gettime( &rtc_time );
 3459              		.loc 1 385 0
 3460 0810 14304BE2 		sub	r3, fp, #20
 3461 0814 0300A0E1 		mov	r0, r3
 3462 0818 FEFFFFEB 		bl	rtc_gettime
 386:../lab12-cyclic.c **** 		lcd_draw_box( 10, 10, 310, 230, BLACK, 5 );
 3463              		.loc 1 386 0
 3464 081c 0F30A0E3 		mov	r3, #15
 3465 0820 00308DE5 		str	r3, [sp, #0]
 3466 0824 0530A0E3 		mov	r3, #5
 3467 0828 04308DE5 		str	r3, [sp, #4]
 3468 082c 0A00A0E3 		mov	r0, #10
 3469 0830 0A10A0E3 		mov	r1, #10
 3470 0834 A4209FE5 		ldr	r2, .L66+4
 3471 0838 E630A0E3 		mov	r3, #230
 3472 083c FEFFFFEB 		bl	lcd_draw_box
 387:../lab12-cyclic.c **** 		lcd_puts(pos,16,BLACK,"  (Task 9) Segundos: " );
 3473              		.loc 1 387 0
 3474 0840 0D305BE5 		ldrb	r3, [fp, #-13]	@ zero_extendqisi2
 3475 0844 0338A0E1 		mov	r3, r3, asl #16
 3476 0848 2338A0E1 		mov	r3, r3, lsr #16
 3477 084c 0300A0E1 		mov	r0, r3
 3478 0850 1010A0E3 		mov	r1, #16
 3479 0854 0F20A0E3 		mov	r2, #15
 3480 0858 88309FE5 		ldr	r3, .L66+12
 3481 085c FEFFFFEB 		bl	lcd_puts
 388:../lab12-cyclic.c **** 		//								  Hora:
 389:../lab12-cyclic.c **** 		pos = pos + 20*8;
 3482              		.loc 1 389 0
 3483 0860 0D305BE5 		ldrb	r3, [fp, #-13]
 3484 0864 603043E2 		sub	r3, r3, #96
 3485 0868 0D304BE5 		strb	r3, [fp, #-13]
 390:../lab12-cyclic.c **** 		lcd_putint(pos,16,BLACK,rtc_time.sec);
 3486              		.loc 1 390 0
 3487 086c 0D305BE5 		ldrb	r3, [fp, #-13]	@ zero_extendqisi2
 3488 0870 0338A0E1 		mov	r3, r3, asl #16
 3489 0874 2328A0E1 		mov	r2, r3, lsr #16
 3490 0878 14305BE5 		ldrb	r3, [fp, #-20]	@ zero_extendqisi2
 3491 087c 0200A0E1 		mov	r0, r2
 3492 0880 1010A0E3 		mov	r1, #16
 3493 0884 0F20A0E3 		mov	r2, #15
 3494 0888 FEFFFFEB 		bl	lcd_putint
 391:../lab12-cyclic.c **** 		if(rtc_time.sec>9)pos = pos +1*8;
 3495              		.loc 1 391 0
 3496 088c 14305BE5 		ldrb	r3, [fp, #-20]	@ zero_extendqisi2
 3497 0890 090053E3 		cmp	r3, #9
 3498 0894 0200009A 		bls	.L65
 3499              		.loc 1 391 0 is_stmt 0 discriminator 1
 3500 0898 0D305BE5 		ldrb	r3, [fp, #-13]
 3501 089c 083083E2 		add	r3, r3, #8
 3502 08a0 0D304BE5 		strb	r3, [fp, #-13]
 3503              	.L65:
 392:../lab12-cyclic.c **** 		pos = pos +1*8;
 3504              		.loc 1 392 0 is_stmt 1
 3505 08a4 0D305BE5 		ldrb	r3, [fp, #-13]
 3506 08a8 083083E2 		add	r3, r3, #8
 3507 08ac 0D304BE5 		strb	r3, [fp, #-13]
 393:../lab12-cyclic.c **** 		lcd_puts(pos,16,BLACK,"   ");
 3508              		.loc 1 393 0
 3509 08b0 0D305BE5 		ldrb	r3, [fp, #-13]	@ zero_extendqisi2
 3510 08b4 0338A0E1 		mov	r3, r3, asl #16
 3511 08b8 2338A0E1 		mov	r3, r3, lsr #16
 3512 08bc 0300A0E1 		mov	r0, r3
 3513 08c0 1010A0E3 		mov	r1, #16
 3514 08c4 0F20A0E3 		mov	r2, #15
 3515 08c8 1C309FE5 		ldr	r3, .L66+16
 3516 08cc FEFFFFEB 		bl	lcd_puts
 3517              	.L62:
 394:../lab12-cyclic.c **** 
 395:../lab12-cyclic.c **** 	}
 396:../lab12-cyclic.c **** }
 3518              		.loc 1 396 0
 3519 08d0 0CD04BE2 		sub	sp, fp, #12
 3520 08d4 00689DE8 		ldmfd	sp, {fp, sp, lr}
 3521 08d8 1EFF2FE1 		bx	lr
 3522              	.L67:
 3523              		.align	2
 3524              	.L66:
 3525 08dc 00000000 		.word	init.4241
 3526 08e0 36010000 		.word	310
 3527 08e4 B4040000 		.word	.LC16
 3528 08e8 C8040000 		.word	.LC17
 3529 08ec E0040000 		.word	.LC18
 3530              		.cfi_endproc
 3531              	.LFE14:
 3533              		.align	2
 3534              		.global	isr_pb
 3536              	isr_pb:
 3537              	.LFB15:
 397:../lab12-cyclic.c **** 
 398:../lab12-cyclic.c **** /*******************************************************************/
 399:../lab12-cyclic.c **** 
 400:../lab12-cyclic.c **** void isr_pb( void )
 401:../lab12-cyclic.c **** {
 3538              		.loc 1 401 0
 3539              		.cfi_startproc
 3540              		@ Interrupt Service Routine.
 3541              		@ args = 0, pretend = 0, frame = 0
 3542              		@ frame_needed = 1, uses_anonymous_args = 0
 3543 08f0 04C02DE5 		str	ip, [sp, #-4]!
 3544 08f4 0DC0A0E1 		mov	ip, sp
 3545              	.LCFI30:
 3546              		.cfi_def_cfa_register 12
 3547 08f8 0CD82DE9 		stmfd	sp!, {r2, r3, fp, ip, lr, pc}
 3548 08fc 04B04CE2 		sub	fp, ip, #4
 3549              		.cfi_offset 14, -8
 3550              		.cfi_offset 13, -12
 3551              		.cfi_offset 11, -16
 3552              		.cfi_offset 3, -20
 3553              		.cfi_offset 2, -24
 3554              	.LCFI31:
 3555              		.cfi_def_cfa 11, 4
 402:../lab12-cyclic.c ****     flagPb = TRUE;
 3556              		.loc 1 402 0
 3557 0900 2C309FE5 		ldr	r3, .L69
 3558 0904 0120A0E3 		mov	r2, #1
 3559 0908 0020C3E5 		strb	r2, [r3, #0]
 403:../lab12-cyclic.c ****     EXTINTPND = BIT_RIGHTPB | BIT_LEFTPB;
 3560              		.loc 1 403 0
 3561 090c 24309FE5 		ldr	r3, .L69+4
 3562 0910 0C20A0E3 		mov	r2, #12
 3563 0914 002083E5 		str	r2, [r3, #0]
 404:../lab12-cyclic.c ****     I_ISPC = BIT_PB;
 3564              		.loc 1 404 0
 3565 0918 1C309FE5 		ldr	r3, .L69+8
 3566 091c 0226A0E3 		mov	r2, #2097152
 3567 0920 002083E5 		str	r2, [r3, #0]
 405:../lab12-cyclic.c **** }
 3568              		.loc 1 405 0
 3569 0924 14D04BE2 		sub	sp, fp, #20
 3570 0928 0C689DE8 		ldmfd	sp, {r2, r3, fp, sp, lr}
 3571 092c 04C09DE4 		ldmfd	sp!, {ip}
 3572 0930 04F05EE2 		subs	pc, lr, #4
 3573              	.L70:
 3574              		.align	2
 3575              	.L69:
 3576 0934 00000000 		.word	flagPb
 3577 0938 5400D201 		.word	30539860
 3578 093c 2400E001 		.word	31457316
 3579              		.cfi_endproc
 3580              	.LFE15:
 3582              		.align	2
 3583              		.global	isr_tick
 3585              	isr_tick:
 3586              	.LFB16:
 406:../lab12-cyclic.c **** 
 407:../lab12-cyclic.c **** void isr_tick( void )
 408:../lab12-cyclic.c **** {     
 3587              		.loc 1 408 0
 3588              		.cfi_startproc
 3589              		@ Interrupt Service Routine.
 3590              		@ args = 0, pretend = 0, frame = 0
 3591              		@ frame_needed = 1, uses_anonymous_args = 0
 3592 0940 04C02DE5 		str	ip, [sp, #-4]!
 3593 0944 0DC0A0E1 		mov	ip, sp
 3594              	.LCFI32:
 3595              		.cfi_def_cfa_register 12
 3596 0948 0CD82DE9 		stmfd	sp!, {r2, r3, fp, ip, lr, pc}
 3597 094c 04B04CE2 		sub	fp, ip, #4
 3598              		.cfi_offset 14, -8
 3599              		.cfi_offset 13, -12
 3600              		.cfi_offset 11, -16
 3601              		.cfi_offset 3, -20
 3602              		.cfi_offset 2, -24
 3603              	.LCFI33:
 3604              		.cfi_def_cfa 11, 4
 409:../lab12-cyclic.c ****     flagTimer = TRUE;
 3605              		.loc 1 409 0
 3606 0950 20309FE5 		ldr	r3, .L72
 3607 0954 0120A0E3 		mov	r2, #1
 3608 0958 0020C3E5 		strb	r2, [r3, #0]
 410:../lab12-cyclic.c ****     I_ISPC = BIT_TIMER0;
 3609              		.loc 1 410 0
 3610 095c 18309FE5 		ldr	r3, .L72+4
 3611 0960 022AA0E3 		mov	r2, #8192
 3612 0964 002083E5 		str	r2, [r3, #0]
 411:../lab12-cyclic.c **** };
 3613              		.loc 1 411 0
 3614 0968 14D04BE2 		sub	sp, fp, #20
 3615 096c 0C689DE8 		ldmfd	sp, {r2, r3, fp, sp, lr}
 3616 0970 04C09DE4 		ldmfd	sp!, {ip}
 3617 0974 04F05EE2 		subs	pc, lr, #4
 3618              	.L73:
 3619              		.align	2
 3620              	.L72:
 3621 0978 00000000 		.word	flagTimer
 3622 097c 2400E001 		.word	31457316
 3623              		.cfi_endproc
 3624              	.LFE16:
 3626              		.data
 3629              	init.4241:
 3630 0000 01       		.byte	1
 3633              	init.4237:
 3634 0001 01       		.byte	1
 3637              	init.4233:
 3638 0002 01       		.byte	1
 3641              	init.4229:
 3642 0003 01       		.byte	1
 3645              	init.4225:
 3646 0004 01       		.byte	1
 3649              	init.4220:
 3650 0005 01       		.byte	1
 3651              		.bss
 3652              		.align	2
 3653              	ticks.4221:
 3654 0000 00000000 		.space	4
 3655              		.data
 3658              	init.4215:
 3659 0006 01       		.byte	1
 3662              	init.4202:
 3663 0007 01       		.byte	1
 3664              		.bss
 3665              	state.4207:
 3666 0004 00       		.space	1
 3667 0005 000000   		.data
 3670              	init.4198:
 3671 0008 01       		.byte	1
 3672              		.text
 3673              	.Letext0:
DEFINED SYMBOLS
                            *ABS*:00000000 lab12-cyclic.c
                            *COM*:00000001 scancode
                            *COM*:00000001 flagTask5
                            *COM*:00000001 flagTask6
                            *COM*:00000001 flagTask8
                            *COM*:00000001 flagPb
                            *COM*:00000001 flagTimer
C:\Users\USUARI~1\AppData\Local\Temp\ccivWZRM.s:2148   .rodata:00000000 pjobs
C:\Users\USUARI~1\AppData\Local\Temp\ccivWZRM.s:2145   .rodata:00000000 $d
C:\Users\USUARI~1\AppData\Local\Temp\ccivWZRM.s:2512   .text:00000154 JobA
C:\Users\USUARI~1\AppData\Local\Temp\ccivWZRM.s:2543   .text:00000174 JobB
C:\Users\USUARI~1\AppData\Local\Temp\ccivWZRM.s:2580   .text:000001a0 JobC
C:\Users\USUARI~1\AppData\Local\Temp\ccivWZRM.s:2619   .text:000001d0 JobD
C:\Users\USUARI~1\AppData\Local\Temp\ccivWZRM.s:2662   .text:00000208 JobE
C:\Users\USUARI~1\AppData\Local\Temp\ccivWZRM.s:2358   .text:00000000 $a
C:\Users\USUARI~1\AppData\Local\Temp\ccivWZRM.s:2361   .text:00000000 main
C:\Users\USUARI~1\AppData\Local\Temp\ccivWZRM.s:2712   .text:00000244 Task1
C:\Users\USUARI~1\AppData\Local\Temp\ccivWZRM.s:2776   .text:000002ac Task2
C:\Users\USUARI~1\AppData\Local\Temp\ccivWZRM.s:2914   .text:000003d8 Task3
C:\Users\USUARI~1\AppData\Local\Temp\ccivWZRM.s:3000   .text:0000047c Task4
C:\Users\USUARI~1\AppData\Local\Temp\ccivWZRM.s:3079   .text:00000510 Task5
C:\Users\USUARI~1\AppData\Local\Temp\ccivWZRM.s:3155   .text:000005a4 Task6
C:\Users\USUARI~1\AppData\Local\Temp\ccivWZRM.s:3227   .text:00000620 Task7
C:\Users\USUARI~1\AppData\Local\Temp\ccivWZRM.s:3297   .text:00000698 Task8
C:\Users\USUARI~1\AppData\Local\Temp\ccivWZRM.s:3408   .text:00000798 Task9
C:\Users\USUARI~1\AppData\Local\Temp\ccivWZRM.s:2496   .text:0000012c $d
C:\Users\USUARI~1\AppData\Local\Temp\ccivWZRM.s:3536   .text:000008f0 isr_pb
C:\Users\USUARI~1\AppData\Local\Temp\ccivWZRM.s:3585   .text:00000940 isr_tick
C:\Users\USUARI~1\AppData\Local\Temp\ccivWZRM.s:2509   .text:00000154 $a
C:\Users\USUARI~1\AppData\Local\Temp\ccivWZRM.s:2763   .text:000002a4 $d
C:\Users\USUARI~1\AppData\Local\Temp\ccivWZRM.s:3670   .data:00000008 init.4198
C:\Users\USUARI~1\AppData\Local\Temp\ccivWZRM.s:2773   .text:000002ac $a
C:\Users\USUARI~1\AppData\Local\Temp\ccivWZRM.s:2890   .text:000003bc $d
C:\Users\USUARI~1\AppData\Local\Temp\ccivWZRM.s:3662   .data:00000007 init.4202
C:\Users\USUARI~1\AppData\Local\Temp\ccivWZRM.s:3665   .bss:00000004 state.4207
C:\Users\USUARI~1\AppData\Local\Temp\ccivWZRM.s:2911   .text:000003d8 $a
C:\Users\USUARI~1\AppData\Local\Temp\ccivWZRM.s:2982   .text:0000046c $d
C:\Users\USUARI~1\AppData\Local\Temp\ccivWZRM.s:3658   .data:00000006 init.4215
C:\Users\USUARI~1\AppData\Local\Temp\ccivWZRM.s:2997   .text:0000047c $a
C:\Users\USUARI~1\AppData\Local\Temp\ccivWZRM.s:3060   .text:000004fc $d
C:\Users\USUARI~1\AppData\Local\Temp\ccivWZRM.s:3649   .data:00000005 init.4220
C:\Users\USUARI~1\AppData\Local\Temp\ccivWZRM.s:3653   .bss:00000000 ticks.4221
C:\Users\USUARI~1\AppData\Local\Temp\ccivWZRM.s:3076   .text:00000510 $a
C:\Users\USUARI~1\AppData\Local\Temp\ccivWZRM.s:3138   .text:0000058c $d
C:\Users\USUARI~1\AppData\Local\Temp\ccivWZRM.s:3645   .data:00000004 init.4225
C:\Users\USUARI~1\AppData\Local\Temp\ccivWZRM.s:3152   .text:000005a4 $a
C:\Users\USUARI~1\AppData\Local\Temp\ccivWZRM.s:3208   .text:00000610 $d
C:\Users\USUARI~1\AppData\Local\Temp\ccivWZRM.s:3641   .data:00000003 init.4229
C:\Users\USUARI~1\AppData\Local\Temp\ccivWZRM.s:3224   .text:00000620 $a
C:\Users\USUARI~1\AppData\Local\Temp\ccivWZRM.s:3279   .text:00000688 $d
C:\Users\USUARI~1\AppData\Local\Temp\ccivWZRM.s:3637   .data:00000002 init.4233
C:\Users\USUARI~1\AppData\Local\Temp\ccivWZRM.s:3294   .text:00000698 $a
C:\Users\USUARI~1\AppData\Local\Temp\ccivWZRM.s:3385   .text:00000780 $d
C:\Users\USUARI~1\AppData\Local\Temp\ccivWZRM.s:3633   .data:00000001 init.4237
C:\Users\USUARI~1\AppData\Local\Temp\ccivWZRM.s:3405   .text:00000798 $a
C:\Users\USUARI~1\AppData\Local\Temp\ccivWZRM.s:3525   .text:000008dc $d
C:\Users\USUARI~1\AppData\Local\Temp\ccivWZRM.s:3629   .data:00000000 init.4241
C:\Users\USUARI~1\AppData\Local\Temp\ccivWZRM.s:3533   .text:000008f0 $a
C:\Users\USUARI~1\AppData\Local\Temp\ccivWZRM.s:3576   .text:00000934 $d
C:\Users\USUARI~1\AppData\Local\Temp\ccivWZRM.s:3582   .text:00000940 $a
C:\Users\USUARI~1\AppData\Local\Temp\ccivWZRM.s:3621   .text:00000978 $d
C:\Users\USUARI~1\AppData\Local\Temp\ccivWZRM.s:3652   .bss:00000000 $d
                     .debug_frame:00000010 $d

UNDEFINED SYMBOLS
sys_init
timers_init
uart0_init
leds_init
segs_init
rtc_init
pbs_init
keypad_init
lcd_init
lcd_on
lcd_clear
uart0_puts
pbs_open
timer0_open_ms
sleep
led_on
led_off
led_toggle
keypad_pressed
keypad_scan
rtc_gettime
uart0_putint
uart0_putchar
uart0_puthex
segs_putchar
lcd_draw_box
lcd_puts
lcd_puthex
lcd_putint
