Archive member included because of file (symbol)

../../BSP/Debug\libBSP.a(system.o)
                              ./lab4.o (sys_init)
../../BSP/Debug\libBSP.a(uart.o)
                              ./lab4.o (uart0_init)

Memory Configuration

Name             Origin             Length             Attributes
*default*        0x00000000         0xffffffff

Linker script and memory map

LOAD ./lab4.o
LOAD ../../BSP/Debug\libBSP.a
START GROUP
LOAD c:/software/electronica/arm/eclipsearm/sourcery-g++-lite-arm-2011.03/bin/../lib/gcc/arm-none-eabi/4.5.2\libgcc.a
LOAD c:/software/electronica/arm/eclipsearm/sourcery-g++-lite-arm-2011.03/bin/../lib/gcc/arm-none-eabi/4.5.2/../../../../arm-none-eabi/lib\libc.a
END GROUP
                0x0c100000                . = 0xc100000

.text           0x0c100000     0x15e0
 *(.text)
 .text          0x0c100000      0x32c ./lab4.o
                0x0c100000                main
 .text          0x0c10032c      0xd68 ../../BSP/Debug\libBSP.a(system.o)
                0x0c10032c                sys_init
                0x0c100894                isr_SWI_dummy
                0x0c1008bc                isr_UNDEF_dummy
                0x0c1008e4                isr_IRQ_dummy
                0x0c10090c                isr_FIQ_dummy
                0x0c100934                isr_PABORT_dummy
                0x0c10095c                isr_DABORT_dummy
                0x0c100984                isr_ADC_dummy
                0x0c1009ac                isr_RTC_dummy
                0x0c1009d4                isr_UTXD1_dummy
                0x0c1009fc                isr_UTXD0_dummy
                0x0c100a24                isr_SIO_dummy
                0x0c100a4c                isr_IIC_dummy
                0x0c100a74                isr_URXD1_dummy
                0x0c100a9c                isr_URXD0_dummy
                0x0c100ac4                isr_TIMER5_dummy
                0x0c100aec                isr_TIMER4_dummy
                0x0c100b14                isr_TIMER3_dummy
                0x0c100b3c                isr_TIMER2_dummy
                0x0c100b64                isr_TIMER1_dummy
                0x0c100b8c                isr_TIMER0_dummy
                0x0c100bb4                isr_UERR01_dummy
                0x0c100bdc                isr_WDT_dummy
                0x0c100c04                isr_BDMA1_dummy
                0x0c100c2c                isr_BDMA0_dummy
                0x0c100c54                isr_ZDMA1_dummy
                0x0c100c7c                isr_ZDMA0_dummy
                0x0c100ca4                isr_TICK_dummy
                0x0c100ccc                isr_PB_dummy
                0x0c100cf4                isr_ETHERNET_dummy
                0x0c100d1c                isr_TS_dummy
                0x0c100d44                isr_KEYPAD_dummy
                0x0c100d6c                isr_USB_dummy
                0x0c100e44                sleep
 .text          0x0c101094      0x54c ../../BSP/Debug\libBSP.a(uart.o)
                0x0c101094                uart0_init
                0x0c1010f8                uart0_putchar
                0x0c101138                uart0_getchar
                0x0c101180                uart0_puts
                0x0c1011e4                uart0_gets
                0x0c101248                uart0_putint
                0x0c101338                uart0_puthex
                0x0c1013f0                uart0_getint
                0x0c1014cc                uart0_gethex

.glue_7         0x0c1015e0        0x0
 .glue_7        0x00000000        0x0 linker stubs

.glue_7t        0x0c1015e0        0x0
 .glue_7t       0x00000000        0x0 linker stubs

.vfp11_veneer   0x0c1015e0        0x0
 .vfp11_veneer  0x00000000        0x0 linker stubs

.v4_bx          0x0c1015e0        0x0
 .v4_bx         0x00000000        0x0 linker stubs

.rodata         0x0c1015e0      0x2e0
 *(.rodata)
 .rodata        0x0c1015e0      0x2e0 ./lab4.o

.data           0x0c1018c0        0x0
 *(.data)
 .data          0x0c1018c0        0x0 ./lab4.o
 .data          0x0c1018c0        0x0 ../../BSP/Debug\libBSP.a(system.o)
 .data          0x0c1018c0        0x0 ../../BSP/Debug\libBSP.a(uart.o)

.bss            0x0c1018c0        0x0
 *(.bss)
 .bss           0x0c1018c0        0x0 ./lab4.o
 .bss           0x0c1018c0        0x0 ../../BSP/Debug\libBSP.a(system.o)
 .bss           0x0c1018c0        0x0 ../../BSP/Debug\libBSP.a(uart.o)
                0x0c1018c0                end = .
OUTPUT(lab4.elf elf32-littlearm)

.debug_abbrev   0x00000000      0x230
 .debug_abbrev  0x00000000       0x64 ./lab4.o
 .debug_abbrev  0x00000064       0xe7 ../../BSP/Debug\libBSP.a(system.o)
 .debug_abbrev  0x0000014b       0xe5 ../../BSP/Debug\libBSP.a(uart.o)

.debug_info     0x00000000      0x784
 .debug_info    0x00000000       0xa0 ./lab4.o
 .debug_info    0x000000a0      0x440 ../../BSP/Debug\libBSP.a(system.o)
 .debug_info    0x000004e0      0x2a4 ../../BSP/Debug\libBSP.a(uart.o)

.debug_line     0x00000000      0x35b
 .debug_line    0x00000000       0xbc ./lab4.o
 .debug_line    0x000000bc      0x1a2 ../../BSP/Debug\libBSP.a(system.o)
 .debug_line    0x0000025e       0xfd ../../BSP/Debug\libBSP.a(uart.o)

.debug_macinfo  0x00000000     0xc0b1
 .debug_macinfo
                0x00000000     0x284e ./lab4.o
 .debug_macinfo
                0x0000284e     0x5556 ../../BSP/Debug\libBSP.a(system.o)
 .debug_macinfo
                0x00007da4     0x430d ../../BSP/Debug\libBSP.a(uart.o)

.debug_loc      0x00000000      0x840
 .debug_loc     0x00000000       0x2c ./lab4.o
 .debug_loc     0x0000002c      0x688 ../../BSP/Debug\libBSP.a(system.o)
 .debug_loc     0x000006b4      0x18c ../../BSP/Debug\libBSP.a(uart.o)

.debug_pubnames
                0x00000000      0x35f
 .debug_pubnames
                0x00000000       0x1b ./lab4.o
 .debug_pubnames
                0x0000001b      0x29d ../../BSP/Debug\libBSP.a(system.o)
 .debug_pubnames
                0x000002b8       0xa7 ../../BSP/Debug\libBSP.a(uart.o)

.debug_pubtypes
                0x00000000       0x76
 .debug_pubtypes
                0x00000000       0x12 ./lab4.o
 .debug_pubtypes
                0x00000012       0x27 ../../BSP/Debug\libBSP.a(system.o)
 .debug_pubtypes
                0x00000039       0x3d ../../BSP/Debug\libBSP.a(uart.o)

.debug_aranges  0x00000000       0x60
 .debug_aranges
                0x00000000       0x20 ./lab4.o
 .debug_aranges
                0x00000020       0x20 ../../BSP/Debug\libBSP.a(system.o)
 .debug_aranges
                0x00000040       0x20 ../../BSP/Debug\libBSP.a(uart.o)

.debug_str      0x00000000      0x3d6
 .debug_str     0x00000000       0xa1 ./lab4.o
                                 0xbf (size before relaxing)
 .debug_str     0x000000a1      0x2ae ../../BSP/Debug\libBSP.a(system.o)
                                0x323 (size before relaxing)
 .debug_str     0x0000034f       0x87 ../../BSP/Debug\libBSP.a(uart.o)
                                0x149 (size before relaxing)

.comment        0x00000000       0x2a
 .comment       0x00000000       0x2a ./lab4.o
                                 0x2b (size before relaxing)
 .comment       0x00000000       0x2b ../../BSP/Debug\libBSP.a(system.o)
 .comment       0x00000000       0x2b ../../BSP/Debug\libBSP.a(uart.o)

.ARM.attributes
                0x00000000       0x32
 .ARM.attributes
                0x00000000       0x32 ./lab4.o
 .ARM.attributes
                0x00000032       0x32 ../../BSP/Debug\libBSP.a(system.o)
 .ARM.attributes
                0x00000064       0x32 ../../BSP/Debug\libBSP.a(uart.o)

.debug_frame    0x00000000      0x7b4
 .debug_frame   0x00000000       0x30 ./lab4.o
 .debug_frame   0x00000030      0x650 ../../BSP/Debug\libBSP.a(system.o)
 .debug_frame   0x00000680      0x134 ../../BSP/Debug\libBSP.a(uart.o)
