Archive member included because of file (symbol)

../../BSP/Debug\libBSP.a(rtc.o)
                              ./lab5.o (rtc_init)
../../BSP/Debug\libBSP.a(system.o)
                              ./lab5.o (sys_init)
../../BSP/Debug\libBSP.a(uart.o)
                              ./lab5.o (uart0_init)
../../BSP/Debug\libBSP.a(segs.o)
                              ../../BSP/Debug\libBSP.a(system.o) (segs_init)

Allocating common symbols
Common symbol       size              file

flag                0x1               ./lab5.o

Memory Configuration

Name             Origin             Length             Attributes
*default*        0x00000000         0xffffffff

Linker script and memory map

LOAD ./lab5.o
LOAD ../../BSP/Debug\libBSP.a
START GROUP
LOAD c:/software/electronica/arm/eclipsearm/sourcery-g++-lite-arm-2011.03/bin/../lib/gcc/arm-none-eabi/4.5.2\libgcc.a
LOAD c:/software/electronica/arm/eclipsearm/sourcery-g++-lite-arm-2011.03/bin/../lib/gcc/arm-none-eabi/4.5.2/../../../../arm-none-eabi/lib\libc.a
END GROUP
                0x0c100000                . = 0xc100000

.text           0x0c100000     0x1e88
 *(.text)
 .text          0x0c100000      0x284 ./lab5.o
                0x0c100000                main
                0x0c100244                isr_tick
 .text          0x0c100284      0x80c ../../BSP/Debug\libBSP.a(rtc.o)
                0x0c100284                rtc_init
                0x0c1003ac                rtc_puttime
                0x0c1005f4                rtc_gettime
                0x0c1009c8                rtc_open
                0x0c100a3c                rtc_close
 .text          0x0c100a90      0xd68 ../../BSP/Debug\libBSP.a(system.o)
                0x0c100a90                sys_init
                0x0c100ff8                isr_SWI_dummy
                0x0c101020                isr_UNDEF_dummy
                0x0c101048                isr_IRQ_dummy
                0x0c101070                isr_FIQ_dummy
                0x0c101098                isr_PABORT_dummy
                0x0c1010c0                isr_DABORT_dummy
                0x0c1010e8                isr_ADC_dummy
                0x0c101110                isr_RTC_dummy
                0x0c101138                isr_UTXD1_dummy
                0x0c101160                isr_UTXD0_dummy
                0x0c101188                isr_SIO_dummy
                0x0c1011b0                isr_IIC_dummy
                0x0c1011d8                isr_URXD1_dummy
                0x0c101200                isr_URXD0_dummy
                0x0c101228                isr_TIMER5_dummy
                0x0c101250                isr_TIMER4_dummy
                0x0c101278                isr_TIMER3_dummy
                0x0c1012a0                isr_TIMER2_dummy
                0x0c1012c8                isr_TIMER1_dummy
                0x0c1012f0                isr_TIMER0_dummy
                0x0c101318                isr_UERR01_dummy
                0x0c101340                isr_WDT_dummy
                0x0c101368                isr_BDMA1_dummy
                0x0c101390                isr_BDMA0_dummy
                0x0c1013b8                isr_ZDMA1_dummy
                0x0c1013e0                isr_ZDMA0_dummy
                0x0c101408                isr_TICK_dummy
                0x0c101430                isr_PB_dummy
                0x0c101458                isr_ETHERNET_dummy
                0x0c101480                isr_TS_dummy
                0x0c1014a8                isr_KEYPAD_dummy
                0x0c1014d0                isr_USB_dummy
                0x0c1015a8                sleep
 .text          0x0c1017f8      0x5bc ../../BSP/Debug\libBSP.a(uart.o)
                0x0c1017f8                uart0_init
                0x0c10185c                uart0_putchar
                0x0c1018ac                uart0_getchar
                0x0c1018f4                uart0_puts
                0x0c10195c                uart0_gets
                0x0c1019d4                uart0_putint
                0x0c101b0c                uart0_puthex
                0x0c101bc4                uart0_getint
                0x0c101ca0                uart0_gethex
 .text          0x0c101db4       0xd4 ../../BSP/Debug\libBSP.a(segs.o)
                0x0c101db4                segs_init
                0x0c101dd0                segs_off
                0x0c101e08                segs_putchar
                0x0c101e60                segs_status

.glue_7         0x0c101e88        0x0
 .glue_7        0x00000000        0x0 linker stubs

.glue_7t        0x0c101e88        0x0
 .glue_7t       0x00000000        0x0 linker stubs

.vfp11_veneer   0x0c101e88        0x0
 .vfp11_veneer  0x00000000        0x0 linker stubs

.v4_bx          0x0c101e88        0x0
 .v4_bx         0x00000000        0x0 linker stubs

.rodata         0x0c101e88       0xcc
 *(.rodata)
 .rodata        0x0c101e88       0xbc ./lab5.o
 .rodata        0x0c101f44       0x10 ../../BSP/Debug\libBSP.a(segs.o)

.data           0x0c101f54        0x0
 *(.data)
 .data          0x0c101f54        0x0 ./lab5.o
 .data          0x0c101f54        0x0 ../../BSP/Debug\libBSP.a(rtc.o)
 .data          0x0c101f54        0x0 ../../BSP/Debug\libBSP.a(system.o)
 .data          0x0c101f54        0x0 ../../BSP/Debug\libBSP.a(uart.o)
 .data          0x0c101f54        0x0 ../../BSP/Debug\libBSP.a(segs.o)

.bss            0x0c101f54        0x2
 *(.bss)
 .bss           0x0c101f54        0x0 ./lab5.o
 .bss           0x0c101f54        0x0 ../../BSP/Debug\libBSP.a(rtc.o)
 .bss           0x0c101f54        0x0 ../../BSP/Debug\libBSP.a(system.o)
 .bss           0x0c101f54        0x0 ../../BSP/Debug\libBSP.a(uart.o)
 .bss           0x0c101f54        0x1 ../../BSP/Debug\libBSP.a(segs.o)
 COMMON         0x0c101f55        0x1 ./lab5.o
                0x0c101f55                flag
                0x0c101f56                end = .
OUTPUT(lab5.elf elf32-littlearm)

.debug_abbrev   0x00000000      0x414
 .debug_abbrev  0x00000000       0xc8 ./lab5.o
 .debug_abbrev  0x000000c8       0xbe ../../BSP/Debug\libBSP.a(rtc.o)
 .debug_abbrev  0x00000186       0xe7 ../../BSP/Debug\libBSP.a(system.o)
 .debug_abbrev  0x0000026d       0xf4 ../../BSP/Debug\libBSP.a(uart.o)
 .debug_abbrev  0x00000361       0xb3 ../../BSP/Debug\libBSP.a(segs.o)

.debug_info     0x00000000      0xb13
 .debug_info    0x00000000      0x15a ./lab5.o
 .debug_info    0x0000015a      0x1ac ../../BSP/Debug\libBSP.a(rtc.o)
 .debug_info    0x00000306      0x440 ../../BSP/Debug\libBSP.a(system.o)
 .debug_info    0x00000746      0x2c0 ../../BSP/Debug\libBSP.a(uart.o)
 .debug_info    0x00000a06      0x10d ../../BSP/Debug\libBSP.a(segs.o)

.debug_line     0x00000000      0x4e6
 .debug_line    0x00000000       0xc5 ./lab5.o
 .debug_line    0x000000c5       0xe1 ../../BSP/Debug\libBSP.a(rtc.o)
 .debug_line    0x000001a6      0x1a2 ../../BSP/Debug\libBSP.a(system.o)
 .debug_line    0x00000348      0x10b ../../BSP/Debug\libBSP.a(uart.o)
 .debug_line    0x00000453       0x93 ../../BSP/Debug\libBSP.a(segs.o)

.debug_macinfo  0x00000000    0x17a73
 .debug_macinfo
                0x00000000     0x4821 ./lab5.o
 .debug_macinfo
                0x00004821     0x4cee ../../BSP/Debug\libBSP.a(rtc.o)
 .debug_macinfo
                0x0000950f     0x5556 ../../BSP/Debug\libBSP.a(system.o)
 .debug_macinfo
                0x0000ea65     0x430d ../../BSP/Debug\libBSP.a(uart.o)
 .debug_macinfo
                0x00012d72     0x4d01 ../../BSP/Debug\libBSP.a(segs.o)

.debug_loc      0x00000000      0x9f8
 .debug_loc     0x00000000       0x58 ./lab5.o
 .debug_loc     0x00000058       0xdc ../../BSP/Debug\libBSP.a(rtc.o)
 .debug_loc     0x00000134      0x688 ../../BSP/Debug\libBSP.a(system.o)
 .debug_loc     0x000007bc      0x18c ../../BSP/Debug\libBSP.a(uart.o)
 .debug_loc     0x00000948       0xb0 ../../BSP/Debug\libBSP.a(segs.o)

.debug_pubnames
                0x00000000      0x41d
 .debug_pubnames
                0x00000000       0x31 ./lab5.o
 .debug_pubnames
                0x00000031       0x5a ../../BSP/Debug\libBSP.a(rtc.o)
 .debug_pubnames
                0x0000008b      0x29d ../../BSP/Debug\libBSP.a(system.o)
 .debug_pubnames
                0x00000328       0xa7 ../../BSP/Debug\libBSP.a(uart.o)
 .debug_pubnames
                0x000003cf       0x4e ../../BSP/Debug\libBSP.a(segs.o)

.debug_pubtypes
                0x00000000       0xf8
 .debug_pubtypes
                0x00000000       0x42 ./lab5.o
 .debug_pubtypes
                0x00000042       0x36 ../../BSP/Debug\libBSP.a(rtc.o)
 .debug_pubtypes
                0x00000078       0x27 ../../BSP/Debug\libBSP.a(system.o)
 .debug_pubtypes
                0x0000009f       0x3d ../../BSP/Debug\libBSP.a(uart.o)
 .debug_pubtypes
                0x000000dc       0x1c ../../BSP/Debug\libBSP.a(segs.o)

.debug_aranges  0x00000000       0xa0
 .debug_aranges
                0x00000000       0x20 ./lab5.o
 .debug_aranges
                0x00000020       0x20 ../../BSP/Debug\libBSP.a(rtc.o)
 .debug_aranges
                0x00000040       0x20 ../../BSP/Debug\libBSP.a(system.o)
 .debug_aranges
                0x00000060       0x20 ../../BSP/Debug\libBSP.a(uart.o)
 .debug_aranges
                0x00000080       0x20 ../../BSP/Debug\libBSP.a(segs.o)

.debug_str      0x00000000      0x4b0
 .debug_str     0x00000000       0xec ./lab5.o
                                0x105 (size before relaxing)
 .debug_str     0x000000ec       0x81 ../../BSP/Debug\libBSP.a(rtc.o)
                                0x12b (size before relaxing)
 .debug_str     0x0000016d      0x26c ../../BSP/Debug\libBSP.a(system.o)
                                0x323 (size before relaxing)
 .debug_str     0x000003d9       0x8e ../../BSP/Debug\libBSP.a(uart.o)
                                0x158 (size before relaxing)
 .debug_str     0x00000467       0x49 ../../BSP/Debug\libBSP.a(segs.o)
                                 0xf9 (size before relaxing)

.comment        0x00000000       0x2a
 .comment       0x00000000       0x2a ./lab5.o
                                 0x2b (size before relaxing)
 .comment       0x00000000       0x2b ../../BSP/Debug\libBSP.a(rtc.o)
 .comment       0x00000000       0x2b ../../BSP/Debug\libBSP.a(system.o)
 .comment       0x00000000       0x2b ../../BSP/Debug\libBSP.a(uart.o)
 .comment       0x00000000       0x2b ../../BSP/Debug\libBSP.a(segs.o)

.ARM.attributes
                0x00000000       0x32
 .ARM.attributes
                0x00000000       0x32 ./lab5.o
 .ARM.attributes
                0x00000032       0x32 ../../BSP/Debug\libBSP.a(rtc.o)
 .ARM.attributes
                0x00000064       0x32 ../../BSP/Debug\libBSP.a(system.o)
 .ARM.attributes
                0x00000096       0x32 ../../BSP/Debug\libBSP.a(uart.o)
 .ARM.attributes
                0x000000c8       0x32 ../../BSP/Debug\libBSP.a(segs.o)

.debug_frame    0x00000000      0x918
 .debug_frame   0x00000000       0x58 ./lab5.o
 .debug_frame   0x00000058       0xb0 ../../BSP/Debug\libBSP.a(rtc.o)
 .debug_frame   0x00000108      0x650 ../../BSP/Debug\libBSP.a(system.o)
 .debug_frame   0x00000758      0x130 ../../BSP/Debug\libBSP.a(uart.o)
 .debug_frame   0x00000888       0x90 ../../BSP/Debug\libBSP.a(segs.o)
